203.133.170.51 - - [03/Dec/2019:05:14:24 +0800] "GET /wp-content/plugins/bibblio-related-posts/public/css/bibblio_related_posts.min.css HTTP/1.0" 200 42 "-" "Mozilla/5.0 (Unknown; Linux x86_64) AppleWebKit/538.1 (KHTML, like Gecko) PhantomJS/2.1.1 Safari/538.1"
203.133.170.51 - - [03/Dec/2019:05:14:24 +0800] "GET /wp-includes/css/dist/block-library/theme.min.css HTTP/1.0" 200 639 "-" "Mozilla/5.0 (Unknown; Linux x86_64) AppleWebKit/538.1 (KHTML, like Gecko) PhantomJS/2.1.1 Safari/538.1"
203.133.170.51 - - [03/Dec/2019:05:14:24 +0800] "GET /wp-includes/css/dist/block-library/style.min.css HTTP/1.0" 200 6163 "-" "Mozilla/5.0 (Unknown; Linux x86_64) AppleWebKit/538.1 (KHTML, like Gecko) PhantomJS/2.1.1 Safari/538.1"
203.133.170.51 - - [03/Dec/2019:05:14:24 +0800] "GET /wp-content/plugins/cardoza-3d-tag-cloud//public/css/my-style.min.css HTTP/1.0" 200 218 "-" "Mozilla/5.0 (Unknown; Linux x86_64) AppleWebKit/538.1 (KHTML, like Gecko) PhantomJS/2.1.1 Safari/538.1"
203.133.170.51 - - [03/Dec/2019:05:14:24 +0800] "GET /wp-content/plugins/wordpress-popular-posts/assets/css/wordpress-popular-posts-css.min.css HTTP/1.0" 200 229 "-" "Mozilla/5.0 (Unknown; Linux x86_64) AppleWebKit/538.1 (KHTML, like Gecko) PhantomJS/2.1.1 Safari/538.1"
203.133.170.51 - - [03/Dec/2019:05:14:24 +0800] "GET /wp-content/plugins/table-of-contents-plus/screen.min.css HTTP/1.0" 200 456 "-" "Mozilla/5.0 (Unknown; Linux x86_64) AppleWebKit/538.1 (KHTML, like Gecko) PhantomJS/2.1.1 Safari/538.1"
203.133.170.51 - - [03/Dec/2019:05:14:25 +0800] "GET /wp-content/themes/twentyfifteen/css/twentyfifteen-block-style.min.css HTTP/1.0" 200 1596 "-" "Mozilla/5.0 (Unknown; Linux x86_64) AppleWebKit/538.1 (KHTML, like Gecko) PhantomJS/2.1.1 Safari/538.1"
203.133.170.51 - - [03/Dec/2019:05:14:25 +0800] "GET /wp-content/themes/twentyfifteen/genericons/genericons.min.css HTTP/1.0" 200 16232 "-" "Mozilla/5.0 (Unknown; Linux x86_64) AppleWebKit/538.1 (KHTML, like Gecko) PhantomJS/2.1.1 Safari/538.1"
203.133.170.51 - - [03/Dec/2019:05:14:25 +0800] "GET /wp-content/themes/twentyfifteen/twentyfifteen-style.min.css HTTP/1.0" 200 11037 "-" "Mozilla/5.0 (Unknown; Linux x86_64) AppleWebKit/538.1 (KHTML, like Gecko) PhantomJS/2.1.1 Safari/538.1"
203.133.170.51 - - [03/Dec/2019:05:14:25 +0800] "GET /wp-content/plugins/easy-fancybox/css/jquery.fancybox.min.css HTTP/1.0" 200 1111 "-" "Mozilla/5.0 (Unknown; Linux x86_64) AppleWebKit/538.1 (KHTML, like Gecko) PhantomJS/2.1.1 Safari/538.1"
203.133.170.51 - - [03/Dec/2019:05:14:25 +0800] "GET /wp-content/themes/twentyfifteen/genericons/Genericons.svg HTTP/1.0" 200 25047 "-" "Mozilla/5.0 (Unknown; Linux x86_64) AppleWebKit/538.1 (KHTML, like Gecko) PhantomJS/2.1.1 Safari/538.1"
203.133.170.51 - - [03/Dec/2019:05:15:38 +0800] "GET /1326.html HTTP/1.0" 200 45941 "-" "Mozilla/5.0 (compatible; Daum/4.1; +http://cs.daum.net/faq/15/4118.html?faqId=28966)"
194.95.2.6 - - [03/Dec/2019:05:16:15 +0800] "POST /wp-json/wordpress-popular-posts/v1/popular-posts HTTP/1.0" 403 95 "http://www.crazyant.net/1303.html" "Mozilla/5.0 (Macintosh; Intel Mac OS X 10_15) AppleWebKit/605.1.15 (KHTML, like Gecko) Version/13.0.1 Safari/605.1.15"
194.95.2.6 - - [03/Dec/2019:05:16:29 +0800] "GET /favicon.ico HTTP/1.0" 200 - "-" "Mozilla/5.0 (Macintosh; Intel Mac OS X 10_11_1) AppleWebKit/601.2.4 (KHTML, like Gecko) Version/9.0.1 Safari/601.2.4 facebookexternalhit/1.1 Facebot Twitterbot/1.0"
194.95.2.6 - - [03/Dec/2019:05:16:29 +0800] "GET /favicon.ico HTTP/1.0" 200 - "-" "Mozilla/5.0 (Macintosh; Intel Mac OS X 10_11_1) AppleWebKit/601.2.4 (KHTML, like Gecko) Version/9.0.1 Safari/601.2.4 facebookexternalhit/1.1 Facebot Twitterbot/1.0"
194.95.2.6 - - [03/Dec/2019:05:16:29 +0800] "GET /apple-touch-icon.png HTTP/1.0" 404 35012 "-" "Mozilla/5.0 (Macintosh; Intel Mac OS X 10_11_1) AppleWebKit/601.2.4 (KHTML, like Gecko) Version/9.0.1 Safari/601.2.4 facebookexternalhit/1.1 Facebot Twitterbot/1.0"
194.95.2.6 - - [03/Dec/2019:05:16:29 +0800] "GET /apple-touch-icon-precomposed.png HTTP/1.0" 404 35012 "-" "Mozilla/5.0 (Macintosh; Intel Mac OS X 10_11_1) AppleWebKit/601.2.4 (KHTML, like Gecko) Version/9.0.1 Safari/601.2.4 facebookexternalhit/1.1 Facebot Twitterbot/1.0"
194.95.2.6 - - [03/Dec/2019:05:16:29 +0800] "GET /apple-touch-icon.png HTTP/1.0" 404 35012 "-" "Mozilla/5.0 (Macintosh; Intel Mac OS X 10_11_1) AppleWebKit/601.2.4 (KHTML, like Gecko) Version/9.0.1 Safari/601.2.4 facebookexternalhit/1.1 Facebot Twitterbot/1.0"
194.95.2.6 - - [03/Dec/2019:05:16:29 +0800] "GET /apple-touch-icon-precomposed.png HTTP/1.0" 404 35012 "-" "Mozilla/5.0 (Macintosh; Intel Mac OS X 10_11_1) AppleWebKit/601.2.4 (KHTML, like Gecko) Version/9.0.1 Safari/601.2.4 facebookexternalhit/1.1 Facebot Twitterbot/1.0"
66.249.75.149 - - [03/Dec/2019:05:16:46 +0800] "GET /2515.html HTTP/1.0" 200 10429 "-" "Mozilla/5.0 (compatible; Googlebot/2.1; +http://www.google.com/bot.html)"
66.249.75.153 - - [03/Dec/2019:05:16:48 +0800] "GET /1707.html HTTP/1.0" 200 15114 "-" "Mozilla/5.0 (compatible; Googlebot/2.1; +http://www.google.com/bot.html)"
66.249.75.151 - - [03/Dec/2019:05:16:52 +0800] "POST /wp-json/wordpress-popular-posts/v1/popular-posts HTTP/1.0" 201 55 "http://www.crazyant.net/1707.html" "Mozilla/5.0 AppleWebKit/537.36 (KHTML, like Gecko; compatible; Googlebot/2.1; +http://www.google.com/bot.html) Safari/537.36"
66.249.75.151 - - [03/Dec/2019:05:16:54 +0800] "GET /2564.html HTTP/1.0" 200 10635 "-" "Mozilla/5.0 (compatible; Googlebot/2.1; +http://www.google.com/bot.html)"
212.64.5.64 - - [03/Dec/2019:05:16:57 +0800] "GET /feed HTTP/1.0" 200 4779 "-" "Mozilla/5.0 (Windows NT 6.1) AppleWebKit/537.31 (KHTML, like Gecko) Chrome/26.0.1410.43 Safari/537.31"
66.249.75.149 - - [03/Dec/2019:05:17:06 +0800] "POST /wp-json/wordpress-popular-posts/v1/popular-posts HTTP/1.0" 201 55 "http://www.crazyant.net/2564.html" "Mozilla/5.0 AppleWebKit/537.36 (KHTML, like Gecko; compatible; Googlebot/2.1; +http://www.google.com/bot.html) Safari/537.36"
66.249.75.149 - - [03/Dec/2019:05:17:24 +0800] "GET /2602.html HTTP/1.0" 200 11840 "-" "Mozilla/5.0 (Linux; Android 6.0.1; Nexus 5X Build/MMB29P) AppleWebKit/537.36 (KHTML, like Gecko) Chrome/41.0.2272.96 Mobile Safari/537.36 (compatible; Googlebot/2.1; +http://www.google.com/bot.html)"
66.249.75.149 - - [03/Dec/2019:05:17:28 +0800] "POST /wp-json/wordpress-popular-posts/v1/popular-posts HTTP/1.0" 201 55 "http://www.crazyant.net/2602.html" "Mozilla/5.0 (Linux; Android 6.0.1; Nexus 5X Build/MMB29P) AppleWebKit/537.36 (KHTML, like Gecko) Chrome/41.0.2272.96 Mobile Safari/537.36 (compatible; Googlebot/2.1; +http://www.google.com/bot.html)"
137.74.38.160 - - [03/Dec/2019:05:18:07 +0800] "GET /feed/ HTTP/1.0" 301 - "-" "Tiny Tiny RSS/19.8 (f609065) (http://tt-rss.org/)"
137.74.38.160 - - [03/Dec/2019:05:18:07 +0800] "GET /feed HTTP/1.0" 200 4779 "-" "Tiny Tiny RSS/19.8 (f609065) (http://tt-rss.org/)"
66.249.75.153 - - [03/Dec/2019:05:18:53 +0800] "GET /wp-content/uploads/2019/10/pandas-split-apply-combine.png HTTP/1.0" 200 7984 "-" "Googlebot-Image/1.0"
123.125.71.40 - - [03/Dec/2019:05:18:58 +0800] "GET /1129.html/feed HTTP/1.1" 444 0 "-" "Mozilla/5.0 (compatible; Baiduspider/2.0; +http://www.baidu.com/search/spider.html)"
175.141.109.70 - - [03/Dec/2019:05:21:06 +0800] "GET / HTTP/1.0" 301 - "-" "Mozilla/5.0 (Windows NT 10.0; Win64; x64) AppleWebKit/537.36 (KHTML, like Gecko) Chrome/74.0.3729.169 Safari/537.36"
139.9.61.200 - - [03/Dec/2019:05:22:34 +0800] "GET /kindeditor/asp/demo.asp HTTP/1.0" 301 - "http://crazyant.net/kindeditor/asp/demo.asp" "Mozilla/5.0 (compatible; MSIE 9.0; Windows NT 6.1; Win64; x64; Trident/5.0)"
139.9.61.200 - - [03/Dec/2019:05:22:36 +0800] "GET /kindeditor/asp/demo.asp HTTP/1.0" 404 35012 "http://crazyant.net/kindeditor/asp/demo.asp" "Mozilla/5.0 (compatible; MSIE 9.0; Windows NT 6.1; Win64; x64; Trident/5.0)"
58.250.125.165 - - [03/Dec/2019:05:23:12 +0800] "GET / HTTP/1.0" 200 10422 "-" "Sogou web spider/4.0(+http://www.sogou.com/docs/help/webmasters.htm#07)"
54.235.17.83 - - [03/Dec/2019:05:23:55 +0800] "GET /91.html/feed HTTP/1.0" 200 879 "https://www.google.com/" "Mozilla/5.0 (Windows NT 6.1; Win64; x64) AppleWebKit/537.36 (KHTML, like Gecko) Chrome/55.0.2883.87 Safari/537.36"
3.85.133.70 - - [03/Dec/2019:05:24:06 +0800] "GET /91.html/feed HTTP/1.0" 200 879 "https://www.google.com/" "Mozilla/5.0 (Windows NT 6.3; Win64; x64) AppleWebKit/537.36 (KHTML, like Gecko) Chrome/60.0.3112.113 Safari/537.36"
54.36.149.45 - - [03/Dec/2019:05:24:18 +0800] "GET /wp-content/uploads/2013/01/92119b2b044ee3fee6cd4033.jpg HTTP/1.0" 200 66810 "-" "Mozilla/5.0 (compatible; AhrefsBot/6.1; +http://ahrefs.com/robot/)"
66.249.75.151 - - [03/Dec/2019:05:25:04 +0800] "GET /155.html?rep HTTP/1.0" 200 10188 "-" "Mozilla/5.0 (Linux; Android 6.0.1; Nexus 5X Build/MMB29P) AppleWebKit/537.36 (KHTML, like Gecko) Chrome/41.0.2272.96 Mobile Safari/537.36 (compatible; Googlebot/2.1; +http://www.google.com/bot.html)"
222.129.43.14 - - [03/Dec/2019:05:25:05 +0800] "GET /feed HTTP/1.0" 200 4779 "-" "ReadKit/2.4.3 (Mac OS X Version 10.15.1 (Build 19B88))"
66.249.75.151 - - [03/Dec/2019:05:25:16 +0800] "GET /?s=%E6%80%BB%E7%9B%91%E5%BE%AEgylm555%E3%80%91%E5%A5%BD%E7%9C%81%E6%9B%B4%E6%8D%A2%E6%89%8B%E6%9C%BA%E5%8F%B7 HTTP/1.0" 200 8320 "-" "Mozilla/5.0 (Linux; Android 6.0.1; Nexus 5X Build/MMB29P) AppleWebKit/537.36 (KHTML, like Gecko) Chrome/41.0.2272.96 Mobile Safari/537.36 (compatible; Googlebot/2.1; +http://www.google.com/bot.html)"
66.249.75.149 - - [03/Dec/2019:05:26:19 +0800] "POST /wp-json/wordpress-popular-posts/v1/popular-posts HTTP/1.0" 201 55 "http://www.crazyant.net/155.html?rep" "Mozilla/5.0 (Linux; Android 6.0.1; Nexus 5X Build/MMB29P) AppleWebKit/537.36 (KHTML, like Gecko) Chrome/41.0.2272.96 Mobile Safari/537.36 (compatible; Googlebot/2.1; +http://www.google.com/bot.html)"
66.249.75.151 - - [03/Dec/2019:05:26:38 +0800] "GET /2528.html HTTP/1.0" 200 11854 "-" "Mozilla/5.0 (Linux; Android 6.0.1; Nexus 5X Build/MMB29P) AppleWebKit/537.36 (KHTML, like Gecko) Chrome/41.0.2272.96 Mobile Safari/537.36 (compatible; Googlebot/2.1; +http://www.google.com/bot.html)"
66.249.75.149 - - [03/Dec/2019:05:26:39 +0800] "GET /1456.html HTTP/1.0" 200 11164 "-" "Mozilla/5.0 (compatible; Googlebot/2.1; +http://www.google.com/bot.html)"
174.138.57.235 - - [03/Dec/2019:05:26:43 +0800] "GET /feed HTTP/1.0" 200 4779 "-" "Mozilla/5.0 (Macintosh; Intel Mac OS X 10_13_6; +feeder.co) AppleWebKit/537.36 (KHTML, like Gecko) Chrome/67.0.3396.99 Safari/537.36"
66.249.75.149 - - [03/Dec/2019:05:26:46 +0800] "POST /wp-json/wordpress-popular-posts/v1/popular-posts HTTP/1.0" 201 55 "http://www.crazyant.net/2528.html" "Mozilla/5.0 (Linux; Android 6.0.1; Nexus 5X Build/MMB29P) AppleWebKit/537.36 (KHTML, like Gecko) Chrome/41.0.2272.96 Mobile Safari/537.36 (compatible; Googlebot/2.1; +http://www.google.com/bot.html)"
66.249.75.149 - - [03/Dec/2019:05:26:47 +0800] "GET /2583.html HTTP/1.0" 200 12271 "-" "Mozilla/5.0 (Linux; Android 6.0.1; Nexus 5X Build/MMB29P) AppleWebKit/537.36 (KHTML, like Gecko) Chrome/41.0.2272.96 Mobile Safari/537.36 (compatible; Googlebot/2.1; +http://www.google.com/bot.html)"
66.249.75.149 - - [03/Dec/2019:05:26:50 +0800] "POST /wp-json/wordpress-popular-posts/v1/popular-posts HTTP/1.0" 201 55 "http://www.crazyant.net/2583.html" "Mozilla/5.0 (Linux; Android 6.0.1; Nexus 5X Build/MMB29P) AppleWebKit/537.36 (KHTML, like Gecko) Chrome/41.0.2272.96 Mobile Safari/537.36 (compatible; Googlebot/2.1; +http://www.google.com/bot.html)"
66.249.75.153 - - [03/Dec/2019:05:27:03 +0800] "GET /2167.html HTTP/1.0" 200 11913 "-" "Mozilla/5.0 (compatible; Googlebot/2.1; +http://www.google.com/bot.html)"
92.38.129.153 - - [03/Dec/2019:05:27:14 +0800] "GET /feed/ HTTP/1.0" 301 - "-" "Tiny Tiny RSS/19.02 (http://tt-rss.org/)"
92.38.129.153 - - [03/Dec/2019:05:27:14 +0800] "GET /feed HTTP/1.0" 200 4779 "-" "Tiny Tiny RSS/19.02 (http://tt-rss.org/)"
66.249.75.149 - - [03/Dec/2019:05:27:14 +0800] "GET /wp-content/plugins/bibblio-related-posts/public/css/bibblio_related_posts.min.css HTTP/1.0" 200 42 "http://www.crazyant.net/2167.html" "Mozilla/5.0 AppleWebKit/537.36 (KHTML, like Gecko; compatible; Googlebot/2.1; +http://www.google.com/bot.html) Safari/537.36"
66.249.75.149 - - [03/Dec/2019:05:27:16 +0800] "GET /502.html HTTP/1.0" 200 11217 "-" "Mozilla/5.0 (compatible; Googlebot/2.1; +http://www.google.com/bot.html)"
66.249.75.149 - - [03/Dec/2019:05:27:52 +0800] "GET /2283.html HTTP/1.0" 200 9754 "-" "Mozilla/5.0 (Linux; Android 6.0.1; Nexus 5X Build/MMB29P) AppleWebKit/537.36 (KHTML, like Gecko) Chrome/41.0.2272.96 Mobile Safari/537.36 (compatible; Googlebot/2.1; +http://www.google.com/bot.html)"
123.125.71.72 - - [03/Dec/2019:05:31:04 +0800] "GET /1901.html?nglwny=vzoz02 HTTP/1.1" 444 0 "-" "Mozilla/5.0 (compatible; Baiduspider/2.0; +http://www.baidu.com/search/spider.html)"
66.249.75.151 - - [03/Dec/2019:05:32:44 +0800] "GET /wp-content/uploads/2016/12/mybatis_logging_impls.png HTTP/1.0" 200 213003 "-" "Googlebot-Image/1.0"
54.36.150.148 - - [03/Dec/2019:05:33:10 +0800] "GET /tag/%E6%95%B0%E6%8D%AE%E9%87%87%E9%9B%86 HTTP/1.0" 200 8609 "-" "Mozilla/5.0 (compatible; AhrefsBot/6.1; +http://ahrefs.com/robot/)"
144.76.90.36 - - [03/Dec/2019:05:33:53 +0800] "GET /feed HTTP/1.0" 200 4779 "-" "Mozilla/5.0 (compatible; BazQux/2.4; +https://bazqux.com/fetcher; 1 subscribers)"
207.46.13.76 - - [03/Dec/2019:05:35:57 +0800] "GET /wp-content/uploads/ftp_img/8e3011d4e056_A172/image_9.png HTTP/1.0" 200 75885 "-" "Mozilla/5.0 (compatible; bingbot/2.0; +http://www.bing.com/bingbot.htm)"
54.36.150.115 - - [03/Dec/2019:05:36:16 +0800] "GET /tag/wordpress/feed HTTP/1.0" 200 1360 "-" "Mozilla/5.0 (compatible; AhrefsBot/6.1; +http://ahrefs.com/robot/)"
66.249.75.151 - - [03/Dec/2019:05:36:33 +0800] "GET /1337.html HTTP/1.0" 200 11231 "-" "Mozilla/5.0 (compatible; Googlebot/2.1; +http://www.google.com/bot.html)"
66.249.75.151 - - [03/Dec/2019:05:36:47 +0800] "GET /2261.html HTTP/1.0" 200 10358 "-" "Mozilla/5.0 (compatible; Googlebot/2.1; +http://www.google.com/bot.html)"
66.249.75.149 - - [03/Dec/2019:05:36:50 +0800] "POST /wp-json/wordpress-popular-posts/v1/popular-posts HTTP/1.0" 201 55 "http://www.crazyant.net/2261.html" "Mozilla/5.0 AppleWebKit/537.36 (KHTML, like Gecko; compatible; Googlebot/2.1; +http://www.google.com/bot.html) Safari/537.36"
66.249.75.149 - - [03/Dec/2019:05:36:52 +0800] "GET /1072.html HTTP/1.0" 200 10817 "-" "Mozilla/5.0 (Linux; Android 6.0.1; Nexus 5X Build/MMB29P) AppleWebKit/537.36 (KHTML, like Gecko) Chrome/41.0.2272.96 Mobile Safari/537.36 (compatible; Googlebot/2.1; +http://www.google.com/bot.html)"
160.39.167.191 - - [03/Dec/2019:05:38:06 +0800] "GET /1707.html HTTP/1.0" 200 15116 "https://www.google.com/" "Mozilla/5.0 (Windows NT 10.0; Win64; x64) AppleWebKit/537.36 (KHTML, like Gecko) Chrome/78.0.3904.97 Safari/537.36"
160.39.167.191 - - [03/Dec/2019:05:38:06 +0800] "GET /wp-includes/css/dist/block-library/theme.min.css HTTP/1.0" 200 639 "http://www.crazyant.net/1707.html" "Mozilla/5.0 (Windows NT 10.0; Win64; x64) AppleWebKit/537.36 (KHTML, like Gecko) Chrome/78.0.3904.97 Safari/537.36"
160.39.167.191 - - [03/Dec/2019:05:38:06 +0800] "GET /wp-includes/css/dist/block-library/style.min.css HTTP/1.0" 200 6163 "http://www.crazyant.net/1707.html" "Mozilla/5.0 (Windows NT 10.0; Win64; x64) AppleWebKit/537.36 (KHTML, like Gecko) Chrome/78.0.3904.97 Safari/537.36"
160.39.167.191 - - [03/Dec/2019:05:38:07 +0800] "GET /wp-content/plugins/bibblio-related-posts/public/css/bibblio_related_posts.min.css HTTP/1.0" 200 42 "http://www.crazyant.net/1707.html" "Mozilla/5.0 (Windows NT 10.0; Win64; x64) AppleWebKit/537.36 (KHTML, like Gecko) Chrome/78.0.3904.97 Safari/537.36"
160.39.167.191 - - [03/Dec/2019:05:38:07 +0800] "GET /wp-content/plugins/cardoza-3d-tag-cloud//public/css/my-style.min.css HTTP/1.0" 200 218 "http://www.crazyant.net/1707.html" "Mozilla/5.0 (Windows NT 10.0; Win64; x64) AppleWebKit/537.36 (KHTML, like Gecko) Chrome/78.0.3904.97 Safari/537.36"
160.39.167.191 - - [03/Dec/2019:05:38:07 +0800] "GET /wp-content/plugins/table-of-contents-plus/screen.min.css HTTP/1.0" 200 456 "http://www.crazyant.net/1707.html" "Mozilla/5.0 (Windows NT 10.0; Win64; x64) AppleWebKit/537.36 (KHTML, like Gecko) Chrome/78.0.3904.97 Safari/537.36"
160.39.167.191 - - [03/Dec/2019:05:38:07 +0800] "GET /wp-content/plugins/wordpress-popular-posts/assets/css/wordpress-popular-posts-css.min.css HTTP/1.0" 200 229 "http://www.crazyant.net/1707.html" "Mozilla/5.0 (Windows NT 10.0; Win64; x64) AppleWebKit/537.36 (KHTML, like Gecko) Chrome/78.0.3904.97 Safari/537.36"
160.39.167.191 - - [03/Dec/2019:05:38:07 +0800] "GET /wp-content/themes/twentyfifteen/genericons/genericons.min.css HTTP/1.0" 200 16232 "http://www.crazyant.net/1707.html" "Mozilla/5.0 (Windows NT 10.0; Win64; x64) AppleWebKit/537.36 (KHTML, like Gecko) Chrome/78.0.3904.97 Safari/537.36"
160.39.167.191 - - [03/Dec/2019:05:38:07 +0800] "GET /wp-content/themes/twentyfifteen/twentyfifteen-style.min.css HTTP/1.0" 200 11037 "http://www.crazyant.net/1707.html" "Mozilla/5.0 (Windows NT 10.0; Win64; x64) AppleWebKit/537.36 (KHTML, like Gecko) Chrome/78.0.3904.97 Safari/537.36"
160.39.167.191 - - [03/Dec/2019:05:38:07 +0800] "GET /wp-content/themes/twentyfifteen/css/twentyfifteen-block-style.min.css HTTP/1.0" 200 1596 "http://www.crazyant.net/1707.html" "Mozilla/5.0 (Windows NT 10.0; Win64; x64) AppleWebKit/537.36 (KHTML, like Gecko) Chrome/78.0.3904.97 Safari/537.36"
160.39.167.191 - - [03/Dec/2019:05:38:07 +0800] "GET /wp-content/plugins/easy-fancybox/css/jquery.fancybox.min.css HTTP/1.0" 200 1111 "http://www.crazyant.net/1707.html" "Mozilla/5.0 (Windows NT 10.0; Win64; x64) AppleWebKit/537.36 (KHTML, like Gecko) Chrome/78.0.3904.97 Safari/537.36"
160.39.167.191 - - [03/Dec/2019:05:38:07 +0800] "GET /wp-includes/js/jquery/jquery-migrate.min.js HTTP/1.0" 200 4014 "http://www.crazyant.net/1707.html" "Mozilla/5.0 (Windows NT 10.0; Win64; x64) AppleWebKit/537.36 (KHTML, like Gecko) Chrome/78.0.3904.97 Safari/537.36"
160.39.167.191 - - [03/Dec/2019:05:38:07 +0800] "GET /wp-includes/js/jquery/jquery.js HTTP/1.0" 200 33776 "http://www.crazyant.net/1707.html" "Mozilla/5.0 (Windows NT 10.0; Win64; x64) AppleWebKit/537.36 (KHTML, like Gecko) Chrome/78.0.3904.97 Safari/537.36"
160.39.167.191 - - [03/Dec/2019:05:38:07 +0800] "GET /wp-content/uploads/siteground-optimizer-assets/bibblio_related_posts.min.js HTTP/1.0" 200 37 "http://www.crazyant.net/1707.html" "Mozilla/5.0 (Windows NT 10.0; Win64; x64) AppleWebKit/537.36 (KHTML, like Gecko) Chrome/78.0.3904.97 Safari/537.36"
160.39.167.191 - - [03/Dec/2019:05:38:07 +0800] "GET /wp-content/plugins/cardoza-3d-tag-cloud/jquery.tagcanvas.min.js HTTP/1.0" 200 8629 "http://www.crazyant.net/1707.html" "Mozilla/5.0 (Windows NT 10.0; Win64; x64) AppleWebKit/537.36 (KHTML, like Gecko) Chrome/78.0.3904.97 Safari/537.36"
160.39.167.191 - - [03/Dec/2019:05:38:07 +0800] "GET /wp-includes/js/wp-embed.min.js HTTP/1.0" 200 740 "http://www.crazyant.net/1707.html" "Mozilla/5.0 (Windows NT 10.0; Win64; x64) AppleWebKit/537.36 (KHTML, like Gecko) Chrome/78.0.3904.97 Safari/537.36"
160.39.167.191 - - [03/Dec/2019:05:38:07 +0800] "GET /wp-content/plugins/wordpress-popular-posts/assets/js/wpp-5.0.0.min.js HTTP/1.0" 200 744 "http://www.crazyant.net/1707.html" "Mozilla/5.0 (Windows NT 10.0; Win64; x64) AppleWebKit/537.36 (KHTML, like Gecko) Chrome/78.0.3904.97 Safari/537.36"
160.39.167.191 - - [03/Dec/2019:05:38:08 +0800] "GET /wp-content/uploads/2019/08/%E5%B0%8F%E5%9B%BE.jpg HTTP/1.0" 200 5582 "http://www.crazyant.net/1707.html" "Mozilla/5.0 (Windows NT 10.0; Win64; x64) AppleWebKit/537.36 (KHTML, like Gecko) Chrome/78.0.3904.97 Safari/537.36"
160.39.167.191 - - [03/Dec/2019:05:38:08 +0800] "GET /wp-content/plugins/table-of-contents-plus/front.min.js HTTP/1.0" 200 2349 "http://www.crazyant.net/1707.html" "Mozilla/5.0 (Windows NT 10.0; Win64; x64) AppleWebKit/537.36 (KHTML, like Gecko) Chrome/78.0.3904.97 Safari/537.36"
160.39.167.191 - - [03/Dec/2019:05:38:08 +0800] "GET /wp-content/uploads/siteground-optimizer-assets/twentyfifteen-script.min.js HTTP/1.0" 200 1331 "http://www.crazyant.net/1707.html" "Mozilla/5.0 (Windows NT 10.0; Win64; x64) AppleWebKit/537.36 (KHTML, like Gecko) Chrome/78.0.3904.97 Safari/537.36"
160.39.167.191 - - [03/Dec/2019:05:38:08 +0800] "GET /wp-includes/js/comment-reply.min.js HTTP/1.0" 200 1131 "http://www.crazyant.net/1707.html" "Mozilla/5.0 (Windows NT 10.0; Win64; x64) AppleWebKit/537.36 (KHTML, like Gecko) Chrome/78.0.3904.97 Safari/537.36"
160.39.167.191 - - [03/Dec/2019:05:38:08 +0800] "GET /wp-content/uploads/siteground-optimizer-assets/twentyfifteen-skip-link-focus-fix.min.js HTTP/1.0" 200 275 "http://www.crazyant.net/1707.html" "Mozilla/5.0 (Windows NT 10.0; Win64; x64) AppleWebKit/537.36 (KHTML, like Gecko) Chrome/78.0.3904.97 Safari/537.36"
160.39.167.191 - - [03/Dec/2019:05:38:08 +0800] "GET /wp-content/plugins/easy-fancybox/js/jquery.fancybox.min.js HTTP/1.0" 200 6330 "http://www.crazyant.net/1707.html" "Mozilla/5.0 (Windows NT 10.0; Win64; x64) AppleWebKit/537.36 (KHTML, like Gecko) Chrome/78.0.3904.97 Safari/537.36"
160.39.167.191 - - [03/Dec/2019:05:38:08 +0800] "GET /wp-content/plugins/easy-fancybox/js/jquery.easing.min.js HTTP/1.0" 200 767 "http://www.crazyant.net/1707.html" "Mozilla/5.0 (Windows NT 10.0; Win64; x64) AppleWebKit/537.36 (KHTML, like Gecko) Chrome/78.0.3904.97 Safari/537.36"
160.39.167.191 - - [03/Dec/2019:05:38:08 +0800] "GET /wp-content/uploads/siteground-optimizer-assets/akismet-form.min.js HTTP/1.0" 200 288 "http://www.crazyant.net/1707.html" "Mozilla/5.0 (Windows NT 10.0; Win64; x64) AppleWebKit/537.36 (KHTML, like Gecko) Chrome/78.0.3904.97 Safari/537.36"
160.39.167.191 - - [03/Dec/2019:05:38:08 +0800] "GET /wp-content/plugins/easy-fancybox/js/jquery.mousewheel.min.js HTTP/1.0" 200 1145 "http://www.crazyant.net/1707.html" "Mozilla/5.0 (Windows NT 10.0; Win64; x64) AppleWebKit/537.36 (KHTML, like Gecko) Chrome/78.0.3904.97 Safari/537.36"
160.39.167.191 - - [03/Dec/2019:05:38:08 +0800] "POST /wp-json/wordpress-popular-posts/v1/popular-posts HTTP/1.0" 201 55 "http://www.crazyant.net/1707.html" "Mozilla/5.0 (Windows NT 10.0; Win64; x64) AppleWebKit/537.36 (KHTML, like Gecko) Chrome/78.0.3904.97 Safari/537.36"
160.39.167.191 - - [03/Dec/2019:05:38:10 +0800] "GET /favicon.ico HTTP/1.0" 200 - "http://www.crazyant.net/1707.html" "Mozilla/5.0 (Windows NT 10.0; Win64; x64) AppleWebKit/537.36 (KHTML, like Gecko) Chrome/78.0.3904.97 Safari/537.36"
222.129.43.14 - - [03/Dec/2019:05:39:08 +0800] "GET /feed HTTP/1.0" 200 4779 "-" "ReadKit/2.4.3 (Mac OS X Version 10.15.1 (Build 19B88))"
66.249.75.153 - - [03/Dec/2019:05:39:39 +0800] "GET /wp-content/uploads/2016/12/pattern_composite2.png HTTP/1.0" 200 11567 "-" "Googlebot-Image/1.0"
8.29.198.25 - - [03/Dec/2019:05:40:09 +0800] "GET /feed HTTP/1.0" 200 4779 "-" "Feedly/1.0 (+http://www.feedly.com/fetcher.html; 12 subscribers; like FeedFetcher-Google)"
54.36.150.45 - - [03/Dec/2019:05:40:17 +0800] "GET /103.html HTTP/1.0" 200 10314 "-" "Mozilla/5.0 (compatible; AhrefsBot/6.1; +http://ahrefs.com/robot/)"
69.13.39.34 - - [03/Dec/2019:05:41:34 +0800] "GET /2124.html HTTP/1.0" 200 50908 "http://pacificair.com" "Mozilla/5.0 (Macintosh; Intel Mac OS X 10.10; rv:39.0) Gecko/20100101 Firefox/39.0"
123.125.71.38 - - [03/Dec/2019:05:43:10 +0800] "GET /920.html HTTP/1.1" 444 0 "-" "Mozilla/5.0 (compatible; Baiduspider/2.0; +http://www.baidu.com/search/spider.html)"
146.66.92.61 - - [03/Dec/2019:05:43:22 +0800] "POST /wp-cron.php?doing_wp_cron=1575323002.8194429874420166015625 HTTP/1.0" 200 - "http://www.crazyant.net/wp-cron.php?doing_wp_cron=1575323002.8194429874420166015625" "WordPress/5.3; http://www.crazyant.net"
92.38.129.153 - - [03/Dec/2019:05:43:22 +0800] "GET /feed/ HTTP/1.0" 301 - "-" "Tiny Tiny RSS/19.02 (http://tt-rss.org/)"
92.38.129.153 - - [03/Dec/2019:05:43:23 +0800] "GET /feed HTTP/1.0" 200 4779 "-" "Tiny Tiny RSS/19.02 (http://tt-rss.org/)"
54.36.150.82 - - [03/Dec/2019:05:43:24 +0800] "GET /707.html HTTP/1.0" 200 13912 "-" "Mozilla/5.0 (compatible; AhrefsBot/6.1; +http://ahrefs.com/robot/)"
202.180.34.186 - - [03/Dec/2019:05:46:22 +0800] "GET /robots.txt HTTP/1.0" 200 66 "-" "ICC-Crawler/2.0 (Mozilla-compatible; ; http://ucri.nict.go.jp/en/icccrawler.html)"
202.180.34.186 - - [03/Dec/2019:05:46:30 +0800] "GET /category/python/page/4 HTTP/1.0" 200 51846 "-" "ICC-Crawler/2.0 (Mozilla-compatible; ; http://ucri.nict.go.jp/en/icccrawler.html)"
202.180.34.186 - - [03/Dec/2019:05:46:38 +0800] "GET /wp-json/oembed/1.0/embed?url=http%3A%2F%2Fwww.crazyant.net%2Fmeditation-resource HTTP/1.0" 200 2296 "-" "ICC-Crawler/2.0 (Mozilla-compatible; ; http://ucri.nict.go.jp/en/icccrawler.html)"
202.180.34.186 - - [03/Dec/2019:05:46:44 +0800] "GET /2604.html HTTP/1.0" 200 47612 "-" "ICC-Crawler/2.0 (Mozilla-compatible; ; http://ucri.nict.go.jp/en/icccrawler.html)"
202.180.34.186 - - [03/Dec/2019:05:46:50 +0800] "GET /930.html?replytocom=10693 HTTP/1.0" 200 59677 "-" "ICC-Crawler/2.0 (Mozilla-compatible; ; http://ucri.nict.go.jp/en/icccrawler.html)"
66.249.75.153 - - [03/Dec/2019:05:47:07 +0800] "GET /198.html HTTP/1.0" 200 9995 "-" "Mozilla/5.0 (compatible; Googlebot/2.1; +http://www.google.com/bot.html)"
66.249.75.151 - - [03/Dec/2019:05:47:18 +0800] "GET /2506.html HTTP/1.0" 200 13135 "-" "Mozilla/5.0 (Linux; Android 6.0.1; Nexus 5X Build/MMB29P) AppleWebKit/537.36 (KHTML, like Gecko) Chrome/41.0.2272.96 Mobile Safari/537.36 (compatible; Googlebot/2.1; +http://www.google.com/bot.html)"
110.249.201.90 - - [03/Dec/2019:05:47:30 +0800] "GET /408.html HTTP/1.0" 200 9527 "-" "Mozilla/5.0 (Linux; Android 8.0; Pixel 2 Build/OPD3.170816.012) AppleWebKit/537.36 (KHTML, like Gecko) Chrome/57.0.9713.1773 Mobile Safari/537.36; Bytespider;https://zhanzhang.toutiao.com/"
66.249.75.149 - - [03/Dec/2019:05:47:36 +0800] "GET /1625.html HTTP/1.0" 200 21216 "-" "Mozilla/5.0 (Linux; Android 6.0.1; Nexus 5X Build/MMB29P) AppleWebKit/537.36 (KHTML, like Gecko) Chrome/41.0.2272.96 Mobile Safari/537.36 (compatible; Googlebot/2.1; +http://www.google.com/bot.html)"
66.249.75.149 - - [03/Dec/2019:05:47:47 +0800] "POST /wp-json/wordpress-popular-posts/v1/popular-posts HTTP/1.0" 201 55 "http://www.crazyant.net/1625.html" "Mozilla/5.0 (Linux; Android 6.0.1; Nexus 5X Build/MMB29P) AppleWebKit/537.36 (KHTML, like Gecko) Chrome/41.0.2272.96 Mobile Safari/537.36 (compatible; Googlebot/2.1; +http://www.google.com/bot.html)"
137.74.38.160 - - [03/Dec/2019:05:48:24 +0800] "GET /feed/ HTTP/1.0" 301 - "-" "Tiny Tiny RSS/19.8 (f609065) (http://tt-rss.org/)"
137.74.38.160 - - [03/Dec/2019:05:48:24 +0800] "GET /feed HTTP/1.0" 200 4779 "-" "Tiny Tiny RSS/19.8 (f609065) (http://tt-rss.org/)"
39.98.245.61 - - [03/Dec/2019:05:49:30 +0800] "GET /1587.html HTTP/1.0" 200 46914 "-" "-"
39.98.245.61 - - [03/Dec/2019:05:49:34 +0800] "GET / HTTP/1.0" 200 54276 "-" "-"
39.98.245.61 - - [03/Dec/2019:05:49:36 +0800] "GET / HTTP/1.0" 200 54276 "-" "-"
39.98.245.61 - - [03/Dec/2019:05:49:38 +0800] "GET /category/python-solvedoubts HTTP/1.0" 200 36781 "-" "-"
39.98.245.61 - - [03/Dec/2019:05:49:40 +0800] "GET /category/python-basic HTTP/1.0" 200 35290 "-" "-"
39.98.245.61 - - [03/Dec/2019:05:49:43 +0800] "GET /category/python-%e7%88%ac%e8%99%ab%e7%b3%bb%e5%88%97 HTTP/1.0" 200 36688 "-" "-"
39.98.245.61 - - [03/Dec/2019:05:49:45 +0800] "GET /category/python-pandas%e7%b3%bb%e5%88%97 HTTP/1.0" 200 54630 "-" "-"
39.98.245.61 - - [03/Dec/2019:05:49:47 +0800] "GET /category/python-web HTTP/1.0" 200 35280 "-" "-"
39.98.245.61 - - [03/Dec/2019:05:49:51 +0800] "GET /category/python-bigdata HTTP/1.0" 200 35288 "-" "-"
39.98.245.61 - - [03/Dec/2019:05:49:52 +0800] "GET /category/python-spark HTTP/1.0" 200 35276 "-" "-"
39.98.245.61 - - [03/Dec/2019:05:49:56 +0800] "GET /category/python-data-analysis HTTP/1.0" 200 35306 "-" "-"
39.98.245.61 - - [03/Dec/2019:05:49:59 +0800] "GET /category/python-machinelearning HTTP/1.0" 200 36552 "-" "-"
39.98.245.61 - - [03/Dec/2019:05:50:01 +0800] "GET /category/%e6%8e%a8%e8%8d%90%e7%b3%bb%e7%bb%9f HTTP/1.0" 200 45061 "-" "-"
39.98.245.61 - - [03/Dec/2019:05:50:03 +0800] "GET /%e5%85%b3%e4%ba%8e HTTP/1.0" 200 38613 "-" "-"
39.98.245.61 - - [03/Dec/2019:05:50:05 +0800] "GET /%e7%95%99%e8%a8%80%e5%b0%8f%e6%9c%ac HTTP/1.0" 200 115448 "-" "-"
39.98.245.61 - - [03/Dec/2019:05:50:11 +0800] "GET /meditation-resource HTTP/1.0" 200 45873 "-" "-"
39.98.245.61 - - [03/Dec/2019:05:50:16 +0800] "GET /my_program_notes HTTP/1.0" 200 39035 "-" "-"
39.98.245.61 - - [03/Dec/2019:05:50:19 +0800] "GET /%e5%b8%b8%e7%94%a8%e8%b5%84%e6%ba%90 HTTP/1.0" 200 49690 "-" "-"
39.98.245.61 - - [03/Dec/2019:05:50:22 +0800] "GET /my_book_list HTTP/1.0" 200 55897 "-" "-"
39.98.245.61 - - [03/Dec/2019:05:50:23 +0800] "GET /%e4%b8%aa%e4%ba%ba%e7%ae%b4%e8%a8%80 HTTP/1.0" 200 47966 "-" "-"
39.98.245.61 - - [03/Dec/2019:05:50:27 +0800] "GET /2615.html HTTP/1.0" 200 40473 "-" "-"
39.98.245.61 - - [03/Dec/2019:05:50:33 +0800] "GET /2604.html HTTP/1.0" 200 47613 "-" "-"
39.98.245.61 - - [03/Dec/2019:05:50:36 +0800] "GET /2602.html HTTP/1.0" 200 54632 "-" "-"
39.98.245.61 - - [03/Dec/2019:05:50:40 +0800] "GET /2598.html HTTP/1.0" 200 62900 "-" "-"
39.98.245.61 - - [03/Dec/2019:05:50:42 +0800] "GET /2594.html HTTP/1.0" 200 60101 "-" "-"
39.98.245.61 - - [03/Dec/2019:05:50:45 +0800] "GET /2351.html HTTP/1.0" 200 48538 "-" "-"
39.98.245.61 - - [03/Dec/2019:05:50:47 +0800] "GET /2351.html HTTP/1.0" 200 48535 "-" "-"
39.98.245.61 - - [03/Dec/2019:05:50:50 +0800] "GET /2404.html HTTP/1.0" 200 46260 "-" "-"
39.98.245.61 - - [03/Dec/2019:05:50:52 +0800] "GET /2404.html HTTP/1.0" 200 46261 "-" "-"
39.98.245.61 - - [03/Dec/2019:05:50:54 +0800] "GET /my_book_list HTTP/1.0" 200 55897 "-" "-"
92.247.181.12 - - [03/Dec/2019:05:50:58 +0800] "GET /feed/ HTTP/1.0" 301 - "http://www.crazyant.net/" "Mozilla/5.0 (compatible; inoreader.com; 24 subscribers)"
92.247.181.12 - - [03/Dec/2019:05:50:59 +0800] "GET /feed HTTP/1.0" 200 4779 "http://www.crazyant.net/" "Mozilla/5.0 (compatible; inoreader.com; 24 subscribers)"
39.98.245.61 - - [03/Dec/2019:05:51:00 +0800] "GET /tag/apache HTTP/1.0" 200 38390 "-" "-"
39.98.245.61 - - [03/Dec/2019:05:51:02 +0800] "GET /tag/c HTTP/1.0" 200 49791 "-" "-"
39.98.245.61 - - [03/Dec/2019:05:51:05 +0800] "GET /tag/django HTTP/1.0" 200 45970 "-" "-"
39.98.245.61 - - [03/Dec/2019:05:51:06 +0800] "GET /tag/excel HTTP/1.0" 200 40256 "-" "-"
39.98.245.61 - - [03/Dec/2019:05:51:08 +0800] "GET /tag/flask HTTP/1.0" 200 38592 "-" "-"
39.98.245.61 - - [03/Dec/2019:05:51:10 +0800] "GET /tag/hadoop HTTP/1.0" 200 45801 "-" "-"
39.98.245.61 - - [03/Dec/2019:05:51:12 +0800] "GET /tag/hive HTTP/1.0" 200 52272 "-" "-"
66.249.75.151 - - [03/Dec/2019:05:51:59 +0800] "POST /wp-json/wordpress-popular-posts/v1/popular-posts HTTP/1.0" 403 95 "http://www.crazyant.net/1703.html?replytocom=10785" "Mozilla/5.0 (Linux; Android 6.0.1; Nexus 5X Build/MMB29P) AppleWebKit/537.36 (KHTML, like Gecko) Chrome/41.0.2272.96 Mobile Safari/537.36 (compatible; Googlebot/2.1; +http://www.google.com/bot.html)"
207.46.13.76 - - [03/Dec/2019:05:52:36 +0800] "GET /142.html HTTP/1.0" 200 10161 "-" "Mozilla/5.0 (compatible; bingbot/2.0; +http://www.bing.com/bingbot.htm)"
40.77.189.253 - - [03/Dec/2019:05:52:39 +0800] "GET /wp-includes/js/comment-reply.min.js HTTP/1.0" 200 2385 "-" "Mozilla/5.0 (Windows NT 6.1; WOW64) AppleWebKit/534+ (KHTML, like Gecko) BingPreview/1.0b"
40.77.190.119 - - [03/Dec/2019:05:52:39 +0800] "GET /wp-content/plugins/easy-fancybox/js/jquery.mousewheel.min.js HTTP/1.0" 200 2609 "-" "Mozilla/5.0 (Windows NT 6.1; WOW64) AppleWebKit/534+ (KHTML, like Gecko) BingPreview/1.0b"
40.77.188.148 - - [03/Dec/2019:05:52:41 +0800] "GET /wp-json/wordpress-popular-posts/v1/popular-posts HTTP/1.0" 200 155889 "-" "Mozilla/5.0 (Windows NT 6.1; WOW64) AppleWebKit/534+ (KHTML, like Gecko) BingPreview/1.0b"
222.129.43.14 - - [03/Dec/2019:05:53:04 +0800] "GET /feed HTTP/1.0" 200 4779 "-" "ReadKit/2.4.3 (Mac OS X Version 10.15.1 (Build 19B88))"
46.229.168.138 - - [03/Dec/2019:05:55:22 +0800] "GET /robots.txt HTTP/1.0" 200 66 "-" "Mozilla/5.0 (compatible; SemrushBot/6~bl; +http://www.semrush.com/bot.html)"
46.229.168.139 - - [03/Dec/2019:05:55:23 +0800] "GET /1112.html HTTP/1.0" 200 15247 "-" "Mozilla/5.0 (compatible; SemrushBot/6~bl; +http://www.semrush.com/bot.html)"
42.156.137.29 - - [03/Dec/2019:05:56:28 +0800] "GET /?s=%E3%80%90%E2%94%8B%E4%BF%A1%E8%AA%892%E2%92%8F7%E2%92%8F01705(%E6%89%A3)%E3%80%93%E3%80%91%E5%8D%8E%E5%AE%87%E8%8B%B9%E6%9E%9Capp HTTP/1.0" 200 8350 "-" "Mozilla/5.0 (Windows NT 6.1; Win64; x64) AppleWebKit/537.36 (KHTML, like Gecko) Chrome/69.0.3497.81 YisouSpider/5.0 Safari/537.36"
66.249.75.151 - - [03/Dec/2019:05:56:58 +0800] "POST /wp-json/wordpress-popular-posts/v1/popular-posts HTTP/1.0" 201 55 "http://www.crazyant.net/155.html?replytocom=58&jmhibs=lnfto3" "Mozilla/5.0 (Linux; Android 6.0.1; Nexus 5X Build/MMB29P) AppleWebKit/537.36 (KHTML, like Gecko) Chrome/41.0.2272.96 Mobile Safari/537.36 (compatible; Googlebot/2.1; +http://www.google.com/bot.html)"
66.249.75.149 - - [03/Dec/2019:05:57:07 +0800] "GET /2177.html HTTP/1.0" 200 17045 "-" "Mozilla/5.0 (Linux; Android 6.0.1; Nexus 5X Build/MMB29P) AppleWebKit/537.36 (KHTML, like Gecko) Chrome/41.0.2272.96 Mobile Safari/537.36 (compatible; Googlebot/2.1; +http://www.google.com/bot.html)"
66.249.75.151 - - [03/Dec/2019:05:57:09 +0800] "GET /2536.html HTTP/1.0" 200 12255 "-" "Mozilla/5.0 (compatible; Googlebot/2.1; +http://www.google.com/bot.html)"
66.249.75.153 - - [03/Dec/2019:05:57:10 +0800] "GET /2336.html HTTP/1.0" 200 13090 "-" "Mozilla/5.0 (compatible; Googlebot/2.1; +http://www.google.com/bot.html)"
66.249.75.153 - - [03/Dec/2019:05:57:11 +0800] "POST /wp-json/wordpress-popular-posts/v1/popular-posts HTTP/1.0" 201 55 "http://www.crazyant.net/2177.html" "Mozilla/5.0 (Linux; Android 6.0.1; Nexus 5X Build/MMB29P) AppleWebKit/537.36 (KHTML, like Gecko) Chrome/41.0.2272.96 Mobile Safari/537.36 (compatible; Googlebot/2.1; +http://www.google.com/bot.html)"
66.249.75.149 - - [03/Dec/2019:05:57:11 +0800] "GET /2525.html HTTP/1.0" 200 12648 "-" "Mozilla/5.0 (Linux; Android 6.0.1; Nexus 5X Build/MMB29P) AppleWebKit/537.36 (KHTML, like Gecko) Chrome/41.0.2272.96 Mobile Safari/537.36 (compatible; Googlebot/2.1; +http://www.google.com/bot.html)"
66.249.75.149 - - [03/Dec/2019:05:57:12 +0800] "POST /wp-json/wordpress-popular-posts/v1/popular-posts HTTP/1.0" 201 55 "http://www.crazyant.net/2536.html" "Mozilla/5.0 AppleWebKit/537.36 (KHTML, like Gecko; compatible; Googlebot/2.1; +http://www.google.com/bot.html) Safari/537.36"
66.249.75.149 - - [03/Dec/2019:05:57:18 +0800] "GET /favicon.ico HTTP/1.0" 200 - "-" "Googlebot-Image/1.0"
66.249.75.149 - - [03/Dec/2019:05:57:23 +0800] "GET /1451.html HTTP/1.0" 200 11507 "-" "Mozilla/5.0 (compatible; Googlebot/2.1; +http://www.google.com/bot.html)"
66.249.75.149 - - [03/Dec/2019:05:57:28 +0800] "POST /wp-json/wordpress-popular-posts/v1/popular-posts HTTP/1.0" 201 55 "http://www.crazyant.net/1451.html" "Mozilla/5.0 AppleWebKit/537.36 (KHTML, like Gecko; compatible; Googlebot/2.1; +http://www.google.com/bot.html) Safari/537.36"
66.249.75.149 - - [03/Dec/2019:05:57:43 +0800] "GET /2404.html HTTP/1.0" 200 12028 "-" "Mozilla/5.0 (Linux; Android 6.0.1; Nexus 5X Build/MMB29P) AppleWebKit/537.36 (KHTML, like Gecko) Chrome/41.0.2272.96 Mobile Safari/537.36 (compatible; Googlebot/2.1; +http://www.google.com/bot.html)"
66.249.75.149 - - [03/Dec/2019:05:57:54 +0800] "POST /wp-json/wordpress-popular-posts/v1/popular-posts HTTP/1.0" 201 54 "http://www.crazyant.net/2404.html" "Mozilla/5.0 (Linux; Android 6.0.1; Nexus 5X Build/MMB29P) AppleWebKit/537.36 (KHTML, like Gecko) Chrome/41.0.2272.96 Mobile Safari/537.36 (compatible; Googlebot/2.1; +http://www.google.com/bot.html)"
66.249.75.153 - - [03/Dec/2019:05:58:05 +0800] "GET /1203.html HTTP/1.0" 200 13212 "-" "Mozilla/5.0 (compatible; Googlebot/2.1; +http://www.google.com/bot.html)"
66.249.75.149 - - [03/Dec/2019:05:58:11 +0800] "GET /1784.html HTTP/1.0" 200 11076 "-" "Mozilla/5.0 (Linux; Android 6.0.1; Nexus 5X Build/MMB29P) AppleWebKit/537.36 (KHTML, like Gecko) Chrome/41.0.2272.96 Mobile Safari/537.36 (compatible; Googlebot/2.1; +http://www.google.com/bot.html)"
66.249.75.149 - - [03/Dec/2019:05:58:17 +0800] "POST /wp-json/wordpress-popular-posts/v1/popular-posts HTTP/1.0" 201 55 "http://www.crazyant.net/1784.html" "Mozilla/5.0 (Linux; Android 6.0.1; Nexus 5X Build/MMB29P) AppleWebKit/537.36 (KHTML, like Gecko) Chrome/41.0.2272.96 Mobile Safari/537.36 (compatible; Googlebot/2.1; +http://www.google.com/bot.html)"
92.38.129.153 - - [03/Dec/2019:05:59:32 +0800] "GET /feed/ HTTP/1.0" 301 - "-" "Tiny Tiny RSS/19.02 (http://tt-rss.org/)"
92.38.129.153 - - [03/Dec/2019:05:59:32 +0800] "GET /feed HTTP/1.0" 200 4779 "-" "Tiny Tiny RSS/19.02 (http://tt-rss.org/)"
54.36.150.37 - - [03/Dec/2019:06:02:50 +0800] "GET /category/python/page/3 HTTP/1.0" 200 11018 "-" "Mozilla/5.0 (compatible; AhrefsBot/6.1; +http://ahrefs.com/robot/)"
157.55.39.13 - - [03/Dec/2019:06:03:21 +0800] "GET /robots.txt HTTP/1.0" 200 66 "-" "Mozilla/5.0 (compatible; bingbot/2.0; +http://www.bing.com/bingbot.htm)"
40.77.167.62 - - [03/Dec/2019:06:03:35 +0800] "GET /85.html HTTP/1.0" 200 10201 "-" "Mozilla/5.0 (compatible; bingbot/2.0; +http://www.bing.com/bingbot.htm)"
39.98.69.62 - - [03/Dec/2019:06:03:42 +0800] "GET /feed HTTP/1.0" 200 4779 "-" "Mozilla/5.0 (Linux; Android 8.0.0; TA-1053 Build/OPR1.170623.026) AppleWebKit/537.36 (KHTML, like Gecko) Chrome/67.0.3368.0 Mobile Safari/537.36"
54.36.148.0 - - [03/Dec/2019:06:03:54 +0800] "GET /142.html HTTP/1.0" 200 10160 "-" "Mozilla/5.0 (compatible; AhrefsBot/6.1; +http://ahrefs.com/robot/)"
42.236.10.76 - - [03/Dec/2019:06:04:30 +0800] "GET / HTTP/1.0" 200 10415 "http://www.crazyant.net/" "Mozilla/5.0 (Linux; U; Android 4.0.2; en-us; Galaxy Nexus Build/ICL53F) AppleWebKit/534.30 (KHTML, like Gecko) Version/4.0 Mobile Safari/534.30"
54.36.148.187 - - [03/Dec/2019:06:05:19 +0800] "GET /2324.html HTTP/1.0" 200 12004 "-" "Mozilla/5.0 (compatible; AhrefsBot/6.1; +http://ahrefs.com/robot/)"
42.236.99.166 - - [03/Dec/2019:06:06:26 +0800] "GET / HTTP/1.0" 200 10415 "http://www.crazyant.net/" "Mozilla/5.0 (Linux; U; Android 4.0.2; en-us; Galaxy Nexus Build/ICL53F) AppleWebKit/534.30 (KHTML, like Gecko) Version/4.0 Mobile Safari/534.30"
146.66.92.61 - - [03/Dec/2019:06:07:04 +0800] "POST /wp-cron.php?doing_wp_cron=1575324424.6677539348602294921875 HTTP/1.0" 200 - "http://www.crazyant.net/wp-cron.php?doing_wp_cron=1575324424.6677539348602294921875" "WordPress/5.3; http://www.crazyant.net"
222.129.43.14 - - [03/Dec/2019:06:07:04 +0800] "GET /feed HTTP/1.0" 200 4779 "-" "ReadKit/2.4.3 (Mac OS X Version 10.15.1 (Build 19B88))"
66.249.75.149 - - [03/Dec/2019:06:07:22 +0800] "GET /499.html HTTP/1.0" 200 11585 "-" "Mozilla/5.0 (Linux; Android 6.0.1; Nexus 5X Build/MMB29P) AppleWebKit/537.36 (KHTML, like Gecko) Chrome/41.0.2272.96 Mobile Safari/537.36 (compatible; Googlebot/2.1; +http://www.google.com/bot.html)"
123.125.71.114 - - [03/Dec/2019:06:07:23 +0800] "GET /author/crazyant/ HTTP/1.1" 444 0 "-" "Mozilla/5.0 (compatible; Baiduspider/2.0; +http://www.baidu.com/search/spider.html)"
66.249.75.151 - - [03/Dec/2019:06:07:27 +0800] "POST /wp-json/wordpress-popular-posts/v1/popular-posts HTTP/1.0" 201 55 "http://www.crazyant.net/499.html" "Mozilla/5.0 (Linux; Android 6.0.1; Nexus 5X Build/MMB29P) AppleWebKit/537.36 (KHTML, like Gecko) Chrome/41.0.2272.96 Mobile Safari/537.36 (compatible; Googlebot/2.1; +http://www.google.com/bot.html)"
66.249.75.149 - - [03/Dec/2019:06:07:30 +0800] "GET /686.html HTTP/1.0" 200 17048 "-" "Mozilla/5.0 (compatible; Googlebot/2.1; +http://www.google.com/bot.html)"
66.249.75.149 - - [03/Dec/2019:06:07:56 +0800] "GET /wp-content/uploads/siteground-optimizer-assets/siteground-optimizer-lazy-load-images-js.min.js HTTP/1.0" 404 35012 "http://www.crazyant.net/811.html" "Mozilla/5.0 AppleWebKit/537.36 (KHTML, like Gecko; compatible; Googlebot/2.1; +http://www.google.com/bot.html) Safari/537.36"
66.249.75.149 - - [03/Dec/2019:06:07:57 +0800] "GET /wp-content/uploads/siteground-optimizer-assets/siteground-optimizer-lazy-load-images-responsive-js.min.js HTTP/1.0" 404 35012 "http://www.crazyant.net/811.html" "Mozilla/5.0 AppleWebKit/537.36 (KHTML, like Gecko; compatible; Googlebot/2.1; +http://www.google.com/bot.html) Safari/537.36"
66.249.75.153 - - [03/Dec/2019:06:09:51 +0800] "POST /wp-json/wordpress-popular-posts/v1/popular-posts HTTP/1.0" 201 54 "http://www.crazyant.net/1030.html" "Mozilla/5.0 (Linux; Android 6.0.1; Nexus 5X Build/MMB29P) AppleWebKit/537.36 (KHTML, like Gecko) Chrome/41.0.2272.96 Mobile Safari/537.36 (compatible; Googlebot/2.1; +http://www.google.com/bot.html)"
66.249.75.149 - - [03/Dec/2019:06:11:09 +0800] "POST /wp-json/wordpress-popular-posts/v1/popular-posts HTTP/1.0" 403 95 "http://www.crazyant.net/1980.html?iehcxi=o7rso3&ycdmtq=og50m3" "Mozilla/5.0 (Linux; Android 6.0.1; Nexus 5X Build/MMB29P) AppleWebKit/537.36 (KHTML, like Gecko) Chrome/41.0.2272.96 Mobile Safari/537.36 (compatible; Googlebot/2.1; +http://www.google.com/bot.html)"
42.236.10.120 - - [03/Dec/2019:06:11:29 +0800] "GET / HTTP/1.0" 200 10415 "http://www.crazyant.net/" "Mozilla/5.0 (Windows NT 6.1; WOW64) AppleWebKit/537.36 (KHTML, like Gecko) Chrome/50.0.2661.102 Safari/537.36; 360Spider"
66.249.75.151 - - [03/Dec/2019:06:11:45 +0800] "GET /2525.html HTTP/1.0" 200 12648 "-" "Mozilla/5.0 (Linux; Android 6.0.1; Nexus 5X Build/MMB29P) AppleWebKit/537.36 (KHTML, like Gecko) Chrome/41.0.2272.96 Mobile Safari/537.36 (compatible; Googlebot/2.1; +http://www.google.com/bot.html)"
66.249.75.151 - - [03/Dec/2019:06:13:40 +0800] "GET /?s=%E5%BE%AE%E4%BF%A1gylm013%E3%80%91%E7%BA%A2%E4%BA%BA%E8%A3%851%E4%B8%AA%E7%BA%A2%E8%B1%86%E5%A4%9A%E5%B0%91%E9%92%B1%E4%B8%8 HTTP/1.0" 200 8273 "-" "Mozilla/5.0 (Linux; Android 6.0.1; Nexus 5X Build/MMB29P) AppleWebKit/537.36 (KHTML, like Gecko) Chrome/41.0.2272.96 Mobile Safari/537.36 (compatible; Googlebot/2.1; +http://www.google.com/bot.html)"
66.249.75.151 - - [03/Dec/2019:06:15:23 +0800] "POST /wp-json/wordpress-popular-posts/v1/popular-posts HTTP/1.0" 403 95 "http://www.crazyant.net/686.html" "Mozilla/5.0 (Linux; Android 6.0.1; Nexus 5X Build/MMB29P) AppleWebKit/537.36 (KHTML, like Gecko) Chrome/41.0.2272.96 Mobile Safari/537.36 (compatible; Googlebot/2.1; +http://www.google.com/bot.html)"
92.38.129.153 - - [03/Dec/2019:06:15:43 +0800] "GET /feed/ HTTP/1.0" 301 - "-" "Tiny Tiny RSS/19.02 (http://tt-rss.org/)"
92.38.129.153 - - [03/Dec/2019:06:15:43 +0800] "GET /feed HTTP/1.0" 200 4779 "-" "Tiny Tiny RSS/19.02 (http://tt-rss.org/)"
66.249.75.151 - - [03/Dec/2019:06:15:56 +0800] "GET /1451.html HTTP/1.0" 200 11507 "-" "Mozilla/5.0 (Linux; Android 6.0.1; Nexus 5X Build/MMB29P) AppleWebKit/537.36 (KHTML, like Gecko) Chrome/41.0.2272.96 Mobile Safari/537.36 (compatible; Googlebot/2.1; +http://www.google.com/bot.html)"
66.249.75.153 - - [03/Dec/2019:06:16:09 +0800] "POST /wp-json/wordpress-popular-posts/v1/popular-posts HTTP/1.0" 201 55 "http://www.crazyant.net/1451.html" "Mozilla/5.0 (Linux; Android 6.0.1; Nexus 5X Build/MMB29P) AppleWebKit/537.36 (KHTML, like Gecko) Chrome/41.0.2272.96 Mobile Safari/537.36 (compatible; Googlebot/2.1; +http://www.google.com/bot.html)"
66.249.75.149 - - [03/Dec/2019:06:17:31 +0800] "GET /712.html HTTP/1.0" 200 12218 "-" "Mozilla/5.0 (Linux; Android 6.0.1; Nexus 5X Build/MMB29P) AppleWebKit/537.36 (KHTML, like Gecko) Chrome/41.0.2272.96 Mobile Safari/537.36 (compatible; Googlebot/2.1; +http://www.google.com/bot.html)"
66.249.75.149 - - [03/Dec/2019:06:17:33 +0800] "GET /512.html HTTP/1.0" 200 15523 "-" "Mozilla/5.0 (compatible; Googlebot/2.1; +http://www.google.com/bot.html)"
66.249.75.149 - - [03/Dec/2019:06:17:34 +0800] "GET /454.html HTTP/1.0" 200 13521 "-" "Mozilla/5.0 (Linux; Android 6.0.1; Nexus 5X Build/MMB29P) AppleWebKit/537.36 (KHTML, like Gecko) Chrome/41.0.2272.96 Mobile Safari/537.36 (compatible; Googlebot/2.1; +http://www.google.com/bot.html)"
66.249.75.151 - - [03/Dec/2019:06:17:36 +0800] "GET /1697.html HTTP/1.0" 200 12966 "-" "Mozilla/5.0 (Linux; Android 6.0.1; Nexus 5X Build/MMB29P) AppleWebKit/537.36 (KHTML, like Gecko) Chrome/41.0.2272.96 Mobile Safari/537.36 (compatible; Googlebot/2.1; +http://www.google.com/bot.html)"
66.249.75.151 - - [03/Dec/2019:06:17:37 +0800] "POST /wp-json/wordpress-popular-posts/v1/popular-posts HTTP/1.0" 201 55 "http://www.crazyant.net/512.html" "Mozilla/5.0 AppleWebKit/537.36 (KHTML, like Gecko; compatible; Googlebot/2.1; +http://www.google.com/bot.html) Safari/537.36"
42.236.99.194 - - [03/Dec/2019:06:17:37 +0800] "GET / HTTP/1.0" 200 10415 "http://www.crazyant.net/" "Mozilla/5.0 (Windows NT 6.1; WOW64) AppleWebKit/537.36 (KHTML, like Gecko) Chrome/50.0.2661.102 Safari/537.36; 360Spider"
66.249.75.149 - - [03/Dec/2019:06:17:40 +0800] "GET /1337.html HTTP/1.0" 200 11231 "-" "Mozilla/5.0 (Linux; Android 6.0.1; Nexus 5X Build/MMB29P) AppleWebKit/537.36 (KHTML, like Gecko) Chrome/41.0.2272.96 Mobile Safari/537.36 (compatible; Googlebot/2.1; +http://www.google.com/bot.html)"
66.249.75.149 - - [03/Dec/2019:06:17:43 +0800] "POST /wp-json/wordpress-popular-posts/v1/popular-posts HTTP/1.0" 201 55 "http://www.crazyant.net/1697.html" "Mozilla/5.0 (Linux; Android 6.0.1; Nexus 5X Build/MMB29P) AppleWebKit/537.36 (KHTML, like Gecko) Chrome/41.0.2272.96 Mobile Safari/537.36 (compatible; Googlebot/2.1; +http://www.google.com/bot.html)"
66.249.75.149 - - [03/Dec/2019:06:17:47 +0800] "POST /wp-json/wordpress-popular-posts/v1/popular-posts HTTP/1.0" 201 55 "http://www.crazyant.net/1337.html" "Mozilla/5.0 (Linux; Android 6.0.1; Nexus 5X Build/MMB29P) AppleWebKit/537.36 (KHTML, like Gecko) Chrome/41.0.2272.96 Mobile Safari/537.36 (compatible; Googlebot/2.1; +http://www.google.com/bot.html)"
66.249.75.151 - - [03/Dec/2019:06:18:25 +0800] "GET /897.html HTTP/1.0" 200 11935 "-" "Mozilla/5.0 (Linux; Android 6.0.1; Nexus 5X Build/MMB29P) AppleWebKit/537.36 (KHTML, like Gecko) Chrome/41.0.2272.96 Mobile Safari/537.36 (compatible; Googlebot/2.1; +http://www.google.com/bot.html)"
66.249.75.149 - - [03/Dec/2019:06:18:28 +0800] "POST /wp-json/wordpress-popular-posts/v1/popular-posts HTTP/1.0" 201 55 "http://www.crazyant.net/897.html" "Mozilla/5.0 (Linux; Android 6.0.1; Nexus 5X Build/MMB29P) AppleWebKit/537.36 (KHTML, like Gecko) Chrome/41.0.2272.96 Mobile Safari/537.36 (compatible; Googlebot/2.1; +http://www.google.com/bot.html)"
137.74.38.160 - - [03/Dec/2019:06:18:40 +0800] "GET /feed/ HTTP/1.0" 301 - "-" "Tiny Tiny RSS/19.8 (f609065) (http://tt-rss.org/)"
137.74.38.160 - - [03/Dec/2019:06:18:40 +0800] "GET /feed HTTP/1.0" 200 4779 "-" "Tiny Tiny RSS/19.8 (f609065) (http://tt-rss.org/)"
66.249.75.149 - - [03/Dec/2019:06:18:45 +0800] "GET /414.html HTTP/1.0" 200 12761 "-" "Mozilla/5.0 (compatible; Googlebot/2.1; +http://www.google.com/bot.html)"
66.249.75.149 - - [03/Dec/2019:06:18:49 +0800] "POST /wp-json/wordpress-popular-posts/v1/popular-posts HTTP/1.0" 201 55 "http://www.crazyant.net/414.html" "Mozilla/5.0 AppleWebKit/537.36 (KHTML, like Gecko; compatible; Googlebot/2.1; +http://www.google.com/bot.html) Safari/537.36"
36.110.199.8 - - [03/Dec/2019:06:19:29 +0800] "GET /?p=161 HTTP/1.1" 444 0 "-" "Mozilla/5.0 (compatible; Baiduspider/2.0; +http://www.baidu.com/search/spider.html)"
54.36.148.61 - - [03/Dec/2019:06:20:28 +0800] "GET /tag/spark HTTP/1.0" 200 9481 "-" "Mozilla/5.0 (compatible; AhrefsBot/6.1; +http://ahrefs.com/robot/)"
222.129.43.14 - - [03/Dec/2019:06:21:06 +0800] "GET /feed HTTP/1.0" 200 4779 "-" "ReadKit/2.4.3 (Mac OS X Version 10.15.1 (Build 19B88))"
66.249.75.149 - - [03/Dec/2019:06:21:14 +0800] "POST /wp-json/wordpress-popular-posts/v1/popular-posts HTTP/1.0" 201 55 "http://www.crazyant.net/1309.html" "Mozilla/5.0 (Linux; Android 6.0.1; Nexus 5X Build/MMB29P) AppleWebKit/537.36 (KHTML, like Gecko) Chrome/41.0.2272.96 Mobile Safari/537.36 (compatible; Googlebot/2.1; +http://www.google.com/bot.html)"
157.55.39.180 - - [03/Dec/2019:06:21:18 +0800] "GET /581.html HTTP/1.0" 200 12393 "-" "Mozilla/5.0 (compatible; bingbot/2.0; +http://www.bing.com/bingbot.htm)"
142.112.104.241 - - [03/Dec/2019:06:22:25 +0800] "GET / HTTP/1.0" 301 - "-" "Mozilla/5.0 (X11; Ubuntu; Linux x86_64; rv:70.0) Gecko/20100101 Firefox/70.0"
54.36.150.114 - - [03/Dec/2019:06:23:11 +0800] "GET /499.html HTTP/1.0" 200 11584 "-" "Mozilla/5.0 (compatible; AhrefsBot/6.1; +http://ahrefs.com/robot/)"
106.11.153.226 - - [03/Dec/2019:06:25:54 +0800] "GET /?s=%E5%8D%8E%E5%AE%87%E5%A8%B1%E4%B9%90%E5%B9%B3%E5%8F%B0%E8%BF%9B%E4%B8%8D%E5%8E%BB%E3%80%90%E2%94%8B%E5%A5%BD%E8%AE%A1%E5%88%922%E2%92%8F7%E2%92%8F01705{%E6%89%A3%E3%80%93%E3%80%91 HTTP/1.0" 200 8385 "-" "YisouSpider"
116.12.57.20 - - [03/Dec/2019:06:26:59 +0800] "GET /686.html HTTP/1.0" 200 17049 "https://www.google.com/" "Mozilla/5.0 (Windows NT 10.0; Win64; x64) AppleWebKit/537.36 (KHTML, like Gecko) Chrome/78.0.3904.108 Safari/537.36"
116.12.57.20 - - [03/Dec/2019:06:26:59 +0800] "GET /wp-includes/css/dist/block-library/style.min.css HTTP/1.0" 200 6163 "http://www.crazyant.net/686.html" "Mozilla/5.0 (Windows NT 10.0; Win64; x64) AppleWebKit/537.36 (KHTML, like Gecko) Chrome/78.0.3904.108 Safari/537.36"
116.12.57.20 - - [03/Dec/2019:06:27:00 +0800] "GET /wp-includes/css/dist/block-library/theme.min.css HTTP/1.0" 200 639 "http://www.crazyant.net/686.html" "Mozilla/5.0 (Windows NT 10.0; Win64; x64) AppleWebKit/537.36 (KHTML, like Gecko) Chrome/78.0.3904.108 Safari/537.36"
116.12.57.20 - - [03/Dec/2019:06:27:00 +0800] "GET /wp-content/plugins/bibblio-related-posts/public/css/bibblio_related_posts.min.css HTTP/1.0" 200 42 "http://www.crazyant.net/686.html" "Mozilla/5.0 (Windows NT 10.0; Win64; x64) AppleWebKit/537.36 (KHTML, like Gecko) Chrome/78.0.3904.108 Safari/537.36"
