95.216.96.244 - - [06/Dec/2019:04:16:29 +0800] "GET /robots.txt HTTP/1.0" 200 66 "-" "Mozilla/5.0 (compatible; SEOkicks; +https://www.seokicks.de/robot.html)"
95.216.96.244 - - [06/Dec/2019:04:16:33 +0800] "GET / HTTP/1.0" 200 10415 "-" "Mozilla/5.0 (compatible; SEOkicks; +https://www.seokicks.de/robot.html)"
95.216.96.244 - - [06/Dec/2019:04:16:35 +0800] "GET /feed HTTP/1.0" 200 4779 "http://www.crazyant.net/" "Mozilla/5.0 (compatible; SEOkicks; +https://www.seokicks.de/robot.html)"
95.216.96.244 - - [06/Dec/2019:04:16:38 +0800] "GET /comments/feed HTTP/1.0" 200 4659 "http://www.crazyant.net/" "Mozilla/5.0 (compatible; SEOkicks; +https://www.seokicks.de/robot.html)"
95.216.96.244 - - [06/Dec/2019:04:16:42 +0800] "GET /category/python-solvedoubts HTTP/1.0" 200 8677 "http://www.crazyant.net/" "Mozilla/5.0 (compatible; SEOkicks; +https://www.seokicks.de/robot.html)"
111.202.100.137 - - [06/Dec/2019:04:16:42 +0800] "GET /1122.html HTTP/1.0" 200 16232 "-" "Sogou web spider/4.0(+http://www.sogou.com/docs/help/webmasters.htm#07)"
95.216.96.244 - - [06/Dec/2019:04:16:44 +0800] "GET /category/python-solvedoubts/feed HTTP/1.0" 200 985 "http://www.crazyant.net/category/python-solvedoubts" "Mozilla/5.0 (compatible; SEOkicks; +https://www.seokicks.de/robot.html)"
95.216.96.244 - - [06/Dec/2019:04:16:46 +0800] "GET /category/python-basic HTTP/1.0" 200 8185 "http://www.crazyant.net/" "Mozilla/5.0 (compatible; SEOkicks; +https://www.seokicks.de/robot.html)"
95.216.96.244 - - [06/Dec/2019:04:16:48 +0800] "GET /category/python-basic/feed HTTP/1.0" 200 531 "http://www.crazyant.net/category/python-basic" "Mozilla/5.0 (compatible; SEOkicks; +https://www.seokicks.de/robot.html)"
95.216.96.244 - - [06/Dec/2019:04:16:50 +0800] "GET /category/python-%e7%88%ac%e8%99%ab%e7%b3%bb%e5%88%97 HTTP/1.0" 200 8629 "http://www.crazyant.net/" "Mozilla/5.0 (compatible; SEOkicks; +https://www.seokicks.de/robot.html)"
40.77.188.13 - - [06/Dec/2019:04:17:00 +0800] "GET /wp-content/plugins/bibblio-related-posts/public/css/bibblio_related_posts.min.css HTTP/1.0" 200 42 "-" "Mozilla/5.0 (Windows NT 6.1; WOW64) AppleWebKit/534+ (KHTML, like Gecko) BingPreview/1.0b"
111.202.100.137 - - [06/Dec/2019:04:17:00 +0800] "GET /1185.html HTTP/1.0" 200 12239 "-" "Sogou web spider/4.0(+http://www.sogou.com/docs/help/webmasters.htm#07)"
111.202.100.137 - - [06/Dec/2019:04:17:18 +0800] "GET /1355.html HTTP/1.0" 200 12244 "-" "Sogou web spider/4.0(+http://www.sogou.com/docs/help/webmasters.htm#07)"
111.202.100.137 - - [06/Dec/2019:04:17:38 +0800] "GET /1112.html HTTP/1.0" 200 15250 "-" "Sogou web spider/4.0(+http://www.sogou.com/docs/help/webmasters.htm#07)"
47.96.97.24 - - [06/Dec/2019:04:17:50 +0800] "GET /my_book_list/feed HTTP/1.0" 200 987 "-" "Bot/Nutch-1.16"
111.202.100.137 - - [06/Dec/2019:04:17:58 +0800] "GET /1789.html HTTP/1.0" 200 11495 "-" "Sogou web spider/4.0(+http://www.sogou.com/docs/help/webmasters.htm#07)"
66.249.79.25 - - [06/Dec/2019:04:18:07 +0800] "GET /2120.html HTTP/1.0" 200 13244 "-" "Mozilla/5.0 (compatible; Googlebot/2.1; +http://www.google.com/bot.html)"
106.11.157.254 - - [06/Dec/2019:04:18:12 +0800] "GET /page/20?wptouch_switch=desktop HTTP/1.0" 200 11157 "-" "YisouSpider"
106.11.159.116 - - [06/Dec/2019:04:18:15 +0800] "GET /wp-includes/js/comment-reply.min.js HTTP/1.0" 200 1131 "https://www.crazyant.net/%E7%95%99%E8%A8%80%E5%B0%8F%E6%9C%AC?replytocom=11096" "Mozilla/5.0 (Windows NT 6.1; Win64; x64) AppleWebKit/537.36 (KHTML, like Gecko) Chrome/69.0.3497.81 YisouSpider/5.0 Safari/537.36"
42.120.161.103 - - [06/Dec/2019:04:18:16 +0800] "GET /wp-content/plugins/easy-fancybox/js/jquery.easing.min.js HTTP/1.0" 200 767 "https://www.crazyant.net/%E7%95%99%E8%A8%80%E5%B0%8F%E6%9C%AC?replytocom=11096" "Mozilla/5.0 (Windows NT 6.1; Win64; x64) AppleWebKit/537.36 (KHTML, like Gecko) Chrome/69.0.3497.81 YisouSpider/5.0 Safari/537.36"
111.202.100.137 - - [06/Dec/2019:04:18:16 +0800] "GET /1337.html HTTP/1.0" 200 11231 "-" "Sogou web spider/4.0(+http://www.sogou.com/docs/help/webmasters.htm#07)"
152.2.81.138 - - [06/Dec/2019:04:18:19 +0800] "GET /wp-content/uploads/2014/06/image_thumb.png HTTP/1.0" 200 5809 "https://blog.csdn.net/z69183787/article/details/52933070" "Mozilla/5.0 (Windows NT 10.0; Win64; x64) AppleWebKit/537.36 (KHTML, like Gecko) Chrome/78.0.3904.108 Safari/537.36"
47.96.97.24 - - [06/Dec/2019:04:18:24 +0800] "GET /1664.html HTTP/1.0" 200 12754 "-" "Bot/Nutch-1.16"
111.202.100.137 - - [06/Dec/2019:04:18:36 +0800] "GET /1409.html HTTP/1.0" 200 12820 "-" "Sogou web spider/4.0(+http://www.sogou.com/docs/help/webmasters.htm#07)"
111.202.100.137 - - [06/Dec/2019:04:18:54 +0800] "GET /1319.html HTTP/1.0" 200 12084 "-" "Sogou web spider/4.0(+http://www.sogou.com/docs/help/webmasters.htm#07)"
66.249.79.25 - - [06/Dec/2019:04:18:59 +0800] "POST /wp-json/wordpress-popular-posts/v1/popular-posts HTTP/1.0" 201 55 "http://www.crazyant.net/2120.html" "Mozilla/5.0 AppleWebKit/537.36 (KHTML, like Gecko; compatible; Googlebot/2.1; +http://www.google.com/bot.html) Safari/537.36"
222.129.54.23 - - [06/Dec/2019:04:19:09 +0800] "GET /feed HTTP/1.0" 200 4779 "-" "ReadKit/2.4.3 (Mac OS X Version 10.15.1 (Build 19B88))"
111.202.100.137 - - [06/Dec/2019:04:19:13 +0800] "GET /1707.html HTTP/1.0" 200 15116 "-" "Sogou web spider/4.0(+http://www.sogou.com/docs/help/webmasters.htm#07)"
47.96.97.24 - - [06/Dec/2019:04:19:25 +0800] "GET /category/%E7%A8%8B%E5%BA%8F%E4%BA%BA%E7%94%9F HTTP/1.0" 200 10999 "-" "Bot/Nutch-1.16"
111.202.100.137 - - [06/Dec/2019:04:19:32 +0800] "GET /1858.html HTTP/1.0" 200 11372 "-" "Sogou web spider/4.0(+http://www.sogou.com/docs/help/webmasters.htm#07)"
111.202.100.137 - - [06/Dec/2019:04:19:51 +0800] "GET /1964.html HTTP/1.0" 200 10611 "-" "Sogou web spider/4.0(+http://www.sogou.com/docs/help/webmasters.htm#07)"
111.202.100.137 - - [06/Dec/2019:04:20:07 +0800] "GET /1321.html HTTP/1.0" 200 10971 "-" "Sogou web spider/4.0(+http://www.sogou.com/docs/help/webmasters.htm#07)"
111.202.100.137 - - [06/Dec/2019:04:20:26 +0800] "GET /818.html HTTP/1.0" 200 13347 "-" "Sogou web spider/4.0(+http://www.sogou.com/docs/help/webmasters.htm#07)"
111.202.100.137 - - [06/Dec/2019:04:20:45 +0800] "GET /1055.html HTTP/1.0" 200 12075 "-" "Sogou web spider/4.0(+http://www.sogou.com/docs/help/webmasters.htm#07)"
111.202.100.137 - - [06/Dec/2019:04:21:04 +0800] "GET /754.html HTTP/1.0" 200 14181 "-" "Sogou web spider/4.0(+http://www.sogou.com/docs/help/webmasters.htm#07)"
66.249.79.27 - - [06/Dec/2019:04:21:07 +0800] "GET /author/peishuai1987/page/10?zkfgjc=htiir2&jmt&pyrkdw=7kzfs3 HTTP/1.0" 200 11023 "-" "Mozilla/5.0 (Linux; Android 6.0.1; Nexus 5X Build/MMB29P) AppleWebKit/537.36 (KHTML, like Gecko) Chrome/41.0.2272.96 Mobile Safari/537.36 (compatible; Googlebot/2.1; +http://www.google.com/bot.html)"
47.96.97.24 - - [06/Dec/2019:04:21:16 +0800] "GET /category/spark HTTP/1.0" 200 9526 "-" "Bot/Nutch-1.16"
111.202.100.137 - - [06/Dec/2019:04:21:22 +0800] "GET /1451.html HTTP/1.0" 200 11509 "-" "Sogou web spider/4.0(+http://www.sogou.com/docs/help/webmasters.htm#07)"
111.202.100.137 - - [06/Dec/2019:04:21:39 +0800] "GET /1203.html HTTP/1.0" 200 13213 "-" "Sogou web spider/4.0(+http://www.sogou.com/docs/help/webmasters.htm#07)"
47.96.97.24 - - [06/Dec/2019:04:21:41 +0800] "GET /tag/pandas/feed HTTP/1.0" 200 3372 "-" "Bot/Nutch-1.16"
111.202.100.137 - - [06/Dec/2019:04:21:59 +0800] "GET /1763.html HTTP/1.0" 200 11622 "-" "Sogou web spider/4.0(+http://www.sogou.com/docs/help/webmasters.htm#07)"
111.202.100.137 - - [06/Dec/2019:04:22:17 +0800] "GET /747.html HTTP/1.0" 200 11141 "-" "Sogou web spider/4.0(+http://www.sogou.com/docs/help/webmasters.htm#07)"
220.181.108.165 - - [06/Dec/2019:04:22:32 +0800] "GET /1372.html HTTP/1.1" 444 0 "-" "Mozilla/5.0 (compatible; Baiduspider/2.0; +http://www.baidu.com/search/spider.html)"
111.202.100.137 - - [06/Dec/2019:04:22:36 +0800] "GET /1066.html HTTP/1.0" 200 14525 "-" "Sogou web spider/4.0(+http://www.sogou.com/docs/help/webmasters.htm#07)"
111.202.100.137 - - [06/Dec/2019:04:22:56 +0800] "GET /2076.html HTTP/1.0" 200 14944 "-" "Sogou web spider/4.0(+http://www.sogou.com/docs/help/webmasters.htm#07)"
111.202.100.137 - - [06/Dec/2019:04:23:15 +0800] "GET /2177.html HTTP/1.0" 200 17045 "-" "Sogou web spider/4.0(+http://www.sogou.com/docs/help/webmasters.htm#07)"
66.249.79.27 - - [06/Dec/2019:04:23:18 +0800] "GET /search/%E8%8A%B1%E7%94%9F%E6%97%A5%E8%AE%B0%E8%B5%9A%E9%92%B1%E6%8A%80%E5%B7%A7%E5%8A%A0%E5%BE%AE%E4%BF%A1gylm555/feed/rss2/ HTTP/1.0" 200 645 "-" "Mozilla/5.0 (Linux; Android 6.0.1; Nexus 5X Build/MMB29P) AppleWebKit/537.36 (KHTML, like Gecko) Chrome/41.0.2272.96 Mobile Safari/537.36 (compatible; Googlebot/2.1; +http://www.google.com/bot.html)"
111.202.100.137 - - [06/Dec/2019:04:23:34 +0800] "GET /1129.html HTTP/1.0" 200 13512 "-" "Sogou web spider/4.0(+http://www.sogou.com/docs/help/webmasters.htm#07)"
66.249.79.25 - - [06/Dec/2019:04:23:39 +0800] "GET /1600.html HTTP/1.0" 200 11254 "-" "Mozilla/5.0 (compatible; Googlebot/2.1; +http://www.google.com/bot.html)"
111.202.100.137 - - [06/Dec/2019:04:23:53 +0800] "GET /2273.html HTTP/1.0" 200 9467 "-" "Sogou web spider/4.0(+http://www.sogou.com/docs/help/webmasters.htm#07)"
111.202.100.137 - - [06/Dec/2019:04:24:12 +0800] "GET /1973.html HTTP/1.0" 200 12464 "-" "Sogou web spider/4.0(+http://www.sogou.com/docs/help/webmasters.htm#07)"
111.202.100.137 - - [06/Dec/2019:04:24:30 +0800] "GET /2124.html HTTP/1.0" 200 14279 "-" "Sogou web spider/4.0(+http://www.sogou.com/docs/help/webmasters.htm#07)"
106.11.159.254 - - [06/Dec/2019:04:24:45 +0800] "GET /page/11?lmnylw=nja7f2&vkfmnk=nbcit3&zinypu=ndfbs3&zudcbu=nl9wo2 HTTP/1.0" 200 10943 "-" "YisouSpider"
39.98.69.62 - - [06/Dec/2019:04:24:45 +0800] "GET /feed HTTP/1.0" 200 4779 "-" "Mozilla/5.0 (Linux; Android 8.0.0; TA-1053 Build/OPR1.170623.026) AppleWebKit/537.36 (KHTML, like Gecko) Chrome/67.0.3368.0 Mobile Safari/537.36"
39.98.69.62 - - [06/Dec/2019:04:24:48 +0800] "GET /feed HTTP/1.0" 200 4779 "-" "Mozilla/5.0 (Linux; Android 8.0.0; TA-1053 Build/OPR1.170623.026) AppleWebKit/537.36 (KHTML, like Gecko) Chrome/67.0.3368.0 Mobile Safari/537.36"
111.202.100.137 - - [06/Dec/2019:04:24:49 +0800] "GET /1931.html HTTP/1.0" 200 13029 "-" "Sogou web spider/4.0(+http://www.sogou.com/docs/help/webmasters.htm#07)"
66.249.79.185 - - [06/Dec/2019:04:24:52 +0800] "GET /wp-content/uploads/2015/03/3.png HTTP/1.0" 200 59882 "-" "Googlebot-Image/1.0"
111.202.100.137 - - [06/Dec/2019:04:25:08 +0800] "GET /955.html HTTP/1.0" 200 13605 "-" "Sogou web spider/4.0(+http://www.sogou.com/docs/help/webmasters.htm#07)"
111.202.100.137 - - [06/Dec/2019:04:25:26 +0800] "GET /1036.html HTTP/1.0" 200 10880 "-" "Sogou web spider/4.0(+http://www.sogou.com/docs/help/webmasters.htm#07)"
111.202.100.137 - - [06/Dec/2019:04:25:45 +0800] "GET /2160.html HTTP/1.0" 200 10848 "-" "Sogou web spider/4.0(+http://www.sogou.com/docs/help/webmasters.htm#07)"
47.96.97.24 - - [06/Dec/2019:04:25:49 +0800] "GET /414.html HTTP/1.0" 200 12765 "-" "Bot/Nutch-1.16"
111.202.100.137 - - [06/Dec/2019:04:26:03 +0800] "GET /1980.html HTTP/1.0" 200 12263 "-" "Sogou web spider/4.0(+http://www.sogou.com/docs/help/webmasters.htm#07)"
54.36.148.62 - - [06/Dec/2019:04:26:15 +0800] "GET /author/peishuai1987/page/6 HTTP/1.0" 200 11191 "-" "Mozilla/5.0 (compatible; AhrefsBot/6.1; +http://ahrefs.com/robot/)"
111.202.100.137 - - [06/Dec/2019:04:26:21 +0800] "GET /2194.html HTTP/1.0" 200 26553 "-" "Sogou web spider/4.0(+http://www.sogou.com/docs/help/webmasters.htm#07)"
92.38.129.153 - - [06/Dec/2019:04:26:34 +0800] "GET /feed/ HTTP/1.0" 301 - "-" "Tiny Tiny RSS/19.02 (http://tt-rss.org/)"
92.38.129.153 - - [06/Dec/2019:04:26:34 +0800] "GET /feed HTTP/1.0" 200 4779 "-" "Tiny Tiny RSS/19.02 (http://tt-rss.org/)"
111.202.100.137 - - [06/Dec/2019:04:26:40 +0800] "GET /1326.html HTTP/1.0" 200 12060 "-" "Sogou web spider/4.0(+http://www.sogou.com/docs/help/webmasters.htm#07)"
111.202.100.137 - - [06/Dec/2019:04:26:59 +0800] "GET /2145.html HTTP/1.0" 200 11865 "-" "Sogou web spider/4.0(+http://www.sogou.com/docs/help/webmasters.htm#07)"
111.202.100.137 - - [06/Dec/2019:04:27:18 +0800] "GET /2150.html HTTP/1.0" 200 15276 "-" "Sogou web spider/4.0(+http://www.sogou.com/docs/help/webmasters.htm#07)"
111.202.100.137 - - [06/Dec/2019:04:27:35 +0800] "GET /2167.html HTTP/1.0" 200 11913 "-" "Sogou web spider/4.0(+http://www.sogou.com/docs/help/webmasters.htm#07)"
111.202.100.137 - - [06/Dec/2019:04:27:54 +0800] "GET /1703.html HTTP/1.0" 200 12904 "-" "Sogou web spider/4.0(+http://www.sogou.com/docs/help/webmasters.htm#07)"
111.202.100.137 - - [06/Dec/2019:04:28:11 +0800] "GET /2574.html HTTP/1.0" 200 11841 "-" "Sogou web spider/4.0(+http://www.sogou.com/docs/help/webmasters.htm#07)"
111.202.100.137 - - [06/Dec/2019:04:28:29 +0800] "GET /1689.html HTTP/1.0" 200 12449 "-" "Sogou web spider/4.0(+http://www.sogou.com/docs/help/webmasters.htm#07)"
47.96.97.24 - - [06/Dec/2019:04:28:31 +0800] "GET /tag/%E7%88%AC%E8%99%AB/feed HTTP/1.0" 200 2588 "-" "Bot/Nutch-1.16"
123.125.71.79 - - [06/Dec/2019:04:28:41 +0800] "GET /1122.html HTTP/1.1" 444 0 "-" "Mozilla/5.0 (compatible; Baiduspider/2.0; +http://www.baidu.com/search/spider.html)"
111.202.100.137 - - [06/Dec/2019:04:28:46 +0800] "GET /2011/02/22/%e6%96%87%e4%bb%b6%e4%b8%8b%e8%bd%bd%e4%bb%a3%e7%a0%81-%e6%9d%a5%e8%87%aapbdigg/trackback/ HTTP/1.0" 301 - "-" "Sogou web spider/4.0(+http://www.sogou.com/docs/help/webmasters.htm#07)"
8.29.198.27 - - [06/Dec/2019:04:28:47 +0800] "GET /feed HTTP/1.0" 200 4779 "-" "Feedly/1.0 (+http://www.feedly.com/fetcher.html; 12 subscribers; like FeedFetcher-Google)"
106.11.157.137 - - [06/Dec/2019:04:29:05 +0800] "GET /wp-content/themes/omega-child/style.css?ver=5.1.1 HTTP/1.0" 200 481 "http://www.crazyant.net/754.html" "YisouSpider"
111.202.100.137 - - [06/Dec/2019:04:29:06 +0800] "GET /2011/02/22/%e7%a1%ac%e7%9b%98%e5%88%86%e5%8c%ba%e8%a1%a8%e4%b8%a2%e5%a4%b1%e3%80%81%e4%bf%ae%e5%a4%8d%e5%a4%a7%e4%ba%8b%e8%ae%b0-%e5%88%86%e5%8c%ba%e8%a1%a8%e4%bf%ae%e5%a4%8d%e5%88%a9%e5%99%a8testdisk/trackback/ HTTP/1.0" 301 - "-" "Sogou web spider/4.0(+http://www.sogou.com/docs/help/webmasters.htm#07)"
66.249.79.27 - - [06/Dec/2019:04:29:12 +0800] "GET /1409.html HTTP/1.0" 200 12819 "-" "Mozilla/5.0 (Linux; Android 6.0.1; Nexus 5X Build/MMB29P) AppleWebKit/537.36 (KHTML, like Gecko) Chrome/41.0.2272.96 Mobile Safari/537.36 (compatible; Googlebot/2.1; +http://www.google.com/bot.html)"
47.96.97.24 - - [06/Dec/2019:04:29:16 +0800] "GET /wp-json/oembed/1.0/embed?url=http%3A%2F%2Fwww.crazyant.net%2F2404.html HTTP/1.0" 200 1156 "-" "Bot/Nutch-1.16"
111.202.100.137 - - [06/Dec/2019:04:29:23 +0800] "GET /103.html HTTP/1.0" 200 10310 "-" "Sogou web spider/4.0(+http://www.sogou.com/docs/help/webmasters.htm#07)"
107.21.1.8 - - [06/Dec/2019:04:29:39 +0800] "GET / HTTP/1.0" 200 10415 "http://www.crazyant.net/" "Mozilla/5.0 (compatible; DuckDuckGo-Favicons-Bot/1.0; +http://duckduckgo.com)"
107.21.1.8 - - [06/Dec/2019:04:29:39 +0800] "GET /favicon.ico HTTP/1.0" 200 - "http://www.crazyant.net/favicon.ico" "Mozilla/5.0 (compatible; DuckDuckGo-Favicons-Bot/1.0; +http://duckduckgo.com)"
54.208.102.37 - - [06/Dec/2019:04:29:40 +0800] "GET / HTTP/1.0" 200 10415 "http://www.crazyant.net/" "Mozilla/5.0 (compatible; DuckDuckGo-Favicons-Bot/1.0; +http://duckduckgo.com)"
54.208.102.37 - - [06/Dec/2019:04:29:40 +0800] "GET /favicon.ico HTTP/1.1" 200 0 "http://www.crazyant.net/favicon.ico" "Mozilla/5.0 (compatible; DuckDuckGo-Favicons-Bot/1.0; +http://duckduckgo.com)"
111.202.100.137 - - [06/Dec/2019:04:29:40 +0800] "GET /87.html HTTP/1.0" 200 11876 "-" "Sogou web spider/4.0(+http://www.sogou.com/docs/help/webmasters.htm#07)"
66.249.79.27 - - [06/Dec/2019:04:29:51 +0800] "GET /454.html?jdf&xunovq=vnsjo3&tengfk=zho0z&pibade=vv5un3&oarinu=6dkxo3&kklihm=0rsvy&eyjivo=oel4o3&bapmhs=txjjl3&ryrejo=x19bl3&yshstw=oitpb&tojqni=rxncl3&kuxmdy=aiz9n3&ycnyjm=qiell3&ainafi=syhny&nsjcry=vw6tl3&hmzstm=fdvba HTTP/1.0" 200 13702 "-" "Mozilla/5.0 (Linux; Android 6.0.1; Nexus 5X Build/MMB29P) AppleWebKit/537.36 (KHTML, like Gecko) Chrome/41.0.2272.96 Mobile Safari/537.36 (compatible; Googlebot/2.1; +http://www.google.com/bot.html)"
66.249.79.25 - - [06/Dec/2019:04:29:55 +0800] "POST /wp-json/wordpress-popular-posts/v1/popular-posts HTTP/1.0" 201 55 "http://www.crazyant.net/454.html?jdf&xunovq=vnsjo3&tengfk=zho0z&pibade=vv5un3&oarinu=6dkxo3&kklihm=0rsvy&eyjivo=oel4o3&bapmhs=txjjl3&ryrejo=x19bl3&yshstw=oitpb&tojqni=rxncl3&kuxmdy=aiz9n3&ycnyjm=qiell3&ainafi=syhny&nsjcry=vw6tl3&hmzstm=fdvba" "Mozilla/5.0 (Linux; Android 6.0.1; Nexus 5X Build/MMB29P) AppleWebKit/537.36 (KHTML, like Gecko) Chrome/41.0.2272.96 Mobile Safari/537.36 (compatible; Googlebot/2.1; +http://www.google.com/bot.html)"
111.202.100.137 - - [06/Dec/2019:04:29:58 +0800] "GET /2011/05/17/c%e5%ad%97%e7%ac%a6%e9%9b%86%e4%b9%8b%e9%97%b4%e8%bd%ac%e6%8d%a2utf-8unicodegb2312/feed/ HTTP/1.0" 301 - "-" "Sogou web spider/4.0(+http://www.sogou.com/docs/help/webmasters.htm#07)"
209.17.96.130 - - [06/Dec/2019:04:30:03 +0800] "GET / HTTP/1.0" 301 - "-" "Mozilla/5.0 (compatible; Nimbostratus-Bot/v1.3.2; http://cloudsystemnetworks.com)"
111.202.100.137 - - [06/Dec/2019:04:30:17 +0800] "GET /2011/02/28/ubuntu%e5%ae%98%e6%96%b9live-cd%e5%92%8cdvd%e4%b8%8b%e8%bd%bd%e5%9c%b0%e5%9d%80/feed/ HTTP/1.0" 301 - "-" "Sogou web spider/4.0(+http://www.sogou.com/docs/help/webmasters.htm#07)"
47.96.97.24 - - [06/Dec/2019:04:30:34 +0800] "GET /wp-json/oembed/1.0/embed?url=http%3A%2F%2Fwww.crazyant.net%2F2404.html&format=xml HTTP/1.0" 200 1202 "-" "Bot/Nutch-1.16"
111.202.100.137 - - [06/Dec/2019:04:30:36 +0800] "GET /2011/05/17/c%e5%ad%97%e7%ac%a6%e9%9b%86%e4%b9%8b%e9%97%b4%e8%bd%ac%e6%8d%a2utf-8unicodegb2312/feed HTTP/1.0" 200 515 "-" "Sogou web spider/4.0(+http://www.sogou.com/docs/help/webmasters.htm#07)"
54.36.150.88 - - [06/Dec/2019:04:30:51 +0800] "GET /179.html/feed HTTP/1.0" 200 507 "-" "Mozilla/5.0 (compatible; AhrefsBot/6.1; +http://ahrefs.com/robot/)"
111.202.100.137 - - [06/Dec/2019:04:30:53 +0800] "GET /2011/02/28/ubuntu%e5%ae%98%e6%96%b9live-cd%e5%92%8cdvd%e4%b8%8b%e8%bd%bd%e5%9c%b0%e5%9d%80/feed HTTP/1.0" 200 512 "-" "Sogou web spider/4.0(+http://www.sogou.com/docs/help/webmasters.htm#07)"
54.36.148.9 - - [06/Dec/2019:04:31:07 +0800] "GET /tag/memcached HTTP/1.0" 200 8684 "-" "Mozilla/5.0 (compatible; AhrefsBot/6.1; +http://ahrefs.com/robot/)"
106.11.152.246 - - [06/Dec/2019:04:31:29 +0800] "GET /category/php-development/page/6 HTTP/1.0" 200 9167 "-" "YisouSpider"
137.74.38.160 - - [06/Dec/2019:04:31:32 +0800] "GET /feed/ HTTP/1.0" 301 - "-" "Tiny Tiny RSS/19.8 (f609065) (http://tt-rss.org/)"
137.74.38.160 - - [06/Dec/2019:04:31:33 +0800] "GET /feed HTTP/1.0" 200 4779 "-" "Tiny Tiny RSS/19.8 (f609065) (http://tt-rss.org/)"
66.249.79.25 - - [06/Dec/2019:04:32:02 +0800] "GET /author/peishuai1987/page/8?jdfwkey=jft7y HTTP/1.0" 200 11199 "-" "Mozilla/5.0 (Linux; Android 6.0.1; Nexus 5X Build/MMB29P) AppleWebKit/537.36 (KHTML, like Gecko) Chrome/41.0.2272.96 Mobile Safari/537.36 (compatible; Googlebot/2.1; +http://www.google.com/bot.html)"
47.96.97.24 - - [06/Dec/2019:04:32:54 +0800] "GET /wp-json/oembed/1.0/embed?url=http%3A%2F%2Fwww.crazyant.net%2F%25e5%2585%25b3%25e4%25ba%258e HTTP/1.0" 200 1135 "-" "Bot/Nutch-1.16"
47.96.97.24 - - [06/Dec/2019:04:32:58 +0800] "GET /wp-json/oembed/1.0/embed?url=http%3A%2F%2Fwww.crazyant.net%2F%25e4%25b8%25aa%25e4%25ba%25ba%25e7%25ae%25b4%25e8%25a8%2580&format=xml HTTP/1.0" 200 1194 "-" "Bot/Nutch-1.16"
222.129.54.23 - - [06/Dec/2019:04:33:08 +0800] "GET /feed HTTP/1.0" 200 4779 "-" "ReadKit/2.4.3 (Mac OS X Version 10.15.1 (Build 19B88))"
104.248.68.63 - - [06/Dec/2019:04:34:00 +0800] "HEAD / HTTP/1.0" 301 - "http://www.google.com" "Mozilla/4.0 (compatible; MSIE 8.0; Windows NT 6.1; WOW64; Trident/4.0; SLCC2; .NET CLR 2.0.50727; .NET CLR 3.5.30729; .NET CLR 3.0.30729; Media Center PC 6.0; .NET4.0C; .NET4.0E)"
104.248.68.63 - - [06/Dec/2019:04:34:01 +0800] "HEAD / HTTP/1.0" 200 - "http://www.google.com" "Mozilla/4.0 (compatible; MSIE 8.0; Windows NT 6.1; WOW64; Trident/4.0; SLCC2; .NET CLR 2.0.50727; .NET CLR 3.5.30729; .NET CLR 3.0.30729; Media Center PC 6.0; .NET4.0C; .NET4.0E)"
66.249.79.27 - - [06/Dec/2019:04:34:43 +0800] "GET /2404.html HTTP/1.0" 200 12030 "-" "Mozilla/5.0 (Linux; Android 6.0.1; Nexus 5X Build/MMB29P) AppleWebKit/537.36 (KHTML, like Gecko) Chrome/41.0.2272.96 Mobile Safari/537.36 (compatible; Googlebot/2.1; +http://www.google.com/bot.html)"
66.249.79.25 - - [06/Dec/2019:04:34:48 +0800] "POST /wp-json/wordpress-popular-posts/v1/popular-posts HTTP/1.0" 201 55 "http://www.crazyant.net/2404.html" "Mozilla/5.0 (Linux; Android 6.0.1; Nexus 5X Build/MMB29P) AppleWebKit/537.36 (KHTML, like Gecko) Chrome/41.0.2272.96 Mobile Safari/537.36 (compatible; Googlebot/2.1; +http://www.google.com/bot.html)"
220.181.108.84 - - [06/Dec/2019:04:34:50 +0800] "GET /1858.html HTTP/1.1" 444 0 "-" "Mozilla/5.0 (compatible; Baiduspider/2.0; +http://www.baidu.com/search/spider.html)"
47.96.97.24 - - [06/Dec/2019:04:35:23 +0800] "GET /179.html HTTP/1.0" 200 10578 "-" "Bot/Nutch-1.16"
212.64.5.64 - - [06/Dec/2019:04:36:13 +0800] "GET /feed HTTP/1.0" 200 4779 "-" "Mozilla/5.0 (Windows NT 6.1) AppleWebKit/537.31 (KHTML, like Gecko) Chrome/26.0.1410.43 Safari/537.31"
66.249.79.183 - - [06/Dec/2019:04:36:30 +0800] "GET /wp-content/uploads/2015/03/0.png HTTP/1.0" 200 29118 "-" "Googlebot-Image/1.0"
54.145.194.30 - - [06/Dec/2019:04:38:06 +0800] "GET /1707.html/feed HTTP/1.0" 200 1648 "https://www.google.com/" "Mozilla/5.0 (compatible; MSIE 9.0; Windows NT 6.1; WOW64; Trident/5.0)"
106.11.158.235 - - [06/Dec/2019:04:38:22 +0800] "GET /wp-content/themes/twentyfifteen/genericons/genericons.min.css HTTP/1.0" 200 16232 "https://www.crazyant.net/tag/excel" "YisouSpider"
106.11.156.234 - - [06/Dec/2019:04:38:25 +0800] "GET /1129.html?replytocom=10595&wptouch_switch=desktop HTTP/1.0" 200 13568 "-" "YisouSpider"
42.156.136.54 - - [06/Dec/2019:04:38:25 +0800] "POST /wp-json/wordpress-popular-posts/v1/popular-posts HTTP/1.0" 201 55 "https://www.crazyant.net/1309.html" "Mozilla/5.0 (Windows NT 6.1; Win64; x64) AppleWebKit/537.36 (KHTML, like Gecko) Chrome/69.0.3497.81 YisouSpider/5.0 Safari/537.36"
66.249.79.25 - - [06/Dec/2019:04:38:35 +0800] "GET /search/%E5%8D%8E%E5%AE%87%E5%B9%B3%E5%8F%B0%E7%BD%91%E9%A1%B5%E5%9C%B0%E5%9D%80%E3%80%90%E2%94%8B%E7%A8%B3%E5%AE%9A2%E2%92%8F7%E2%92%8F01705%E2%94%8B%E6%89%A3%E3%80%259/feed/rss2/ HTTP/1.0" 200 626 "-" "Mozilla/5.0 (Linux; Android 6.0.1; Nexus 5X Build/MMB29P) AppleWebKit/537.36 (KHTML, like Gecko) Chrome/41.0.2272.96 Mobile Safari/537.36 (compatible; Googlebot/2.1; +http://www.google.com/bot.html)"
47.96.97.24 - - [06/Dec/2019:04:38:54 +0800] "GET /tag/linux/feed HTTP/1.0" 200 2049 "-" "Bot/Nutch-1.16"
47.96.97.24 - - [06/Dec/2019:04:39:33 +0800] "GET /2598.html/feed HTTP/1.0" 200 504 "-" "Bot/Nutch-1.16"
47.96.97.24 - - [06/Dec/2019:04:39:33 +0800] "GET /tag/c/feed HTTP/1.0" 200 2098 "-" "Bot/Nutch-1.16"
92.247.181.58 - - [06/Dec/2019:04:39:58 +0800] "GET /feed HTTP/1.0" 200 4779 "http://www.crazyant.net/" "Mozilla/5.0 (compatible; inoreader.com; 10 subscribers)"
37.59.60.115 - - [06/Dec/2019:04:40:44 +0800] "GET /wp-login.php HTTP/1.1" 444 0 "-" "Mozilla/5.0 (X11; Ubuntu; Linux x86_64; rv:62.0) Gecko/20100101 Firefox/62.0"
157.55.39.54 - - [06/Dec/2019:04:40:46 +0800] "GET /tag/email/feed HTTP/1.0" 200 959 "-" "msnbot/2.0b (+http://search.msn.com/msnbot.htm)"
66.249.79.25 - - [06/Dec/2019:04:40:46 +0800] "GET /647.html?hwfuvq=jy67n3&sgnkjy=uhzbl3&nitqbk=5qbqw&lcjgvm=hvqqn3&qgbmpq=a5qxw&gofuzi=i805o3&lctylo=to3ao3&jcvavq=vlirw&asvojw=0e41o3&oarinu=6dkxo3 HTTP/1.0" 200 12911 "-" "Mozilla/5.0 (Linux; Android 6.0.1; Nexus 5X Build/MMB29P) AppleWebKit/537.36 (KHTML, like Gecko) Chrome/41.0.2272.96 Mobile Safari/537.36 (compatible; Googlebot/2.1; +http://www.google.com/bot.html)"
123.125.71.23 - - [06/Dec/2019:04:40:59 +0800] "GET /1607.html/feed HTTP/1.1" 444 0 "-" "Mozilla/5.0 (compatible; Baiduspider/2.0; +http://www.baidu.com/search/spider.html)"
114.67.104.99 - - [06/Dec/2019:04:41:16 +0800] "GET /feed HTTP/1.0" 200 4779 "-" "Mozilla/5.0 (Linux; Android 8.0.0; TA-1053 Build/OPR1.170623.026) AppleWebKit/537.36 (KHTML, like Gecko) Chrome/67.0.3368.0 Mobile Safari/537.36"
47.96.97.24 - - [06/Dec/2019:04:41:30 +0800] "GET /1763.html HTTP/1.0" 200 11624 "-" "Bot/Nutch-1.16"
146.66.92.61 - - [06/Dec/2019:04:42:42 +0800] "POST /wp-cron.php?doing_wp_cron=1575578562.7518041133880615234375 HTTP/1.0" 200 - "http://www.crazyant.net/wp-cron.php?doing_wp_cron=1575578562.7518041133880615234375" "WordPress/5.3; http://www.crazyant.net"
92.38.129.153 - - [06/Dec/2019:04:42:42 +0800] "GET /feed/ HTTP/1.0" 301 - "-" "Tiny Tiny RSS/19.02 (http://tt-rss.org/)"
92.38.129.153 - - [06/Dec/2019:04:42:43 +0800] "GET /feed HTTP/1.0" 200 4779 "-" "Tiny Tiny RSS/19.02 (http://tt-rss.org/)"
66.249.79.29 - - [06/Dec/2019:04:42:57 +0800] "GET /2124.html?replyt&uwvwji=2epho3&qqbuzc=mgzvl3&nslkti=nuhbo3&xudwbo=7vd0n3&uwletg=g9byn3&pihwxg=hokdo3&rytmly=ppkvn3&swpelg=oeu4l&mktyls=4ccbn3&pibade=vv5un3&ycnyjm=qiell3&gofuzi=i805o3&topypw=jvmxn3&sgnkjy=uhzbl3&eyjivo=oel4o3&zknejw=nysml3&hwfuvq=jy67n3&telsvq=ltxiv HTTP/1.0" 200 14497 "-" "Mozilla/5.0 (Linux; Android 6.0.1; Nexus 5X Build/MMB29P) AppleWebKit/537.36 (KHTML, like Gecko) Chrome/41.0.2272.96 Mobile Safari/537.36 (compatible; Googlebot/2.1; +http://www.google.com/bot.html)"
66.249.79.29 - - [06/Dec/2019:04:43:01 +0800] "POST /wp-json/wordpress-popular-posts/v1/popular-posts HTTP/1.0" 201 55 "http://www.crazyant.net/2124.html?replyt&uwvwji=2epho3&qqbuzc=mgzvl3&nslkti=nuhbo3&xudwbo=7vd0n3&uwletg=g9byn3&pihwxg=hokdo3&rytmly=ppkvn3&swpelg=oeu4l&mktyls=4ccbn3&pibade=vv5un3&ycnyjm=qiell3&gofuzi=i805o3&topypw=jvmxn3&sgnkjy=uhzbl3&eyjivo=oel4o3&zknejw=nysml3&hwfuvq=jy67n3&telsvq=ltxiv" "Mozilla/5.0 (Linux; Android 6.0.1; Nexus 5X Build/MMB29P) AppleWebKit/537.36 (KHTML, like Gecko) Chrome/41.0.2272.96 Mobile Safari/537.36 (compatible; Googlebot/2.1; +http://www.google.com/bot.html)"
42.120.161.4 - - [06/Dec/2019:04:43:24 +0800] "GET /2594.html HTTP/1.0" 200 13458 "-" "Mozilla/5.0 (Windows NT 6.1; Win64; x64) AppleWebKit/537.36 (KHTML, like Gecko) Chrome/69.0.3497.81 YisouSpider/5.0 Safari/537.36"
174.138.49.150 - - [06/Dec/2019:04:44:05 +0800] "GET /feed HTTP/1.0" 200 4779 "-" "Mozilla/5.0 (Macintosh; Intel Mac OS X 10_13_6; +feeder.co) AppleWebKit/537.36 (KHTML, like Gecko) Chrome/67.0.3396.99 Safari/537.36"
47.96.97.24 - - [06/Dec/2019:04:44:09 +0800] "GET /790.html HTTP/1.0" 200 10642 "-" "Bot/Nutch-1.16"
66.249.79.29 - - [06/Dec/2019:04:45:08 +0800] "GET /790.html?jdfwkey=jvvxk&vunaba=ntou01&uwfwrw=onbdl3&bavung=xuu1o3&iudahq=ajp311&lcjgvm=hvqqn3&fgpkpa=xnoqo3&kurkfq=2nfql3 HTTP/1.0" 200 10740 "-" "Mozilla/5.0 (Linux; Android 6.0.1; Nexus 5X Build/MMB29P) AppleWebKit/537.36 (KHTML, like Gecko) Chrome/41.0.2272.96 Mobile Safari/537.36 (compatible; Googlebot/2.1; +http://www.google.com/bot.html)"
157.55.39.54 - - [06/Dec/2019:04:45:09 +0800] "GET /category/tensorflow HTTP/1.0" 200 9002 "-" "Mozilla/5.0 (compatible; bingbot/2.0; +http://www.bing.com/bingbot.htm)"
66.249.79.27 - - [06/Dec/2019:04:45:10 +0800] "POST /wp-json/wordpress-popular-posts/v1/popular-posts HTTP/1.0" 201 55 "http://www.crazyant.net/790.html?jdfwkey=jvvxk&vunaba=ntou01&uwfwrw=onbdl3&bavung=xuu1o3&iudahq=ajp311&lcjgvm=hvqqn3&fgpkpa=xnoqo3&kurkfq=2nfql3" "Mozilla/5.0 (Linux; Android 6.0.1; Nexus 5X Build/MMB29P) AppleWebKit/537.36 (KHTML, like Gecko) Chrome/41.0.2272.96 Mobile Safari/537.36 (compatible; Googlebot/2.1; +http://www.google.com/bot.html)"
106.11.153.226 - - [06/Dec/2019:04:45:13 +0800] "GET /?s=%E3%80%90%E2%94%8B%E8%81%94%E7%B3%BB46416%E2%92%8F5(%E6%89%A3)%E3%80%93%E3%80%91%E6%9D%8F%E5%BD%A9%E5%A6%82%E4%BD%95%E5%BC%80%E6%88%B7 HTTP/1.0" 200 8360 "-" "YisouSpider"
47.96.97.24 - - [06/Dec/2019:04:45:24 +0800] "GET /category/wordpress HTTP/1.0" 200 8642 "-" "Bot/Nutch-1.16"
54.36.149.36 - - [06/Dec/2019:04:45:44 +0800] "GET /page/9 HTTP/1.0" 200 11049 "-" "Mozilla/5.0 (compatible; AhrefsBot/6.1; +http://ahrefs.com/robot/)"
66.249.79.27 - - [06/Dec/2019:04:45:48 +0800] "GET /1193.html HTTP/1.0" 200 13766 "-" "Mozilla/5.0 (Linux; Android 6.0.1; Nexus 5X Build/MMB29P) AppleWebKit/537.36 (KHTML, like Gecko) Chrome/41.0.2272.96 Mobile Safari/537.36 (compatible; Googlebot/2.1; +http://www.google.com/bot.html)"
66.249.79.27 - - [06/Dec/2019:04:45:50 +0800] "POST /wp-json/wordpress-popular-posts/v1/popular-posts HTTP/1.0" 201 55 "http://www.crazyant.net/1193.html" "Mozilla/5.0 (Linux; Android 6.0.1; Nexus 5X Build/MMB29P) AppleWebKit/537.36 (KHTML, like Gecko) Chrome/41.0.2272.96 Mobile Safari/537.36 (compatible; Googlebot/2.1; +http://www.google.com/bot.html)"
54.36.149.88 - - [06/Dec/2019:04:46:43 +0800] "GET /2615.html HTTP/1.0" 200 10005 "-" "Mozilla/5.0 (compatible; AhrefsBot/6.1; +http://ahrefs.com/robot/)"
123.125.71.14 - - [06/Dec/2019:04:47:08 +0800] "GET /1587.html HTTP/1.1" 444 0 "-" "Mozilla/5.0 (compatible; Baiduspider/2.0; +http://www.baidu.com/search/spider.html)"
222.129.54.23 - - [06/Dec/2019:04:47:13 +0800] "GET /feed HTTP/1.0" 200 4779 "-" "ReadKit/2.4.3 (Mac OS X Version 10.15.1 (Build 19B88))"
47.96.97.24 - - [06/Dec/2019:04:48:37 +0800] "GET /tag/ubuntu/feed HTTP/1.0" 200 1820 "-" "Bot/Nutch-1.16"
47.96.97.24 - - [06/Dec/2019:04:48:54 +0800] "GET /?p=2615 HTTP/1.0" 301 - "-" "Bot/Nutch-1.16"
47.96.97.24 - - [06/Dec/2019:04:49:21 +0800] "GET /tag/website/feed HTTP/1.0" 200 1346 "-" "Bot/Nutch-1.16"
66.249.79.29 - - [06/Dec/2019:04:49:30 +0800] "GET /1777.html?kuxmdy=aiz9n3&qqbuzc=mgzvl3&zkfazk=ptulo3&rytmly=ppkvn3&hwlwtu=rt0so3&vercns=1tdio3&nitcne=l0gdl HTTP/1.0" 200 11817 "-" "Mozilla/5.0 (Linux; Android 6.0.1; Nexus 5X Build/MMB29P) AppleWebKit/537.36 (KHTML, like Gecko) Chrome/41.0.2272.96 Mobile Safari/537.36 (compatible; Googlebot/2.1; +http://www.google.com/bot.html)"
66.249.79.27 - - [06/Dec/2019:04:49:33 +0800] "POST /wp-json/wordpress-popular-posts/v1/popular-posts HTTP/1.0" 201 55 "http://www.crazyant.net/1777.html?kuxmdy=aiz9n3&qqbuzc=mgzvl3&zkfazk=ptulo3&rytmly=ppkvn3&hwlwtu=rt0so3&vercns=1tdio3&nitcne=l0gdl" "Mozilla/5.0 (Linux; Android 6.0.1; Nexus 5X Build/MMB29P) AppleWebKit/537.36 (KHTML, like Gecko) Chrome/41.0.2272.96 Mobile Safari/537.36 (compatible; Googlebot/2.1; +http://www.google.com/bot.html)"
66.249.79.29 - - [06/Dec/2019:04:51:20 +0800] "GET /2324.html HTTP/1.0" 200 12001 "-" "Mozilla/5.0 (compatible; Googlebot/2.1; +http://www.google.com/bot.html)"
66.249.79.29 - - [06/Dec/2019:04:51:24 +0800] "POST /wp-json/wordpress-popular-posts/v1/popular-posts HTTP/1.0" 201 55 "http://www.crazyant.net/2324.html" "Mozilla/5.0 AppleWebKit/537.36 (KHTML, like Gecko; compatible; Googlebot/2.1; +http://www.google.com/bot.html) Safari/537.36"
61.160.207.40 - - [06/Dec/2019:04:51:26 +0800] "HEAD /bak.zip HTTP/1.0" 404 - "-" "-"
61.160.207.40 - - [06/Dec/2019:04:51:27 +0800] "HEAD /bak.rar HTTP/1.0" 404 - "-" "-"
61.160.207.40 - - [06/Dec/2019:04:51:27 +0800] "HEAD /bak.tar.gz HTTP/1.0" 404 - "-" "-"
61.160.207.40 - - [06/Dec/2019:04:51:28 +0800] "HEAD /beifen.rar HTTP/1.0" 404 - "-" "-"
61.160.207.40 - - [06/Dec/2019:04:51:28 +0800] "HEAD /beifen.zip HTTP/1.0" 404 - "-" "-"
61.160.207.40 - - [06/Dec/2019:04:51:29 +0800] "HEAD /beifen.tar.gz HTTP/1.0" 404 - "-" "-"
66.249.79.27 - - [06/Dec/2019:04:51:41 +0800] "GET /1112.html?oazmxg=4iiyl3&qqryfe=0nkal3&cilslg=qn7kl3&oafiri=smwtl3&xursfy=t2qkl3&pybwxs=vjyvy&bqfytq=nli1x&eynwjc=6m04m3&zkdsxa=lwv0m3&nslkti=nuhbo3&qqxgho=s9wun3 HTTP/1.0" 200 15386 "-" "Mozilla/5.0 (Linux; Android 6.0.1; Nexus 5X Build/MMB29P) AppleWebKit/537.36 (KHTML, like Gecko) Chrome/41.0.2272.96 Mobile Safari/537.36 (compatible; Googlebot/2.1; +http://www.google.com/bot.html)"
220.181.108.112 - - [06/Dec/2019:04:53:18 +0800] "GET /%E7%95%99%E8%A8%80%E5%B0%8F%E6%9C%AC?replytocom=10581 HTTP/1.1" 444 0 "-" "Mozilla/5.0 (compatible; Baiduspider/2.0; +http://www.baidu.com/search/spider.html)"
66.249.79.27 - - [06/Dec/2019:04:53:52 +0800] "GET /1703.html?replyt&cyjwva=0oj1t&ropwha=r9ovq&mkpepy=qetao3&aspghi=whvil3&bafqru=h25ol3&veluli=xwezl3&xursfy=t2qkl3&pyxkdc=xfltq&dqhupq=n1ykl3&todytg=33zhl3&iuxqde=2pg7r HTTP/1.0" 200 13039 "-" "Mozilla/5.0 (Linux; Android 6.0.1; Nexus 5X Build/MMB29P) AppleWebKit/537.36 (KHTML, like Gecko) Chrome/41.0.2272.96 Mobile Safari/537.36 (compatible; Googlebot/2.1; +http://www.google.com/bot.html)"
66.249.79.27 - - [06/Dec/2019:04:53:53 +0800] "POST /wp-json/wordpress-popular-posts/v1/popular-posts HTTP/1.0" 201 55 "http://www.crazyant.net/1703.html?replyt&cyjwva=0oj1t&ropwha=r9ovq&mkpepy=qetao3&aspghi=whvil3&bafqru=h25ol3&veluli=xwezl3&xursfy=t2qkl3&pyxkdc=xfltq&dqhupq=n1ykl3&todytg=33zhl3&iuxqde=2pg7r" "Mozilla/5.0 (Linux; Android 6.0.1; Nexus 5X Build/MMB29P) AppleWebKit/537.36 (KHTML, like Gecko) Chrome/41.0.2272.96 Mobile Safari/537.36 (compatible; Googlebot/2.1; +http://www.google.com/bot.html)"
61.160.207.40 - - [06/Dec/2019:04:54:45 +0800] "HEAD /bak.zip HTTP/1.0" 301 - "-" "-"
61.160.207.40 - - [06/Dec/2019:04:54:48 +0800] "HEAD /bak.zip HTTP/1.0" 404 - "-" "-"
61.160.207.40 - - [06/Dec/2019:04:54:49 +0800] "HEAD /bak.rar HTTP/1.0" 301 - "-" "-"
61.160.207.40 - - [06/Dec/2019:04:54:49 +0800] "HEAD /bak.rar HTTP/1.0" 404 - "-" "-"
61.160.207.40 - - [06/Dec/2019:04:54:50 +0800] "HEAD /bak.tar.gz HTTP/1.0" 301 - "-" "-"
61.160.207.40 - - [06/Dec/2019:04:54:51 +0800] "HEAD /bak.tar.gz HTTP/1.0" 404 - "-" "-"
61.160.207.40 - - [06/Dec/2019:04:54:52 +0800] "HEAD /beifen.rar HTTP/1.0" 301 - "-" "-"
61.160.207.40 - - [06/Dec/2019:04:54:52 +0800] "HEAD /beifen.rar HTTP/1.0" 404 - "-" "-"
61.160.207.40 - - [06/Dec/2019:04:54:53 +0800] "HEAD /beifen.zip HTTP/1.0" 301 - "-" "-"
61.160.207.40 - - [06/Dec/2019:04:54:53 +0800] "HEAD /beifen.zip HTTP/1.0" 404 - "-" "-"
61.160.207.40 - - [06/Dec/2019:04:54:54 +0800] "HEAD /beifen.tar.gz HTTP/1.0" 301 - "-" "-"
61.160.207.40 - - [06/Dec/2019:04:54:54 +0800] "HEAD /beifen.tar.gz HTTP/1.0" 404 - "-" "-"
66.249.79.27 - - [06/Dec/2019:04:56:03 +0800] "GET /1625.html?jchozw=3e18n2&kunary=kf0qn3&dqrqfs=9wa4m3&eoxefo=yxg4m2&vevkxe=zybjl3&iuvohc=ca4tl2 HTTP/1.0" 200 21298 "-" "Mozilla/5.0 (Linux; Android 6.0.1; Nexus 5X Build/MMB29P) AppleWebKit/537.36 (KHTML, like Gecko) Chrome/41.0.2272.96 Mobile Safari/537.36 (compatible; Googlebot/2.1; +http://www.google.com/bot.html)"
66.249.79.25 - - [06/Dec/2019:04:56:07 +0800] "POST /wp-json/wordpress-popular-posts/v1/popular-posts HTTP/1.0" 201 55 "http://www.crazyant.net/1625.html?jchozw=3e18n2&kunary=kf0qn3&dqrqfs=9wa4m3&eoxefo=yxg4m2&vevkxe=zybjl3&iuvohc=ca4tl2" "Mozilla/5.0 (Linux; Android 6.0.1; Nexus 5X Build/MMB29P) AppleWebKit/537.36 (KHTML, like Gecko) Chrome/41.0.2272.96 Mobile Safari/537.36 (compatible; Googlebot/2.1; +http://www.google.com/bot.html)"
66.249.79.25 - - [06/Dec/2019:04:56:53 +0800] "GET /1456.html HTTP/1.0" 200 11163 "-" "Mozilla/5.0 (compatible; Googlebot/2.1; +http://www.google.com/bot.html)"
47.96.97.24 - - [06/Dec/2019:04:56:57 +0800] "GET /tag/word/feed HTTP/1.0" 200 1109 "-" "Bot/Nutch-1.16"
66.249.79.29 - - [06/Dec/2019:04:57:39 +0800] "POST /wp-json/wordpress-popular-posts/v1/popular-posts HTTP/1.0" 201 55 "http://www.crazyant.net/1456.html" "Mozilla/5.0 AppleWebKit/537.36 (KHTML, like Gecko; compatible; Googlebot/2.1; +http://www.google.com/bot.html) Safari/537.36"
54.36.149.96 - - [06/Dec/2019:04:57:53 +0800] "GET /2598.html HTTP/1.0" 200 12939 "-" "Mozilla/5.0 (compatible; AhrefsBot/6.1; +http://ahrefs.com/robot/)"
66.249.79.25 - - [06/Dec/2019:04:58:14 +0800] "GET /search/%E5%8D%8E%E5%AE%87%E5%A8%B1%E4%B9%90%E4%B8%BB%E7%AE%A1p%E3%80%90%E2%94%83%E5%A5%BD%E8%AE%A1%E5%88%922%E2%92%8F7%E2%92%8F01705%7B%EF%BC%B1%E3%80%91%E3%80%91/feed/rss2/ HTTP/1.0" 200 683 "-" "Mozilla/5.0 (Linux; Android 6.0.1; Nexus 5X Build/MMB29P) AppleWebKit/537.36 (KHTML, like Gecko) Chrome/41.0.2272.96 Mobile Safari/537.36 (compatible; Googlebot/2.1; +http://www.google.com/bot.html)"
92.38.129.153 - - [06/Dec/2019:04:58:57 +0800] "GET /feed/ HTTP/1.0" 301 - "-" "Tiny Tiny RSS/19.02 (http://tt-rss.org/)"
92.38.129.153 - - [06/Dec/2019:04:58:58 +0800] "GET /feed HTTP/1.0" 200 4779 "-" "Tiny Tiny RSS/19.02 (http://tt-rss.org/)"
106.11.157.254 - - [06/Dec/2019:04:59:24 +0800] "GET /page/23?joxqfo=rrhsa3&kanwvo=2i9tx3&poturk=bkjuq3&wsxsfq=2gagn3 HTTP/1.0" 200 10877 "-" "YisouSpider"
123.125.71.85 - - [06/Dec/2019:04:59:27 +0800] "GET /629.html HTTP/1.1" 444 0 "-" "Mozilla/5.0 (compatible; Baiduspider/2.0; +http://www.baidu.com/search/spider.html)"
47.96.97.24 - - [06/Dec/2019:04:59:38 +0800] "GET /category/python-data-analysis/feed HTTP/1.0" 200 536 "-" "Bot/Nutch-1.16"
54.36.148.104 - - [06/Dec/2019:04:59:42 +0800] "GET /wp-content/uploads/2012/08/2012-8-18-225813.jpg HTTP/1.0" 200 16063 "-" "Mozilla/5.0 (compatible; AhrefsBot/6.1; +http://ahrefs.com/robot/)"
61.152.150.141 - - [06/Dec/2019:04:59:43 +0800] "GET /favicon.ico HTTP/1.0" 200 - "-" "Mozilla/5.0 (Windows NT 10.0; WOW64) AppleWebKit/537.36 (KHTML, like Gecko) Chrome/63.0.3239.132 Safari/537.36"
47.96.97.24 - - [06/Dec/2019:04:59:44 +0800] "GET /1946.html HTTP/1.0" 200 11068 "-" "Bot/Nutch-1.16"
54.36.148.141 - - [06/Dec/2019:05:00:11 +0800] "GET /page/16 HTTP/1.0" 200 11375 "-" "Mozilla/5.0 (compatible; AhrefsBot/6.1; +http://ahrefs.com/robot/)"
47.96.97.24 - - [06/Dec/2019:05:00:21 +0800] "GET /wp-json/oembed/1.0/embed?url=http%3A%2F%2Fwww.crazyant.net%2F%25e5%25b8%25b8%25e7%2594%25a8%25e8%25b5%2584%25e6%25ba%2590 HTTP/1.0" 200 1155 "-" "Bot/Nutch-1.16"
66.249.79.27 - - [06/Dec/2019:05:00:25 +0800] "GET /search/%E6%96%B0%E6%97%B6%E6%97%B6%E5%BD%A9%E6%80%8E%E4%B9%88%E9%80%89%E5%8F%B7%E3%80%90%E2%94%8B%E5%A5%BD%E8%AE%A1%E5%88%92217%E2%92%8B31%7B%E6%89%A3%E3%80%93%E3%80%91/feed/rss2/ HTTP/1.0" 200 693 "-" "Mozilla/5.0 (Linux; Android 6.0.1; Nexus 5X Build/MMB29P) AppleWebKit/537.36 (KHTML, like Gecko) Chrome/41.0.2272.96 Mobile Safari/537.36 (compatible; Googlebot/2.1; +http://www.google.com/bot.html)"
92.247.181.12 - - [06/Dec/2019:05:00:54 +0800] "GET /feed/ HTTP/1.0" 301 - "http://www.crazyant.net/" "Mozilla/5.0 (compatible; inoreader.com; 24 subscribers)"
92.247.181.12 - - [06/Dec/2019:05:00:54 +0800] "GET /feed HTTP/1.0" 200 4779 "http://www.crazyant.net/" "Mozilla/5.0 (compatible; inoreader.com; 24 subscribers)"
222.129.54.23 - - [06/Dec/2019:05:01:08 +0800] "GET /feed HTTP/1.0" 200 4779 "-" "ReadKit/2.4.3 (Mac OS X Version 10.15.1 (Build 19B88))"
157.55.39.54 - - [06/Dec/2019:05:02:05 +0800] "GET /tag/email/feed HTTP/1.0" 200 959 "-" "msnbot/2.0b (+http://search.msn.com/msnbot.htm)"
137.74.38.160 - - [06/Dec/2019:05:02:25 +0800] "GET /feed/ HTTP/1.0" 301 - "-" "Tiny Tiny RSS/19.8 (f609065) (http://tt-rss.org/)"
137.74.38.160 - - [06/Dec/2019:05:02:26 +0800] "GET /feed HTTP/1.0" 200 4779 "-" "Tiny Tiny RSS/19.8 (f609065) (http://tt-rss.org/)"
66.249.79.29 - - [06/Dec/2019:05:02:36 +0800] "GET /478.html?jdfwkey=sc2yv&qqxgho=s9wun3&wcxwbs=8r7gz&wcdidg=coia1&pivsbq=1ywzl3&kutsla=w8f9o3&wctmne=qjuf1&bavung=xuu1o3 HTTP/1.0" 200 11258 "-" "Mozilla/5.0 (Linux; Android 6.0.1; Nexus 5X Build/MMB29P) AppleWebKit/537.36 (KHTML, like Gecko) Chrome/41.0.2272.96 Mobile Safari/537.36 (compatible; Googlebot/2.1; +http://www.google.com/bot.html)"
47.96.97.24 - - [06/Dec/2019:05:02:38 +0800] "GET /2591.html HTTP/1.0" 200 11837 "-" "Bot/Nutch-1.16"
66.249.79.25 - - [06/Dec/2019:05:02:42 +0800] "POST /wp-json/wordpress-popular-posts/v1/popular-posts HTTP/1.0" 201 55 "http://www.crazyant.net/478.html?jdfwkey=sc2yv&qqxgho=s9wun3&wcxwbs=8r7gz&wcdidg=coia1&pivsbq=1ywzl3&kutsla=w8f9o3&wctmne=qjuf1&bavung=xuu1o3" "Mozilla/5.0 (Linux; Android 6.0.1; Nexus 5X Build/MMB29P) AppleWebKit/537.36 (KHTML, like Gecko) Chrome/41.0.2272.96 Mobile Safari/537.36 (compatible; Googlebot/2.1; +http://www.google.com/bot.html)"
47.96.97.24 - - [06/Dec/2019:05:04:00 +0800] "GET /2124.html HTTP/1.0" 200 14278 "-" "Bot/Nutch-1.16"
142.112.104.241 - - [06/Dec/2019:05:04:04 +0800] "GET / HTTP/1.0" 301 - "-" "Mozilla/5.0 (X11; Ubuntu; Linux x86_64; rv:70.0) Gecko/20100101 Firefox/70.0"
47.96.97.24 - - [06/Dec/2019:05:04:31 +0800] "GET /478.html HTTP/1.0" 200 11162 "-" "Bot/Nutch-1.16"
54.36.150.72 - - [06/Dec/2019:05:04:34 +0800] "GET /tag/%E8%AE%BE%E8%AE%A1 HTTP/1.0" 200 9096 "-" "Mozilla/5.0 (compatible; AhrefsBot/6.1; +http://ahrefs.com/robot/)"
106.11.159.254 - - [06/Dec/2019:05:05:03 +0800] "GET /600.html HTTP/1.0" 200 16165 "-" "YisouSpider"
47.96.97.24 - - [06/Dec/2019:05:05:31 +0800] "GET /category/php-development HTTP/1.0" 200 11129 "-" "Bot/Nutch-1.16"
40.77.167.66 - - [06/Dec/2019:05:05:31 +0800] "GET /1600.html HTTP/1.0" 200 11254 "-" "Mozilla/5.0 (compatible; bingbot/2.0; +http://www.bing.com/bingbot.htm)"
220.181.108.112 - - [06/Dec/2019:05:05:36 +0800] "GET /1789.html HTTP/1.1" 444 0 "-" "Mozilla/5.0 (compatible; Baiduspider/2.0; +http://www.baidu.com/search/spider.html)"
42.156.254.20 - - [06/Dec/2019:05:05:46 +0800] "POST /wp-json/wordpress-popular-posts/v1/popular-posts HTTP/1.0" 201 55 "http://www.crazyant.net/1129.html?replytocom=10595&wptouch_switch=desktop" "Mozilla/5.0 (Windows NT 6.1; Win64; x64) AppleWebKit/537.36 (KHTML, like Gecko) Chrome/69.0.3497.81 YisouSpider/5.0 Safari/537.36"
47.96.97.24 - - [06/Dec/2019:05:06:05 +0800] "GET /tag/vim/feed HTTP/1.0" 200 783 "-" "Bot/Nutch-1.16"
46.229.168.153 - - [06/Dec/2019:05:06:06 +0800] "GET /robots.txt HTTP/1.0" 200 66 "-" "Mozilla/5.0 (compatible; SemrushBot/6~bl; +http://www.semrush.com/bot.html)"
46.229.168.143 - - [06/Dec/2019:05:06:07 +0800] "GET /?s=%E4%BA%9A%E5%8D%9A%E4%BC%9A%E5%91%981%E5%A8%B1%E4%B9%90%E7%99%BB%E5%BD%95%E5%B9%B3%E5%8F%B0%E3%80%90%E2%94%8B%E7%A8%B3%E5%AE%9A2%E2%92%8F7%E2%92%8F01705%E2%94%8B%E6%89%A3%E3%80%93%E3%80%91 HTTP/1.0" 200 8388 "-" "Mozilla/5.0 (compatible; SemrushBot/6~bl; +http://www.semrush.com/bot.html)"
146.66.92.61 - - [06/Dec/2019:05:07:05 +0800] "POST /wp-cron.php?doing_wp_cron=1575580025.2447459697723388671875 HTTP/1.0" 200 - "http://www.crazyant.net/wp-cron.php?doing_wp_cron=1575580025.2447459697723388671875" "WordPress/5.3; http://www.crazyant.net"
47.96.97.24 - - [06/Dec/2019:05:07:05 +0800] "GET /tag/mac/feed HTTP/1.0" 200 1091 "-" "Bot/Nutch-1.16"
66.249.79.27 - - [06/Dec/2019:05:09:09 +0800] "GET /1345.html?cynots=kicf1&jmrefg=5xrpl3&babmdi=jn7no3&kuxmdy=aiz9n3&ycxuzo=cnsgl3&oabudq=yfhtn3&jcxujm=fbel0&bqhqzg=bzzj1&vubuxi=bbjfz&vuxgju=t3ge1&aspghi=whvil3&wctmne=qjuf1&mktyls=4ccbn3&lcnqja=10url3&mkzwja=c76wo3&sgnkjy=uhzbl3&dgtgnc=jaz10&xudwbo=7vd0n3 HTTP/1.0" 200 11494 "-" "Mozilla/5.0 (Linux; Android 6.0.1; Nexus 5X Build/MMB29P) AppleWebKit/537.36 (KHTML, like Gecko) Chrome/41.0.2272.96 Mobile Safari/537.36 (compatible; Googlebot/2.1; +http://www.google.com/bot.html)"
66.249.79.29 - - [06/Dec/2019:05:09:12 +0800] "POST /wp-json/wordpress-popular-posts/v1/popular-posts HTTP/1.0" 201 55 "http://www.crazyant.net/1345.html?cynots=kicf1&jmrefg=5xrpl3&babmdi=jn7no3&kuxmdy=aiz9n3&ycxuzo=cnsgl3&oabudq=yfhtn3&jcxujm=fbel0&bqhqzg=bzzj1&vubuxi=bbjfz&vuxgju=t3ge1&aspghi=whvil3&wctmne=qjuf1&mktyls=4ccbn3&lcnqja=10url3&mkzwja=c76wo3&sgnkjy=uhzbl3&dgtgnc=jaz10&xudwbo=7vd0n3" "Mozilla/5.0 (Linux; Android 6.0.1; Nexus 5X Build/MMB29P) AppleWebKit/537.36 (KHTML, like Gecko) Chrome/41.0.2272.96 Mobile Safari/537.36 (compatible; Googlebot/2.1; +http://www.google.com/bot.html)"
42.236.10.83 - - [06/Dec/2019:05:09:21 +0800] "GET / HTTP/1.0" 200 10415 "http://www.crazyant.net/" "Mozilla/5.0 (Windows NT 6.1; WOW64) AppleWebKit/537.36 (KHTML, like Gecko) Chrome/50.0.2661.102 Safari/537.36; 360Spider"
66.249.79.29 - - [06/Dec/2019:05:10:07 +0800] "POST /wp-json/wordpress-popular-posts/v1/popular-posts HTTP/1.0" 201 55 "http://www.crazyant.net/1946.html?jdf&oqhedy=mhpp1&oabudq=yfhtn3&ycnyjm=qiell3&kkjoxe=apvq1&gopqtk=udcro3&dghmvs=parlz&eydqbm=0a7ln3&totihk=d00yl3&lczqfm=fthvo3" "Mozilla/5.0 (Linux; Android 6.0.1; Nexus 5X Build/MMB29P) AppleWebKit/537.36 (KHTML, like Gecko) Chrome/41.0.2272.96 Mobile Safari/537.36 (compatible; Googlebot/2.1; +http://www.google.com/bot.html)"
123.125.71.29 - - [06/Dec/2019:05:11:45 +0800] "GET /?p=161 HTTP/1.1" 444 0 "-" "Mozilla/5.0 (compatible; Baiduspider/2.0; +http://www.baidu.com/search/spider.html)"
141.8.132.24 - - [06/Dec/2019:05:12:10 +0800] "GET /robots.txt HTTP/1.0" 200 66 "-" "Mozilla/5.0 (compatible; YandexBot/3.0; +http://yandex.com/bots)"
141.8.132.24 - - [06/Dec/2019:05:12:13 +0800] "GET /2574.html HTTP/1.0" 200 11843 "-" "Mozilla/5.0 (compatible; YandexBot/3.0; +http://yandex.com/bots)"
47.96.97.24 - - [06/Dec/2019:05:12:37 +0800] "GET /%E4%B8%AA%E4%BA%BA%E7%AE%B4%E8%A8%80/feed HTTP/1.0" 200 498 "-" "Bot/Nutch-1.16"
54.36.148.110 - - [06/Dec/2019:05:12:45 +0800] "GET /tag/mathtype HTTP/1.0" 200 8659 "-" "Mozilla/5.0 (compatible; AhrefsBot/6.1; +http://ahrefs.com/robot/)"
106.11.152.246 - - [06/Dec/2019:05:12:54 +0800] "GET /tag/%E9%98%85%E8%AF%BB HTTP/1.0" 200 8672 "-" "YisouSpider"
47.96.97.24 - - [06/Dec/2019:05:12:59 +0800] "GET /category/operating-syatem HTTP/1.0" 200 10989 "-" "Bot/Nutch-1.16"
47.96.97.24 - - [06/Dec/2019:05:13:04 +0800] "GET /tag/spark/feed HTTP/1.0" 200 1422 "-" "Bot/Nutch-1.16"
47.96.97.24 - - [06/Dec/2019:05:13:05 +0800] "GET /category/website HTTP/1.0" 200 10068 "-" "Bot/Nutch-1.16"
54.36.148.48 - - [06/Dec/2019:05:13:23 +0800] "GET /2012/08/13/%E4%BD%BF%E7%94%A8google%E6%90%AD%E5%BB%BA%E8%87%AA%E5%B7%B1%E7%9A%84svn%E6%88%96git%E6%88%96mercurial%E4%BB%A3%E7%A0%81%E6%9C%8D%E5%8A%A1%E5%99%A8%E4%B9%8B%E5%AE%8C%E7%BE%8E%E6%95%99%E7%A8%8B/ HTTP/1.0" 301 - "-" "Mozilla/5.0 (compatible; AhrefsBot/6.1; +http://ahrefs.com/robot/)"
47.96.97.24 - - [06/Dec/2019:05:13:34 +0800] "GET /1858.html HTTP/1.0" 200 11373 "-" "Bot/Nutch-1.16"
47.96.97.24 - - [06/Dec/2019:05:14:27 +0800] "GET /category/tensorflow HTTP/1.0" 200 9004 "-" "Bot/Nutch-1.16"
40.77.190.116 - - [06/Dec/2019:05:14:29 +0800] "GET /wp-includes/js/comment-reply.min.js HTTP/1.0" 200 2385 "-" "Mozilla/5.0 (Windows NT 6.1; WOW64) AppleWebKit/534+ (KHTML, like Gecko) BingPreview/1.0b"
222.129.54.23 - - [06/Dec/2019:05:15:08 +0800] "GET /feed HTTP/1.0" 200 4779 "-" "ReadKit/2.4.3 (Mac OS X Version 10.15.1 (Build 19B88))"
47.93.50.126 - - [06/Dec/2019:05:15:12 +0800] "GET /feed/ HTTP/1.0" 301 - "-" "Mozilla/5.0 (Ubuntu; X11; Linux x86_64; rv:8.0) Gecko/20100101 Firefox/8.0"
92.38.129.153 - - [06/Dec/2019:05:15:12 +0800] "GET /feed/ HTTP/1.0" 301 - "-" "Tiny Tiny RSS/19.02 (http://tt-rss.org/)"
92.38.129.153 - - [06/Dec/2019:05:15:13 +0800] "GET /feed HTTP/1.0" 200 4779 "-" "Tiny Tiny RSS/19.02 (http://tt-rss.org/)"
47.93.50.126 - - [06/Dec/2019:05:15:13 +0800] "GET /feed HTTP/1.0" 200 28674 "-" "Mozilla/5.0 (Ubuntu; X11; Linux x86_64; rv:8.0) Gecko/20100101 Firefox/8.0"
47.96.97.24 - - [06/Dec/2019:05:15:23 +0800] "GET /1036.html HTTP/1.0" 200 10880 "-" "Bot/Nutch-1.16"
47.96.97.24 - - [06/Dec/2019:05:15:59 +0800] "GET /category/pandas HTTP/1.0" 200 8924 "-" "Bot/Nutch-1.16"
47.96.97.24 - - [06/Dec/2019:05:16:47 +0800] "GET /tag/jvm/feed HTTP/1.0" 200 1251 "-" "Bot/Nutch-1.16"
47.96.97.24 - - [06/Dec/2019:05:17:05 +0800] "GET /2447.html HTTP/1.0" 200 12044 "-" "Bot/Nutch-1.16"
54.146.43.69 - - [06/Dec/2019:05:17:29 +0800] "GET /robots.txt HTTP/1.0" 200 66 "-" "ia_archiver"
54.146.43.69 - - [06/Dec/2019:05:17:30 +0800] "GET /1309.html HTTP/1.0" 200 46570 "-" "ia_archiver"
123.125.71.18 - - [06/Dec/2019:05:17:54 +0800] "GET /251.html HTTP/1.1" 444 0 "-" "Mozilla/5.0 (compatible; Baiduspider/2.0; +http://www.baidu.com/search/spider.html)"
47.96.97.24 - - [06/Dec/2019:05:19:00 +0800] "GET /2145.html HTTP/1.0" 200 11865 "-" "Bot/Nutch-1.16"
66.249.79.27 - - [06/Dec/2019:05:19:02 +0800] "GET /796.html HTTP/1.0" 200 20099 "-" "Mozilla/5.0 (Linux; Android 6.0.1; Nexus 5X Build/MMB29P) AppleWebKit/537.36 (KHTML, like Gecko) Chrome/41.0.2272.96 Mobile Safari/537.36 (compatible; Googlebot/2.1; +http://www.google.com/bot.html)"
47.96.97.24 - - [06/Dec/2019:05:19:38 +0800] "GET /2604.html/feed HTTP/1.0" 200 507 "-" "Bot/Nutch-1.16"
54.36.149.105 - - [06/Dec/2019:05:20:35 +0800] "GET /category/shell HTTP/1.0" 200 9285 "-" "Mozilla/5.0 (compatible; AhrefsBot/6.1; +http://ahrefs.com/robot/)"
106.11.158.235 - - [06/Dec/2019:05:20:57 +0800] "GET /639.html?wptouch_switch=desktop HTTP/1.0" 200 11534 "-" "YisouSpider"
47.96.97.24 - - [06/Dec/2019:05:21:04 +0800] "GET /1005.html HTTP/1.0" 200 13412 "-" "Bot/Nutch-1.16"
54.36.148.177 - - [06/Dec/2019:05:21:20 +0800] "GET /category/spark/feed HTTP/1.0" 200 1450 "-" "Mozilla/5.0 (compatible; AhrefsBot/6.1; +http://ahrefs.com/robot/)"
47.96.97.24 - - [06/Dec/2019:05:22:26 +0800] "GET /wp-json/oembed/1.0/embed?url=http%3A%2F%2Fwww.crazyant.net%2F%25e7%2595%2599%25e8%25a8%2580%25e5%25b0%258f%25e6%259c%25ac HTTP/1.0" 200 1159 "-" "Bot/Nutch-1.16"
47.96.97.24 - - [06/Dec/2019:05:23:50 +0800] "GET /2525.html HTTP/1.0" 200 12649 "-" "Bot/Nutch-1.16"
54.36.148.217 - - [06/Dec/2019:05:23:59 +0800] "GET /tag/eclipse/feed HTTP/1.0" 200 886 "-" "Mozilla/5.0 (compatible; AhrefsBot/6.1; +http://ahrefs.com/robot/)"
220.181.108.158 - - [06/Dec/2019:05:24:04 +0800] "GET /1470.html HTTP/1.1" 444 0 "-" "Mozilla/5.0 (compatible; Baiduspider/2.0; +http://www.baidu.com/search/spider.html)"
66.249.79.25 - - [06/Dec/2019:05:24:34 +0800] "GET /414.html HTTP/1.0" 200 12764 "-" "Mozilla/5.0 (compatible; Googlebot/2.1; +http://www.google.com/bot.html)"
54.36.150.187 - - [06/Dec/2019:05:24:39 +0800] "GET /wp-content/uploads/2015/07/oom-vm-arguments.jpg HTTP/1.0" 200 90340 "-" "Mozilla/5.0 (compatible; AhrefsBot/6.1; +http://ahrefs.com/robot/)"
47.96.97.24 - - [06/Dec/2019:05:25:40 +0800] "GET /639.html HTTP/1.0" 200 11514 "-" "Bot/Nutch-1.16"
47.96.97.24 - - [06/Dec/2019:05:25:49 +0800] "GET /category/shell HTTP/1.0" 200 9286 "-" "Bot/Nutch-1.16"
47.96.97.24 - - [06/Dec/2019:05:26:10 +0800] "GET /1961.html HTTP/1.0" 200 11286 "-" "Bot/Nutch-1.16"
47.96.97.24 - - [06/Dec/2019:05:26:26 +0800] "GET /2499.html HTTP/1.0" 200 11326 "-" "Bot/Nutch-1.16"
