66.249.79.25 - - [04/Dec/2019:22:18:26 +0800] "GET /my_book_list/comment-page-1 HTTP/1.0" 301 - "-" "Mozilla/5.0 (Linux; Android 6.0.1; Nexus 5X Build/MMB29P) AppleWebKit/537.36 (KHTML, like Gecko) Chrome/41.0.2272.96 Mobile Safari/537.36 (compatible; Googlebot/2.1; +http://www.google.com/bot.html)"
66.249.79.25 - - [04/Dec/2019:22:18:26 +0800] "GET /my_book_list HTTP/1.0" 200 16489 "-" "Mozilla/5.0 (Linux; Android 6.0.1; Nexus 5X Build/MMB29P) AppleWebKit/537.36 (KHTML, like Gecko) Chrome/41.0.2272.96 Mobile Safari/537.36 (compatible; Googlebot/2.1; +http://www.google.com/bot.html)"
54.36.148.206 - - [04/Dec/2019:22:18:27 +0800] "GET /2561.html HTTP/1.0" 200 10492 "-" "Mozilla/5.0 (compatible; AhrefsBot/6.1; +http://ahrefs.com/robot/)"
66.249.79.25 - - [04/Dec/2019:22:18:28 +0800] "GET /717.html?replytocom=1196 HTTP/1.0" 200 13084 "-" "Mozilla/5.0 (Linux; Android 6.0.1; Nexus 5X Build/MMB29P) AppleWebKit/537.36 (KHTML, like Gecko) Chrome/41.0.2272.96 Mobile Safari/537.36 (compatible; Googlebot/2.1; +http://www.google.com/bot.html)"
66.249.79.25 - - [04/Dec/2019:22:18:32 +0800] "GET /548.html?eyjivo=oel4o3&iebgdg=cec7o3 HTTP/1.0" 200 12058 "-" "Mozilla/5.0 (Linux; Android 6.0.1; Nexus 5X Build/MMB29P) AppleWebKit/537.36 (KHTML, like Gecko) Chrome/41.0.2272.96 Mobile Safari/537.36 (compatible; Googlebot/2.1; +http://www.google.com/bot.html)"
66.249.79.25 - - [04/Dec/2019:22:18:35 +0800] "POST /wp-json/wordpress-popular-posts/v1/popular-posts HTTP/1.0" 201 55 "http://www.crazyant.net/717.html?replytocom=1196" "Mozilla/5.0 (Linux; Android 6.0.1; Nexus 5X Build/MMB29P) AppleWebKit/537.36 (KHTML, like Gecko) Chrome/41.0.2272.96 Mobile Safari/537.36 (compatible; Googlebot/2.1; +http://www.google.com/bot.html)"
66.249.79.25 - - [04/Dec/2019:22:18:38 +0800] "GET /717.html?replytocom=1189 HTTP/1.0" 200 13086 "-" "Mozilla/5.0 (Linux; Android 6.0.1; Nexus 5X Build/MMB29P) AppleWebKit/537.36 (KHTML, like Gecko) Chrome/41.0.2272.96 Mobile Safari/537.36 (compatible; Googlebot/2.1; +http://www.google.com/bot.html)"
66.249.79.25 - - [04/Dec/2019:22:18:39 +0800] "POST /wp-json/wordpress-popular-posts/v1/popular-posts HTTP/1.0" 201 55 "http://www.crazyant.net/548.html?eyjivo=oel4o3&iebgdg=cec7o3" "Mozilla/5.0 (Linux; Android 6.0.1; Nexus 5X Build/MMB29P) AppleWebKit/537.36 (KHTML, like Gecko) Chrome/41.0.2272.96 Mobile Safari/537.36 (compatible; Googlebot/2.1; +http://www.google.com/bot.html)"
154.209.252.222 - - [04/Dec/2019:22:18:47 +0800] "GET /js/common.js HTTP/1.0" 404 35012 "http://www.crazyant.net/js/common.js" "Mozilla/5.0 (compatible; MSIE 9.0; Windows NT 6.1; Win64; x64; Trident/5.0)"
66.249.79.25 - - [04/Dec/2019:22:18:51 +0800] "GET /717.html?replytocom=1200 HTTP/1.0" 200 13084 "-" "Mozilla/5.0 (Linux; Android 6.0.1; Nexus 5X Build/MMB29P) AppleWebKit/537.36 (KHTML, like Gecko) Chrome/41.0.2272.96 Mobile Safari/537.36 (compatible; Googlebot/2.1; +http://www.google.com/bot.html)"
66.249.79.25 - - [04/Dec/2019:22:19:06 +0800] "GET /page/15 HTTP/1.0" 200 10949 "-" "Mozilla/5.0 (Linux; Android 6.0.1; Nexus 5X Build/MMB29P) AppleWebKit/537.36 (KHTML, like Gecko) Chrome/41.0.2272.96 Mobile Safari/537.36 (compatible; Googlebot/2.1; +http://www.google.com/bot.html)"
95.217.62.108 - - [04/Dec/2019:22:19:08 +0800] "GET /category/%e6%95%b0%e6%8d%ae%e9%a9%b1%e5%8a%a8/feed HTTP/1.0" 200 1379 "http://www.crazyant.net/category/%e6%95%b0%e6%8d%ae%e9%a9%b1%e5%8a%a8" "Mozilla/5.0 (compatible; SEOkicks; +https://www.seokicks.de/robot.html)"
95.217.62.108 - - [04/Dec/2019:22:19:11 +0800] "GET /tag/%e6%95%b0%e6%8d%ae%e5%a4%84%e7%90%86 HTTP/1.0" 200 8765 "http://www.crazyant.net/tag/java" "Mozilla/5.0 (compatible; SEOkicks; +https://www.seokicks.de/robot.html)"
95.217.62.108 - - [04/Dec/2019:22:19:15 +0800] "GET /tag/%e6%95%b0%e6%8d%ae%e5%a4%84%e7%90%86/feed HTTP/1.0" 200 1026 "http://www.crazyant.net/tag/%e6%95%b0%e6%8d%ae%e5%a4%84%e7%90%86" "Mozilla/5.0 (compatible; SEOkicks; +https://www.seokicks.de/robot.html)"
66.249.79.27 - - [04/Dec/2019:22:19:16 +0800] "GET /1303.html HTTP/1.0" 200 12561 "-" "Mozilla/5.0 (compatible; Googlebot/2.1; +http://www.google.com/bot.html)"
95.217.62.108 - - [04/Dec/2019:22:19:17 +0800] "GET /1886.html HTTP/1.0" 200 13775 "http://www.crazyant.net/tag/java" "Mozilla/5.0 (compatible; SEOkicks; +https://www.seokicks.de/robot.html)"
95.217.62.108 - - [04/Dec/2019:22:19:19 +0800] "GET /1886.html/feed HTTP/1.0" 200 514 "http://www.crazyant.net/1886.html" "Mozilla/5.0 (compatible; SEOkicks; +https://www.seokicks.de/robot.html)"
95.217.62.108 - - [04/Dec/2019:22:19:21 +0800] "GET /1861.html HTTP/1.0" 200 11909 "http://www.crazyant.net/1886.html" "Mozilla/5.0 (compatible; SEOkicks; +https://www.seokicks.de/robot.html)"
66.249.79.25 - - [04/Dec/2019:22:19:23 +0800] "GET /1112.html?replytocom=10815 HTTP/1.0" 200 15284 "-" "Mozilla/5.0 (Linux; Android 6.0.1; Nexus 5X Build/MMB29P) AppleWebKit/537.36 (KHTML, like Gecko) Chrome/41.0.2272.96 Mobile Safari/537.36 (compatible; Googlebot/2.1; +http://www.google.com/bot.html)"
95.217.62.108 - - [04/Dec/2019:22:19:24 +0800] "GET /?p=1886 HTTP/1.0" 301 - "http://www.crazyant.net/1886.html" "Mozilla/5.0 (compatible; SEOkicks; +https://www.seokicks.de/robot.html)"
66.249.79.25 - - [04/Dec/2019:22:19:24 +0800] "GET /1895.html?oqfkpc=c1tvx HTTP/1.0" 200 11044 "-" "Mozilla/5.0 (Linux; Android 6.0.1; Nexus 5X Build/MMB29P) AppleWebKit/537.36 (KHTML, like Gecko) Chrome/41.0.2272.96 Mobile Safari/537.36 (compatible; Googlebot/2.1; +http://www.google.com/bot.html)"
95.217.62.108 - - [04/Dec/2019:22:19:26 +0800] "GET /tag/java/page/2 HTTP/1.0" 200 10989 "http://www.crazyant.net/tag/java" "Mozilla/5.0 (compatible; SEOkicks; +https://www.seokicks.de/robot.html)"
66.249.79.187 - - [04/Dec/2019:22:19:27 +0800] "GET /1895.html?lcz HTTP/1.0" 301 - "-" "Mozilla/5.0 (Linux; Android 6.0.1; Nexus 5X Build/MMB29P) AppleWebKit/537.36 (KHTML, like Gecko) Chrome/41.0.2272.96 Mobile Safari/537.36 (compatible; Googlebot/2.1; +http://www.google.com/bot.html)"
66.249.79.25 - - [04/Dec/2019:22:19:28 +0800] "GET /1895.html?lcz HTTP/1.0" 200 11038 "-" "Mozilla/5.0 (Linux; Android 6.0.1; Nexus 5X Build/MMB29P) AppleWebKit/537.36 (KHTML, like Gecko) Chrome/41.0.2272.96 Mobile Safari/537.36 (compatible; Googlebot/2.1; +http://www.google.com/bot.html)"
95.217.62.108 - - [04/Dec/2019:22:19:28 +0800] "GET /tag/java/page/3 HTTP/1.0" 200 9617 "http://www.crazyant.net/tag/java" "Mozilla/5.0 (compatible; SEOkicks; +https://www.seokicks.de/robot.html)"
66.249.79.25 - - [04/Dec/2019:22:19:29 +0800] "POST /wp-json/wordpress-popular-posts/v1/popular-posts HTTP/1.0" 201 55 "http://www.crazyant.net/1112.html?replytocom=10815" "Mozilla/5.0 (Linux; Android 6.0.1; Nexus 5X Build/MMB29P) AppleWebKit/537.36 (KHTML, like Gecko) Chrome/41.0.2272.96 Mobile Safari/537.36 (compatible; Googlebot/2.1; +http://www.google.com/bot.html)"
95.217.62.108 - - [04/Dec/2019:22:19:31 +0800] "GET /138.html HTTP/1.0" 200 10418 "http://www.crazyant.net/tag/javascript" "Mozilla/5.0 (compatible; SEOkicks; +https://www.seokicks.de/robot.html)"
66.249.79.25 - - [04/Dec/2019:22:19:32 +0800] "GET /1898.html?jdf HTTP/1.0" 200 12039 "-" "Mozilla/5.0 (Linux; Android 6.0.1; Nexus 5X Build/MMB29P) AppleWebKit/537.36 (KHTML, like Gecko) Chrome/41.0.2272.96 Mobile Safari/537.36 (compatible; Googlebot/2.1; +http://www.google.com/bot.html)"
95.217.62.108 - - [04/Dec/2019:22:19:33 +0800] "GET /138.html/feed HTTP/1.0" 200 520 "http://www.crazyant.net/138.html" "Mozilla/5.0 (compatible; SEOkicks; +https://www.seokicks.de/robot.html)"
92.38.129.153 - - [04/Dec/2019:22:19:33 +0800] "GET /feed/ HTTP/1.0" 301 - "-" "Tiny Tiny RSS/19.02 (http://tt-rss.org/)"
92.38.129.153 - - [04/Dec/2019:22:19:33 +0800] "GET /feed HTTP/1.0" 200 4779 "-" "Tiny Tiny RSS/19.02 (http://tt-rss.org/)"
66.249.79.25 - - [04/Dec/2019:22:19:34 +0800] "POST /wp-json/wordpress-popular-posts/v1/popular-posts HTTP/1.0" 201 55 "http://www.crazyant.net/1895.html?lcz" "Mozilla/5.0 (Linux; Android 6.0.1; Nexus 5X Build/MMB29P) AppleWebKit/537.36 (KHTML, like Gecko) Chrome/41.0.2272.96 Mobile Safari/537.36 (compatible; Googlebot/2.1; +http://www.google.com/bot.html)"
95.217.62.108 - - [04/Dec/2019:22:19:35 +0800] "GET /136.html HTTP/1.0" 200 10943 "http://www.crazyant.net/138.html" "Mozilla/5.0 (compatible; SEOkicks; +https://www.seokicks.de/robot.html)"
95.217.62.108 - - [04/Dec/2019:22:19:37 +0800] "GET /142.html HTTP/1.0" 200 10162 "http://www.crazyant.net/138.html" "Mozilla/5.0 (compatible; SEOkicks; +https://www.seokicks.de/robot.html)"
95.217.62.108 - - [04/Dec/2019:22:19:39 +0800] "GET /?p=138 HTTP/1.0" 301 - "http://www.crazyant.net/138.html" "Mozilla/5.0 (compatible; SEOkicks; +https://www.seokicks.de/robot.html)"
95.217.62.108 - - [04/Dec/2019:22:19:41 +0800] "GET /124.html HTTP/1.0" 200 10681 "http://www.crazyant.net/tag/javascript" "Mozilla/5.0 (compatible; SEOkicks; +https://www.seokicks.de/robot.html)"
95.217.62.108 - - [04/Dec/2019:22:19:44 +0800] "GET /124.html/feed HTTP/1.0" 200 489 "http://www.crazyant.net/124.html" "Mozilla/5.0 (compatible; SEOkicks; +https://www.seokicks.de/robot.html)"
95.217.62.108 - - [04/Dec/2019:22:19:46 +0800] "GET /122.html HTTP/1.0" 200 10863 "http://www.crazyant.net/124.html" "Mozilla/5.0 (compatible; SEOkicks; +https://www.seokicks.de/robot.html)"
95.217.62.108 - - [04/Dec/2019:22:19:48 +0800] "GET /126.html HTTP/1.0" 200 11284 "http://www.crazyant.net/124.html" "Mozilla/5.0 (compatible; SEOkicks; +https://www.seokicks.de/robot.html)"
95.217.62.108 - - [04/Dec/2019:22:19:50 +0800] "GET /?p=124 HTTP/1.0" 301 - "http://www.crazyant.net/124.html" "Mozilla/5.0 (compatible; SEOkicks; +https://www.seokicks.de/robot.html)"
95.217.62.108 - - [04/Dec/2019:22:19:52 +0800] "GET /119.html HTTP/1.0" 200 10220 "http://www.crazyant.net/tag/javascript" "Mozilla/5.0 (compatible; SEOkicks; +https://www.seokicks.de/robot.html)"
66.249.79.25 - - [04/Dec/2019:22:19:54 +0800] "GET /1607.html?hwbads=foo6o3 HTTP/1.0" 200 12045 "-" "Mozilla/5.0 (Linux; Android 6.0.1; Nexus 5X Build/MMB29P) AppleWebKit/537.36 (KHTML, like Gecko) Chrome/41.0.2272.96 Mobile Safari/537.36 (compatible; Googlebot/2.1; +http://www.google.com/bot.html)"
95.217.62.108 - - [04/Dec/2019:22:19:54 +0800] "GET /119.html/feed HTTP/1.0" 200 493 "http://www.crazyant.net/119.html" "Mozilla/5.0 (compatible; SEOkicks; +https://www.seokicks.de/robot.html)"
95.217.62.108 - - [04/Dec/2019:22:19:57 +0800] "GET /117.html HTTP/1.0" 200 11153 "http://www.crazyant.net/119.html" "Mozilla/5.0 (compatible; SEOkicks; +https://www.seokicks.de/robot.html)"
95.217.62.108 - - [04/Dec/2019:22:19:59 +0800] "GET /?p=119 HTTP/1.0" 301 - "http://www.crazyant.net/119.html" "Mozilla/5.0 (compatible; SEOkicks; +https://www.seokicks.de/robot.html)"
95.217.62.108 - - [04/Dec/2019:22:20:01 +0800] "GET /111.html HTTP/1.0" 200 11698 "http://www.crazyant.net/tag/javascript" "Mozilla/5.0 (compatible; SEOkicks; +https://www.seokicks.de/robot.html)"
95.217.62.108 - - [04/Dec/2019:22:20:03 +0800] "GET /111.html/feed HTTP/1.0" 200 518 "http://www.crazyant.net/111.html" "Mozilla/5.0 (compatible; SEOkicks; +https://www.seokicks.de/robot.html)"
95.217.62.108 - - [04/Dec/2019:22:20:05 +0800] "GET /?p=111 HTTP/1.0" 301 - "http://www.crazyant.net/111.html" "Mozilla/5.0 (compatible; SEOkicks; +https://www.seokicks.de/robot.html)"
95.217.62.108 - - [04/Dec/2019:22:20:08 +0800] "GET /94.html HTTP/1.0" 200 10337 "http://www.crazyant.net/tag/javascript" "Mozilla/5.0 (compatible; SEOkicks; +https://www.seokicks.de/robot.html)"
95.217.62.108 - - [04/Dec/2019:22:20:10 +0800] "GET /94.html/feed HTTP/1.0" 200 492 "http://www.crazyant.net/94.html" "Mozilla/5.0 (compatible; SEOkicks; +https://www.seokicks.de/robot.html)"
95.217.62.108 - - [04/Dec/2019:22:20:12 +0800] "GET /97.html HTTP/1.0" 200 10698 "http://www.crazyant.net/94.html" "Mozilla/5.0 (compatible; SEOkicks; +https://www.seokicks.de/robot.html)"
95.217.62.108 - - [04/Dec/2019:22:20:14 +0800] "GET /?p=94 HTTP/1.0" 301 - "http://www.crazyant.net/94.html" "Mozilla/5.0 (compatible; SEOkicks; +https://www.seokicks.de/robot.html)"
66.249.79.29 - - [04/Dec/2019:22:20:15 +0800] "POST /wp-json/wordpress-popular-posts/v1/popular-posts HTTP/1.0" 201 55 "http://www.crazyant.net/1607.html?hwbads=foo6o3" "Mozilla/5.0 (Linux; Android 6.0.1; Nexus 5X Build/MMB29P) AppleWebKit/537.36 (KHTML, like Gecko) Chrome/41.0.2272.96 Mobile Safari/537.36 (compatible; Googlebot/2.1; +http://www.google.com/bot.html)"
95.217.62.108 - - [04/Dec/2019:22:20:16 +0800] "GET /78.html HTTP/1.0" 200 10236 "http://www.crazyant.net/tag/javascript" "Mozilla/5.0 (compatible; SEOkicks; +https://www.seokicks.de/robot.html)"
95.217.62.108 - - [04/Dec/2019:22:20:18 +0800] "GET /78.html/feed HTTP/1.0" 200 499 "http://www.crazyant.net/78.html" "Mozilla/5.0 (compatible; SEOkicks; +https://www.seokicks.de/robot.html)"
95.217.62.108 - - [04/Dec/2019:22:20:20 +0800] "GET /?p=78 HTTP/1.0" 301 - "http://www.crazyant.net/78.html" "Mozilla/5.0 (compatible; SEOkicks; +https://www.seokicks.de/robot.html)"
95.217.62.108 - - [04/Dec/2019:22:20:22 +0800] "GET /191.html HTTP/1.0" 200 9945 "http://www.crazyant.net/tag/jquery" "Mozilla/5.0 (compatible; SEOkicks; +https://www.seokicks.de/robot.html)"
66.249.79.25 - - [04/Dec/2019:22:20:24 +0800] "GET /page/24?iapolo_com HTTP/1.0" 200 10676 "-" "Mozilla/5.0 (Linux; Android 6.0.1; Nexus 5X Build/MMB29P) AppleWebKit/537.36 (KHTML, like Gecko) Chrome/41.0.2272.96 Mobile Safari/537.36 (compatible; Googlebot/2.1; +http://www.google.com/bot.html)"
95.217.62.108 - - [04/Dec/2019:22:20:25 +0800] "GET /191.html/feed HTTP/1.0" 200 490 "http://www.crazyant.net/191.html" "Mozilla/5.0 (compatible; SEOkicks; +https://www.seokicks.de/robot.html)"
95.217.62.108 - - [04/Dec/2019:22:20:27 +0800] "GET /?p=191 HTTP/1.0" 301 - "http://www.crazyant.net/191.html" "Mozilla/5.0 (compatible; SEOkicks; +https://www.seokicks.de/robot.html)"
95.217.62.108 - - [04/Dec/2019:22:20:29 +0800] "GET /179.html HTTP/1.0" 200 10577 "http://www.crazyant.net/tag/jquery" "Mozilla/5.0 (compatible; SEOkicks; +https://www.seokicks.de/robot.html)"
95.217.62.108 - - [04/Dec/2019:22:20:31 +0800] "GET /179.html/feed HTTP/1.0" 200 506 "http://www.crazyant.net/179.html" "Mozilla/5.0 (compatible; SEOkicks; +https://www.seokicks.de/robot.html)"
95.217.62.108 - - [04/Dec/2019:22:20:33 +0800] "GET /161.html HTTP/1.0" 200 10287 "http://www.crazyant.net/179.html" "Mozilla/5.0 (compatible; SEOkicks; +https://www.seokicks.de/robot.html)"
95.217.62.108 - - [04/Dec/2019:22:20:36 +0800] "GET /?p=179 HTTP/1.0" 301 - "http://www.crazyant.net/179.html" "Mozilla/5.0 (compatible; SEOkicks; +https://www.seokicks.de/robot.html)"
95.217.62.108 - - [04/Dec/2019:22:20:38 +0800] "GET /1858.html HTTP/1.0" 200 11374 "http://www.crazyant.net/tag/jvm" "Mozilla/5.0 (compatible; SEOkicks; +https://www.seokicks.de/robot.html)"
95.217.62.108 - - [04/Dec/2019:22:20:40 +0800] "GET /1858.html/feed HTTP/1.0" 200 517 "http://www.crazyant.net/1858.html" "Mozilla/5.0 (compatible; SEOkicks; +https://www.seokicks.de/robot.html)"
137.74.38.160 - - [04/Dec/2019:22:20:41 +0800] "GET /feed/ HTTP/1.0" 301 - "-" "Tiny Tiny RSS/19.8 (f609065) (http://tt-rss.org/)"
137.74.38.160 - - [04/Dec/2019:22:20:41 +0800] "GET /feed HTTP/1.0" 200 4779 "-" "Tiny Tiny RSS/19.8 (f609065) (http://tt-rss.org/)"
95.217.62.108 - - [04/Dec/2019:22:20:42 +0800] "GET /?p=1858 HTTP/1.0" 301 - "http://www.crazyant.net/1858.html" "Mozilla/5.0 (compatible; SEOkicks; +https://www.seokicks.de/robot.html)"
95.217.62.108 - - [04/Dec/2019:22:20:44 +0800] "GET /1810.html HTTP/1.0" 200 13654 "http://www.crazyant.net/tag/jvm" "Mozilla/5.0 (compatible; SEOkicks; +https://www.seokicks.de/robot.html)"
95.217.62.108 - - [04/Dec/2019:22:20:47 +0800] "GET /1810.html/feed HTTP/1.0" 200 699 "http://www.crazyant.net/1810.html" "Mozilla/5.0 (compatible; SEOkicks; +https://www.seokicks.de/robot.html)"
95.217.62.108 - - [04/Dec/2019:22:20:49 +0800] "GET /1789.html HTTP/1.0" 200 11493 "http://www.crazyant.net/1810.html" "Mozilla/5.0 (compatible; SEOkicks; +https://www.seokicks.de/robot.html)"
66.249.79.25 - - [04/Dec/2019:22:20:51 +0800] "GET /105.html?replytocom=29 HTTP/1.0" 200 11963 "-" "Mozilla/5.0 (Linux; Android 6.0.1; Nexus 5X Build/MMB29P) AppleWebKit/537.36 (KHTML, like Gecko) Chrome/41.0.2272.96 Mobile Safari/537.36 (compatible; Googlebot/2.1; +http://www.google.com/bot.html)"
66.249.79.25 - - [04/Dec/2019:22:20:51 +0800] "GET /821.html?pifmxq=tziwv3 HTTP/1.0" 200 13608 "-" "Mozilla/5.0 (Linux; Android 6.0.1; Nexus 5X Build/MMB29P) AppleWebKit/537.36 (KHTML, like Gecko) Chrome/41.0.2272.96 Mobile Safari/537.36 (compatible; Googlebot/2.1; +http://www.google.com/bot.html)"
95.217.62.108 - - [04/Dec/2019:22:20:52 +0800] "GET /?p=1810 HTTP/1.0" 301 - "http://www.crazyant.net/1810.html" "Mozilla/5.0 (compatible; SEOkicks; +https://www.seokicks.de/robot.html)"
95.217.62.108 - - [04/Dec/2019:22:20:54 +0800] "GET /1895.html HTTP/1.0" 200 11031 "http://www.crazyant.net/tag/linux" "Mozilla/5.0 (compatible; SEOkicks; +https://www.seokicks.de/robot.html)"
66.249.79.25 - - [04/Dec/2019:22:20:55 +0800] "GET /105.html?dqbcvo=byjpl3 HTTP/1.0" 200 11943 "-" "Mozilla/5.0 (Linux; Android 6.0.1; Nexus 5X Build/MMB29P) AppleWebKit/537.36 (KHTML, like Gecko) Chrome/41.0.2272.96 Mobile Safari/537.36 (compatible; Googlebot/2.1; +http://www.google.com/bot.html)"
95.217.62.108 - - [04/Dec/2019:22:20:56 +0800] "GET /1895.html/feed HTTP/1.0" 200 510 "http://www.crazyant.net/1895.html" "Mozilla/5.0 (compatible; SEOkicks; +https://www.seokicks.de/robot.html)"
66.249.79.25 - - [04/Dec/2019:22:20:57 +0800] "GET /105.html?nsfozg=bptsn3 HTTP/1.0" 200 11942 "-" "Mozilla/5.0 (Linux; Android 6.0.1; Nexus 5X Build/MMB29P) AppleWebKit/537.36 (KHTML, like Gecko) Chrome/41.0.2272.96 Mobile Safari/537.36 (compatible; Googlebot/2.1; +http://www.google.com/bot.html)"
95.217.62.108 - - [04/Dec/2019:22:20:58 +0800] "GET /?p=1895 HTTP/1.0" 301 - "http://www.crazyant.net/1895.html" "Mozilla/5.0 (compatible; SEOkicks; +https://www.seokicks.de/robot.html)"
95.217.62.108 - - [04/Dec/2019:22:21:01 +0800] "GET /781.html HTTP/1.0" 200 13488 "http://www.crazyant.net/tag/linux" "Mozilla/5.0 (compatible; SEOkicks; +https://www.seokicks.de/robot.html)"
95.217.62.108 - - [04/Dec/2019:22:21:03 +0800] "GET /781.html/feed HTTP/1.0" 200 2313 "http://www.crazyant.net/781.html" "Mozilla/5.0 (compatible; SEOkicks; +https://www.seokicks.de/robot.html)"
95.217.62.108 - - [04/Dec/2019:22:21:05 +0800] "GET /?p=781 HTTP/1.0" 301 - "http://www.crazyant.net/781.html" "Mozilla/5.0 (compatible; SEOkicks; +https://www.seokicks.de/robot.html)"
95.217.62.108 - - [04/Dec/2019:22:21:07 +0800] "GET /category/operating-syatem HTTP/1.0" 200 10989 "http://www.crazyant.net/tag/linux" "Mozilla/5.0 (compatible; SEOkicks; +https://www.seokicks.de/robot.html)"
66.249.79.27 - - [04/Dec/2019:22:21:08 +0800] "GET /91.html HTTP/1.0" 200 11488 "-" "Mozilla/5.0 (compatible; Googlebot/2.1; +http://www.google.com/bot.html)"
95.217.62.108 - - [04/Dec/2019:22:21:10 +0800] "GET /category/operating-syatem/feed HTTP/1.0" 200 3066 "http://www.crazyant.net/category/operating-syatem" "Mozilla/5.0 (compatible; SEOkicks; +https://www.seokicks.de/robot.html)"
222.129.54.23 - - [04/Dec/2019:22:21:10 +0800] "GET /feed HTTP/1.0" 200 4779 "-" "ReadKit/2.4.3 (Mac OS X Version 10.15.1 (Build 19B88))"
66.249.79.29 - - [04/Dec/2019:22:21:12 +0800] "POST /wp-json/wordpress-popular-posts/v1/popular-posts HTTP/1.0" 201 55 "http://www.crazyant.net/91.html" "Mozilla/5.0 AppleWebKit/537.36 (KHTML, like Gecko; compatible; Googlebot/2.1; +http://www.google.com/bot.html) Safari/537.36"
95.217.62.108 - - [04/Dec/2019:22:21:13 +0800] "GET /747.html HTTP/1.0" 200 11142 "http://www.crazyant.net/tag/linux" "Mozilla/5.0 (compatible; SEOkicks; +https://www.seokicks.de/robot.html)"
66.249.79.27 - - [04/Dec/2019:22:21:13 +0800] "GET /%E4%B8%AA%E4%BA%BA%E7%AE%B4%E8%A8%80 HTTP/1.0" 200 13749 "-" "Mozilla/5.0 (compatible; Googlebot/2.1; +http://www.google.com/bot.html)"
106.11.156.234 - - [04/Dec/2019:22:21:14 +0800] "GET /tag/ngnix HTTP/1.0" 200 8637 "-" "YisouSpider"
95.217.62.108 - - [04/Dec/2019:22:21:15 +0800] "GET /747.html/feed HTTP/1.0" 200 801 "http://www.crazyant.net/747.html" "Mozilla/5.0 (compatible; SEOkicks; +https://www.seokicks.de/robot.html)"
95.217.62.108 - - [04/Dec/2019:22:21:17 +0800] "GET /740.html HTTP/1.0" 200 13415 "http://www.crazyant.net/747.html" "Mozilla/5.0 (compatible; SEOkicks; +https://www.seokicks.de/robot.html)"
66.249.79.25 - - [04/Dec/2019:22:21:18 +0800] "POST /wp-json/wordpress-popular-posts/v1/popular-posts HTTP/1.0" 201 55 "http://www.crazyant.net/%E4%B8%AA%E4%BA%BA%E7%AE%B4%E8%A8%80" "Mozilla/5.0 AppleWebKit/537.36 (KHTML, like Gecko; compatible; Googlebot/2.1; +http://www.google.com/bot.html) Safari/537.36"
95.217.62.108 - - [04/Dec/2019:22:21:19 +0800] "GET /749.html HTTP/1.0" 200 10952 "http://www.crazyant.net/747.html" "Mozilla/5.0 (compatible; SEOkicks; +https://www.seokicks.de/robot.html)"
95.217.62.108 - - [04/Dec/2019:22:21:22 +0800] "GET /?p=747 HTTP/1.0" 301 - "http://www.crazyant.net/747.html" "Mozilla/5.0 (compatible; SEOkicks; +https://www.seokicks.de/robot.html)"
95.217.62.108 - - [04/Dec/2019:22:21:24 +0800] "GET /502.html HTTP/1.0" 200 11219 "http://www.crazyant.net/tag/linux" "Mozilla/5.0 (compatible; SEOkicks; +https://www.seokicks.de/robot.html)"
95.217.62.108 - - [04/Dec/2019:22:21:27 +0800] "GET /502.html/feed HTTP/1.0" 200 534 "http://www.crazyant.net/502.html" "Mozilla/5.0 (compatible; SEOkicks; +https://www.seokicks.de/robot.html)"
95.217.62.108 - - [04/Dec/2019:22:21:29 +0800] "GET /?p=502 HTTP/1.0" 301 - "http://www.crazyant.net/502.html" "Mozilla/5.0 (compatible; SEOkicks; +https://www.seokicks.de/robot.html)"
95.217.62.108 - - [04/Dec/2019:22:21:31 +0800] "GET /category/programmer-basic-knowledge HTTP/1.0" 200 8998 "http://www.crazyant.net/tag/linux" "Mozilla/5.0 (compatible; SEOkicks; +https://www.seokicks.de/robot.html)"
95.217.62.108 - - [04/Dec/2019:22:21:33 +0800] "GET /category/programmer-basic-knowledge/feed HTTP/1.0" 200 1174 "http://www.crazyant.net/category/programmer-basic-knowledge" "Mozilla/5.0 (compatible; SEOkicks; +https://www.seokicks.de/robot.html)"
95.217.62.108 - - [04/Dec/2019:22:21:36 +0800] "GET /414.html HTTP/1.0" 200 12764 "http://www.crazyant.net/tag/linux" "Mozilla/5.0 (compatible; SEOkicks; +https://www.seokicks.de/robot.html)"
95.217.62.108 - - [04/Dec/2019:22:21:39 +0800] "GET /414.html/feed HTTP/1.0" 200 1004 "http://www.crazyant.net/414.html" "Mozilla/5.0 (compatible; SEOkicks; +https://www.seokicks.de/robot.html)"
95.217.62.108 - - [04/Dec/2019:22:21:41 +0800] "GET /?p=414 HTTP/1.0" 301 - "http://www.crazyant.net/414.html" "Mozilla/5.0 (compatible; SEOkicks; +https://www.seokicks.de/robot.html)"
95.217.62.108 - - [04/Dec/2019:22:21:43 +0800] "GET /author/crazyant HTTP/1.0" 200 10089 "http://www.crazyant.net/tag/linux" "Mozilla/5.0 (compatible; SEOkicks; +https://www.seokicks.de/robot.html)"
95.217.62.108 - - [04/Dec/2019:22:21:46 +0800] "GET /author/crazyant/feed HTTP/1.0" 200 1901 "http://www.crazyant.net/author/crazyant" "Mozilla/5.0 (compatible; SEOkicks; +https://www.seokicks.de/robot.html)"
95.217.62.108 - - [04/Dec/2019:22:21:48 +0800] "GET /204.html HTTP/1.0" 200 10410 "http://www.crazyant.net/tag/linux" "Mozilla/5.0 (compatible; SEOkicks; +https://www.seokicks.de/robot.html)"
95.217.62.108 - - [04/Dec/2019:22:21:50 +0800] "GET /204.html/feed HTTP/1.0" 200 723 "http://www.crazyant.net/204.html" "Mozilla/5.0 (compatible; SEOkicks; +https://www.seokicks.de/robot.html)"
95.217.62.108 - - [04/Dec/2019:22:21:53 +0800] "GET /206.html HTTP/1.0" 200 11309 "http://www.crazyant.net/204.html" "Mozilla/5.0 (compatible; SEOkicks; +https://www.seokicks.de/robot.html)"
95.217.62.108 - - [04/Dec/2019:22:21:55 +0800] "GET /?p=204 HTTP/1.0" 301 - "http://www.crazyant.net/204.html" "Mozilla/5.0 (compatible; SEOkicks; +https://www.seokicks.de/robot.html)"
95.217.62.108 - - [04/Dec/2019:22:21:57 +0800] "GET /91.html HTTP/1.0" 200 11488 "http://www.crazyant.net/tag/linux" "Mozilla/5.0 (compatible; SEOkicks; +https://www.seokicks.de/robot.html)"
95.217.62.108 - - [04/Dec/2019:22:21:59 +0800] "GET /91.html/feed HTTP/1.0" 200 879 "http://www.crazyant.net/91.html" "Mozilla/5.0 (compatible; SEOkicks; +https://www.seokicks.de/robot.html)"
95.217.62.108 - - [04/Dec/2019:22:22:02 +0800] "GET /?p=91 HTTP/1.0" 301 - "http://www.crazyant.net/91.html" "Mozilla/5.0 (compatible; SEOkicks; +https://www.seokicks.de/robot.html)"
95.217.62.108 - - [04/Dec/2019:22:22:04 +0800] "GET /85.html HTTP/1.0" 200 10203 "http://www.crazyant.net/tag/linux" "Mozilla/5.0 (compatible; SEOkicks; +https://www.seokicks.de/robot.html)"
95.217.62.108 - - [04/Dec/2019:22:22:07 +0800] "GET /85.html/feed HTTP/1.0" 200 494 "http://www.crazyant.net/85.html" "Mozilla/5.0 (compatible; SEOkicks; +https://www.seokicks.de/robot.html)"
116.22.32.79 - - [04/Dec/2019:22:22:07 +0800] "GET /2022.html HTTP/1.0" 200 20829 "https://blog.csdn.net/yhhyhhyhhyhh/article/details/89389507" "Mozilla/5.0 (Windows NT 6.1; Win64; x64) AppleWebKit/537.36 (KHTML, like Gecko) Chrome/74.0.3729.169 Safari/537.36"
116.22.32.79 - - [04/Dec/2019:22:22:09 +0800] "GET /wp-content/plugins/table-of-contents-plus/front.min.js HTTP/1.0" 200 2349 "http://www.crazyant.net/2022.html" "Mozilla/5.0 (Windows NT 6.1; Win64; x64) AppleWebKit/537.36 (KHTML, like Gecko) Chrome/74.0.3729.169 Safari/537.36"
116.22.32.79 - - [04/Dec/2019:22:22:09 +0800] "GET /wp-content/uploads/siteground-optimizer-assets/twentyfifteen-skip-link-focus-fix.min.js HTTP/1.0" 200 275 "http://www.crazyant.net/2022.html" "Mozilla/5.0 (Windows NT 6.1; Win64; x64) AppleWebKit/537.36 (KHTML, like Gecko) Chrome/74.0.3729.169 Safari/537.36"
95.217.62.108 - - [04/Dec/2019:22:22:09 +0800] "GET /?p=85 HTTP/1.0" 301 - "http://www.crazyant.net/85.html" "Mozilla/5.0 (compatible; SEOkicks; +https://www.seokicks.de/robot.html)"
116.22.32.79 - - [04/Dec/2019:22:22:09 +0800] "GET /wp-includes/js/wp-embed.min.js HTTP/1.0" 200 740 "http://www.crazyant.net/2022.html" "Mozilla/5.0 (Windows NT 6.1; Win64; x64) AppleWebKit/537.36 (KHTML, like Gecko) Chrome/74.0.3729.169 Safari/537.36"
116.22.32.79 - - [04/Dec/2019:22:22:09 +0800] "GET /wp-includes/js/comment-reply.min.js HTTP/1.0" 200 1131 "http://www.crazyant.net/2022.html" "Mozilla/5.0 (Windows NT 6.1; Win64; x64) AppleWebKit/537.36 (KHTML, like Gecko) Chrome/74.0.3729.169 Safari/537.36"
116.22.32.79 - - [04/Dec/2019:22:22:09 +0800] "GET /wp-content/plugins/easy-fancybox/js/jquery.easing.min.js HTTP/1.0" 200 767 "http://www.crazyant.net/2022.html" "Mozilla/5.0 (Windows NT 6.1; Win64; x64) AppleWebKit/537.36 (KHTML, like Gecko) Chrome/74.0.3729.169 Safari/537.36"
116.22.32.79 - - [04/Dec/2019:22:22:09 +0800] "GET /wp-content/plugins/easy-fancybox/js/jquery.fancybox.min.js HTTP/1.0" 200 6330 "http://www.crazyant.net/2022.html" "Mozilla/5.0 (Windows NT 6.1; Win64; x64) AppleWebKit/537.36 (KHTML, like Gecko) Chrome/74.0.3729.169 Safari/537.36"
116.22.32.79 - - [04/Dec/2019:22:22:09 +0800] "GET /wp-content/uploads/siteground-optimizer-assets/twentyfifteen-script.min.js HTTP/1.0" 200 1331 "http://www.crazyant.net/2022.html" "Mozilla/5.0 (Windows NT 6.1; Win64; x64) AppleWebKit/537.36 (KHTML, like Gecko) Chrome/74.0.3729.169 Safari/537.36"
116.22.32.79 - - [04/Dec/2019:22:22:09 +0800] "GET /wp-content/plugins/easy-fancybox/js/jquery.mousewheel.min.js HTTP/1.0" 200 1145 "http://www.crazyant.net/2022.html" "Mozilla/5.0 (Windows NT 6.1; Win64; x64) AppleWebKit/537.36 (KHTML, like Gecko) Chrome/74.0.3729.169 Safari/537.36"
116.22.32.79 - - [04/Dec/2019:22:22:10 +0800] "GET /wp-content/uploads/siteground-optimizer-assets/akismet-form.min.js HTTP/1.0" 200 288 "http://www.crazyant.net/2022.html" "Mozilla/5.0 (Windows NT 6.1; Win64; x64) AppleWebKit/537.36 (KHTML, like Gecko) Chrome/74.0.3729.169 Safari/537.36"
116.22.32.79 - - [04/Dec/2019:22:22:10 +0800] "POST /wp-json/wordpress-popular-posts/v1/popular-posts HTTP/1.0" 201 55 "http://www.crazyant.net/2022.html" "Mozilla/5.0 (Windows NT 6.1; Win64; x64) AppleWebKit/537.36 (KHTML, like Gecko) Chrome/74.0.3729.169 Safari/537.36"
116.22.32.79 - - [04/Dec/2019:22:22:12 +0800] "GET /favicon.ico HTTP/1.1" 200 0 "http://www.crazyant.net/2022.html" "Mozilla/5.0 (Windows NT 6.1; Win64; x64) AppleWebKit/537.36 (KHTML, like Gecko) Chrome/74.0.3729.169 Safari/537.36"
95.217.62.108 - - [04/Dec/2019:22:22:11 +0800] "GET /1961.html HTTP/1.0" 200 11283 "http://www.crazyant.net/tag/mac" "Mozilla/5.0 (compatible; SEOkicks; +https://www.seokicks.de/robot.html)"
95.217.62.108 - - [04/Dec/2019:22:22:14 +0800] "GET /1961.html/feed HTTP/1.0" 200 854 "http://www.crazyant.net/1961.html" "Mozilla/5.0 (compatible; SEOkicks; +https://www.seokicks.de/robot.html)"
95.217.62.108 - - [04/Dec/2019:22:22:16 +0800] "GET /?p=1961 HTTP/1.0" 301 - "http://www.crazyant.net/1961.html" "Mozilla/5.0 (compatible; SEOkicks; +https://www.seokicks.de/robot.html)"
95.217.62.108 - - [04/Dec/2019:22:22:18 +0800] "GET /1946.html HTTP/1.0" 200 11069 "http://www.crazyant.net/tag/mac" "Mozilla/5.0 (compatible; SEOkicks; +https://www.seokicks.de/robot.html)"
95.217.62.108 - - [04/Dec/2019:22:22:20 +0800] "GET /1946.html/feed HTTP/1.0" 200 668 "http://www.crazyant.net/1946.html" "Mozilla/5.0 (compatible; SEOkicks; +https://www.seokicks.de/robot.html)"
95.217.62.108 - - [04/Dec/2019:22:22:22 +0800] "GET /?p=1946 HTTP/1.0" 301 - "http://www.crazyant.net/1946.html" "Mozilla/5.0 (compatible; SEOkicks; +https://www.seokicks.de/robot.html)"
95.217.62.108 - - [04/Dec/2019:22:22:24 +0800] "GET /1607.html HTTP/1.0" 200 12032 "http://www.crazyant.net/tag/maven" "Mozilla/5.0 (compatible; SEOkicks; +https://www.seokicks.de/robot.html)"
66.249.79.29 - - [04/Dec/2019:22:22:27 +0800] "GET /?%5C%27cat%5C%27=136 HTTP/1.0" 200 10429 "-" "Mozilla/5.0 (compatible; Googlebot/2.1; +http://www.google.com/bot.html)"
95.217.62.108 - - [04/Dec/2019:22:22:27 +0800] "GET /1607.html/feed HTTP/1.0" 200 515 "http://www.crazyant.net/1607.html" "Mozilla/5.0 (compatible; SEOkicks; +https://www.seokicks.de/robot.html)"
95.217.62.108 - - [04/Dec/2019:22:22:29 +0800] "GET /?p=1607 HTTP/1.0" 301 - "http://www.crazyant.net/1607.html" "Mozilla/5.0 (compatible; SEOkicks; +https://www.seokicks.de/robot.html)"
66.249.79.29 - - [04/Dec/2019:22:22:30 +0800] "GET /author/peishuai1987/page/12 HTTP/1.0" 200 11113 "-" "Mozilla/5.0 (compatible; Googlebot/2.1; +http://www.google.com/bot.html)"
95.217.62.108 - - [04/Dec/2019:22:22:31 +0800] "GET /2089.html HTTP/1.0" 200 21729 "http://www.crazyant.net/tag/mybatis" "Mozilla/5.0 (compatible; SEOkicks; +https://www.seokicks.de/robot.html)"
95.217.62.108 - - [04/Dec/2019:22:22:34 +0800] "GET /2089.html/feed HTTP/1.0" 200 506 "http://www.crazyant.net/2089.html" "Mozilla/5.0 (compatible; SEOkicks; +https://www.seokicks.de/robot.html)"
66.249.79.25 - - [04/Dec/2019:22:22:34 +0800] "GET /195.html HTTP/1.0" 200 10342 "-" "Mozilla/5.0 (compatible; Googlebot/2.1; +http://www.google.com/bot.html)"
95.217.62.108 - - [04/Dec/2019:22:22:36 +0800] "GET /?p=2089 HTTP/1.0" 301 - "http://www.crazyant.net/2089.html" "Mozilla/5.0 (compatible; SEOkicks; +https://www.seokicks.de/robot.html)"
66.249.79.25 - - [04/Dec/2019:22:22:38 +0800] "POST /wp-json/wordpress-popular-posts/v1/popular-posts HTTP/1.0" 201 55 "http://www.crazyant.net/195.html" "Mozilla/5.0 AppleWebKit/537.36 (KHTML, like Gecko; compatible; Googlebot/2.1; +http://www.google.com/bot.html) Safari/537.36"
95.217.62.108 - - [04/Dec/2019:22:22:38 +0800] "GET /2022.html HTTP/1.0" 200 20827 "http://www.crazyant.net/tag/mybatis" "Mozilla/5.0 (compatible; SEOkicks; +https://www.seokicks.de/robot.html)"
95.217.62.108 - - [04/Dec/2019:22:22:41 +0800] "GET /2022.html/feed HTTP/1.0" 200 814 "http://www.crazyant.net/2022.html" "Mozilla/5.0 (compatible; SEOkicks; +https://www.seokicks.de/robot.html)"
66.249.79.25 - - [04/Dec/2019:22:22:43 +0800] "GET /author/peishuai1987/page/26?jdfwkey=jft7y&fgjovy=lu95o3 HTTP/1.0" 200 10418 "-" "Mozilla/5.0 (Linux; Android 6.0.1; Nexus 5X Build/MMB29P) AppleWebKit/537.36 (KHTML, like Gecko) Chrome/41.0.2272.96 Mobile Safari/537.36 (compatible; Googlebot/2.1; +http://www.google.com/bot.html)"
95.217.62.108 - - [04/Dec/2019:22:22:43 +0800] "GET /?p=2022 HTTP/1.0" 301 - "http://www.crazyant.net/2022.html" "Mozilla/5.0 (compatible; SEOkicks; +https://www.seokicks.de/robot.html)"
95.217.62.108 - - [04/Dec/2019:22:22:45 +0800] "GET /tag/%e8%ae%be%e8%ae%a1%e6%a8%a1%e5%bc%8f HTTP/1.0" 200 8667 "http://www.crazyant.net/tag/mybatis" "Mozilla/5.0 (compatible; SEOkicks; +https://www.seokicks.de/robot.html)"
95.217.62.108 - - [04/Dec/2019:22:22:48 +0800] "GET /tag/%e8%ae%be%e8%ae%a1%e6%a8%a1%e5%bc%8f/feed HTTP/1.0" 200 966 "http://www.crazyant.net/tag/%e8%ae%be%e8%ae%a1%e6%a8%a1%e5%bc%8f" "Mozilla/5.0 (compatible; SEOkicks; +https://www.seokicks.de/robot.html)"
95.217.62.108 - - [04/Dec/2019:22:22:50 +0800] "GET /1901.html HTTP/1.0" 200 12926 "http://www.crazyant.net/tag/mysql" "Mozilla/5.0 (compatible; SEOkicks; +https://www.seokicks.de/robot.html)"
95.217.62.108 - - [04/Dec/2019:22:22:52 +0800] "GET /1901.html/feed HTTP/1.0" 200 1035 "http://www.crazyant.net/1901.html" "Mozilla/5.0 (compatible; SEOkicks; +https://www.seokicks.de/robot.html)"
66.249.79.25 - - [04/Dec/2019:22:22:53 +0800] "GET /tag/shell HTTP/1.0" 200 10324 "-" "Mozilla/5.0 (compatible; Googlebot/2.1; +http://www.google.com/bot.html)"
95.217.62.108 - - [04/Dec/2019:22:22:55 +0800] "GET /?p=1901 HTTP/1.0" 301 - "http://www.crazyant.net/1901.html" "Mozilla/5.0 (compatible; SEOkicks; +https://www.seokicks.de/robot.html)"
95.217.62.108 - - [04/Dec/2019:22:22:57 +0800] "GET /1763.html HTTP/1.0" 200 11620 "http://www.crazyant.net/tag/mysql" "Mozilla/5.0 (compatible; SEOkicks; +https://www.seokicks.de/robot.html)"
66.249.79.25 - - [04/Dec/2019:22:22:57 +0800] "GET /author/peishuai1987/page/22 HTTP/1.0" 200 11075 "-" "Mozilla/5.0 (Linux; Android 6.0.1; Nexus 5X Build/MMB29P) AppleWebKit/537.36 (KHTML, like Gecko) Chrome/41.0.2272.96 Mobile Safari/537.36 (compatible; Googlebot/2.1; +http://www.google.com/bot.html)"
66.249.79.27 - - [04/Dec/2019:22:23:01 +0800] "GET /?s=%E5%8A%A0%E5%BE%AE%E4%BF%A1gylm013%E3%80%91%E9%AB%98%E4%BD%A3%E8%81%94%E7%9B%9F%E5%B7%A5%E4%BD%9C%E6%9C%8D HTTP/1.0" 200 8327 "-" "Mozilla/5.0 (Linux; Android 6.0.1; Nexus 5X Build/MMB29P) AppleWebKit/537.36 (KHTML, like Gecko) Chrome/41.0.2272.96 Mobile Safari/537.36 (compatible; Googlebot/2.1; +http://www.google.com/bot.html)"
66.249.79.8 - - [04/Dec/2019:22:23:02 +0800] "GET /tag/spark HTTP/1.0" 200 9481 "-" "Mozilla/5.0 (Linux; Android 6.0.1; Nexus 5X Build/MMB29P) AppleWebKit/537.36 (KHTML, like Gecko) Chrome/41.0.2272.96 Mobile Safari/537.36 (compatible; Googlebot/2.1; +http://www.google.com/bot.html)"
66.249.79.25 - - [04/Dec/2019:22:23:09 +0800] "GET /151.html HTTP/1.0" 200 12186 "-" "Mozilla/5.0 (compatible; Googlebot/2.1; +http://www.google.com/bot.html)"
66.249.79.25 - - [04/Dec/2019:22:23:13 +0800] "GET /page/24?vep HTTP/1.0" 200 10670 "-" "Mozilla/5.0 (Linux; Android 6.0.1; Nexus 5X Build/MMB29P) AppleWebKit/537.36 (KHTML, like Gecko) Chrome/41.0.2272.96 Mobile Safari/537.36 (compatible; Googlebot/2.1; +http://www.google.com/bot.html)"
66.249.79.25 - - [04/Dec/2019:22:23:42 +0800] "GET /tag/linux?ciranq=u8j2o3 HTTP/1.0" 200 10285 "-" "Mozilla/5.0 (Linux; Android 6.0.1; Nexus 5X Build/MMB29P) AppleWebKit/537.36 (KHTML, like Gecko) Chrome/41.0.2272.96 Mobile Safari/537.36 (compatible; Googlebot/2.1; +http://www.google.com/bot.html)"
66.249.79.25 - - [04/Dec/2019:22:23:42 +0800] "GET /?dghwfk=nkerq3&tetkxi=1ki2r3&bavebu=f0y2m3&hwviju=tvznn3 HTTP/1.0" 200 10487 "-" "Mozilla/5.0 (compatible; Googlebot/2.1; +http://www.google.com/bot.html)"
66.249.79.25 - - [04/Dec/2019:22:23:45 +0800] "GET /?s=%E6%9D%8F%E5%BD%A9%E8%BF%94%E7%82%B9%E4%BA%86%E3%80%90%E2%94%83%E7%A8%B3%E5%AE%9A%EF%BC%9217%E2%92%8B31%E2%94%83%E6%89%A3%E3%80%91%E3%80%91 HTTP/1.0" 200 8363 "-" "Mozilla/5.0 (Linux; Android 6.0.1; Nexus 5X Build/MMB29P) AppleWebKit/537.36 (KHTML, like Gecko) Chrome/41.0.2272.96 Mobile Safari/537.36 (compatible; Googlebot/2.1; +http://www.google.com/bot.html)"
167.71.96.56 - - [04/Dec/2019:22:23:51 +0800] "GET / HTTP/1.0" 444 0 "-" "Mozilla/5.0 (compatible; NetcraftSurveyAgent/1.0; +info@netcraft.com)"
66.249.79.8 - - [04/Dec/2019:22:24:08 +0800] "GET /tag/flask HTTP/1.0" 200 8892 "-" "Mozilla/5.0 (Linux; Android 6.0.1; Nexus 5X Build/MMB29P) AppleWebKit/537.36 (KHTML, like Gecko) Chrome/41.0.2272.96 Mobile Safari/537.36 (compatible; Googlebot/2.1; +http://www.google.com/bot.html)"
66.249.79.10 - - [04/Dec/2019:22:24:09 +0800] "GET /tag/%E5%AE%89%E5%85%A8 HTTP/1.0" 200 8571 "-" "Mozilla/5.0 (Linux; Android 6.0.1; Nexus 5X Build/MMB29P) AppleWebKit/537.36 (KHTML, like Gecko) Chrome/41.0.2272.96 Mobile Safari/537.36 (compatible; Googlebot/2.1; +http://www.google.com/bot.html)"
66.249.79.25 - - [04/Dec/2019:22:24:17 +0800] "GET /page/12?jdfwkey=t3tlc2 HTTP/1.0" 200 11051 "-" "Mozilla/5.0 (Linux; Android 6.0.1; Nexus 5X Build/MMB29P) AppleWebKit/537.36 (KHTML, like Gecko) Chrome/41.0.2272.96 Mobile Safari/537.36 (compatible; Googlebot/2.1; +http://www.google.com/bot.html)"
54.36.149.9 - - [04/Dec/2019:22:24:22 +0800] "GET /1901.html/feed HTTP/1.0" 200 1034 "-" "Mozilla/5.0 (compatible; AhrefsBot/6.1; +http://ahrefs.com/robot/)"
66.249.79.25 - - [04/Dec/2019:22:24:25 +0800] "GET /page/10?jdfwkey=t3tlc2 HTTP/1.0" 200 10925 "-" "Mozilla/5.0 (compatible; Googlebot/2.1; +http://www.google.com/bot.html)"
66.249.79.8 - - [04/Dec/2019:22:24:39 +0800] "GET /tag/mac HTTP/1.0" 200 8864 "-" "Mozilla/5.0 (Linux; Android 6.0.1; Nexus 5X Build/MMB29P) AppleWebKit/537.36 (KHTML, like Gecko) Chrome/41.0.2272.96 Mobile Safari/537.36 (compatible; Googlebot/2.1; +http://www.google.com/bot.html)"
66.249.79.25 - - [04/Dec/2019:22:24:42 +0800] "GET /2012/05/11/%E7%9C%8B%E5%AE%8C%E8%BF%9920%E9%83%A8%E7%94%B5%E5%BD%B1%E7%9B%B8%E5%BD%93%E4%BA%8E%E5%AD%A6%E4%BA%86%E7%BB%8F%E6%B5%8E%E5%AD%A6%EF%BC%88%E6%8A%95%E8%B5%84%E7%90%86%E8%B4%A2%E5%BF%85%E7%9C%8B%E7%94%B5/ HTTP/1.0" 301 - "-" "Mozilla/5.0 (Linux; Android 6.0.1; Nexus 5X Build/MMB29P) AppleWebKit/537.36 (KHTML, like Gecko) Chrome/41.0.2272.96 Mobile Safari/537.36 (compatible; Googlebot/2.1; +http://www.google.com/bot.html)"
66.249.79.25 - - [04/Dec/2019:22:24:43 +0800] "GET /515.html HTTP/1.0" 200 16303 "-" "Mozilla/5.0 (Linux; Android 6.0.1; Nexus 5X Build/MMB29P) AppleWebKit/537.36 (KHTML, like Gecko) Chrome/41.0.2272.96 Mobile Safari/537.36 (compatible; Googlebot/2.1; +http://www.google.com/bot.html)"
66.249.79.25 - - [04/Dec/2019:22:24:46 +0800] "GET /%E5%85%B3%E4%BA%8E?jdfwkey=10lt71 HTTP/1.0" 200 9262 "-" "Mozilla/5.0 (Linux; Android 6.0.1; Nexus 5X Build/MMB29P) AppleWebKit/537.36 (KHTML, like Gecko) Chrome/41.0.2272.96 Mobile Safari/537.36 (compatible; Googlebot/2.1; +http://www.google.com/bot.html)"
66.249.79.25 - - [04/Dec/2019:22:24:47 +0800] "GET /date/2011/10 HTTP/1.0" 200 9465 "-" "Mozilla/5.0 (Linux; Android 6.0.1; Nexus 5X Build/MMB29P) AppleWebKit/537.36 (KHTML, like Gecko) Chrome/41.0.2272.96 Mobile Safari/537.36 (compatible; Googlebot/2.1; +http://www.google.com/bot.html)"
66.249.79.25 - - [04/Dec/2019:22:24:53 +0800] "POST /wp-json/wordpress-popular-posts/v1/popular-posts HTTP/1.0" 201 55 "http://www.crazyant.net/515.html" "Mozilla/5.0 (Linux; Android 6.0.1; Nexus 5X Build/MMB29P) AppleWebKit/537.36 (KHTML, like Gecko) Chrome/41.0.2272.96 Mobile Safari/537.36 (compatible; Googlebot/2.1; +http://www.google.com/bot.html)"
66.249.79.25 - - [04/Dec/2019:22:24:54 +0800] "POST /wp-json/wordpress-popular-posts/v1/popular-posts HTTP/1.0" 201 55 "http://www.crazyant.net/%E5%85%B3%E4%BA%8E?jdfwkey=10lt71" "Mozilla/5.0 (Linux; Android 6.0.1; Nexus 5X Build/MMB29P) AppleWebKit/537.36 (KHTML, like Gecko) Chrome/41.0.2272.96 Mobile Safari/537.36 (compatible; Googlebot/2.1; +http://www.google.com/bot.html)"
66.249.79.8 - - [04/Dec/2019:22:24:58 +0800] "GET /category/website HTTP/1.0" 200 10070 "-" "Mozilla/5.0 (compatible; Googlebot/2.1; +http://www.google.com/bot.html)"
66.249.79.27 - - [04/Dec/2019:22:25:08 +0800] "GET /?s=%E3%80%90%E2%94%8B%E6%8B%9B%E5%95%86%E9%83%A82%E2%92%8F7%E2%92%8F01705_%E6%89%A3%E3%80%93%E3%80%91%E5%8D%8E%E5%AE%87%E5%A8%B1%E4%B9%90%E6%98%AF%E9%BB%91%E5%B9%B3%E5%8F%B0 HTTP/1.0" 200 8383 "-" "Mozilla/5.0 (Linux; Android 6.0.1; Nexus 5X Build/MMB29P) AppleWebKit/537.36 (KHTML, like Gecko) Chrome/41.0.2272.96 Mobile Safari/537.36 (compatible; Googlebot/2.1; +http://www.google.com/bot.html)"
66.249.79.25 - - [04/Dec/2019:22:25:30 +0800] "GET /515.html?replytocom=1072 HTTP/1.0" 200 16338 "-" "Mozilla/5.0 (Linux; Android 6.0.1; Nexus 5X Build/MMB29P) AppleWebKit/537.36 (KHTML, like Gecko) Chrome/41.0.2272.96 Mobile Safari/537.36 (compatible; Googlebot/2.1; +http://www.google.com/bot.html)"
66.249.79.25 - - [04/Dec/2019:22:25:47 +0800] "GET /480.html HTTP/1.0" 200 10251 "-" "Mozilla/5.0 (Linux; Android 6.0.1; Nexus 5X Build/MMB29P) AppleWebKit/537.36 (KHTML, like Gecko) Chrome/41.0.2272.96 Mobile Safari/537.36 (compatible; Googlebot/2.1; +http://www.google.com/bot.html)"
66.249.79.25 - - [04/Dec/2019:22:25:47 +0800] "GET /author/peishuai1987/page/3?hwlwtu=rt0so3&hwbads=foo6o3&zkz HTTP/1.0" 200 10841 "-" "Mozilla/5.0 (Linux; Android 6.0.1; Nexus 5X Build/MMB29P) AppleWebKit/537.36 (KHTML, like Gecko) Chrome/41.0.2272.96 Mobile Safari/537.36 (compatible; Googlebot/2.1; +http://www.google.com/bot.html)"
66.249.79.25 - - [04/Dec/2019:22:25:50 +0800] "POST /wp-json/wordpress-popular-posts/v1/popular-posts HTTP/1.0" 201 55 "http://www.crazyant.net/480.html" "Mozilla/5.0 (Linux; Android 6.0.1; Nexus 5X Build/MMB29P) AppleWebKit/537.36 (KHTML, like Gecko) Chrome/41.0.2272.96 Mobile Safari/537.36 (compatible; Googlebot/2.1; +http://www.google.com/bot.html)"
123.125.71.74 - - [04/Dec/2019:22:26:05 +0800] "GET /2012/07/20/django1-4%E8%AE%BE%E7%BD%AE%E6%A8%A1%E6%9D%BF%E8%B7%AF%E5%BE%84%E5%92%8Ccssjsimage%E7%AD%89%E8%B7%AF%E5%BE%84%E7%9A%84%E6%96%B9%E6%B3%95/ HTTP/1.1" 444 0 "-" "Mozilla/5.0 (compatible; Baiduspider/2.0; +http://www.baidu.com/search/spider.html)"
66.249.79.29 - - [04/Dec/2019:22:26:25 +0800] "POST /wp-json/wordpress-popular-posts/v1/popular-posts HTTP/1.0" 201 55 "http://www.crazyant.net/515.html?replytocom=1072" "Mozilla/5.0 (Linux; Android 6.0.1; Nexus 5X Build/MMB29P) AppleWebKit/537.36 (KHTML, like Gecko) Chrome/41.0.2272.96 Mobile Safari/537.36 (compatible; Googlebot/2.1; +http://www.google.com/bot.html)"
66.249.79.25 - - [04/Dec/2019:22:26:32 +0800] "GET /date/2015/04 HTTP/1.0" 200 8665 "-" "Mozilla/5.0 (Linux; Android 6.0.1; Nexus 5X Build/MMB29P) AppleWebKit/537.36 (KHTML, like Gecko) Chrome/41.0.2272.96 Mobile Safari/537.36 (compatible; Googlebot/2.1; +http://www.google.com/bot.html)"
66.249.79.27 - - [04/Dec/2019:22:26:33 +0800] "GET /?s=%E6%B7%98%E7%B2%89%E5%90%A7%E9%99%84%E8%BF%91%E7%9A%84%E5%B0%8F%E5%8C%BA%E6%9C%89%E5%93%AA%E4%BA%9B%E6%80%BB%E7%9B%91%E5%BE%AE%E4%BF%A1gylm555&dqxylc=dtloo3 HTTP/1.0" 200 8357 "-" "Mozilla/5.0 (Linux; Android 6.0.1; Nexus 5X Build/MMB29P) AppleWebKit/537.36 (KHTML, like Gecko) Chrome/41.0.2272.96 Mobile Safari/537.36 (compatible; Googlebot/2.1; +http://www.google.com/bot.html)"
66.249.79.25 - - [04/Dec/2019:22:26:36 +0800] "GET /658.html?replytocom=1163 HTTP/1.0" 200 13479 "-" "Mozilla/5.0 (Linux; Android 6.0.1; Nexus 5X Build/MMB29P) AppleWebKit/537.36 (KHTML, like Gecko) Chrome/41.0.2272.96 Mobile Safari/537.36 (compatible; Googlebot/2.1; +http://www.google.com/bot.html)"
66.249.79.25 - - [04/Dec/2019:22:26:39 +0800] "GET /717.html?wmhqxe=afpzn3&nsjcry=vw6tl3&eyxizy=yoxql3 HTTP/1.0" 200 13092 "-" "Mozilla/5.0 (Linux; Android 6.0.1; Nexus 5X Build/MMB29P) AppleWebKit/537.36 (KHTML, like Gecko) Chrome/41.0.2272.96 Mobile Safari/537.36 (compatible; Googlebot/2.1; +http://www.google.com/bot.html)"
66.249.79.25 - - [04/Dec/2019:22:26:43 +0800] "POST /wp-json/wordpress-popular-posts/v1/popular-posts HTTP/1.0" 201 55 "http://www.crazyant.net/717.html?wmhqxe=afpzn3&nsjcry=vw6tl3&eyxizy=yoxql3" "Mozilla/5.0 (Linux; Android 6.0.1; Nexus 5X Build/MMB29P) AppleWebKit/537.36 (KHTML, like Gecko) Chrome/41.0.2272.96 Mobile Safari/537.36 (compatible; Googlebot/2.1; +http://www.google.com/bot.html)"
66.249.79.25 - - [04/Dec/2019:22:26:44 +0800] "GET /date/2011/03 HTTP/1.0" 200 9418 "-" "Mozilla/5.0 (Linux; Android 6.0.1; Nexus 5X Build/MMB29P) AppleWebKit/537.36 (KHTML, like Gecko) Chrome/41.0.2272.96 Mobile Safari/537.36 (compatible; Googlebot/2.1; +http://www.google.com/bot.html)"
66.249.79.25 - - [04/Dec/2019:22:26:54 +0800] "GET /658.html?replytocom=1154 HTTP/1.0" 200 13480 "-" "Mozilla/5.0 (Linux; Android 6.0.1; Nexus 5X Build/MMB29P) AppleWebKit/537.36 (KHTML, like Gecko) Chrome/41.0.2272.96 Mobile Safari/537.36 (compatible; Googlebot/2.1; +http://www.google.com/bot.html)"
23.226.77.99 - - [04/Dec/2019:22:26:57 +0800] "GET /1030.html?replytocom=10423 HTTP/1.0" 200 21948 "http://www.baidu.com" "Mozilla/4.0 (compatible; MSIE 9.0; Windows NT 6.1)"
66.249.79.29 - - [04/Dec/2019:22:27:01 +0800] "POST /wp-json/wordpress-popular-posts/v1/popular-posts HTTP/1.0" 201 55 "http://www.crazyant.net/658.html?replytocom=1154" "Mozilla/5.0 (Linux; Android 6.0.1; Nexus 5X Build/MMB29P) AppleWebKit/537.36 (KHTML, like Gecko) Chrome/41.0.2272.96 Mobile Safari/537.36 (compatible; Googlebot/2.1; +http://www.google.com/bot.html)"
66.249.79.25 - - [04/Dec/2019:22:27:06 +0800] "GET /658.html?replytocom=1158 HTTP/1.0" 200 13482 "-" "Mozilla/5.0 (Linux; Android 6.0.1; Nexus 5X Build/MMB29P) AppleWebKit/537.36 (KHTML, like Gecko) Chrome/41.0.2272.96 Mobile Safari/537.36 (compatible; Googlebot/2.1; +http://www.google.com/bot.html)"
174.138.57.235 - - [04/Dec/2019:22:27:08 +0800] "GET /feed HTTP/1.0" 200 4779 "-" "Mozilla/5.0 (Macintosh; Intel Mac OS X 10_13_6; +feeder.co) AppleWebKit/537.36 (KHTML, like Gecko) Chrome/67.0.3396.99 Safari/537.36"
66.249.79.25 - - [04/Dec/2019:22:27:31 +0800] "POST /wp-json/wordpress-popular-posts/v1/popular-posts HTTP/1.0" 201 55 "http://www.crazyant.net/658.html?replytocom=1158" "Mozilla/5.0 (Linux; Android 6.0.1; Nexus 5X Build/MMB29P) AppleWebKit/537.36 (KHTML, like Gecko) Chrome/41.0.2272.96 Mobile Safari/537.36 (compatible; Googlebot/2.1; +http://www.google.com/bot.html)"
66.249.79.25 - - [04/Dec/2019:22:27:49 +0800] "GET /?s=%E6%B7%98%E7%B2%89%E5%90%A7%E9%99%84%E8%BF%91%E7%9A%84%E5%B0%8F%E5%8C%BA%E6%9C%89%E5%93%AA%E4%BA%9B%E6%80%BB%E7%9B%91%E5%BE%AE%E4%BF%A1gylm555 HTTP/1.0" 200 8357 "-" "Mozilla/5.0 (Linux; Android 6.0.1; Nexus 5X Build/MMB29P) AppleWebKit/537.36 (KHTML, like Gecko) Chrome/41.0.2272.96 Mobile Safari/537.36 (compatible; Googlebot/2.1; +http://www.google.com/bot.html)"
46.229.168.139 - - [04/Dec/2019:22:27:50 +0800] "GET /robots.txt HTTP/1.0" 200 66 "-" "Mozilla/5.0 (compatible; SemrushBot/6~bl; +http://www.semrush.com/bot.html)"
46.229.168.163 - - [04/Dec/2019:22:27:51 +0800] "GET /1898.html HTTP/1.0" 200 12038 "-" "Mozilla/5.0 (compatible; SemrushBot/6~bl; +http://www.semrush.com/bot.html)"
66.249.79.27 - - [04/Dec/2019:22:28:03 +0800] "GET /?s=%E6%9D%8F%E5%BD%A9%E5%A8%B1%E4%B9%90%E5%93%AA%E9%87%8C%E6%B3%A8%E5%86%8C%E5%A5%BD%E3%80%90%E2%94%8B%E4%BF%A1%E8%AA%89217%E2%92%8B31(%E6%89%A3)%E3%80%93%E3%80%91 HTTP/1.0" 200 8384 "-" "Mozilla/5.0 (Linux; Android 6.0.1; Nexus 5X Build/MMB29P) AppleWebKit/537.36 (KHTML, like Gecko) Chrome/41.0.2272.96 Mobile Safari/537.36 (compatible; Googlebot/2.1; +http://www.google.com/bot.html)"
54.36.149.66 - - [04/Dec/2019:22:28:06 +0800] "GET /1001.html HTTP/1.0" 200 23133 "-" "Mozilla/5.0 (compatible; AhrefsBot/6.1; +http://ahrefs.com/robot/)"
66.249.79.27 - - [04/Dec/2019:22:28:16 +0800] "GET /author/peishuai1987/page/25?jdfwkey=ktxvu3&xkxuvc=5iifo&oabudq=yfhtn3&nivqtu=zoxxo&pibade=vv5un3&aszyxk=imj1m3&ciranq=u8j2o3 HTTP/1.0" 200 10793 "-" "Mozilla/5.0 (Linux; Android 6.0.1; Nexus 5X Build/MMB29P) AppleWebKit/537.36 (KHTML, like Gecko) Chrome/41.0.2272.96 Mobile Safari/537.36 (compatible; Googlebot/2.1; +http://www.google.com/bot.html)"
66.249.79.8 - - [04/Dec/2019:22:29:28 +0800] "GET /tag/echarts HTTP/1.0" 200 8632 "-" "Mozilla/5.0 (compatible; Googlebot/2.1; +http://www.google.com/bot.html)"
66.249.79.27 - - [04/Dec/2019:22:29:49 +0800] "GET /date/2012/08 HTTP/1.0" 200 10996 "-" "Mozilla/5.0 (Linux; Android 6.0.1; Nexus 5X Build/MMB29P) AppleWebKit/537.36 (KHTML, like Gecko) Chrome/41.0.2272.96 Mobile Safari/537.36 (compatible; Googlebot/2.1; +http://www.google.com/bot.html)"
66.249.79.29 - - [04/Dec/2019:22:30:13 +0800] "GET /author/peishuai1987/page/24?jdfwkey=jft7y&fgjovy=lu95o3 HTTP/1.0" 200 10661 "-" "Mozilla/5.0 (Linux; Android 6.0.1; Nexus 5X Build/MMB29P) AppleWebKit/537.36 (KHTML, like Gecko) Chrome/41.0.2272.96 Mobile Safari/537.36 (compatible; Googlebot/2.1; +http://www.google.com/bot.html)"
106.11.153.226 - - [04/Dec/2019:22:30:14 +0800] "GET /%E7%95%99%E8%A8%80%E5%B0%8F%E6%9C%AC?replytocom=10421 HTTP/1.0" 200 18596 "-" "YisouSpider"
106.11.157.254 - - [04/Dec/2019:22:30:22 +0800] "GET /page/9?eipata=0l33a2&jsbqvo=rbxou3&kavepi=015vr3&lmtydg=rhwq62&rezcds=rzxgo3&zmrcdo=hbvoj2 HTTP/1.0" 200 11135 "-" "YisouSpider"
42.156.136.74 - - [04/Dec/2019:22:30:22 +0800] "POST /wp-json/wordpress-popular-posts/v1/popular-posts HTTP/1.0" 201 55 "http://www.crazyant.net/%E7%95%99%E8%A8%80%E5%B0%8F%E6%9C%AC?replytocom=10421" "Mozilla/5.0 (Windows NT 6.1; Win64; x64) AppleWebKit/537.36 (KHTML, like Gecko) Chrome/69.0.3497.81 YisouSpider/5.0 Safari/537.36"
54.36.150.137 - - [04/Dec/2019:22:30:54 +0800] "GET /tag/seo HTTP/1.0" 200 9002 "-" "Mozilla/5.0 (compatible; AhrefsBot/6.1; +http://ahrefs.com/robot/)"
66.249.79.27 - - [04/Dec/2019:22:31:08 +0800] "GET /1901.html?replytocom=10930 HTTP/1.0" 200 12969 "-" "Mozilla/5.0 (Linux; Android 6.0.1; Nexus 5X Build/MMB29P) AppleWebKit/537.36 (KHTML, like Gecko) Chrome/41.0.2272.96 Mobile Safari/537.36 (compatible; Googlebot/2.1; +http://www.google.com/bot.html)"
