66.249.79.27 - - [03/Dec/2019:22:35:05 +0800] "GET /2525.html HTTP/1.0" 200 12653 "-" "Mozilla/5.0 (Linux; Android 6.0.1; Nexus 5X Build/MMB29P) AppleWebKit/537.36 (KHTML, like Gecko) Chrome/41.0.2272.96 Mobile Safari/537.36 (compatible; Googlebot/2.1; +http://www.google.com/bot.html)"
54.36.150.154 - - [03/Dec/2019:22:35:36 +0800] "GET /tag/phpmyadmin HTTP/1.0" 200 8633 "-" "Mozilla/5.0 (compatible; AhrefsBot/6.1; +http://ahrefs.com/robot/)"
106.11.156.234 - - [03/Dec/2019:22:35:59 +0800] "GET /130.html HTTP/1.0" 200 11356 "-" "YisouSpider"
106.11.156.86 - - [03/Dec/2019:22:36:02 +0800] "POST /wp-json/wordpress-popular-posts/v1/popular-posts HTTP/1.0" 201 55 "http://www.crazyant.net/130.html" "Mozilla/5.0 (Windows NT 6.1; Win64; x64) AppleWebKit/537.36 (KHTML, like Gecko) Chrome/69.0.3497.81 YisouSpider/5.0 Safari/537.36"
106.11.153.226 - - [03/Dec/2019:22:36:08 +0800] "GET /?s=%E6%9D%8F%E5%BD%A9%E5%BC%80%E5%A5%96%E6%97%B6%E9%97%B4%E4%B8%8D%E5%AF%B9%E3%80%90%E2%94%83%E7%BB%99%E5%8A%9B%EF%BC%9217%E2%92%8B31[%EF%BC%B1%E3%80%91%E3%80%91 HTTP/1.0" 200 8370 "-" "YisouSpider"
40.77.167.34 - - [03/Dec/2019:22:36:30 +0800] "GET /wp-content/plugins/table-of-contents-plus/front.min.js HTTP/1.1" 200 2349 "-" "msnbot/2.0b (+http://search.msn.com/msnbot.htm)"
66.249.79.25 - - [03/Dec/2019:22:37:10 +0800] "GET /140.html?replytocom=928 HTTP/1.0" 404 35059 "-" "Mozilla/5.0 (Linux; Android 6.0.1; Nexus 5X Build/MMB29P) AppleWebKit/537.36 (KHTML, like Gecko) Chrome/41.0.2272.96 Mobile Safari/537.36 (compatible; Googlebot/2.1; +http://www.google.com/bot.html)"
104.248.68.63 - - [03/Dec/2019:22:37:30 +0800] "HEAD / HTTP/1.0" 301 - "http://www.google.com" "Mozilla/4.0 (compatible; MSIE 8.0; Windows NT 6.1; WOW64; Trident/4.0; SLCC2; .NET CLR 2.0.50727; .NET CLR 3.5.30729; .NET CLR 3.0.30729; Media Center PC 6.0; .NET4.0C; .NET4.0E)"
104.248.68.63 - - [03/Dec/2019:22:37:31 +0800] "HEAD / HTTP/1.0" 200 - "http://www.google.com" "Mozilla/4.0 (compatible; MSIE 8.0; Windows NT 6.1; WOW64; Trident/4.0; SLCC2; .NET CLR 2.0.50727; .NET CLR 3.5.30729; .NET CLR 3.0.30729; Media Center PC 6.0; .NET4.0C; .NET4.0E)"
59.110.165.235 - - [03/Dec/2019:22:38:01 +0800] "GET /rss HTTP/1.0" 301 - "-" "Apache-HttpClient/4.5.8 (Java/1.8.0_111)"
59.110.165.235 - - [03/Dec/2019:22:38:02 +0800] "GET /feed HTTP/1.0" 200 4779 "-" "Apache-HttpClient/4.5.8 (Java/1.8.0_111)"
66.249.79.27 - - [03/Dec/2019:22:38:38 +0800] "GET /2598.html HTTP/1.0" 200 12936 "-" "Mozilla/5.0 (Linux; Android 6.0.1; Nexus 5X Build/MMB29P) AppleWebKit/537.36 (KHTML, like Gecko) Chrome/41.0.2272.96 Mobile Safari/537.36 (compatible; Googlebot/2.1; +http://www.google.com/bot.html)"
49.112.152.208 - - [03/Dec/2019:22:38:50 +0800] "GET /favicon.ico HTTP/1.1" 200 0 "-" "Mozilla/5.0 (Windows NT 6.1; WOW64) AppleWebKit/537.36 (KHTML, like Gecko) Chrome/63.0.3239.132 Safari/537.36"
54.36.148.98 - - [03/Dec/2019:22:39:07 +0800] "GET /1789.html HTTP/1.0" 200 11492 "-" "Mozilla/5.0 (compatible; AhrefsBot/6.1; +http://ahrefs.com/robot/)"
123.125.71.101 - - [03/Dec/2019:22:39:13 +0800] "GET /1203.html HTTP/1.1" 444 0 "-" "Mozilla/5.0 (compatible; Baiduspider/2.0; +http://www.baidu.com/search/spider.html)"
42.236.10.82 - - [03/Dec/2019:22:39:16 +0800] "GET / HTTP/1.0" 200 10415 "http://www.crazyant.net/" "Mozilla/5.0 (Windows NT 6.1; WOW64) AppleWebKit/537.36 (KHTML, like Gecko) Chrome/50.0.2661.102 Safari/537.36; 360Spider"
106.11.157.254 - - [03/Dec/2019:22:39:20 +0800] "GET /tag/qt HTTP/1.0" 200 8758 "-" "YisouSpider"
209.251.20.41 - - [03/Dec/2019:22:39:42 +0800] "GET /796.html/comment-page-1 HTTP/1.0" 301 - "-" "Mozilla/5.0 (Windows NT 10.0; Win64; x64) AppleWebKit/537.36 (KHTML, like Gecko) Chrome/71.0.3578.98 Safari/537.36"
209.251.20.41 - - [03/Dec/2019:22:39:43 +0800] "GET /796.html HTTP/1.0" 200 100410 "-" "Mozilla/5.0 (Windows NT 10.0; Win64; x64) AppleWebKit/537.36 (KHTML, like Gecko) Chrome/71.0.3578.98 Safari/537.36"
92.38.129.153 - - [03/Dec/2019:22:39:49 +0800] "GET /feed/ HTTP/1.0" 301 - "-" "Tiny Tiny RSS/19.02 (http://tt-rss.org/)"
92.38.129.153 - - [03/Dec/2019:22:39:49 +0800] "GET /feed HTTP/1.0" 200 4779 "-" "Tiny Tiny RSS/19.02 (http://tt-rss.org/)"
47.105.170.18 - - [03/Dec/2019:22:40:02 +0800] "GET /js/comm.js HTTP/1.0" 404 35012 "http://www.crazyant.net/js/comm.js" "Mozilla/5.0 (compatible; MSIE 9.0; Windows NT 6.1; Win64; x64; Trident/5.0)"
47.105.170.18 - - [03/Dec/2019:22:40:03 +0800] "GET /data/admin/allowurl.txt HTTP/1.0" 404 35012 "http://www.crazyant.net/data/admin/allowurl.txt" "Mozilla/5.0 (compatible; MSIE 9.0; Windows NT 6.1; Win64; x64; Trident/5.0)"
66.249.79.29 - - [03/Dec/2019:22:40:36 +0800] "GET /1426.html HTTP/1.0" 200 10767 "-" "Mozilla/5.0 (compatible; Googlebot/2.1; +http://www.google.com/bot.html)"
66.249.79.27 - - [03/Dec/2019:22:40:45 +0800] "GET /2336.html HTTP/1.0" 200 13092 "-" "Mozilla/5.0 (Linux; Android 6.0.1; Nexus 5X Build/MMB29P) AppleWebKit/537.36 (KHTML, like Gecko) Chrome/41.0.2272.96 Mobile Safari/537.36 (compatible; Googlebot/2.1; +http://www.google.com/bot.html)"
66.249.79.25 - - [03/Dec/2019:22:40:51 +0800] "GET /155.html HTTP/1.0" 200 10186 "-" "Mozilla/5.0 (Linux; Android 6.0.1; Nexus 5X Build/MMB29P) AppleWebKit/537.36 (KHTML, like Gecko) Chrome/41.0.2272.96 Mobile Safari/537.36 (compatible; Googlebot/2.1; +http://www.google.com/bot.html)"
66.249.79.25 - - [03/Dec/2019:22:41:03 +0800] "GET /449.html HTTP/1.0" 200 10493 "-" "Mozilla/5.0 (Linux; Android 6.0.1; Nexus 5X Build/MMB29P) AppleWebKit/537.36 (KHTML, like Gecko) Chrome/41.0.2272.96 Mobile Safari/537.36 (compatible; Googlebot/2.1; +http://www.google.com/bot.html)"
66.249.79.25 - - [03/Dec/2019:22:41:21 +0800] "GET /234.html HTTP/1.0" 200 12720 "-" "Mozilla/5.0 (Linux; Android 6.0.1; Nexus 5X Build/MMB29P) AppleWebKit/537.36 (KHTML, like Gecko) Chrome/41.0.2272.96 Mobile Safari/537.36 (compatible; Googlebot/2.1; +http://www.google.com/bot.html)"
66.249.79.25 - - [03/Dec/2019:22:41:47 +0800] "GET /1309.html HTTP/1.0" 200 11947 "-" "Mozilla/5.0 (Linux; Android 6.0.1; Nexus 5X Build/MMB29P) AppleWebKit/537.36 (KHTML, like Gecko) Chrome/41.0.2272.96 Mobile Safari/537.36 (compatible; Googlebot/2.1; +http://www.google.com/bot.html)"
66.249.79.10 - - [03/Dec/2019:22:42:03 +0800] "GET /tag/echarts HTTP/1.0" 200 8632 "-" "Mozilla/5.0 (Linux; Android 6.0.1; Nexus 5X Build/MMB29P) AppleWebKit/537.36 (KHTML, like Gecko) Chrome/41.0.2272.96 Mobile Safari/537.36 (compatible; Googlebot/2.1; +http://www.google.com/bot.html)"
223.104.25.86 - - [03/Dec/2019:22:42:08 +0800] "GET / HTTP/1.0" 200 10415 "https://www.baidu.com/link?url=9rig3ElsRFThGg7de85U7Ckqmgqe3J8QGAy88Bna2eQiGU_SCjDobR5QW31tc97D&wd=&eqid=a671fb070038b5bf000000065de67437" "Mozilla/5.0 (Windows NT 10.0; Win64; x64) AppleWebKit/537.36 (KHTML, like Gecko) Chrome/78.0.3904.108 Safari/537.36"
223.104.25.86 - - [03/Dec/2019:22:42:09 +0800] "GET /wp-content/plugins/bibblio-related-posts/public/css/bibblio_related_posts.min.css HTTP/1.0" 200 42 "http://www.crazyant.net/" "Mozilla/5.0 (Windows NT 10.0; Win64; x64) AppleWebKit/537.36 (KHTML, like Gecko) Chrome/78.0.3904.108 Safari/537.36"
223.104.25.86 - - [03/Dec/2019:22:42:09 +0800] "GET /wp-includes/css/dist/block-library/theme.min.css HTTP/1.0" 200 639 "http://www.crazyant.net/" "Mozilla/5.0 (Windows NT 10.0; Win64; x64) AppleWebKit/537.36 (KHTML, like Gecko) Chrome/78.0.3904.108 Safari/537.36"
223.104.25.86 - - [03/Dec/2019:22:42:09 +0800] "GET /wp-includes/css/dist/block-library/style.min.css HTTP/1.0" 200 6163 "http://www.crazyant.net/" "Mozilla/5.0 (Windows NT 10.0; Win64; x64) AppleWebKit/537.36 (KHTML, like Gecko) Chrome/78.0.3904.108 Safari/537.36"
223.104.25.86 - - [03/Dec/2019:22:42:09 +0800] "GET /wp-content/plugins/cardoza-3d-tag-cloud//public/css/my-style.min.css HTTP/1.0" 200 218 "http://www.crazyant.net/" "Mozilla/5.0 (Windows NT 10.0; Win64; x64) AppleWebKit/537.36 (KHTML, like Gecko) Chrome/78.0.3904.108 Safari/537.36"
223.104.25.86 - - [03/Dec/2019:22:42:09 +0800] "GET /wp-content/plugins/table-of-contents-plus/screen.min.css HTTP/1.0" 200 456 "http://www.crazyant.net/" "Mozilla/5.0 (Windows NT 10.0; Win64; x64) AppleWebKit/537.36 (KHTML, like Gecko) Chrome/78.0.3904.108 Safari/537.36"
223.104.25.86 - - [03/Dec/2019:22:42:09 +0800] "GET /wp-content/plugins/wordpress-popular-posts/assets/css/wordpress-popular-posts-css.min.css HTTP/1.0" 200 229 "http://www.crazyant.net/" "Mozilla/5.0 (Windows NT 10.0; Win64; x64) AppleWebKit/537.36 (KHTML, like Gecko) Chrome/78.0.3904.108 Safari/537.36"
223.104.25.86 - - [03/Dec/2019:22:42:09 +0800] "GET /wp-content/themes/twentyfifteen/genericons/genericons.min.css HTTP/1.0" 200 16232 "http://www.crazyant.net/" "Mozilla/5.0 (Windows NT 10.0; Win64; x64) AppleWebKit/537.36 (KHTML, like Gecko) Chrome/78.0.3904.108 Safari/537.36"
223.104.25.86 - - [03/Dec/2019:22:42:09 +0800] "GET /wp-content/themes/twentyfifteen/css/twentyfifteen-block-style.min.css HTTP/1.0" 200 1596 "http://www.crazyant.net/" "Mozilla/5.0 (Windows NT 10.0; Win64; x64) AppleWebKit/537.36 (KHTML, like Gecko) Chrome/78.0.3904.108 Safari/537.36"
223.104.25.86 - - [03/Dec/2019:22:42:09 +0800] "GET /wp-content/themes/twentyfifteen/twentyfifteen-style.min.css HTTP/1.0" 200 11037 "http://www.crazyant.net/" "Mozilla/5.0 (Windows NT 10.0; Win64; x64) AppleWebKit/537.36 (KHTML, like Gecko) Chrome/78.0.3904.108 Safari/537.36"
223.104.25.86 - - [03/Dec/2019:22:42:09 +0800] "GET /wp-content/plugins/easy-fancybox/css/jquery.fancybox.min.css HTTP/1.0" 200 1111 "http://www.crazyant.net/" "Mozilla/5.0 (Windows NT 10.0; Win64; x64) AppleWebKit/537.36 (KHTML, like Gecko) Chrome/78.0.3904.108 Safari/537.36"
223.104.25.86 - - [03/Dec/2019:22:42:09 +0800] "GET /wp-includes/js/jquery/jquery.js HTTP/1.0" 200 33776 "http://www.crazyant.net/" "Mozilla/5.0 (Windows NT 10.0; Win64; x64) AppleWebKit/537.36 (KHTML, like Gecko) Chrome/78.0.3904.108 Safari/537.36"
223.104.25.86 - - [03/Dec/2019:22:42:09 +0800] "GET /wp-includes/js/jquery/jquery-migrate.min.js HTTP/1.0" 200 4014 "http://www.crazyant.net/" "Mozilla/5.0 (Windows NT 10.0; Win64; x64) AppleWebKit/537.36 (KHTML, like Gecko) Chrome/78.0.3904.108 Safari/537.36"
223.104.25.86 - - [03/Dec/2019:22:42:09 +0800] "GET /wp-content/uploads/siteground-optimizer-assets/bibblio_related_posts.min.js HTTP/1.0" 200 37 "http://www.crazyant.net/" "Mozilla/5.0 (Windows NT 10.0; Win64; x64) AppleWebKit/537.36 (KHTML, like Gecko) Chrome/78.0.3904.108 Safari/537.36"
223.104.25.86 - - [03/Dec/2019:22:42:09 +0800] "GET /wp-content/plugins/cardoza-3d-tag-cloud/jquery.tagcanvas.min.js HTTP/1.0" 200 8629 "http://www.crazyant.net/" "Mozilla/5.0 (Windows NT 10.0; Win64; x64) AppleWebKit/537.36 (KHTML, like Gecko) Chrome/78.0.3904.108 Safari/537.36"
223.104.25.86 - - [03/Dec/2019:22:42:09 +0800] "GET /wp-includes/js/wp-embed.min.js HTTP/1.0" 200 740 "http://www.crazyant.net/" "Mozilla/5.0 (Windows NT 10.0; Win64; x64) AppleWebKit/537.36 (KHTML, like Gecko) Chrome/78.0.3904.108 Safari/537.36"
223.104.25.86 - - [03/Dec/2019:22:42:09 +0800] "GET /wp-content/plugins/wordpress-popular-posts/assets/js/wpp-5.0.0.min.js HTTP/1.0" 200 744 "http://www.crazyant.net/" "Mozilla/5.0 (Windows NT 10.0; Win64; x64) AppleWebKit/537.36 (KHTML, like Gecko) Chrome/78.0.3904.108 Safari/537.36"
223.104.25.86 - - [03/Dec/2019:22:42:09 +0800] "GET /wp-content/uploads/2019/08/%E5%B0%8F%E5%9B%BE.jpg HTTP/1.0" 200 5582 "http://www.crazyant.net/" "Mozilla/5.0 (Windows NT 10.0; Win64; x64) AppleWebKit/537.36 (KHTML, like Gecko) Chrome/78.0.3904.108 Safari/537.36"
223.104.25.86 - - [03/Dec/2019:22:42:10 +0800] "GET /wp-content/plugins/table-of-contents-plus/front.min.js HTTP/1.1" 200 2349 "http://www.crazyant.net/" "Mozilla/5.0 (Windows NT 10.0; Win64; x64) AppleWebKit/537.36 (KHTML, like Gecko) Chrome/78.0.3904.108 Safari/537.36"
223.104.25.86 - - [03/Dec/2019:22:42:10 +0800] "GET /wp-content/uploads/siteground-optimizer-assets/twentyfifteen-skip-link-focus-fix.min.js HTTP/1.0" 200 275 "http://www.crazyant.net/" "Mozilla/5.0 (Windows NT 10.0; Win64; x64) AppleWebKit/537.36 (KHTML, like Gecko) Chrome/78.0.3904.108 Safari/537.36"
223.104.25.86 - - [03/Dec/2019:22:42:10 +0800] "GET /wp-content/uploads/siteground-optimizer-assets/twentyfifteen-script.min.js HTTP/1.0" 200 1331 "http://www.crazyant.net/" "Mozilla/5.0 (Windows NT 10.0; Win64; x64) AppleWebKit/537.36 (KHTML, like Gecko) Chrome/78.0.3904.108 Safari/537.36"
223.104.25.86 - - [03/Dec/2019:22:42:10 +0800] "GET /wp-content/plugins/easy-fancybox/js/jquery.easing.min.js HTTP/1.0" 200 767 "http://www.crazyant.net/" "Mozilla/5.0 (Windows NT 10.0; Win64; x64) AppleWebKit/537.36 (KHTML, like Gecko) Chrome/78.0.3904.108 Safari/537.36"
223.104.25.86 - - [03/Dec/2019:22:42:10 +0800] "GET /wp-content/plugins/easy-fancybox/js/jquery.mousewheel.min.js HTTP/1.0" 200 1145 "http://www.crazyant.net/" "Mozilla/5.0 (Windows NT 10.0; Win64; x64) AppleWebKit/537.36 (KHTML, like Gecko) Chrome/78.0.3904.108 Safari/537.36"
223.104.25.86 - - [03/Dec/2019:22:42:10 +0800] "GET /wp-content/plugins/easy-fancybox/js/jquery.fancybox.min.js HTTP/1.0" 200 6330 "http://www.crazyant.net/" "Mozilla/5.0 (Windows NT 10.0; Win64; x64) AppleWebKit/537.36 (KHTML, like Gecko) Chrome/78.0.3904.108 Safari/537.36"
223.104.25.86 - - [03/Dec/2019:22:42:10 +0800] "GET /favicon.ico HTTP/1.1" 200 0 "http://www.crazyant.net/" "Mozilla/5.0 (Windows NT 10.0; Win64; x64) AppleWebKit/537.36 (KHTML, like Gecko) Chrome/78.0.3904.108 Safari/537.36"
146.66.92.61 - - [03/Dec/2019:22:42:25 +0800] "POST /wp-cron.php?doing_wp_cron=1575384145.3127810955047607421875 HTTP/1.0" 200 - "http://www.crazyant.net/wp-cron.php?doing_wp_cron=1575384145.3127810955047607421875" "WordPress/5.3; http://www.crazyant.net"
223.104.25.86 - - [03/Dec/2019:22:42:25 +0800] "GET / HTTP/1.0" 200 10415 "-" "Mozilla/5.0 (Windows NT 10.0; Win64; x64) AppleWebKit/537.36 (KHTML, like Gecko) Chrome/78.0.3904.108 Safari/537.36"
223.104.25.86 - - [03/Dec/2019:22:42:26 +0800] "GET /favicon.ico HTTP/1.1" 200 0 "http://www.crazyant.net/" "Mozilla/5.0 (Windows NT 10.0; Win64; x64) AppleWebKit/537.36 (KHTML, like Gecko) Chrome/78.0.3904.108 Safari/537.36"
66.249.79.25 - - [03/Dec/2019:22:42:26 +0800] "GET /1072.html HTTP/1.0" 200 10819 "-" "Mozilla/5.0 (compatible; Googlebot/2.1; +http://www.google.com/bot.html)"
223.104.25.86 - - [03/Dec/2019:22:43:07 +0800] "GET /page/2 HTTP/1.0" 200 10666 "http://www.crazyant.net/" "Mozilla/5.0 (Windows NT 10.0; Win64; x64) AppleWebKit/537.36 (KHTML, like Gecko) Chrome/78.0.3904.108 Safari/537.36"
223.104.25.86 - - [03/Dec/2019:22:43:26 +0800] "GET /page/2 HTTP/1.0" 200 10666 "http://www.crazyant.net/" "Mozilla/5.0 (Windows NT 10.0; Win64; x64) AppleWebKit/537.36 (KHTML, like Gecko) Chrome/78.0.3904.108 Safari/537.36"
223.104.25.86 - - [03/Dec/2019:22:43:27 +0800] "GET /favicon.ico HTTP/1.1" 200 0 "http://www.crazyant.net/page/2" "Mozilla/5.0 (Windows NT 10.0; Win64; x64) AppleWebKit/537.36 (KHTML, like Gecko) Chrome/78.0.3904.108 Safari/537.36"
223.104.25.86 - - [03/Dec/2019:22:43:32 +0800] "GET /page/2 HTTP/1.0" 200 10666 "http://www.crazyant.net/" "Mozilla/5.0 (Windows NT 10.0; Win64; x64) AppleWebKit/537.36 (KHTML, like Gecko) Chrome/78.0.3904.108 Safari/537.36"
223.104.25.86 - - [03/Dec/2019:22:43:33 +0800] "GET /favicon.ico HTTP/1.1" 200 0 "http://www.crazyant.net/page/2" "Mozilla/5.0 (Windows NT 10.0; Win64; x64) AppleWebKit/537.36 (KHTML, like Gecko) Chrome/78.0.3904.108 Safari/537.36"
180.171.89.56 - - [03/Dec/2019:22:43:45 +0800] "GET /1946.html HTTP/1.0" 200 11069 "https://www.google.com/" "Mozilla/5.0 (Macintosh; Intel Mac OS X 10_15_1) AppleWebKit/537.36 (KHTML, like Gecko) Chrome/78.0.3904.108 Safari/537.36"
180.171.89.56 - - [03/Dec/2019:22:43:46 +0800] "GET /wp-includes/css/dist/block-library/style.min.css HTTP/1.1" 200 6163 "http://www.crazyant.net/1946.html" "Mozilla/5.0 (Macintosh; Intel Mac OS X 10_15_1) AppleWebKit/537.36 (KHTML, like Gecko) Chrome/78.0.3904.108 Safari/537.36"
180.171.89.56 - - [03/Dec/2019:22:43:46 +0800] "GET /wp-includes/css/dist/block-library/theme.min.css HTTP/1.1" 200 639 "http://www.crazyant.net/1946.html" "Mozilla/5.0 (Macintosh; Intel Mac OS X 10_15_1) AppleWebKit/537.36 (KHTML, like Gecko) Chrome/78.0.3904.108 Safari/537.36"
180.171.89.56 - - [03/Dec/2019:22:43:48 +0800] "GET /wp-content/plugins/bibblio-related-posts/public/css/bibblio_related_posts.min.css HTTP/1.1" 200 42 "http://www.crazyant.net/1946.html" "Mozilla/5.0 (Macintosh; Intel Mac OS X 10_15_1) AppleWebKit/537.36 (KHTML, like Gecko) Chrome/78.0.3904.108 Safari/537.36"
180.171.89.56 - - [03/Dec/2019:22:43:48 +0800] "GET /wp-content/plugins/cardoza-3d-tag-cloud//public/css/my-style.min.css HTTP/1.1" 200 218 "http://www.crazyant.net/1946.html" "Mozilla/5.0 (Macintosh; Intel Mac OS X 10_15_1) AppleWebKit/537.36 (KHTML, like Gecko) Chrome/78.0.3904.108 Safari/537.36"
180.171.89.56 - - [03/Dec/2019:22:43:50 +0800] "GET /wp-content/plugins/table-of-contents-plus/screen.min.css HTTP/1.1" 200 456 "http://www.crazyant.net/1946.html" "Mozilla/5.0 (Macintosh; Intel Mac OS X 10_15_1) AppleWebKit/537.36 (KHTML, like Gecko) Chrome/78.0.3904.108 Safari/537.36"
180.171.89.56 - - [03/Dec/2019:22:43:51 +0800] "GET /wp-content/plugins/wordpress-popular-posts/assets/css/wordpress-popular-posts-css.min.css HTTP/1.1" 200 229 "http://www.crazyant.net/1946.html" "Mozilla/5.0 (Macintosh; Intel Mac OS X 10_15_1) AppleWebKit/537.36 (KHTML, like Gecko) Chrome/78.0.3904.108 Safari/537.36"
180.171.89.56 - - [03/Dec/2019:22:43:53 +0800] "GET /wp-content/themes/twentyfifteen/twentyfifteen-style.min.css HTTP/1.1" 200 11037 "http://www.crazyant.net/1946.html" "Mozilla/5.0 (Macintosh; Intel Mac OS X 10_15_1) AppleWebKit/537.36 (KHTML, like Gecko) Chrome/78.0.3904.108 Safari/537.36"
180.171.89.56 - - [03/Dec/2019:22:43:54 +0800] "GET /wp-content/themes/twentyfifteen/genericons/genericons.min.css HTTP/1.1" 200 16232 "http://www.crazyant.net/1946.html" "Mozilla/5.0 (Macintosh; Intel Mac OS X 10_15_1) AppleWebKit/537.36 (KHTML, like Gecko) Chrome/78.0.3904.108 Safari/537.36"
180.171.89.56 - - [03/Dec/2019:22:43:55 +0800] "GET /wp-content/themes/twentyfifteen/css/twentyfifteen-block-style.min.css HTTP/1.1" 200 1596 "http://www.crazyant.net/1946.html" "Mozilla/5.0 (Macintosh; Intel Mac OS X 10_15_1) AppleWebKit/537.36 (KHTML, like Gecko) Chrome/78.0.3904.108 Safari/537.36"
180.171.89.56 - - [03/Dec/2019:22:43:56 +0800] "GET /wp-content/plugins/easy-fancybox/css/jquery.fancybox.min.css HTTP/1.1" 200 1111 "http://www.crazyant.net/1946.html" "Mozilla/5.0 (Macintosh; Intel Mac OS X 10_15_1) AppleWebKit/537.36 (KHTML, like Gecko) Chrome/78.0.3904.108 Safari/537.36"
180.171.89.56 - - [03/Dec/2019:22:43:56 +0800] "GET /wp-includes/js/jquery/jquery.js HTTP/1.1" 200 33776 "http://www.crazyant.net/1946.html" "Mozilla/5.0 (Macintosh; Intel Mac OS X 10_15_1) AppleWebKit/537.36 (KHTML, like Gecko) Chrome/78.0.3904.108 Safari/537.36"
180.171.89.56 - - [03/Dec/2019:22:43:58 +0800] "GET /wp-includes/js/jquery/jquery-migrate.min.js HTTP/1.1" 200 4014 "http://www.crazyant.net/1946.html" "Mozilla/5.0 (Macintosh; Intel Mac OS X 10_15_1) AppleWebKit/537.36 (KHTML, like Gecko) Chrome/78.0.3904.108 Safari/537.36"
180.171.89.56 - - [03/Dec/2019:22:43:59 +0800] "GET /wp-includes/js/wp-embed.min.js HTTP/1.1" 200 740 "http://www.crazyant.net/1946.html" "Mozilla/5.0 (Macintosh; Intel Mac OS X 10_15_1) AppleWebKit/537.36 (KHTML, like Gecko) Chrome/78.0.3904.108 Safari/537.36"
180.171.89.56 - - [03/Dec/2019:22:43:59 +0800] "GET /wp-content/plugins/cardoza-3d-tag-cloud/jquery.tagcanvas.min.js HTTP/1.1" 200 8629 "http://www.crazyant.net/1946.html" "Mozilla/5.0 (Macintosh; Intel Mac OS X 10_15_1) AppleWebKit/537.36 (KHTML, like Gecko) Chrome/78.0.3904.108 Safari/537.36"
180.171.89.56 - - [03/Dec/2019:22:44:00 +0800] "GET /wp-content/uploads/siteground-optimizer-assets/bibblio_related_posts.min.js HTTP/1.1" 200 37 "http://www.crazyant.net/1946.html" "Mozilla/5.0 (Macintosh; Intel Mac OS X 10_15_1) AppleWebKit/537.36 (KHTML, like Gecko) Chrome/78.0.3904.108 Safari/537.36"
180.171.89.56 - - [03/Dec/2019:22:44:01 +0800] "GET /wp-content/plugins/wordpress-popular-posts/assets/js/wpp-5.0.0.min.js HTTP/1.1" 200 744 "http://www.crazyant.net/1946.html" "Mozilla/5.0 (Macintosh; Intel Mac OS X 10_15_1) AppleWebKit/537.36 (KHTML, like Gecko) Chrome/78.0.3904.108 Safari/537.36"
180.171.89.56 - - [03/Dec/2019:22:44:01 +0800] "GET /wp-content/uploads/2016/05/QQ20160526-0.png HTTP/1.0" 200 9058 "http://www.crazyant.net/1946.html" "Mozilla/5.0 (Macintosh; Intel Mac OS X 10_15_1) AppleWebKit/537.36 (KHTML, like Gecko) Chrome/78.0.3904.108 Safari/537.36"
180.171.89.56 - - [03/Dec/2019:22:44:02 +0800] "GET /wp-content/uploads/2019/08/%E5%B0%8F%E5%9B%BE.jpg HTTP/1.1" 200 5582 "http://www.crazyant.net/1946.html" "Mozilla/5.0 (Macintosh; Intel Mac OS X 10_15_1) AppleWebKit/537.36 (KHTML, like Gecko) Chrome/78.0.3904.108 Safari/537.36"
180.171.89.56 - - [03/Dec/2019:22:44:03 +0800] "POST /wp-json/wordpress-popular-posts/v1/popular-posts HTTP/1.0" 201 55 "http://www.crazyant.net/1946.html" "Mozilla/5.0 (Macintosh; Intel Mac OS X 10_15_1) AppleWebKit/537.36 (KHTML, like Gecko) Chrome/78.0.3904.108 Safari/537.36"
113.68.141.192 - - [03/Dec/2019:22:44:04 +0800] "GET /1980.html HTTP/1.0" 200 12262 "-" "Mozilla/5.0 (Windows NT 6.1; Trident/7.0; rv:11.0) like Gecko"
180.171.89.56 - - [03/Dec/2019:22:44:04 +0800] "GET /wp-content/uploads/2016/05/QQ20160526-1.png HTTP/1.0" 200 152042 "http://www.crazyant.net/1946.html" "Mozilla/5.0 (Macintosh; Intel Mac OS X 10_15_1) AppleWebKit/537.36 (KHTML, like Gecko) Chrome/78.0.3904.108 Safari/537.36"
180.171.89.56 - - [03/Dec/2019:22:44:05 +0800] "GET /wp-content/plugins/table-of-contents-plus/front.min.js HTTP/1.1" 200 2349 "http://www.crazyant.net/1946.html" "Mozilla/5.0 (Macintosh; Intel Mac OS X 10_15_1) AppleWebKit/537.36 (KHTML, like Gecko) Chrome/78.0.3904.108 Safari/537.36"
180.171.89.56 - - [03/Dec/2019:22:44:07 +0800] "GET /wp-content/uploads/siteground-optimizer-assets/twentyfifteen-skip-link-focus-fix.min.js HTTP/1.1" 200 275 "http://www.crazyant.net/1946.html" "Mozilla/5.0 (Macintosh; Intel Mac OS X 10_15_1) AppleWebKit/537.36 (KHTML, like Gecko) Chrome/78.0.3904.108 Safari/537.36"
54.36.150.162 - - [03/Dec/2019:22:44:08 +0800] "GET /1005.html HTTP/1.0" 200 13412 "-" "Mozilla/5.0 (compatible; AhrefsBot/6.1; +http://ahrefs.com/robot/)"
180.171.89.56 - - [03/Dec/2019:22:44:12 +0800] "GET /wp-includes/js/comment-reply.min.js HTTP/1.0" 200 1131 "http://www.crazyant.net/1946.html" "Mozilla/5.0 (Macintosh; Intel Mac OS X 10_15_1) AppleWebKit/537.36 (KHTML, like Gecko) Chrome/78.0.3904.108 Safari/537.36"
180.171.89.56 - - [03/Dec/2019:22:44:14 +0800] "GET /wp-content/uploads/siteground-optimizer-assets/twentyfifteen-script.min.js HTTP/1.1" 200 1331 "http://www.crazyant.net/1946.html" "Mozilla/5.0 (Macintosh; Intel Mac OS X 10_15_1) AppleWebKit/537.36 (KHTML, like Gecko) Chrome/78.0.3904.108 Safari/537.36"
180.171.89.56 - - [03/Dec/2019:22:44:17 +0800] "GET /wp-content/plugins/easy-fancybox/js/jquery.fancybox.min.js HTTP/1.1" 200 6330 "http://www.crazyant.net/1946.html" "Mozilla/5.0 (Macintosh; Intel Mac OS X 10_15_1) AppleWebKit/537.36 (KHTML, like Gecko) Chrome/78.0.3904.108 Safari/537.36"
180.171.89.56 - - [03/Dec/2019:22:44:22 +0800] "GET /wp-content/plugins/easy-fancybox/js/jquery.easing.min.js HTTP/1.1" 200 767 "http://www.crazyant.net/1946.html" "Mozilla/5.0 (Macintosh; Intel Mac OS X 10_15_1) AppleWebKit/537.36 (KHTML, like Gecko) Chrome/78.0.3904.108 Safari/537.36"
180.171.89.56 - - [03/Dec/2019:22:44:24 +0800] "GET /wp-content/plugins/easy-fancybox/js/jquery.mousewheel.min.js HTTP/1.1" 200 1145 "http://www.crazyant.net/1946.html" "Mozilla/5.0 (Macintosh; Intel Mac OS X 10_15_1) AppleWebKit/537.36 (KHTML, like Gecko) Chrome/78.0.3904.108 Safari/537.36"
180.171.89.56 - - [03/Dec/2019:22:44:25 +0800] "GET /wp-content/uploads/siteground-optimizer-assets/akismet-form.min.js HTTP/1.0" 200 288 "http://www.crazyant.net/1946.html" "Mozilla/5.0 (Macintosh; Intel Mac OS X 10_15_1) AppleWebKit/537.36 (KHTML, like Gecko) Chrome/78.0.3904.108 Safari/537.36"
68.183.157.237 - - [03/Dec/2019:22:44:40 +0800] "GET /feed HTTP/1.0" 200 4779 "-" "Mozilla/5.0 (Macintosh; Intel Mac OS X 10_13_6; +feeder.co) AppleWebKit/537.36 (KHTML, like Gecko) Chrome/67.0.3396.99 Safari/537.36"
223.104.25.86 - - [03/Dec/2019:22:44:59 +0800] "GET /2525.html HTTP/1.0" 200 12650 "http://www.crazyant.net/page/2" "Mozilla/5.0 (Windows NT 10.0; Win64; x64) AppleWebKit/537.36 (KHTML, like Gecko) Chrome/78.0.3904.108 Safari/537.36"
223.104.25.86 - - [03/Dec/2019:22:44:59 +0800] "GET /wp-includes/js/comment-reply.min.js HTTP/1.1" 200 1131 "http://www.crazyant.net/2525.html" "Mozilla/5.0 (Windows NT 10.0; Win64; x64) AppleWebKit/537.36 (KHTML, like Gecko) Chrome/78.0.3904.108 Safari/537.36"
223.104.25.86 - - [03/Dec/2019:22:44:59 +0800] "GET /wp-content/uploads/2019/09/cee6fae65698cd45488d6cf5a31ac28f.png HTTP/1.0" 200 1237541 "http://www.crazyant.net/2525.html" "Mozilla/5.0 (Windows NT 10.0; Win64; x64) AppleWebKit/537.36 (KHTML, like Gecko) Chrome/78.0.3904.108 Safari/537.36"
223.104.25.86 - - [03/Dec/2019:22:45:00 +0800] "GET /wp-content/uploads/siteground-optimizer-assets/akismet-form.min.js HTTP/1.1" 200 288 "http://www.crazyant.net/2525.html" "Mozilla/5.0 (Windows NT 10.0; Win64; x64) AppleWebKit/537.36 (KHTML, like Gecko) Chrome/78.0.3904.108 Safari/537.36"
223.104.25.86 - - [03/Dec/2019:22:45:00 +0800] "POST /wp-json/wordpress-popular-posts/v1/popular-posts HTTP/1.0" 201 55 "http://www.crazyant.net/2525.html" "Mozilla/5.0 (Windows NT 10.0; Win64; x64) AppleWebKit/537.36 (KHTML, like Gecko) Chrome/78.0.3904.108 Safari/537.36"
180.171.89.56 - - [03/Dec/2019:22:45:21 +0800] "GET /favicon.ico HTTP/1.1" 200 0 "http://www.crazyant.net/1946.html" "Mozilla/5.0 (Macintosh; Intel Mac OS X 10_15_1) AppleWebKit/537.36 (KHTML, like Gecko) Chrome/78.0.3904.108 Safari/537.36"
66.249.79.29 - - [03/Dec/2019:22:46:26 +0800] "POST /wp-json/wordpress-popular-posts/v1/popular-posts HTTP/1.0" 201 55 "http://www.crazyant.net/2124.html" "Mozilla/5.0 (Linux; Android 6.0.1; Nexus 5X Build/MMB29P) AppleWebKit/537.36 (KHTML, like Gecko) Chrome/41.0.2272.96 Mobile Safari/537.36 (compatible; Googlebot/2.1; +http://www.google.com/bot.html)"
117.136.62.23 - - [03/Dec/2019:22:46:28 +0800] "POST /wp-json/wordpress-popular-posts/v1/popular-posts HTTP/1.0" 403 95 "http://www.crazyant.net/2022.html" "Mozilla/5.0 (iPhone; CPU iPhone OS 13_2_3 like Mac OS X) AppleWebKit/605.1.15 (KHTML, like Gecko) Version/13.0.3 Mobile/15E148 Safari/604.1"
223.104.25.86 - - [03/Dec/2019:22:46:49 +0800] "GET /category/python-%e7%88%ac%e8%99%ab%e7%b3%bb%e5%88%97 HTTP/1.0" 200 8629 "http://www.crazyant.net/" "Mozilla/5.0 (Windows NT 10.0; Win64; x64) AppleWebKit/537.36 (KHTML, like Gecko) Chrome/78.0.3904.108 Safari/537.36"
223.104.25.86 - - [03/Dec/2019:22:46:52 +0800] "POST /wp-json/wordpress-popular-posts/v1/popular-posts HTTP/1.0" 201 55 "http://www.crazyant.net/2525.html" "Mozilla/5.0 (Windows NT 10.0; Win64; x64) AppleWebKit/537.36 (KHTML, like Gecko) Chrome/78.0.3904.108 Safari/537.36"
210.22.22.214 - - [03/Dec/2019:22:47:08 +0800] "GET /wp-content/uploads/ftp_img/8e3011d4e056_A172/image_thumb_7.png HTTP/1.0" 200 4581 "-" "Mozilla/5.0 (Windows NT 10.0; Win64; x64; rv:70.0) Gecko/20100101 Firefox/70.0"
210.22.22.214 - - [03/Dec/2019:22:47:08 +0800] "GET /wp-content/uploads/ftp_img/8e3011d4e056_A172/image_thumb_6.png HTTP/1.0" 200 117385 "-" "Mozilla/5.0 (Windows NT 10.0; Win64; x64; rv:70.0) Gecko/20100101 Firefox/70.0"
210.22.22.214 - - [03/Dec/2019:22:47:08 +0800] "GET /wp-content/uploads/ftp_img/8e3011d4e056_A172/image_thumb_8.png HTTP/1.0" 200 87931 "-" "Mozilla/5.0 (Windows NT 10.0; Win64; x64; rv:70.0) Gecko/20100101 Firefox/70.0"
210.22.22.214 - - [03/Dec/2019:22:47:08 +0800] "GET /wp-content/uploads/ftp_img/8e3011d4e056_A172/image_thumb_9.png HTTP/1.0" 200 76946 "-" "Mozilla/5.0 (Windows NT 10.0; Win64; x64; rv:70.0) Gecko/20100101 Firefox/70.0"
210.22.22.214 - - [03/Dec/2019:22:47:09 +0800] "GET /wp-content/uploads/ftp_img/8e3011d4e056_A172/image_thumb_10.png HTTP/1.0" 200 45253 "-" "Mozilla/5.0 (Windows NT 10.0; Win64; x64; rv:70.0) Gecko/20100101 Firefox/70.0"
222.129.54.23 - - [03/Dec/2019:22:47:09 +0800] "GET /feed HTTP/1.0" 200 4779 "-" "ReadKit/2.4.3 (Mac OS X Version 10.15.1 (Build 19B88))"
210.22.22.214 - - [03/Dec/2019:22:47:10 +0800] "GET /wp-content/uploads/ftp_img/8e3011d4e056_A172/image_thumb_11.png HTTP/1.0" 200 82131 "-" "Mozilla/5.0 (Windows NT 10.0; Win64; x64; rv:70.0) Gecko/20100101 Firefox/70.0"
210.22.22.214 - - [03/Dec/2019:22:47:11 +0800] "GET /wp-content/uploads/ftp_img/8e3011d4e056_A172/image_thumb_12.png HTTP/1.0" 200 73784 "-" "Mozilla/5.0 (Windows NT 10.0; Win64; x64; rv:70.0) Gecko/20100101 Firefox/70.0"
210.22.22.214 - - [03/Dec/2019:22:47:11 +0800] "GET /wp-content/uploads/ftp_img/8e3011d4e056_A172/image_thumb_13.png HTTP/1.0" 200 42872 "-" "Mozilla/5.0 (Windows NT 10.0; Win64; x64; rv:70.0) Gecko/20100101 Firefox/70.0"
66.249.79.29 - - [03/Dec/2019:22:47:16 +0800] "GET /?s=%E3%80%90www.okexguanwangxiazai.com-bookexpo%20america%E3%80%91%E6%AD%A3%E8%A7%84%E7%9A%84%E6%AF%94%E7%89%B9%E5%B8%81%E4%BA%A4%E6%98%93%E5%B9%B3%E5%8F%B0 HTTP/1.0" 200 8358 "-" "Mozilla/5.0 (Linux; Android 6.0.1; Nexus 5X Build/MMB29P) AppleWebKit/537.36 (KHTML, like Gecko) Chrome/41.0.2272.96 Mobile Safari/537.36 (compatible; Googlebot/2.1; +http://www.google.com/bot.html)"
106.11.159.254 - - [03/Dec/2019:22:47:22 +0800] "GET /?s=%E3%80%90%E2%94%8B%E4%BF%A1%E8%AA%892%E2%92%8F7%E2%92%8F01705(%E6%89%A3)%E3%80%93%E3%80%91%E5%8D%8E%E5%AE%87%E7%BD%91%E9%9D%A0%E8%B0%B1%E5%90%97 HTTP/1.0" 200 8366 "-" "YisouSpider"
40.77.167.153 - - [03/Dec/2019:22:47:26 +0800] "GET /2525.html HTTP/1.0" 200 12652 "-" "Mozilla/5.0 (compatible; bingbot/2.0; +http://www.bing.com/bingbot.htm)"
59.110.165.235 - - [03/Dec/2019:22:47:41 +0800] "GET /feed HTTP/1.0" 200 4779 "-" "Apache-HttpClient/4.5.8 (Java/1.8.0_111)"
223.104.25.86 - - [03/Dec/2019:22:47:54 +0800] "GET /tag/%e7%88%ac%e8%99%ab HTTP/1.0" 200 10885 "http://www.crazyant.net/category/python-%e7%88%ac%e8%99%ab%e7%b3%bb%e5%88%97" "Mozilla/5.0 (Windows NT 10.0; Win64; x64) AppleWebKit/537.36 (KHTML, like Gecko) Chrome/78.0.3904.108 Safari/537.36"
150.107.237.78 - - [03/Dec/2019:22:47:58 +0800] "GET /wp-login.php HTTP/1.1" 444 0 "-" "Mozilla/5.0 (Windows NT 6.1; WOW64; rv:40.0) Gecko/20100101 Firefox/40.1"
150.107.237.78 - - [03/Dec/2019:22:48:03 +0800] "GET /wp-login.php HTTP/1.1" 444 0 "-" "Mozilla/5.0 (Windows NT 6.1; WOW64; rv:40.0) Gecko/20100101 Firefox/40.1"
223.104.25.86 - - [03/Dec/2019:22:48:06 +0800] "GET /category/python-data-analysis HTTP/1.0" 200 8184 "http://www.crazyant.net/tag/%e7%88%ac%e8%99%ab" "Mozilla/5.0 (Windows NT 10.0; Win64; x64) AppleWebKit/537.36 (KHTML, like Gecko) Chrome/78.0.3904.108 Safari/537.36"
150.107.237.78 - - [03/Dec/2019:22:48:09 +0800] "GET / HTTP/1.1" 444 0 "-" "Mozilla/5.0 (Windows NT 6.1; WOW64; rv:40.0) Gecko/20100101 Firefox/40.1"
223.104.25.86 - - [03/Dec/2019:22:48:12 +0800] "GET /category/python-spark HTTP/1.0" 200 8185 "http://www.crazyant.net/category/python-data-analysis" "Mozilla/5.0 (Windows NT 10.0; Win64; x64) AppleWebKit/537.36 (KHTML, like Gecko) Chrome/78.0.3904.108 Safari/537.36"
223.104.25.86 - - [03/Dec/2019:22:48:14 +0800] "GET /category/python-pandas%e7%b3%bb%e5%88%97 HTTP/1.0" 200 10305 "http://www.crazyant.net/category/python-spark" "Mozilla/5.0 (Windows NT 10.0; Win64; x64) AppleWebKit/537.36 (KHTML, like Gecko) Chrome/78.0.3904.108 Safari/537.36"
223.104.25.86 - - [03/Dec/2019:22:48:36 +0800] "GET /category/python-basic HTTP/1.0" 200 8185 "http://www.crazyant.net/category/python-%e7%88%ac%e8%99%ab%e7%b3%bb%e5%88%97" "Mozilla/5.0 (Windows NT 10.0; Win64; x64) AppleWebKit/537.36 (KHTML, like Gecko) Chrome/78.0.3904.108 Safari/537.36"
223.104.25.86 - - [03/Dec/2019:22:48:36 +0800] "GET /category/python-basic HTTP/1.0" 200 8185 "http://www.crazyant.net/category/python-%e7%88%ac%e8%99%ab%e7%b3%bb%e5%88%97" "Mozilla/5.0 (Windows NT 10.0; Win64; x64) AppleWebKit/537.36 (KHTML, like Gecko) Chrome/78.0.3904.108 Safari/537.36"
223.104.25.86 - - [03/Dec/2019:22:48:41 +0800] "GET /category/python-solvedoubts HTTP/1.0" 200 8677 "http://www.crazyant.net/category/python-%e7%88%ac%e8%99%ab%e7%b3%bb%e5%88%97" "Mozilla/5.0 (Windows NT 10.0; Win64; x64) AppleWebKit/537.36 (KHTML, like Gecko) Chrome/78.0.3904.108 Safari/537.36"
223.104.25.86 - - [03/Dec/2019:22:48:47 +0800] "POST /wp-json/wordpress-popular-posts/v1/popular-posts HTTP/1.0" 201 55 "http://www.crazyant.net/2525.html" "Mozilla/5.0 (Windows NT 10.0; Win64; x64) AppleWebKit/537.36 (KHTML, like Gecko) Chrome/78.0.3904.108 Safari/537.36"
66.249.79.27 - - [03/Dec/2019:22:48:49 +0800] "GET /1326.html HTTP/1.0" 200 12060 "-" "Mozilla/5.0 (Linux; Android 6.0.1; Nexus 5X Build/MMB29P) AppleWebKit/537.36 (KHTML, like Gecko) Chrome/41.0.2272.96 Mobile Safari/537.36 (compatible; Googlebot/2.1; +http://www.google.com/bot.html)"
49.89.126.123 - - [03/Dec/2019:22:48:52 +0800] "POST /Include/Config.asp HTTP/1.0" 404 35012 "http://www.crazyant.net/Include/Config.asp" "Mozilla/4.0 (compatible; MSIE 9.0; Windows NT 6.1)"
49.89.126.123 - - [03/Dec/2019:22:48:55 +0800] "POST /inc/Config.asp HTTP/1.0" 404 35012 "http://www.crazyant.net/inc/Config.asp" "Mozilla/4.0 (compatible; MSIE 9.0; Windows NT 6.1)"
49.89.126.123 - - [03/Dec/2019:22:48:58 +0800] "POST /inc/Config.asp HTTP/1.0" 404 35012 "http://www.crazyant.net/inc/Config.asp" "Mozilla/4.0 (compatible; MSIE 9.0; Windows NT 6.1)"
49.89.126.123 - - [03/Dec/2019:22:49:00 +0800] "POST /inc/Config.asp HTTP/1.0" 404 35012 "http://www.crazyant.net/inc/Config.asp" "Mozilla/4.0 (compatible; MSIE 9.0; Windows NT 6.1)"
49.89.126.123 - - [03/Dec/2019:22:49:03 +0800] "POST /Inc/Conn.asp HTTP/1.0" 404 35012 "http://www.crazyant.net/Inc/Conn.asp" "Mozilla/4.0 (compatible; MSIE 9.0; Windows NT 6.1)"
121.234.236.206 - - [03/Dec/2019:22:49:11 +0800] "POST /inc/Config.asp HTTP/1.0" 404 35012 "http://www.crazyant.net/inc/Config.asp" "Mozilla/4.0 (compatible; MSIE 9.0; Windows NT 6.1)"
121.234.236.206 - - [03/Dec/2019:22:49:12 +0800] "POST /Inc/Conn.asp HTTP/1.0" 404 35012 "http://www.crazyant.net/Inc/Conn.asp" "Mozilla/4.0 (compatible; MSIE 9.0; Windows NT 6.1)"
121.234.236.206 - - [03/Dec/2019:22:49:13 +0800] "POST /inc/Config.asp HTTP/1.0" 404 35012 "http://www.crazyant.net/inc/Config.asp" "Mozilla/4.0 (compatible; MSIE 9.0; Windows NT 6.1)"
121.234.236.206 - - [03/Dec/2019:22:49:17 +0800] "POST /inc/Config.asp HTTP/1.0" 404 35012 "http://www.crazyant.net/inc/Config.asp" "Mozilla/4.0 (compatible; MSIE 9.0; Windows NT 6.1)"
121.234.236.206 - - [03/Dec/2019:22:49:21 +0800] "POST /Include/Config.asp HTTP/1.0" 404 35012 "http://www.crazyant.net/Include/Config.asp" "Mozilla/4.0 (compatible; MSIE 9.0; Windows NT 6.1)"
14.0.156.40 - - [03/Dec/2019:22:49:25 +0800] "GET /favicon.ico HTTP/1.1" 200 0 "-" "Mozilla/5.0 (Windows NT 10.0; WOW64) AppleWebKit/537.36 (KHTML, like Gecko) Chrome/69.0.3497.100 Safari/537.36"
121.234.236.206 - - [03/Dec/2019:22:49:25 +0800] "POST /Include/Config.asp HTTP/1.0" 404 35012 "http://www.crazyant.net/Include/Config.asp" "Mozilla/4.0 (compatible; MSIE 9.0; Windows NT 6.1)"
121.234.236.206 - - [03/Dec/2019:22:49:29 +0800] "POST /Include/md5.asp HTTP/1.0" 404 35012 "http://www.crazyant.net/Include/md5.asp" "Mozilla/4.0 (compatible; MSIE 9.0; Windows NT 6.1)"
121.234.236.206 - - [03/Dec/2019:22:49:33 +0800] "POST /Include/md5.asp HTTP/1.0" 404 35012 "http://www.crazyant.net/Include/md5.asp" "Mozilla/4.0 (compatible; MSIE 9.0; Windows NT 6.1)"
121.234.236.206 - - [03/Dec/2019:22:49:35 +0800] "POST /Include/md5.asp HTTP/1.0" 404 35012 "http://www.crazyant.net/Include/md5.asp" "Mozilla/4.0 (compatible; MSIE 9.0; Windows NT 6.1)"
121.234.236.206 - - [03/Dec/2019:22:49:37 +0800] "POST /inc/config.asp HTTP/1.0" 404 35012 "http://www.crazyant.net/inc/config.asp" "Mozilla/4.0 (compatible; MSIE 9.0; Windows NT 6.1)"
121.234.236.206 - - [03/Dec/2019:22:49:39 +0800] "POST /inc/Config.asp HTTP/1.0" 404 35012 "http://www.crazyant.net/inc/Config.asp" "Mozilla/4.0 (compatible; MSIE 9.0; Windows NT 6.1)"
66.249.79.27 - - [03/Dec/2019:22:50:00 +0800] "POST /wp-json/wordpress-popular-posts/v1/popular-posts HTTP/1.0" 201 55 "http://www.crazyant.net/1789.html" "Mozilla/5.0 (Linux; Android 6.0.1; Nexus 5X Build/MMB29P) AppleWebKit/537.36 (KHTML, like Gecko) Chrome/41.0.2272.96 Mobile Safari/537.36 (compatible; Googlebot/2.1; +http://www.google.com/bot.html)"
123.125.71.28 - - [03/Dec/2019:22:50:04 +0800] "GET /2013/01/10/rational-rose%E6%A0%B9%E6%8D%AEjava%E4%BB%A3%E7%A0%81%E8%87%AA%E5%8A%A8%E7%94%9F%E6%88%90%E7%B1%BB%E5%9B%BE%EF%BC%88%E6%95%99%E7%A8%8B%E5%92%8C%E9%94%99%E8%AF%AF%E8%A7%A3%E5%86%B3%EF%BC%89/ HTTP/1.1" 444 0 "-" "Mozilla/5.0 (compatible; Baiduspider/2.0; +http://www.baidu.com/search/spider.html)"
180.163.220.3 - - [03/Dec/2019:22:50:25 +0800] "GET /wp-content/themes/twentyfifteen/genericons/Genericons.eot HTTP/1.0" 200 14319 "http://baidu.com/" "Mozilla/5.0 (Linux; U; Android 8.1.0; zh-CN; EML-AL00 Build/HUAWEIEML-AL00) AppleWebKit/537.36 (KHTML, like Gecko) Version/4.0 Chrome/57.0.2987.108 baidu.sogo.uc.UCBrowser/11.9.4.974 UWS/2.13.1.48 Mobile Safari/537.36 AliApp(DingTalk/4.5.11) com.alibaba.android.rimet/10487439 Channel/227200 language/zh-CN"
180.163.220.4 - - [03/Dec/2019:22:50:24 +0800] "GET /page1/page/2 HTTP/1.0" 404 35012 "http://baidu.com/" "Mozilla/5.0 (Linux; U; Android 8.1.0; zh-CN; EML-AL00 Build/HUAWEIEML-AL00) AppleWebKit/537.36 (KHTML, like Gecko) Version/4.0 Chrome/57.0.2987.108 baidu.sogo.uc.UCBrowser/11.9.4.974 UWS/2.13.1.48 Mobile Safari/537.36 AliApp(DingTalk/4.5.11) com.alibaba.android.rimet/10487439 Channel/227200 language/zh-CN"
66.249.79.27 - - [03/Dec/2019:22:50:26 +0800] "GET /499.html HTTP/1.0" 200 11587 "-" "Mozilla/5.0 (compatible; Googlebot/2.1; +http://www.google.com/bot.html)"
180.163.220.66 - - [03/Dec/2019:22:50:30 +0800] "GET /wp-includes/css/dist/block-library/style.min.css HTTP/1.1" 200 6163 "http://www.crazyant.net/page1/page/2" "Mozilla/5.0 (Linux; U; Android 8.1.0; zh-CN; EML-AL00 Build/HUAWEIEML-AL00) AppleWebKit/537.36 (KHTML, like Gecko) Version/4.0 Chrome/57.0.2987.108 baidu.sogo.uc.UCBrowser/11.9.4.974 UWS/2.13.1.48 Mobile Safari/537.36 AliApp(DingTalk/4.5.11) com.alibaba.android.rimet/10487439 Channel/227200 language/zh-CN"
180.163.220.4 - - [03/Dec/2019:22:50:32 +0800] "GET /wp-includes/css/dist/block-library/theme.min.css HTTP/1.1" 200 639 "http://www.crazyant.net/page1/page/2" "Mozilla/5.0 (Linux; U; Android 8.1.0; zh-CN; EML-AL00 Build/HUAWEIEML-AL00) AppleWebKit/537.36 (KHTML, like Gecko) Version/4.0 Chrome/57.0.2987.108 baidu.sogo.uc.UCBrowser/11.9.4.974 UWS/2.13.1.48 Mobile Safari/537.36 AliApp(DingTalk/4.5.11) com.alibaba.android.rimet/10487439 Channel/227200 language/zh-CN"
66.249.79.25 - - [03/Dec/2019:22:50:31 +0800] "GET /1600.html?replytocom=20752 HTTP/1.0" 200 11286 "-" "Mozilla/5.0 (Linux; Android 6.0.1; Nexus 5X Build/MMB29P) AppleWebKit/537.36 (KHTML, like Gecko) Chrome/41.0.2272.96 Mobile Safari/537.36 (compatible; Googlebot/2.1; +http://www.google.com/bot.html)"
180.163.220.66 - - [03/Dec/2019:22:50:34 +0800] "GET /wp-content/plugins/bibblio-related-posts/public/css/bibblio_related_posts.min.css HTTP/1.1" 200 42 "http://www.crazyant.net/page1/page/2" "Mozilla/5.0 (Linux; U; Android 8.1.0; zh-CN; EML-AL00 Build/HUAWEIEML-AL00) AppleWebKit/537.36 (KHTML, like Gecko) Version/4.0 Chrome/57.0.2987.108 baidu.sogo.uc.UCBrowser/11.9.4.974 UWS/2.13.1.48 Mobile Safari/537.36 AliApp(DingTalk/4.5.11) com.alibaba.android.rimet/10487439 Channel/227200 language/zh-CN"
180.163.220.67 - - [03/Dec/2019:22:50:34 +0800] "GET /wp-content/plugins/cardoza-3d-tag-cloud//public/css/my-style.min.css HTTP/1.1" 200 218 "http://www.crazyant.net/page1/page/2" "Mozilla/5.0 (Linux; U; Android 8.1.0; zh-CN; EML-AL00 Build/HUAWEIEML-AL00) AppleWebKit/537.36 (KHTML, like Gecko) Version/4.0 Chrome/57.0.2987.108 baidu.sogo.uc.UCBrowser/11.9.4.974 UWS/2.13.1.48 Mobile Safari/537.36 AliApp(DingTalk/4.5.11) com.alibaba.android.rimet/10487439 Channel/227200 language/zh-CN"
180.163.220.3 - - [03/Dec/2019:22:50:34 +0800] "GET /wp-content/plugins/table-of-contents-plus/screen.min.css HTTP/1.1" 200 456 "http://www.crazyant.net/page1/page/2" "Mozilla/5.0 (Linux; U; Android 8.1.0; zh-CN; EML-AL00 Build/HUAWEIEML-AL00) AppleWebKit/537.36 (KHTML, like Gecko) Version/4.0 Chrome/57.0.2987.108 baidu.sogo.uc.UCBrowser/11.9.4.974 UWS/2.13.1.48 Mobile Safari/537.36 AliApp(DingTalk/4.5.11) com.alibaba.android.rimet/10487439 Channel/227200 language/zh-CN"
42.236.10.75 - - [03/Dec/2019:22:50:34 +0800] "GET /wp-content/themes/twentyfifteen/genericons/Genericons.eot HTTP/1.1" 200 14319 "http://baidu.com/" "Mozilla/5.0 (Linux; U; Android 8.1.0; zh-CN; EML-AL00 Build/HUAWEIEML-AL00) AppleWebKit/537.36 (KHTML, like Gecko) Version/4.0 Chrome/57.0.2987.108 baidu.sogo.uc.UCBrowser/11.9.4.974 UWS/2.13.1.48 Mobile Safari/537.36 AliApp(DingTalk/4.5.11) com.alibaba.android.rimet/10487439 Channel/227200 language/zh-CN"
180.163.220.4 - - [03/Dec/2019:22:50:35 +0800] "GET /wp-content/plugins/wordpress-popular-posts/assets/css/wordpress-popular-posts-css.min.css HTTP/1.1" 200 229 "http://www.crazyant.net/page1/page/2" "Mozilla/5.0 (Linux; U; Android 8.1.0; zh-CN; EML-AL00 Build/HUAWEIEML-AL00) AppleWebKit/537.36 (KHTML, like Gecko) Version/4.0 Chrome/57.0.2987.108 baidu.sogo.uc.UCBrowser/11.9.4.974 UWS/2.13.1.48 Mobile Safari/537.36 AliApp(DingTalk/4.5.11) com.alibaba.android.rimet/10487439 Channel/227200 language/zh-CN"
180.163.220.3 - - [03/Dec/2019:22:50:35 +0800] "GET /wp-content/themes/twentyfifteen/genericons/genericons.min.css HTTP/1.1" 200 16232 "http://www.crazyant.net/page1/page/2" "Mozilla/5.0 (Linux; U; Android 8.1.0; zh-CN; EML-AL00 Build/HUAWEIEML-AL00) AppleWebKit/537.36 (KHTML, like Gecko) Version/4.0 Chrome/57.0.2987.108 baidu.sogo.uc.UCBrowser/11.9.4.974 UWS/2.13.1.48 Mobile Safari/537.36 AliApp(DingTalk/4.5.11) com.alibaba.android.rimet/10487439 Channel/227200 language/zh-CN"
180.163.220.67 - - [03/Dec/2019:22:50:35 +0800] "GET /wp-content/themes/twentyfifteen/twentyfifteen-style.min.css HTTP/1.1" 200 11037 "http://www.crazyant.net/page1/page/2" "Mozilla/5.0 (Linux; U; Android 8.1.0; zh-CN; EML-AL00 Build/HUAWEIEML-AL00) AppleWebKit/537.36 (KHTML, like Gecko) Version/4.0 Chrome/57.0.2987.108 baidu.sogo.uc.UCBrowser/11.9.4.974 UWS/2.13.1.48 Mobile Safari/537.36 AliApp(DingTalk/4.5.11) com.alibaba.android.rimet/10487439 Channel/227200 language/zh-CN"
180.163.220.3 - - [03/Dec/2019:22:50:35 +0800] "GET /wp-content/themes/twentyfifteen/css/twentyfifteen-block-style.min.css HTTP/1.1" 200 1596 "http://www.crazyant.net/page1/page/2" "Mozilla/5.0 (Linux; U; Android 8.1.0; zh-CN; EML-AL00 Build/HUAWEIEML-AL00) AppleWebKit/537.36 (KHTML, like Gecko) Version/4.0 Chrome/57.0.2987.108 baidu.sogo.uc.UCBrowser/11.9.4.974 UWS/2.13.1.48 Mobile Safari/537.36 AliApp(DingTalk/4.5.11) com.alibaba.android.rimet/10487439 Channel/227200 language/zh-CN"
180.163.220.66 - - [03/Dec/2019:22:50:36 +0800] "GET /wp-content/plugins/easy-fancybox/css/jquery.fancybox.min.css HTTP/1.1" 200 1111 "http://www.crazyant.net/page1/page/2" "Mozilla/5.0 (Linux; U; Android 8.1.0; zh-CN; EML-AL00 Build/HUAWEIEML-AL00) AppleWebKit/537.36 (KHTML, like Gecko) Version/4.0 Chrome/57.0.2987.108 baidu.sogo.uc.UCBrowser/11.9.4.974 UWS/2.13.1.48 Mobile Safari/537.36 AliApp(DingTalk/4.5.11) com.alibaba.android.rimet/10487439 Channel/227200 language/zh-CN"
180.163.220.4 - - [03/Dec/2019:22:50:36 +0800] "GET /wp-includes/js/jquery/jquery.js HTTP/1.1" 200 33776 "http://www.crazyant.net/page1/page/2" "Mozilla/5.0 (Linux; U; Android 8.1.0; zh-CN; EML-AL00 Build/HUAWEIEML-AL00) AppleWebKit/537.36 (KHTML, like Gecko) Version/4.0 Chrome/57.0.2987.108 baidu.sogo.uc.UCBrowser/11.9.4.974 UWS/2.13.1.48 Mobile Safari/537.36 AliApp(DingTalk/4.5.11) com.alibaba.android.rimet/10487439 Channel/227200 language/zh-CN"
180.163.220.3 - - [03/Dec/2019:22:50:36 +0800] "GET /wp-includes/js/jquery/jquery-migrate.min.js HTTP/1.1" 200 4014 "http://www.crazyant.net/page1/page/2" "Mozilla/5.0 (Linux; U; Android 8.1.0; zh-CN; EML-AL00 Build/HUAWEIEML-AL00) AppleWebKit/537.36 (KHTML, like Gecko) Version/4.0 Chrome/57.0.2987.108 baidu.sogo.uc.UCBrowser/11.9.4.974 UWS/2.13.1.48 Mobile Safari/537.36 AliApp(DingTalk/4.5.11) com.alibaba.android.rimet/10487439 Channel/227200 language/zh-CN"
66.249.79.25 - - [03/Dec/2019:22:50:40 +0800] "GET /1600.html?jdf HTTP/1.0" 200 11257 "-" "Mozilla/5.0 (Linux; Android 6.0.1; Nexus 5X Build/MMB29P) AppleWebKit/537.36 (KHTML, like Gecko) Chrome/41.0.2272.96 Mobile Safari/537.36 (compatible; Googlebot/2.1; +http://www.google.com/bot.html)"
180.163.220.67 - - [03/Dec/2019:22:50:41 +0800] "GET /wp-includes/js/wp-embed.min.js HTTP/1.1" 200 740 "http://www.crazyant.net/page1/page/2" "Mozilla/5.0 (Linux; U; Android 8.1.0; zh-CN; EML-AL00 Build/HUAWEIEML-AL00) AppleWebKit/537.36 (KHTML, like Gecko) Version/4.0 Chrome/57.0.2987.108 baidu.sogo.uc.UCBrowser/11.9.4.974 UWS/2.13.1.48 Mobile Safari/537.36 AliApp(DingTalk/4.5.11) com.alibaba.android.rimet/10487439 Channel/227200 language/zh-CN"
180.163.220.67 - - [03/Dec/2019:22:50:43 +0800] "GET /wp-content/uploads/siteground-optimizer-assets/bibblio_related_posts.min.js HTTP/1.1" 200 37 "http://www.crazyant.net/page1/page/2" "Mozilla/5.0 (Linux; U; Android 8.1.0; zh-CN; EML-AL00 Build/HUAWEIEML-AL00) AppleWebKit/537.36 (KHTML, like Gecko) Version/4.0 Chrome/57.0.2987.108 baidu.sogo.uc.UCBrowser/11.9.4.974 UWS/2.13.1.48 Mobile Safari/537.36 AliApp(DingTalk/4.5.11) com.alibaba.android.rimet/10487439 Channel/227200 language/zh-CN"
180.163.220.67 - - [03/Dec/2019:22:50:44 +0800] "GET /wp-content/plugins/cardoza-3d-tag-cloud/jquery.tagcanvas.min.js HTTP/1.1" 200 8629 "http://www.crazyant.net/page1/page/2" "Mozilla/5.0 (Linux; U; Android 8.1.0; zh-CN; EML-AL00 Build/HUAWEIEML-AL00) AppleWebKit/537.36 (KHTML, like Gecko) Version/4.0 Chrome/57.0.2987.108 baidu.sogo.uc.UCBrowser/11.9.4.974 UWS/2.13.1.48 Mobile Safari/537.36 AliApp(DingTalk/4.5.11) com.alibaba.android.rimet/10487439 Channel/227200 language/zh-CN"
180.163.220.67 - - [03/Dec/2019:22:50:46 +0800] "GET /wp-content/plugins/wordpress-popular-posts/assets/js/wpp-5.0.0.min.js HTTP/1.1" 200 744 "http://www.crazyant.net/page1/page/2" "Mozilla/5.0 (Linux; U; Android 8.1.0; zh-CN; EML-AL00 Build/HUAWEIEML-AL00) AppleWebKit/537.36 (KHTML, like Gecko) Version/4.0 Chrome/57.0.2987.108 baidu.sogo.uc.UCBrowser/11.9.4.974 UWS/2.13.1.48 Mobile Safari/537.36 AliApp(DingTalk/4.5.11) com.alibaba.android.rimet/10487439 Channel/227200 language/zh-CN"
180.163.220.67 - - [03/Dec/2019:22:50:47 +0800] "GET /wp-content/uploads/2019/08/%E5%B0%8F%E5%9B%BE.jpg HTTP/1.1" 200 5582 "http://www.crazyant.net/page1/page/2" "Mozilla/5.0 (Linux; U; Android 8.1.0; zh-CN; EML-AL00 Build/HUAWEIEML-AL00) AppleWebKit/537.36 (KHTML, like Gecko) Version/4.0 Chrome/57.0.2987.108 baidu.sogo.uc.UCBrowser/11.9.4.974 UWS/2.13.1.48 Mobile Safari/537.36 AliApp(DingTalk/4.5.11) com.alibaba.android.rimet/10487439 Channel/227200 language/zh-CN"
180.163.220.67 - - [03/Dec/2019:22:50:56 +0800] "GET /wp-content/plugins/table-of-contents-plus/front.min.js HTTP/1.1" 200 2349 "http://www.crazyant.net/page1/page/2" "Mozilla/5.0 (Linux; U; Android 8.1.0; zh-CN; EML-AL00 Build/HUAWEIEML-AL00) AppleWebKit/537.36 (KHTML, like Gecko) Version/4.0 Chrome/57.0.2987.108 baidu.sogo.uc.UCBrowser/11.9.4.974 UWS/2.13.1.48 Mobile Safari/537.36 AliApp(DingTalk/4.5.11) com.alibaba.android.rimet/10487439 Channel/227200 language/zh-CN"
66.249.79.25 - - [03/Dec/2019:22:50:56 +0800] "GET /2404.html HTTP/1.0" 200 12030 "-" "Mozilla/5.0 (compatible; Googlebot/2.1; +http://www.google.com/bot.html)"
180.163.220.67 - - [03/Dec/2019:22:50:58 +0800] "GET /wp-content/uploads/siteground-optimizer-assets/twentyfifteen-skip-link-focus-fix.min.js HTTP/1.1" 200 275 "http://www.crazyant.net/page1/page/2" "Mozilla/5.0 (Linux; U; Android 8.1.0; zh-CN; EML-AL00 Build/HUAWEIEML-AL00) AppleWebKit/537.36 (KHTML, like Gecko) Version/4.0 Chrome/57.0.2987.108 baidu.sogo.uc.UCBrowser/11.9.4.974 UWS/2.13.1.48 Mobile Safari/537.36 AliApp(DingTalk/4.5.11) com.alibaba.android.rimet/10487439 Channel/227200 language/zh-CN"
180.163.220.67 - - [03/Dec/2019:22:50:59 +0800] "GET /wp-content/uploads/siteground-optimizer-assets/twentyfifteen-script.min.js HTTP/1.1" 200 1331 "http://www.crazyant.net/page1/page/2" "Mozilla/5.0 (Linux; U; Android 8.1.0; zh-CN; EML-AL00 Build/HUAWEIEML-AL00) AppleWebKit/537.36 (KHTML, like Gecko) Version/4.0 Chrome/57.0.2987.108 baidu.sogo.uc.UCBrowser/11.9.4.974 UWS/2.13.1.48 Mobile Safari/537.36 AliApp(DingTalk/4.5.11) com.alibaba.android.rimet/10487439 Channel/227200 language/zh-CN"
180.163.220.67 - - [03/Dec/2019:22:51:00 +0800] "GET /wp-content/plugins/easy-fancybox/js/jquery.fancybox.min.js HTTP/1.1" 200 6330 "http://www.crazyant.net/page1/page/2" "Mozilla/5.0 (Linux; U; Android 8.1.0; zh-CN; EML-AL00 Build/HUAWEIEML-AL00) AppleWebKit/537.36 (KHTML, like Gecko) Version/4.0 Chrome/57.0.2987.108 baidu.sogo.uc.UCBrowser/11.9.4.974 UWS/2.13.1.48 Mobile Safari/537.36 AliApp(DingTalk/4.5.11) com.alibaba.android.rimet/10487439 Channel/227200 language/zh-CN"
180.163.220.67 - - [03/Dec/2019:22:51:01 +0800] "GET /wp-content/plugins/easy-fancybox/js/jquery.easing.min.js HTTP/1.1" 200 767 "http://www.crazyant.net/page1/page/2" "Mozilla/5.0 (Linux; U; Android 8.1.0; zh-CN; EML-AL00 Build/HUAWEIEML-AL00) AppleWebKit/537.36 (KHTML, like Gecko) Version/4.0 Chrome/57.0.2987.108 baidu.sogo.uc.UCBrowser/11.9.4.974 UWS/2.13.1.48 Mobile Safari/537.36 AliApp(DingTalk/4.5.11) com.alibaba.android.rimet/10487439 Channel/227200 language/zh-CN"
