42.236.10.84 - - [04/Dec/2019:03:23:39 +0800] "GET /wp-content/plugins/easy-fancybox/js/jquery.fancybox.min.js HTTP/1.1" 200 6330 "http://www.crazyant.net/" "Mozilla/5.0 (Linux; U; Android 8.1.0; zh-CN; EML-AL00 Build/HUAWEIEML-AL00) AppleWebKit/537.36 (KHTML, like Gecko) Version/4.0 Chrome/57.0.2987.108 baidu.sogo.uc.UCBrowser/11.9.4.974 UWS/2.13.1.48 Mobile Safari/537.36 AliApp(DingTalk/4.5.11) com.alibaba.android.rimet/10487439 Channel/227200 language/zh-CN"
42.236.10.75 - - [04/Dec/2019:03:23:39 +0800] "GET /wp-content/uploads/siteground-optimizer-assets/twentyfifteen-script.min.js HTTP/1.1" 200 1331 "http://www.crazyant.net/" "Mozilla/5.0 (Linux; U; Android 8.1.0; zh-CN; EML-AL00 Build/HUAWEIEML-AL00) AppleWebKit/537.36 (KHTML, like Gecko) Version/4.0 Chrome/57.0.2987.108 baidu.sogo.uc.UCBrowser/11.9.4.974 UWS/2.13.1.48 Mobile Safari/537.36 AliApp(DingTalk/4.5.11) com.alibaba.android.rimet/10487439 Channel/227200 language/zh-CN"
42.236.10.75 - - [04/Dec/2019:03:23:41 +0800] "GET /wp-content/plugins/easy-fancybox/js/jquery.mousewheel.min.js HTTP/1.1" 200 1145 "http://www.crazyant.net/" "Mozilla/5.0 (Linux; U; Android 8.1.0; zh-CN; EML-AL00 Build/HUAWEIEML-AL00) AppleWebKit/537.36 (KHTML, like Gecko) Version/4.0 Chrome/57.0.2987.108 baidu.sogo.uc.UCBrowser/11.9.4.974 UWS/2.13.1.48 Mobile Safari/537.36 AliApp(DingTalk/4.5.11) com.alibaba.android.rimet/10487439 Channel/227200 language/zh-CN"
42.236.10.78 - - [04/Dec/2019:03:23:41 +0800] "GET /wp-content/plugins/easy-fancybox/js/jquery.easing.min.js HTTP/1.1" 200 767 "http://www.crazyant.net/" "Mozilla/5.0 (Linux; U; Android 8.1.0; zh-CN; EML-AL00 Build/HUAWEIEML-AL00) AppleWebKit/537.36 (KHTML, like Gecko) Version/4.0 Chrome/57.0.2987.108 baidu.sogo.uc.UCBrowser/11.9.4.974 UWS/2.13.1.48 Mobile Safari/537.36 AliApp(DingTalk/4.5.11) com.alibaba.android.rimet/10487439 Channel/227200 language/zh-CN"
54.91.17.1 - - [04/Dec/2019:03:24:37 +0800] "GET /1763.html/feed HTTP/1.0" 200 838 "https://www.google.com/" "Mozilla/5.0 (Windows NT 6.1; Win64; x64) AppleWebKit/537.36 (KHTML, like Gecko) Chrome/60.0.3112.90 Safari/537.36"
66.249.79.27 - - [04/Dec/2019:03:24:47 +0800] "POST /wp-json/wordpress-popular-posts/v1/popular-posts HTTP/1.0" 201 53 "http://www.crazyant.net/1404.html" "Mozilla/5.0 (Linux; Android 6.0.1; Nexus 5X Build/MMB29P) AppleWebKit/537.36 (KHTML, like Gecko) Chrome/41.0.2272.96 Mobile Safari/537.36 (compatible; Googlebot/2.1; +http://www.google.com/bot.html)"
123.125.71.84 - - [04/Dec/2019:03:25:46 +0800] "GET /629.html HTTP/1.1" 444 0 "-" "Mozilla/5.0 (compatible; Baiduspider/2.0; +http://www.baidu.com/search/spider.html)"
106.11.158.235 - - [04/Dec/2019:03:26:34 +0800] "GET /?s=%E3%80%90%E2%94%83%E5%92%A8%E8%AF%A2%EF%BC%B12%E2%92%8F7%E2%92%8F01705%E3%80%91%E3%80%91%E5%8D%8E%E5%AE%87%E5%BE%85%E9%81%87 HTTP/1.0" 200 8342 "-" "YisouSpider"
106.11.154.89 - - [04/Dec/2019:03:26:40 +0800] "GET /874.html HTTP/1.0" 200 11084 "-" "Mozilla/5.0 (Windows NT 6.1; Win64; x64) AppleWebKit/537.36 (KHTML, like Gecko) Chrome/69.0.3497.81 YisouSpider/5.0 Safari/537.36"
222.129.54.23 - - [04/Dec/2019:03:27:08 +0800] "GET /feed HTTP/1.0" 200 4779 "-" "ReadKit/2.4.3 (Mac OS X Version 10.15.1 (Build 19B88))"
8.29.198.26 - - [04/Dec/2019:03:27:13 +0800] "GET /feed HTTP/1.0" 200 4779 "-" "Feedly/1.0 (+http://www.feedly.com/fetcher.html; 69 subscribers; like FeedFetcher-Google)"
216.244.66.230 - - [04/Dec/2019:03:28:08 +0800] "GET /category/python-solvedoubts HTTP/1.0" 200 36781 "-" "Mozilla/5.0 (compatible; DotBot/1.1; http://www.opensiteexplorer.org/dotbot, help@moz.com)"
154.209.252.222 - - [04/Dec/2019:03:28:27 +0800] "GET /js/common.js HTTP/1.0" 404 35012 "http://www.crazyant.net/js/common.js" "Mozilla/5.0 (compatible; MSIE 9.0; Windows NT 6.1; Win64; x64; Trident/5.0)"
154.209.252.222 - - [04/Dec/2019:03:28:27 +0800] "GET /public/ui/v1/js/sea.js HTTP/1.0" 404 35012 "http://www.crazyant.net/public/ui/v1/js/sea.js" "Mozilla/5.0 (compatible; MSIE 9.0; Windows NT 6.1; Win64; x64; Trident/5.0)"
123.125.71.52 - - [04/Dec/2019:03:29:01 +0800] "GET /1810.html HTTP/1.1" 444 0 "-" "Mozilla/5.0 (compatible; Baiduspider/2.0; +http://www.baidu.com/search/spider.html)"
39.98.69.62 - - [04/Dec/2019:03:29:27 +0800] "GET /feed HTTP/1.0" 200 4779 "-" "Mozilla/5.0 (Linux; Android 8.0.0; TA-1053 Build/OPR1.170623.026) AppleWebKit/537.36 (KHTML, like Gecko) Chrome/67.0.3368.0 Mobile Safari/537.36"
92.38.129.153 - - [04/Dec/2019:03:30:13 +0800] "GET /feed/ HTTP/1.0" 301 - "-" "Tiny Tiny RSS/19.02 (http://tt-rss.org/)"
92.38.129.153 - - [04/Dec/2019:03:30:13 +0800] "GET /feed HTTP/1.0" 200 4779 "-" "Tiny Tiny RSS/19.02 (http://tt-rss.org/)"
40.77.167.39 - - [04/Dec/2019:03:30:27 +0800] "GET /2523.html HTTP/1.0" 200 11895 "-" "Mozilla/5.0 (compatible; bingbot/2.0; +http://www.bing.com/bingbot.htm)"
40.77.167.153 - - [04/Dec/2019:03:30:28 +0800] "GET /874.html/feed HTTP/1.0" 200 517 "-" "msnbot/2.0b (+http://search.msn.com/msnbot.htm)"
157.55.39.180 - - [04/Dec/2019:03:30:36 +0800] "GET /930.html HTTP/1.0" 200 15878 "-" "Mozilla/5.0 (compatible; bingbot/2.0; +http://www.bing.com/bingbot.htm)"
66.249.79.29 - - [04/Dec/2019:03:30:38 +0800] "GET /author/peishuai1987?qqbuzc=mgzvl3&zkd HTTP/1.0" 200 10525 "-" "Mozilla/5.0 (Linux; Android 6.0.1; Nexus 5X Build/MMB29P) AppleWebKit/537.36 (KHTML, like Gecko) Chrome/41.0.2272.96 Mobile Safari/537.36 (compatible; Googlebot/2.1; +http://www.google.com/bot.html)"
106.11.156.234 - - [04/Dec/2019:03:31:03 +0800] "GET /?s=%E5%A5%BD%E7%9C%81[%E5%BE%AEX%EF%BC%9Agylm555] HTTP/1.0" 200 8270 "-" "YisouSpider"
40.77.167.39 - - [04/Dec/2019:03:31:06 +0800] "GET /478.html HTTP/1.0" 200 11159 "-" "Mozilla/5.0 (compatible; bingbot/2.0; +http://www.bing.com/bingbot.htm)"
70.38.38.57 - - [04/Dec/2019:03:31:11 +0800] "GET /1703.html HTTP/1.0" 200 49984 "-" "-"
70.38.38.57 - - [04/Dec/2019:03:31:13 +0800] "GET / HTTP/1.0" 200 54276 "-" "-"
70.38.38.57 - - [04/Dec/2019:03:31:15 +0800] "GET / HTTP/1.0" 200 54276 "-" "-"
66.249.79.27 - - [04/Dec/2019:03:31:15 +0800] "GET /2515.html HTTP/1.0" 200 10430 "-" "Mozilla/5.0 (Linux; Android 6.0.1; Nexus 5X Build/MMB29P) AppleWebKit/537.36 (KHTML, like Gecko) Chrome/41.0.2272.96 Mobile Safari/537.36 (compatible; Googlebot/2.1; +http://www.google.com/bot.html)"
70.38.38.57 - - [04/Dec/2019:03:31:16 +0800] "GET /category/python-solvedoubts HTTP/1.0" 200 36781 "-" "-"
70.38.38.57 - - [04/Dec/2019:03:31:18 +0800] "GET /category/python-basic HTTP/1.0" 200 35290 "-" "-"
70.38.38.57 - - [04/Dec/2019:03:31:19 +0800] "GET /category/python-%e7%88%ac%e8%99%ab%e7%b3%bb%e5%88%97 HTTP/1.0" 200 36688 "-" "-"
70.38.38.57 - - [04/Dec/2019:03:31:20 +0800] "GET /category/python-pandas%e7%b3%bb%e5%88%97 HTTP/1.0" 200 54630 "-" "-"
70.38.38.57 - - [04/Dec/2019:03:31:22 +0800] "GET /category/python-web HTTP/1.0" 200 35280 "-" "-"
70.38.38.57 - - [04/Dec/2019:03:31:23 +0800] "GET /category/python-bigdata HTTP/1.0" 200 35288 "-" "-"
70.38.38.57 - - [04/Dec/2019:03:31:25 +0800] "GET /category/python-spark HTTP/1.0" 200 35276 "-" "-"
70.38.38.57 - - [04/Dec/2019:03:31:26 +0800] "GET /category/python-data-analysis HTTP/1.0" 200 35306 "-" "-"
70.38.38.57 - - [04/Dec/2019:03:31:27 +0800] "GET /category/python-machinelearning HTTP/1.0" 200 36552 "-" "-"
70.38.38.57 - - [04/Dec/2019:03:31:29 +0800] "GET /category/%e6%8e%a8%e8%8d%90%e7%b3%bb%e7%bb%9f HTTP/1.0" 200 45061 "-" "-"
70.38.38.57 - - [04/Dec/2019:03:31:30 +0800] "GET /%e5%85%b3%e4%ba%8e HTTP/1.0" 200 38613 "-" "-"
70.38.38.57 - - [04/Dec/2019:03:31:31 +0800] "GET /%e7%95%99%e8%a8%80%e5%b0%8f%e6%9c%ac HTTP/1.0" 200 115448 "-" "-"
70.38.38.57 - - [04/Dec/2019:03:31:33 +0800] "GET /meditation-resource HTTP/1.0" 200 45872 "-" "-"
70.38.38.57 - - [04/Dec/2019:03:31:35 +0800] "GET /my_program_notes HTTP/1.0" 200 39035 "-" "-"
70.38.38.57 - - [04/Dec/2019:03:31:36 +0800] "GET /%e5%b8%b8%e7%94%a8%e8%b5%84%e6%ba%90 HTTP/1.0" 200 49690 "-" "-"
70.38.38.57 - - [04/Dec/2019:03:31:38 +0800] "GET /my_book_list HTTP/1.0" 200 55897 "-" "-"
70.38.38.57 - - [04/Dec/2019:03:31:39 +0800] "GET /%e4%b8%aa%e4%ba%ba%e7%ae%b4%e8%a8%80 HTTP/1.0" 200 47965 "-" "-"
70.38.38.57 - - [04/Dec/2019:03:31:41 +0800] "GET /2615.html HTTP/1.0" 200 40472 "-" "-"
70.38.38.57 - - [04/Dec/2019:03:31:42 +0800] "GET /2604.html HTTP/1.0" 200 47610 "-" "-"
66.249.79.25 - - [04/Dec/2019:03:31:43 +0800] "GET /2160.html HTTP/1.0" 200 10850 "-" "Mozilla/5.0 (compatible; Googlebot/2.1; +http://www.google.com/bot.html)"
66.249.79.27 - - [04/Dec/2019:03:31:43 +0800] "GET /1129.html HTTP/1.0" 200 13513 "-" "Mozilla/5.0 (compatible; Googlebot/2.1; +http://www.google.com/bot.html)"
70.38.38.57 - - [04/Dec/2019:03:31:44 +0800] "GET /2602.html HTTP/1.0" 200 54634 "-" "-"
70.38.38.57 - - [04/Dec/2019:03:31:45 +0800] "GET /2598.html HTTP/1.0" 200 62900 "-" "-"
66.249.79.27 - - [04/Dec/2019:03:31:46 +0800] "GET /author/peishuai1987/page/8?jdfwkey=ktxvu3 HTTP/1.0" 200 11201 "-" "Mozilla/5.0 (Linux; Android 6.0.1; Nexus 5X Build/MMB29P) AppleWebKit/537.36 (KHTML, like Gecko) Chrome/41.0.2272.96 Mobile Safari/537.36 (compatible; Googlebot/2.1; +http://www.google.com/bot.html)"
66.249.79.25 - - [04/Dec/2019:03:31:47 +0800] "GET /639.html HTTP/1.0" 200 11517 "-" "Mozilla/5.0 (Linux; Android 6.0.1; Nexus 5X Build/MMB29P) AppleWebKit/537.36 (KHTML, like Gecko) Chrome/41.0.2272.96 Mobile Safari/537.36 (compatible; Googlebot/2.1; +http://www.google.com/bot.html)"
70.38.38.57 - - [04/Dec/2019:03:31:47 +0800] "GET /2594.html HTTP/1.0" 200 60102 "-" "-"
70.38.38.57 - - [04/Dec/2019:03:31:49 +0800] "GET /2351.html HTTP/1.0" 200 48538 "-" "-"
70.38.38.57 - - [04/Dec/2019:03:31:50 +0800] "GET /2351.html HTTP/1.0" 200 48538 "-" "-"
70.38.38.57 - - [04/Dec/2019:03:31:52 +0800] "GET /2404.html HTTP/1.0" 200 46260 "-" "-"
70.38.38.57 - - [04/Dec/2019:03:31:53 +0800] "GET /2404.html HTTP/1.0" 200 46257 "-" "-"
70.38.38.57 - - [04/Dec/2019:03:31:55 +0800] "GET /my_book_list HTTP/1.0" 200 55897 "-" "-"
66.249.79.25 - - [04/Dec/2019:03:31:56 +0800] "GET /1901.html?replytocom=10930 HTTP/1.0" 200 12963 "-" "Mozilla/5.0 (Linux; Android 6.0.1; Nexus 5X Build/MMB29P) AppleWebKit/537.36 (KHTML, like Gecko) Chrome/41.0.2272.96 Mobile Safari/537.36 (compatible; Googlebot/2.1; +http://www.google.com/bot.html)"
70.38.38.57 - - [04/Dec/2019:03:31:57 +0800] "GET /tag/apache HTTP/1.0" 200 38390 "-" "-"
70.38.38.57 - - [04/Dec/2019:03:31:58 +0800] "GET /tag/c HTTP/1.0" 200 49791 "-" "-"
66.249.79.25 - - [04/Dec/2019:03:31:59 +0800] "GET /1895.html HTTP/1.0" 200 11029 "-" "Mozilla/5.0 (compatible; Googlebot/2.1; +http://www.google.com/bot.html)"
70.38.38.57 - - [04/Dec/2019:03:31:59 +0800] "GET /tag/django HTTP/1.0" 200 45970 "-" "-"
66.249.79.25 - - [04/Dec/2019:03:32:00 +0800] "GET /254.html HTTP/1.0" 200 10427 "-" "Mozilla/5.0 (Linux; Android 6.0.1; Nexus 5X Build/MMB29P) AppleWebKit/537.36 (KHTML, like Gecko) Chrome/41.0.2272.96 Mobile Safari/537.36 (compatible; Googlebot/2.1; +http://www.google.com/bot.html)"
66.249.79.25 - - [04/Dec/2019:03:32:00 +0800] "GET /2506.html HTTP/1.0" 200 13135 "-" "Mozilla/5.0 (Linux; Android 6.0.1; Nexus 5X Build/MMB29P) AppleWebKit/537.36 (KHTML, like Gecko) Chrome/41.0.2272.96 Mobile Safari/537.36 (compatible; Googlebot/2.1; +http://www.google.com/bot.html)"
70.38.38.57 - - [04/Dec/2019:03:32:01 +0800] "GET /tag/excel HTTP/1.0" 200 40256 "-" "-"
66.249.79.25 - - [04/Dec/2019:03:32:02 +0800] "GET /1895.html HTTP/1.0" 200 11031 "-" "Mozilla/5.0 (Linux; Android 6.0.1; Nexus 5X Build/MMB29P) AppleWebKit/537.36 (KHTML, like Gecko) Chrome/41.0.2272.96 Mobile Safari/537.36 (compatible; Googlebot/2.1; +http://www.google.com/bot.html)"
70.38.38.57 - - [04/Dec/2019:03:32:02 +0800] "GET /tag/flask HTTP/1.0" 200 38592 "-" "-"
66.249.79.25 - - [04/Dec/2019:03:32:03 +0800] "GET /611.html HTTP/1.0" 200 14239 "-" "Mozilla/5.0 (Linux; Android 6.0.1; Nexus 5X Build/MMB29P) AppleWebKit/537.36 (KHTML, like Gecko) Chrome/41.0.2272.96 Mobile Safari/537.36 (compatible; Googlebot/2.1; +http://www.google.com/bot.html)"
70.38.38.57 - - [04/Dec/2019:03:32:04 +0800] "GET /tag/hadoop HTTP/1.0" 200 45801 "-" "-"
66.249.79.25 - - [04/Dec/2019:03:32:04 +0800] "GET /2160.html HTTP/1.0" 200 10849 "-" "Mozilla/5.0 (Linux; Android 6.0.1; Nexus 5X Build/MMB29P) AppleWebKit/537.36 (KHTML, like Gecko) Chrome/41.0.2272.96 Mobile Safari/537.36 (compatible; Googlebot/2.1; +http://www.google.com/bot.html)"
70.38.38.57 - - [04/Dec/2019:03:32:05 +0800] "GET /tag/hive HTTP/1.0" 200 52272 "-" "-"
66.249.79.25 - - [04/Dec/2019:03:32:06 +0800] "GET /2351.html HTTP/1.0" 200 12943 "-" "Mozilla/5.0 (Linux; Android 6.0.1; Nexus 5X Build/MMB29P) AppleWebKit/537.36 (KHTML, like Gecko) Chrome/41.0.2272.96 Mobile Safari/537.36 (compatible; Googlebot/2.1; +http://www.google.com/bot.html)"
212.64.5.64 - - [04/Dec/2019:03:32:07 +0800] "GET /feed HTTP/1.0" 200 4779 "-" "Mozilla/5.0 (Windows NT 6.1) AppleWebKit/537.31 (KHTML, like Gecko) Chrome/26.0.1410.43 Safari/537.31"
70.38.38.57 - - [04/Dec/2019:03:32:07 +0800] "GET /tag/java HTTP/1.0" 200 55697 "-" "-"
70.38.38.57 - - [04/Dec/2019:03:32:08 +0800] "GET /tag/jquery HTTP/1.0" 200 38110 "-" "-"
66.249.79.25 - - [04/Dec/2019:03:32:09 +0800] "GET /1470.html HTTP/1.0" 200 12270 "-" "Mozilla/5.0 (compatible; Googlebot/2.1; +http://www.google.com/bot.html)"
66.249.79.25 - - [04/Dec/2019:03:32:09 +0800] "GET /130.html HTTP/1.0" 200 11355 "-" "Mozilla/5.0 (Linux; Android 6.0.1; Nexus 5X Build/MMB29P) AppleWebKit/537.36 (KHTML, like Gecko) Chrome/41.0.2272.96 Mobile Safari/537.36 (compatible; Googlebot/2.1; +http://www.google.com/bot.html)"
66.249.79.25 - - [04/Dec/2019:03:32:10 +0800] "GET /1895.html HTTP/1.0" 200 11031 "-" "Mozilla/5.0 (Linux; Android 6.0.1; Nexus 5X Build/MMB29P) AppleWebKit/537.36 (KHTML, like Gecko) Chrome/41.0.2272.96 Mobile Safari/537.36 (compatible; Googlebot/2.1; +http://www.google.com/bot.html)"
70.38.38.57 - - [04/Dec/2019:03:32:10 +0800] "GET /tag/jvm HTTP/1.0" 200 40193 "-" "-"
70.38.38.57 - - [04/Dec/2019:03:32:11 +0800] "GET /tag/linux HTTP/1.0" 200 48823 "-" "-"
66.249.79.25 - - [04/Dec/2019:03:32:12 +0800] "GET /1782.html HTTP/1.0" 200 11452 "-" "Mozilla/5.0 (Linux; Android 6.0.1; Nexus 5X Build/MMB29P) AppleWebKit/537.36 (KHTML, like Gecko) Chrome/41.0.2272.96 Mobile Safari/537.36 (compatible; Googlebot/2.1; +http://www.google.com/bot.html)"
70.38.38.57 - - [04/Dec/2019:03:32:13 +0800] "GET /tag/mac HTTP/1.0" 200 38126 "-" "-"
66.249.79.25 - - [04/Dec/2019:03:32:14 +0800] "GET /1321.html HTTP/1.0" 200 10971 "-" "Mozilla/5.0 (compatible; Googlebot/2.1; +http://www.google.com/bot.html)"
66.249.79.25 - - [04/Dec/2019:03:32:14 +0800] "GET /tag/tensorflow HTTP/1.0" 200 9363 "-" "Mozilla/5.0 (Linux; Android 6.0.1; Nexus 5X Build/MMB29P) AppleWebKit/537.36 (KHTML, like Gecko) Chrome/41.0.2272.96 Mobile Safari/537.36 (compatible; Googlebot/2.1; +http://www.google.com/bot.html)"
70.38.38.57 - - [04/Dec/2019:03:32:14 +0800] "GET /tag/maven HTTP/1.0" 200 38518 "-" "-"
70.38.38.57 - - [04/Dec/2019:03:32:15 +0800] "GET /tag/mybatis HTTP/1.0" 200 38312 "-" "-"
66.249.79.25 - - [04/Dec/2019:03:32:16 +0800] "GET /749.html HTTP/1.0" 200 10954 "-" "Mozilla/5.0 (compatible; Googlebot/2.1; +http://www.google.com/bot.html)"
70.38.38.57 - - [04/Dec/2019:03:32:17 +0800] "GET /tag/mysql HTTP/1.0" 200 53988 "-" "-"
40.77.167.153 - - [04/Dec/2019:03:32:17 +0800] "GET /1355.html/feed HTTP/1.0" 200 995 "-" "msnbot/2.0b (+http://search.msn.com/msnbot.htm)"
70.38.38.57 - - [04/Dec/2019:03:32:18 +0800] "GET /tag/pandas HTTP/1.0" 200 54547 "-" "-"
66.249.79.25 - - [04/Dec/2019:03:32:19 +0800] "GET /1094.html HTTP/1.0" 200 12854 "-" "Mozilla/5.0 (Linux; Android 6.0.1; Nexus 5X Build/MMB29P) AppleWebKit/537.36 (KHTML, like Gecko) Chrome/41.0.2272.96 Mobile Safari/537.36 (compatible; Googlebot/2.1; +http://www.google.com/bot.html)"
70.38.38.57 - - [04/Dec/2019:03:32:20 +0800] "GET /tag/php HTTP/1.0" 200 54255 "-" "-"
70.38.38.57 - - [04/Dec/2019:03:32:21 +0800] "GET /tag/python HTTP/1.0" 200 54531 "-" "-"
66.249.79.25 - - [04/Dec/2019:03:32:22 +0800] "GET /2351.html HTTP/1.0" 200 12943 "-" "Mozilla/5.0 (compatible; Googlebot/2.1; +http://www.google.com/bot.html)"
70.38.38.57 - - [04/Dec/2019:03:32:23 +0800] "GET /tag/qt HTTP/1.0" 200 37709 "-" "-"
66.249.79.25 - - [04/Dec/2019:03:32:24 +0800] "GET /1946.html?replytocom=17553 HTTP/1.0" 200 11111 "-" "Mozilla/5.0 (Linux; Android 6.0.1; Nexus 5X Build/MMB29P) AppleWebKit/537.36 (KHTML, like Gecko) Chrome/41.0.2272.96 Mobile Safari/537.36 (compatible; Googlebot/2.1; +http://www.google.com/bot.html)"
70.38.38.57 - - [04/Dec/2019:03:32:24 +0800] "GET /tag/redis HTTP/1.0" 200 40152 "-" "-"
66.249.79.25 - - [04/Dec/2019:03:32:25 +0800] "GET /1931.html HTTP/1.0" 200 13030 "-" "Mozilla/5.0 (Linux; Android 6.0.1; Nexus 5X Build/MMB29P) AppleWebKit/537.36 (KHTML, like Gecko) Chrome/41.0.2272.96 Mobile Safari/537.36 (compatible; Googlebot/2.1; +http://www.google.com/bot.html)"
70.38.38.57 - - [04/Dec/2019:03:32:26 +0800] "GET /tag/seo HTTP/1.0" 200 38292 "-" "-"
70.38.38.57 - - [04/Dec/2019:03:32:27 +0800] "GET /tag/shell HTTP/1.0" 200 48588 "-" "-"
66.249.79.25 - - [04/Dec/2019:03:32:28 +0800] "GET /1404.html HTTP/1.0" 200 11707 "-" "Mozilla/5.0 (compatible; Googlebot/2.1; +http://www.google.com/bot.html)"
70.38.38.57 - - [04/Dec/2019:03:32:29 +0800] "GET /tag/spark HTTP/1.0" 200 42224 "-" "-"
70.38.38.57 - - [04/Dec/2019:03:32:30 +0800] "GET /tag/svn HTTP/1.0" 200 38456 "-" "-"
66.249.79.8 - - [04/Dec/2019:03:32:31 +0800] "GET /tag/pandas/page/2 HTTP/1.0" 200 10502 "-" "Mozilla/5.0 (Linux; Android 6.0.1; Nexus 5X Build/MMB29P) AppleWebKit/537.36 (KHTML, like Gecko) Chrome/41.0.2272.96 Mobile Safari/537.36 (compatible; Googlebot/2.1; +http://www.google.com/bot.html)"
70.38.38.57 - - [04/Dec/2019:03:32:31 +0800] "GET /tag/tensorflow HTTP/1.0" 200 40791 "-" "-"
70.38.38.57 - - [04/Dec/2019:03:32:33 +0800] "GET /tag/tomcat HTTP/1.0" 200 38431 "-" "-"
70.38.38.57 - - [04/Dec/2019:03:32:34 +0800] "GET /tag/ubuntu HTTP/1.0" 200 45777 "-" "-"
70.38.38.57 - - [04/Dec/2019:03:32:35 +0800] "GET /tag/vim HTTP/1.0" 200 36198 "-" "-"
66.249.79.25 - - [04/Dec/2019:03:32:36 +0800] "GET /149.html HTTP/1.0" 200 13050 "-" "Mozilla/5.0 (Linux; Android 6.0.1; Nexus 5X Build/MMB29P) AppleWebKit/537.36 (KHTML, like Gecko) Chrome/41.0.2272.96 Mobile Safari/537.36 (compatible; Googlebot/2.1; +http://www.google.com/bot.html)"
70.38.38.57 - - [04/Dec/2019:03:32:37 +0800] "GET /tag/win7 HTTP/1.0" 200 43907 "-" "-"
70.38.38.57 - - [04/Dec/2019:03:32:38 +0800] "GET /tag/word HTTP/1.0" 200 38350 "-" "-"
70.38.38.57 - - [04/Dec/2019:03:32:39 +0800] "GET /tag/wordpress HTTP/1.0" 200 40197 "-" "-"
70.38.38.57 - - [04/Dec/2019:03:32:41 +0800] "GET /tag/%e5%a4%a7%e6%95%b0%e6%8d%ae HTTP/1.0" 200 41113 "-" "-"
111.202.100.137 - - [04/Dec/2019:03:32:42 +0800] "GET /2536.html/feed HTTP/1.0" 200 499 "-" "Sogou web spider/4.0(+http://www.sogou.com/docs/help/webmasters.htm#07)"
70.38.38.57 - - [04/Dec/2019:03:32:42 +0800] "GET /tag/%e5%ae%89%e5%85%a8 HTTP/1.0" 200 36370 "-" "-"
70.38.38.57 - - [04/Dec/2019:03:32:43 +0800] "GET /tag/%e6%8e%a8%e8%8d%90%e7%b3%bb%e7%bb%9f HTTP/1.0" 200 44982 "-" "-"
70.38.38.57 - - [04/Dec/2019:03:32:45 +0800] "GET /tag/%e6%93%8d%e4%bd%9c%e7%b3%bb%e7%bb%9f HTTP/1.0" 200 38488 "-" "-"
70.38.38.57 - - [04/Dec/2019:03:32:46 +0800] "GET /tag/%e6%95%b0%e6%8d%ae%e5%88%86%e6%9e%90 HTTP/1.0" 200 54336 "-" "-"
70.38.38.57 - - [04/Dec/2019:03:32:48 +0800] "GET /tag/%e6%95%b0%e6%8d%ae%e5%ba%93 HTTP/1.0" 200 42454 "-" "-"
70.38.38.57 - - [04/Dec/2019:03:32:49 +0800] "GET /tag/%e6%9c%ba%e5%99%a8%e5%ad%a6%e4%b9%a0 HTTP/1.0" 200 42256 "-" "-"
70.38.38.57 - - [04/Dec/2019:03:32:51 +0800] "GET /tag/%e7%88%ac%e8%99%ab HTTP/1.0" 200 54225 "-" "-"
70.38.38.57 - - [04/Dec/2019:03:32:52 +0800] "GET /tag/%e7%a8%8b%e5%ba%8f%e4%ba%ba%e7%94%9f HTTP/1.0" 200 54425 "-" "-"
70.38.38.57 - - [04/Dec/2019:03:32:54 +0800] "GET /tag/website HTTP/1.0" 200 40067 "-" "-"
70.38.38.57 - - [04/Dec/2019:03:32:55 +0800] "GET /tag/%e7%ae%97%e6%b3%95 HTTP/1.0" 200 40142 "-" "-"
70.38.38.57 - - [04/Dec/2019:03:32:57 +0800] "GET /tag/%e7%bb%87%e6%a2%a6 HTTP/1.0" 200 42068 "-" "-"
70.38.38.57 - - [04/Dec/2019:03:32:58 +0800] "GET /tag/%e8%ae%be%e8%ae%a1 HTTP/1.0" 200 38494 "-" "-"
70.38.38.57 - - [04/Dec/2019:03:32:59 +0800] "GET / HTTP/1.0" 200 54276 "-" "-"
70.38.38.57 - - [04/Dec/2019:03:33:01 +0800] "GET /1703.html HTTP/1.0" 200 49983 "-" "-"
70.38.38.57 - - [04/Dec/2019:03:33:03 +0800] "GET /author/peishuai1987 HTTP/1.0" 200 54639 "-" "-"
111.202.100.137 - - [04/Dec/2019:03:33:04 +0800] "GET /wp-json/oembed/1.0/embed?url=https%3A%2F%2Fwww.crazyant.net%2F1741.html&format=xml HTTP/1.0" 200 1206 "-" "Sogou web spider/4.0(+http://www.sogou.com/docs/help/webmasters.htm#07)"
70.38.38.57 - - [04/Dec/2019:03:33:05 +0800] "GET /category/java-development HTTP/1.0" 200 54914 "-" "-"
70.38.38.57 - - [04/Dec/2019:03:33:06 +0800] "GET /1703.html HTTP/1.0" 200 49980 "-" "-"
70.38.38.57 - - [04/Dec/2019:03:33:08 +0800] "GET /1703.html HTTP/1.0" 200 49981 "-" "-"
70.38.38.57 - - [04/Dec/2019:03:33:09 +0800] "GET /1703.html HTTP/1.0" 200 49983 "-" "-"
70.38.38.57 - - [04/Dec/2019:03:33:11 +0800] "GET /1703.html HTTP/1.0" 200 49984 "-" "-"
70.38.38.57 - - [04/Dec/2019:03:33:13 +0800] "GET /1703.html HTTP/1.0" 200 49983 "-" "-"
70.38.38.57 - - [04/Dec/2019:03:33:14 +0800] "GET /1697.html HTTP/1.0" 200 50884 "-" "-"
70.38.38.57 - - [04/Dec/2019:03:33:16 +0800] "GET /1707.html HTTP/1.0" 200 65231 "-" "-"
106.11.153.226 - - [04/Dec/2019:03:34:32 +0800] "GET /page/22?wptouch_switch=desktop HTTP/1.0" 200 10948 "-" "YisouSpider"
106.11.157.254 - - [04/Dec/2019:03:34:33 +0800] "GET /1861.html?replytocom=20977 HTTP/1.0" 200 11947 "-" "YisouSpider"
111.202.100.137 - - [04/Dec/2019:03:35:13 +0800] "GET /?s=%E8%B5%9A%E7%94%9F%E6%B4%BB%E8%8B%B9%E6%9E%9C%E7%89%88%E4%B8%8B%E8%BD%BD%E5%AE%89%E8%A3%85%E3%80%90%E6%8B%9B%E5%95%86%E5%BE%AE%E4%BF%A1gylm013%E3%80%91 HTTP/1.0" 200 8366 "-" "Sogou web spider/4.0(+http://www.sogou.com/docs/help/webmasters.htm#07)"
122.55.53.22 - - [04/Dec/2019:03:35:22 +0800] "GET /ueditor/net/controller.ashx HTTP/1.0" 404 35012 "http://www.crazyant.net/ueditor/net/controller.ashx" "Mozilla/5.0 (compatible; MSIE 9.0; Windows NT 6.1; Win64; x64; Trident/5.0)"
111.202.100.137 - - [04/Dec/2019:03:35:23 +0800] "GET /wp-json/oembed/1.0/embed?url=https%3A%2F%2Fwww.crazyant.net%2F790.html&format=xml HTTP/1.0" 200 1250 "-" "Sogou web spider/4.0(+http://www.sogou.com/docs/help/webmasters.htm#07)"
220.181.51.70 - - [04/Dec/2019:03:35:30 +0800] "GET / HTTP/1.0" 200 10415 "-" "Mozilla/5.0 (Windows NT 10.0; WOW64) AppleWebKit/537.36 (KHTML, like Gecko) Chrome/45.0.2454.93 Safari/537.36"
111.206.198.204 - - [04/Dec/2019:03:35:31 +0800] "GET /wp-content/uploads/2019/08/%E5%B0%8F%E5%9B%BE.jpg HTTP/1.0" 200 5582 "http://www.crazyant.net/" "Mozilla/5.0 (Windows NT 10.0; WOW64) AppleWebKit/537.36 (KHTML, like Gecko) Chrome/45.0.2454.93 Safari/537.36"
66.249.79.25 - - [04/Dec/2019:03:35:53 +0800] "POST /wp-json/wordpress-popular-posts/v1/popular-posts HTTP/1.0" 201 55 "http://www.crazyant.net/611.html" "Mozilla/5.0 (Linux; Android 6.0.1; Nexus 5X Build/MMB29P) AppleWebKit/537.36 (KHTML, like Gecko) Chrome/41.0.2272.96 Mobile Safari/537.36 (compatible; Googlebot/2.1; +http://www.google.com/bot.html)"
3.87.120.48 - - [04/Dec/2019:03:36:01 +0800] "GET /1129.html/feed HTTP/1.0" 200 1491 "https://www.google.com/" "Mozilla/5.0 (Windows NT 10.0; Win64; x64) AppleWebKit/537.36 (KHTML, like Gecko) Chrome/42.0.2311.135 Safari/537.36 Edge/12.246"
111.202.100.137 - - [04/Dec/2019:03:37:15 +0800] "GET /?s=%E5%9B%9E%E4%BF%A1gylm555%E3%80%91%E6%B7%98%E5%AE%9D%E8%81%94%E7%9B%9F%E5%AE%98%E6%96%B9%E4%B8%8B%E8%BD%BD%E7%94%B5%E8%84%91%E7%89%88 HTTP/1.0" 200 8352 "-" "Sogou web spider/4.0(+http://www.sogou.com/docs/help/webmasters.htm#07)"
111.202.100.137 - - [04/Dec/2019:03:37:35 +0800] "GET /wp-json/oembed/1.0/embed?url=https%3A%2F%2Fwww.crazyant.net%2F1072.html HTTP/1.0" 200 1183 "-" "Sogou web spider/4.0(+http://www.sogou.com/docs/help/webmasters.htm#07)"
137.74.38.160 - - [04/Dec/2019:03:37:36 +0800] "GET /feed/ HTTP/1.0" 301 - "-" "Tiny Tiny RSS/19.8 (f609065) (http://tt-rss.org/)"
137.74.38.160 - - [04/Dec/2019:03:37:37 +0800] "GET /feed HTTP/1.0" 200 4779 "-" "Tiny Tiny RSS/19.8 (f609065) (http://tt-rss.org/)"
123.125.71.98 - - [04/Dec/2019:03:38:44 +0800] "GET /1587.html HTTP/1.1" 444 0 "-" "Mozilla/5.0 (compatible; Baiduspider/2.0; +http://www.baidu.com/search/spider.html)"
180.163.220.5 - - [04/Dec/2019:03:39:23 +0800] "GET /2523.html HTTP/1.0" 200 11889 "http://baidu.com/" "Mozilla/5.0 (Windows NT 6.1) AppleWebKit/537.36 (KHTML, like Gecko) baidu.sogo.uc.Chrome/36.0.1985.125 Safari/537.36"
111.202.100.137 - - [04/Dec/2019:03:39:23 +0800] "GET /?s=%E7%81%B0%E4%BF%A1gylm013%E9%AB%98%E4%BD%A3%E8%81%94%E7%9B%9F%E6%80%8E%E4%B9%88%E9%80%80%E5%87%BA%E4%BB%A3%E7%90%86 HTTP/1.0" 200 8331 "-" "Sogou web spider/4.0(+http://www.sogou.com/docs/help/webmasters.htm#07)"
144.76.90.34 - - [04/Dec/2019:03:39:29 +0800] "GET /feed HTTP/1.0" 200 4779 "-" "Mozilla/5.0 (compatible; BazQux/2.4; +https://bazqux.com/fetcher; 1 subscribers)"
180.163.220.5 - - [04/Dec/2019:03:39:29 +0800] "GET /wp-includes/css/dist/block-library/style.min.css HTTP/1.0" 200 6163 "http://www.crazyant.net/2523.html" "Mozilla/5.0 (Windows NT 6.1) AppleWebKit/537.36 (KHTML, like Gecko) baidu.sogo.uc.Chrome/36.0.1985.125 Safari/537.36"
180.163.220.68 - - [04/Dec/2019:03:39:29 +0800] "GET /wp-includes/css/dist/block-library/theme.min.css HTTP/1.0" 200 639 "http://www.crazyant.net/2523.html" "Mozilla/5.0 (Windows NT 6.1) AppleWebKit/537.36 (KHTML, like Gecko) baidu.sogo.uc.Chrome/36.0.1985.125 Safari/537.36"
180.163.220.66 - - [04/Dec/2019:03:39:31 +0800] "GET /wp-content/plugins/bibblio-related-posts/public/css/bibblio_related_posts.min.css HTTP/1.0" 200 42 "http://www.crazyant.net/2523.html" "Mozilla/5.0 (Windows NT 6.1) AppleWebKit/537.36 (KHTML, like Gecko) baidu.sogo.uc.Chrome/36.0.1985.125 Safari/537.36"
180.163.220.68 - - [04/Dec/2019:03:39:31 +0800] "GET /wp-content/plugins/wordpress-popular-posts/assets/css/wordpress-popular-posts-css.min.css HTTP/1.0" 200 229 "http://www.crazyant.net/2523.html" "Mozilla/5.0 (Windows NT 6.1) AppleWebKit/537.36 (KHTML, like Gecko) baidu.sogo.uc.Chrome/36.0.1985.125 Safari/537.36"
180.163.220.66 - - [04/Dec/2019:03:39:31 +0800] "GET /wp-content/themes/twentyfifteen/genericons/genericons.min.css HTTP/1.0" 200 16232 "http://www.crazyant.net/2523.html" "Mozilla/5.0 (Windows NT 6.1) AppleWebKit/537.36 (KHTML, like Gecko) baidu.sogo.uc.Chrome/36.0.1985.125 Safari/537.36"
180.163.220.4 - - [04/Dec/2019:03:39:31 +0800] "GET /wp-content/plugins/table-of-contents-plus/screen.min.css HTTP/1.0" 200 456 "http://www.crazyant.net/2523.html" "Mozilla/5.0 (Windows NT 6.1) AppleWebKit/537.36 (KHTML, like Gecko) baidu.sogo.uc.Chrome/36.0.1985.125 Safari/537.36"
180.163.220.66 - - [04/Dec/2019:03:39:31 +0800] "GET /wp-content/plugins/cardoza-3d-tag-cloud//public/css/my-style.min.css HTTP/1.0" 200 218 "http://www.crazyant.net/2523.html" "Mozilla/5.0 (Windows NT 6.1) AppleWebKit/537.36 (KHTML, like Gecko) baidu.sogo.uc.Chrome/36.0.1985.125 Safari/537.36"
111.202.100.137 - - [04/Dec/2019:03:39:31 +0800] "GET /wp-json/oembed/1.0/embed?url=https%3A%2F%2Fwww.crazyant.net%2F471.html&format=xml HTTP/1.0" 200 1234 "-" "Sogou web spider/4.0(+http://www.sogou.com/docs/help/webmasters.htm#07)"
180.163.220.5 - - [04/Dec/2019:03:39:32 +0800] "GET /wp-content/themes/twentyfifteen/twentyfifteen-style.min.css HTTP/1.0" 200 11037 "http://www.crazyant.net/2523.html" "Mozilla/5.0 (Windows NT 6.1) AppleWebKit/537.36 (KHTML, like Gecko) baidu.sogo.uc.Chrome/36.0.1985.125 Safari/537.36"
180.163.220.68 - - [04/Dec/2019:03:39:33 +0800] "GET /wp-content/themes/twentyfifteen/css/twentyfifteen-block-style.min.css HTTP/1.0" 200 1596 "http://www.crazyant.net/2523.html" "Mozilla/5.0 (Windows NT 6.1) AppleWebKit/537.36 (KHTML, like Gecko) baidu.sogo.uc.Chrome/36.0.1985.125 Safari/537.36"
180.163.220.4 - - [04/Dec/2019:03:39:33 +0800] "GET /wp-includes/js/jquery/jquery-migrate.min.js HTTP/1.0" 200 4014 "http://www.crazyant.net/2523.html" "Mozilla/5.0 (Windows NT 6.1) AppleWebKit/537.36 (KHTML, like Gecko) baidu.sogo.uc.Chrome/36.0.1985.125 Safari/537.36"
180.163.220.66 - - [04/Dec/2019:03:39:33 +0800] "GET /wp-content/plugins/easy-fancybox/css/jquery.fancybox.min.css HTTP/1.0" 200 1111 "http://www.crazyant.net/2523.html" "Mozilla/5.0 (Windows NT 6.1) AppleWebKit/537.36 (KHTML, like Gecko) baidu.sogo.uc.Chrome/36.0.1985.125 Safari/537.36"
180.163.220.66 - - [04/Dec/2019:03:39:33 +0800] "GET /wp-includes/js/jquery/jquery.js HTTP/1.0" 200 33776 "http://www.crazyant.net/2523.html" "Mozilla/5.0 (Windows NT 6.1) AppleWebKit/537.36 (KHTML, like Gecko) baidu.sogo.uc.Chrome/36.0.1985.125 Safari/537.36"
180.163.220.66 - - [04/Dec/2019:03:39:36 +0800] "GET /wp-includes/js/wp-embed.min.js HTTP/1.0" 200 740 "http://www.crazyant.net/2523.html" "Mozilla/5.0 (Windows NT 6.1) AppleWebKit/537.36 (KHTML, like Gecko) baidu.sogo.uc.Chrome/36.0.1985.125 Safari/537.36"
180.163.220.66 - - [04/Dec/2019:03:39:38 +0800] "GET /wp-content/uploads/siteground-optimizer-assets/bibblio_related_posts.min.js HTTP/1.0" 200 37 "http://www.crazyant.net/2523.html" "Mozilla/5.0 (Windows NT 6.1) AppleWebKit/537.36 (KHTML, like Gecko) baidu.sogo.uc.Chrome/36.0.1985.125 Safari/537.36"
180.163.220.66 - - [04/Dec/2019:03:39:38 +0800] "GET /wp-content/uploads/2019/08/%E5%B0%8F%E5%9B%BE.jpg HTTP/1.1" 200 5582 "http://www.crazyant.net/2523.html" "Mozilla/5.0 (Windows NT 6.1) AppleWebKit/537.36 (KHTML, like Gecko) baidu.sogo.uc.Chrome/36.0.1985.125 Safari/537.36"
180.163.220.68 - - [04/Dec/2019:03:39:38 +0800] "GET /wp-content/plugins/table-of-contents-plus/front.min.js HTTP/1.0" 200 2349 "http://www.crazyant.net/2523.html" "Mozilla/5.0 (Windows NT 6.1) AppleWebKit/537.36 (KHTML, like Gecko) baidu.sogo.uc.Chrome/36.0.1985.125 Safari/537.36"
180.163.220.5 - - [04/Dec/2019:03:39:38 +0800] "GET /wp-content/plugins/cardoza-3d-tag-cloud/jquery.tagcanvas.min.js HTTP/1.0" 200 8629 "http://www.crazyant.net/2523.html" "Mozilla/5.0 (Windows NT 6.1) AppleWebKit/537.36 (KHTML, like Gecko) baidu.sogo.uc.Chrome/36.0.1985.125 Safari/537.36"
180.163.220.4 - - [04/Dec/2019:03:39:38 +0800] "GET /wp-content/plugins/wordpress-popular-posts/assets/js/wpp-5.0.0.min.js HTTP/1.0" 200 744 "http://www.crazyant.net/2523.html" "Mozilla/5.0 (Windows NT 6.1) AppleWebKit/537.36 (KHTML, like Gecko) baidu.sogo.uc.Chrome/36.0.1985.125 Safari/537.36"
180.163.220.4 - - [04/Dec/2019:03:39:41 +0800] "GET /wp-content/uploads/siteground-optimizer-assets/twentyfifteen-skip-link-focus-fix.min.js HTTP/1.0" 200 275 "http://www.crazyant.net/2523.html" "Mozilla/5.0 (Windows NT 6.1) AppleWebKit/537.36 (KHTML, like Gecko) baidu.sogo.uc.Chrome/36.0.1985.125 Safari/537.36"
54.36.148.215 - - [04/Dec/2019:03:39:42 +0800] "GET /161.html HTTP/1.0" 200 10287 "-" "Mozilla/5.0 (compatible; AhrefsBot/6.1; +http://ahrefs.com/robot/)"
180.163.220.5 - - [04/Dec/2019:03:39:43 +0800] "GET /wp-content/uploads/siteground-optimizer-assets/twentyfifteen-script.min.js HTTP/1.0" 200 1331 "http://www.crazyant.net/2523.html" "Mozilla/5.0 (Windows NT 6.1) AppleWebKit/537.36 (KHTML, like Gecko) baidu.sogo.uc.Chrome/36.0.1985.125 Safari/537.36"
180.163.220.68 - - [04/Dec/2019:03:39:43 +0800] "GET /wp-content/plugins/easy-fancybox/js/jquery.fancybox.min.js HTTP/1.0" 200 6330 "http://www.crazyant.net/2523.html" "Mozilla/5.0 (Windows NT 6.1) AppleWebKit/537.36 (KHTML, like Gecko) baidu.sogo.uc.Chrome/36.0.1985.125 Safari/537.36"
180.163.220.66 - - [04/Dec/2019:03:39:43 +0800] "GET /wp-includes/js/comment-reply.min.js HTTP/1.0" 200 1131 "http://www.crazyant.net/2523.html" "Mozilla/5.0 (Windows NT 6.1) AppleWebKit/537.36 (KHTML, like Gecko) baidu.sogo.uc.Chrome/36.0.1985.125 Safari/537.36"
180.163.220.4 - - [04/Dec/2019:03:39:43 +0800] "POST /wp-json/wordpress-popular-posts/v1/popular-posts HTTP/1.0" 201 55 "http://www.crazyant.net/2523.html" "Mozilla/5.0 (Windows NT 6.1) AppleWebKit/537.36 (KHTML, like Gecko) baidu.sogo.uc.Chrome/36.0.1985.125 Safari/537.36"
180.163.220.66 - - [04/Dec/2019:03:39:43 +0800] "GET /wp-content/plugins/easy-fancybox/js/jquery.easing.min.js HTTP/1.0" 200 767 "http://www.crazyant.net/2523.html" "Mozilla/5.0 (Windows NT 6.1) AppleWebKit/537.36 (KHTML, like Gecko) baidu.sogo.uc.Chrome/36.0.1985.125 Safari/537.36"
180.163.220.66 - - [04/Dec/2019:03:39:44 +0800] "GET /wp-content/plugins/easy-fancybox/js/jquery.mousewheel.min.js HTTP/1.0" 200 1145 "http://www.crazyant.net/2523.html" "Mozilla/5.0 (Windows NT 6.1) AppleWebKit/537.36 (KHTML, like Gecko) baidu.sogo.uc.Chrome/36.0.1985.125 Safari/537.36"
180.163.220.66 - - [04/Dec/2019:03:39:45 +0800] "GET /wp-content/uploads/siteground-optimizer-assets/akismet-form.min.js HTTP/1.0" 200 288 "http://www.crazyant.net/2523.html" "Mozilla/5.0 (Windows NT 6.1) AppleWebKit/537.36 (KHTML, like Gecko) baidu.sogo.uc.Chrome/36.0.1985.125 Safari/537.36"
141.8.132.24 - - [04/Dec/2019:03:39:46 +0800] "GET /robots.txt HTTP/1.0" 200 66 "-" "Mozilla/5.0 (compatible; YandexBot/3.0; +http://yandex.com/bots)"
141.8.132.24 - - [04/Dec/2019:03:39:50 +0800] "GET / HTTP/1.0" 301 - "-" "Mozilla/5.0 (compatible; YandexBot/3.0; +http://yandex.com/bots)"
141.8.132.24 - - [04/Dec/2019:03:40:02 +0800] "GET /robots.txt HTTP/1.0" 200 66 "-" "Mozilla/5.0 (compatible; YandexBot/3.0; +http://yandex.com/bots)"
141.8.132.24 - - [04/Dec/2019:03:40:06 +0800] "GET / HTTP/1.0" 200 10415 "-" "Mozilla/5.0 (compatible; YandexBot/3.0; +http://yandex.com/bots)"
66.249.79.29 - - [04/Dec/2019:03:40:06 +0800] "GET /robots.txt HTTP/1.0" 200 66 "-" "Mozilla/5.0 (compatible; Googlebot/2.1; +http://www.google.com/bot.html)"
66.249.79.27 - - [04/Dec/2019:03:40:06 +0800] "GET /2011/10/29/linux%E4%B8%8Bgcc%E5%92%8Cmakefile%E5%AE%9E%E4%BE%8B%EF%BC%88%E4%BB%8Egcc HTTP/1.0" 301 - "-" "Mozilla/5.0 (Linux; Android 6.0.1; Nexus 5X Build/MMB29P) AppleWebKit/537.36 (KHTML, like Gecko) Chrome/41.0.2272.96 Mobile Safari/537.36 (compatible; Googlebot/2.1; +http://www.google.com/bot.html)"
106.11.158.72 - - [04/Dec/2019:03:40:13 +0800] "POST /wp-json/wordpress-popular-posts/v1/popular-posts HTTP/1.0" 201 55 "http://www.crazyant.net/%E7%95%99%E8%A8%80%E5%B0%8F%E6%9C%AC?replytocom=10871" "Mozilla/5.0 (Windows NT 6.1; Win64; x64) AppleWebKit/537.36 (KHTML, like Gecko) Chrome/69.0.3497.81 YisouSpider/5.0 Safari/537.36"
111.202.100.137 - - [04/Dec/2019:03:40:50 +0800] "GET /?s=%E8%8A%B1%E7%94%9F%E6%97%A5%E8%AE%B0%E4%B8%8D%E5%88%B0%E4%BD%99%E9%A2%9D%E8%B4%A6%E6%88%B7%E5%8A%A0%E5%BE%AE%E4%BF%A1gylm555%E3%80%91 HTTP/1.0" 200 8360 "-" "Sogou web spider/4.0(+http://www.sogou.com/docs/help/webmasters.htm#07)"
111.202.100.137 - - [04/Dec/2019:03:40:57 +0800] "GET /wp-json/oembed/1.0/embed?url=https%3A%2F%2Fwww.crazyant.net%2F2150.html&format=xml HTTP/1.0" 200 1188 "-" "Sogou web spider/4.0(+http://www.sogou.com/docs/help/webmasters.htm#07)"
42.156.137.111 - - [04/Dec/2019:03:41:12 +0800] "GET /category/tensorflow HTTP/1.0" 200 9004 "-" "Mozilla/5.0 (Windows NT 6.1; Win64; x64) AppleWebKit/537.36 (KHTML, like Gecko) Chrome/69.0.3497.81 YisouSpider/5.0 Safari/537.36"
117.78.31.247 - - [04/Dec/2019:03:41:20 +0800] "GET /2012/06/08/python%E6%93%8D%E4%BD%9Cmysql%E5%AE%9E%E4%BE%8B%E4%BB%A3%E7%A0... HTTP/1.0" 301 - "-" "Mozilla/5.0 (Windows NT 6.1; Win64; x64) AppleWebKit/537.36 (KHTML, like Gecko) Chrome/61.0.3163.100 Safari/537.36"
117.78.31.247 - - [04/Dec/2019:03:41:20 +0800] "GET /2012/06/08/mysql-python-windows%E4%B8%8Bexe%E5%AE%89%E8%A3%85%E6%96%87%E4%BB%B6%E4%B8%8B%E8%BD%BD/ HTTP/1.0" 301 - "-" "Mozilla/5.0 (Windows NT 6.1; Win64; x64) AppleWebKit/537.36 (KHTML, like Gecko) Chrome/61.0.3163.100 Safari/537.36"
220.181.108.118 - - [04/Dec/2019:03:41:59 +0800] "GET /920.html HTTP/1.1" 444 0 "-" "Mozilla/5.0 (compatible; Baiduspider/2.0; +http://www.baidu.com/search/spider.html)"
66.249.79.29 - - [04/Dec/2019:03:42:00 +0800] "GET /1587.html?replytocom=10865 HTTP/1.0" 200 11838 "-" "Mozilla/5.0 (Linux; Android 6.0.1; Nexus 5X Build/MMB29P) AppleWebKit/537.36 (KHTML, like Gecko) Chrome/41.0.2272.96 Mobile Safari/537.36 (compatible; Googlebot/2.1; +http://www.google.com/bot.html)"
66.249.79.29 - - [04/Dec/2019:03:42:02 +0800] "GET /410.html HTTP/1.0" 200 9548 "-" "Mozilla/5.0 (Linux; Android 6.0.1; Nexus 5X Build/MMB29P) AppleWebKit/537.36 (KHTML, like Gecko) Chrome/41.0.2272.96 Mobile Safari/537.36 (compatible; Googlebot/2.1; +http://www.google.com/bot.html)"
66.249.79.27 - - [04/Dec/2019:03:42:04 +0800] "GET /1193.html HTTP/1.0" 200 13767 "-" "Mozilla/5.0 (compatible; Googlebot/2.1; +http://www.google.com/bot.html)"
111.202.100.137 - - [04/Dec/2019:03:42:11 +0800] "GET /?s=%E9%AB%98%E4%BD%A3%E8%81%94%E7%9B%9F%E5%BE%AE%E4%BF%A1%E6%8E%A8%E5%B9%BF[%E8%80%81%E5%B8%88%E5%BE%AE%E4%BF%A1gylm555] HTTP/1.0" 200 8325 "-" "Sogou web spider/4.0(+http://www.sogou.com/docs/help/webmasters.htm#07)"
111.202.100.137 - - [04/Dec/2019:03:42:18 +0800] "GET /wp-json/oembed/1.0/embed?url=https%3A%2F%2Fwww.crazyant.net%2F1946.html&format=xml HTTP/1.0" 200 1208 "-" "Sogou web spider/4.0(+http://www.sogou.com/docs/help/webmasters.htm#07)"
146.66.92.61 - - [04/Dec/2019:03:42:34 +0800] "POST /wp-cron.php?doing_wp_cron=1575402154.7938239574432373046875 HTTP/1.0" 200 - "http://www.crazyant.net/wp-cron.php?doing_wp_cron=1575402154.7938239574432373046875" "WordPress/5.3; http://www.crazyant.net"
66.249.79.25 - - [04/Dec/2019:03:42:34 +0800] "GET /2120.html?replytocom=20909 HTTP/1.0" 200 13277 "-" "Mozilla/5.0 (Linux; Android 6.0.1; Nexus 5X Build/MMB29P) AppleWebKit/537.36 (KHTML, like Gecko) Chrome/41.0.2272.96 Mobile Safari/537.36 (compatible; Googlebot/2.1; +http://www.google.com/bot.html)"
40.77.167.153 - - [04/Dec/2019:03:42:39 +0800] "GET /512.html/feed HTTP/1.0" 200 3390 "-" "msnbot/2.0b (+http://search.msn.com/msnbot.htm)"
66.249.79.25 - - [04/Dec/2019:03:42:56 +0800] "POST /wp-json/wordpress-popular-posts/v1/popular-posts HTTP/1.0" 201 54 "http://www.crazyant.net/414.html" "Mozilla/5.0 (Linux; Android 6.0.1; Nexus 5X Build/MMB29P) AppleWebKit/537.36 (KHTML, like Gecko) Chrome/41.0.2272.96 Mobile Safari/537.36 (compatible; Googlebot/2.1; +http://www.google.com/bot.html)"
222.129.54.23 - - [04/Dec/2019:03:43:08 +0800] "GET /feed HTTP/1.0" 200 4779 "-" "ReadKit/2.4.3 (Mac OS X Version 10.15.1 (Build 19B88))"
123.57.251.52 - - [04/Dec/2019:03:43:08 +0800] "GET /1931.html HTTP/1.0" 200 13029 "-" "Mozilla/5.0 (Windows NT 6.1; Win64; x64) AppleWebKit/537.36 (KHTML, like Gecko) Chrome/70.0.3538.110 Safari/537.36"
17.58.102.23 - - [04/Dec/2019:03:43:32 +0800] "GET /robots.txt HTTP/1.0" 200 66 "-" "Mozilla/5.0 (Macintosh; Intel Mac OS X 10_10_1) AppleWebKit/600.2.5 (KHTML, like Gecko) Version/8.0.2 Safari/600.2.5 (Applebot/0.1; +http://www.apple.com/go/applebot)"
17.58.98.0 - - [04/Dec/2019:03:43:32 +0800] "GET /2076.html HTTP/1.0" 200 14946 "-" "Mozilla/5.0 (Macintosh; Intel Mac OS X 10_10_1) AppleWebKit/600.2.5 (KHTML, like Gecko) Version/8.0.2 Safari/600.2.5 (Applebot/0.1; +http://www.apple.com/go/applebot)"
111.202.100.137 - - [04/Dec/2019:03:43:45 +0800] "GET /?s=%E6%8B%9B%E5%95%86%E5%BE%AE%E4%BF%A1gylm013%E3%80%91%E6%B7%98%E5%AE%9D%E8%81%94%E7%9B%9Fapp%E6%80%8E%E4%B9%88%E7%94%B3%E8%AF%B7%E6%8E%A8%E5%B9%BF%E5%AA%92%E4%BD%93 HTTP/1.0" 200 8377 "-" "Sogou web spider/4.0(+http://www.sogou.com/docs/help/webmasters.htm#07)"
111.202.100.137 - - [04/Dec/2019:03:43:55 +0800] "GET /wp-json/oembed/1.0/embed?url=https%3A%2F%2Fwww.crazyant.net%2F2177.html HTTP/1.0" 200 1183 "-" "Sogou web spider/4.0(+http://www.sogou.com/docs/help/webmasters.htm#07)"
66.249.79.29 - - [04/Dec/2019:03:44:04 +0800] "POST /wp-json/wordpress-popular-posts/v1/popular-posts HTTP/1.0" 201 55 "http://www.crazyant.net/1782.html" "Mozilla/5.0 (Linux; Android 6.0.1; Nexus 5X Build/MMB29P) AppleWebKit/537.36 (KHTML, like Gecko) Chrome/41.0.2272.96 Mobile Safari/537.36 (compatible; Googlebot/2.1; +http://www.google.com/bot.html)"
66.249.79.25 - - [04/Dec/2019:03:44:23 +0800] "GET /1664.html HTTP/1.0" 200 12756 "-" "Mozilla/5.0 (Linux; Android 6.0.1; Nexus 5X Build/MMB29P) AppleWebKit/537.36 (KHTML, like Gecko) Chrome/41.0.2272.96 Mobile Safari/537.36 (compatible; Googlebot/2.1; +http://www.google.com/bot.html)"
42.156.137.71 - - [04/Dec/2019:03:44:31 +0800] "GET /wp-includes/js/jquery/jquery.js HTTP/1.0" 200 33776 "https://www.crazyant.net/page/24" "Mozilla/5.0 (Windows NT 6.1; Win64; x64) AppleWebKit/537.36 (KHTML, like Gecko) Chrome/69.0.3497.81 YisouSpider/5.0 Safari/537.36"
106.11.152.57 - - [04/Dec/2019:03:44:31 +0800] "GET /wp-includes/js/wp-embed.min.js HTTP/1.0" 200 740 "https://www.crazyant.net/page/24" "Mozilla/5.0 (Windows NT 6.1; Win64; x64) AppleWebKit/537.36 (KHTML, like Gecko) Chrome/69.0.3497.81 YisouSpider/5.0 Safari/537.36"
106.11.153.33 - - [04/Dec/2019:03:44:36 +0800] "GET /wp-content/plugins/easy-fancybox/js/jquery.easing.min.js HTTP/1.0" 200 767 "https://www.crazyant.net/page/24" "Mozilla/5.0 (Windows NT 6.1; Win64; x64) AppleWebKit/537.36 (KHTML, like Gecko) Chrome/69.0.3497.81 YisouSpider/5.0 Safari/537.36"
106.11.153.79 - - [04/Dec/2019:03:44:37 +0800] "GET /wp-content/plugins/easy-fancybox/js/jquery.mousewheel.min.js HTTP/1.0" 200 1145 "https://www.crazyant.net/page/24" "Mozilla/5.0 (Windows NT 6.1; Win64; x64) AppleWebKit/537.36 (KHTML, like Gecko) Chrome/69.0.3497.81 YisouSpider/5.0 Safari/537.36"
106.11.154.76 - - [04/Dec/2019:03:44:49 +0800] "GET /wp-content/plugins/easy-fancybox/css/jquery.fancybox.min.css HTTP/1.0" 200 1111 "https://www.crazyant.net/page/24" "Mozilla/5.0 (Windows NT 6.1; Win64; x64) AppleWebKit/537.36 (KHTML, like Gecko) Chrome/69.0.3497.81 YisouSpider/5.0 Safari/537.36"
42.120.161.81 - - [04/Dec/2019:03:45:03 +0800] "GET /wp-includes/js/comment-reply.min.js HTTP/1.0" 200 1131 "https://www.crazyant.net/1122.html?replytocom=10586" "Mozilla/5.0 (Windows NT 6.1; Win64; x64) AppleWebKit/537.36 (KHTML, like Gecko) Chrome/69.0.3497.81 YisouSpider/5.0 Safari/537.36"
42.156.254.119 - - [04/Dec/2019:03:45:03 +0800] "GET /wp-content/plugins/wordpress-popular-posts/assets/js/wpp-5.0.0.min.js HTTP/1.0" 200 744 "https://www.crazyant.net/1122.html?replytocom=10586" "Mozilla/5.0 (Windows NT 6.1; Win64; x64) AppleWebKit/537.36 (KHTML, like Gecko) Chrome/69.0.3497.81 YisouSpider/5.0 Safari/537.36"
42.156.137.111 - - [04/Dec/2019:03:45:05 +0800] "POST /wp-json/wordpress-popular-posts/v1/popular-posts HTTP/1.0" 201 54 "https://www.crazyant.net/1122.html?replytocom=10586" "Mozilla/5.0 (Windows NT 6.1; Win64; x64) AppleWebKit/537.36 (KHTML, like Gecko) Chrome/69.0.3497.81 YisouSpider/5.0 Safari/537.36"
123.125.71.112 - - [04/Dec/2019:03:45:13 +0800] "GET /author/peishuai1987 HTTP/1.1" 444 0 "-" "Mozilla/5.0 (compatible; Baiduspider/2.0; +http://www.baidu.com/search/spider.html)"
111.202.100.137 - - [04/Dec/2019:03:45:19 +0800] "GET /?s=%E8%B4%9D%E5%BA%97%E5%85%A5%E4%BD%8F%E3%80%90%E5%8A%A0%E5%A8%81%E4%BF%A1gylm555 HTTP/1.0" 200 8302 "-" "Sogou web spider/4.0(+http://www.sogou.com/docs/help/webmasters.htm#07)"
111.202.100.137 - - [04/Dec/2019:03:45:30 +0800] "GET /855.html/feed HTTP/1.0" 200 543 "-" "Sogou web spider/4.0(+http://www.sogou.com/docs/help/webmasters.htm#07)"
66.249.79.27 - - [04/Dec/2019:03:46:02 +0800] "POST /wp-json/wordpress-popular-posts/v1/popular-posts HTTP/1.0" 201 55 "http://www.crazyant.net/1409.html?ycf" "Mozilla/5.0 (Linux; Android 6.0.1; Nexus 5X Build/MMB29P) AppleWebKit/537.36 (KHTML, like Gecko) Chrome/41.0.2272.96 Mobile Safari/537.36 (compatible; Googlebot/2.1; +http://www.google.com/bot.html)"
157.55.39.98 - - [04/Dec/2019:03:46:06 +0800] "GET /1413.html/feed HTTP/1.0" 200 968 "-" "msnbot/2.0b (+http://search.msn.com/msnbot.htm)"
66.249.79.25 - - [04/Dec/2019:03:46:16 +0800] "GET /2591.html HTTP/1.0" 200 11836 "-" "Mozilla/5.0 (compatible; Googlebot/2.1; +http://www.google.com/bot.html)"
92.38.129.153 - - [04/Dec/2019:03:46:29 +0800] "GET /feed/ HTTP/1.0" 301 - "-" "Tiny Tiny RSS/19.02 (http://tt-rss.org/)"
92.38.129.153 - - [04/Dec/2019:03:46:30 +0800] "GET /feed HTTP/1.0" 200 4779 "-" "Tiny Tiny RSS/19.02 (http://tt-rss.org/)"
111.202.100.137 - - [04/Dec/2019:03:46:48 +0800] "GET /?s=%E9%AB%98%E4%BD%A3%E8%81%94%E7%9B%9F%E5%AE%98%E7%BD%91%E6%9B%B4%E6%96%B0%E5%8A%A0%E7%81%B0%E4%BF%A1gylm555 HTTP/1.0" 200 8331 "-" "Sogou web spider/4.0(+http://www.sogou.com/docs/help/webmasters.htm#07)"
111.202.100.137 - - [04/Dec/2019:03:47:01 +0800] "GET /444.html/feed HTTP/1.0" 200 532 "-" "Sogou web spider/4.0(+http://www.sogou.com/docs/help/webmasters.htm#07)"
106.11.159.254 - - [04/Dec/2019:03:47:11 +0800] "GET /%E3%80%90%E8%A7%86%E9%A2%91%E3%80%91%E4%B8%BA%E4%BB%80%E4%B9%88%E9%80%89%E6%8B%A9%E5%AD%A6%E4%B9%A0python%EF%BC%9F HTTP/1.0" 200 8774 "-" "YisouSpider"
66.249.79.29 - - [04/Dec/2019:03:47:12 +0800] "POST /wp-json/wordpress-popular-posts/v1/popular-posts HTTP/1.0" 201 55 "http://www.crazyant.net/1072.html" "Mozilla/5.0 (Linux; Android 6.0.1; Nexus 5X Build/MMB29P) AppleWebKit/537.36 (KHTML, like Gecko) Chrome/41.0.2272.96 Mobile Safari/537.36 (compatible; Googlebot/2.1; +http://www.google.com/bot.html)"
111.202.100.137 - - [04/Dec/2019:03:48:27 +0800] "GET /?s=%E8%B4%9D%E5%BA%97%E5%BC%80%E5%BA%97%E9%82%80%E8%AF%B7%E7%A0%81%E3%80%90%E8%80%81%E5%B8%88%E5%BE%AEgylm555 HTTP/1.0" 200 8313 "-" "Sogou web spider/4.0(+http://www.sogou.com/docs/help/webmasters.htm#07)"
220.181.108.186 - - [04/Dec/2019:03:48:28 +0800] "GET /1712.html HTTP/1.1" 444 0 "-" "Mozilla/5.0 (compatible; Baiduspider/2.0; +http://www.baidu.com/search/spider.html)"
111.202.100.137 - - [04/Dec/2019:03:48:39 +0800] "GET /1735.html/feed HTTP/1.0" 200 923 "-" "Sogou web spider/4.0(+http://www.sogou.com/docs/help/webmasters.htm#07)"
66.249.79.29 - - [04/Dec/2019:03:48:43 +0800] "POST /wp-json/wordpress-popular-posts/v1/popular-posts HTTP/1.0" 201 55 "http://www.crazyant.net/2194.html" "Mozilla/5.0 AppleWebKit/537.36 (KHTML, like Gecko; compatible; Googlebot/2.1; +http://www.google.com/bot.html) Safari/537.36"
54.36.150.112 - - [04/Dec/2019:03:48:44 +0800] "GET /119.html HTTP/1.0" 200 10219 "-" "Mozilla/5.0 (compatible; AhrefsBot/6.1; +http://ahrefs.com/robot/)"
54.36.148.201 - - [04/Dec/2019:03:49:23 +0800] "GET /tag/php/page/5 HTTP/1.0" 200 10589 "-" "Mozilla/5.0 (compatible; AhrefsBot/6.1; +http://ahrefs.com/robot/)"
40.77.167.153 - - [04/Dec/2019:03:49:32 +0800] "GET /855.html HTTP/1.0" 200 11915 "-" "Mozilla/5.0 (compatible; bingbot/2.0; +http://www.bing.com/bingbot.htm)"
111.202.100.137 - - [04/Dec/2019:03:49:57 +0800] "GET /?s=%E9%AB%98%E4%BD%A3%E8%81%94%E7%9B%9F%E5%85%BC%E8%81%8C%E3%80%90%E5%BE%AE%E4%BF%A1gylm013%E3%80%91 HTTP/1.0" 200 8316 "-" "Sogou web spider/4.0(+http://www.sogou.com/docs/help/webmasters.htm#07)"
66.249.79.29 - - [04/Dec/2019:03:50:31 +0800] "GET /1895.html HTTP/1.0" 200 11030 "-" "Mozilla/5.0 (Linux; Android 6.0.1; Nexus 5X Build/MMB29P) AppleWebKit/537.36 (KHTML, like Gecko) Chrome/41.0.2272.96 Mobile Safari/537.36 (compatible; Googlebot/2.1; +http://www.google.com/bot.html)"
66.249.79.10 - - [04/Dec/2019:03:50:48 +0800] "POST /wp-json/wordpress-popular-posts/v1/popular-posts HTTP/1.0" 201 54 "https://www.crazyant.net/2273.html" "Mozilla/5.0 (Linux; Android 6.0.1; Nexus 5X Build/MMB29P) AppleWebKit/537.36 (KHTML, like Gecko) Chrome/41.0.2272.96 Mobile Safari/537.36 (compatible; Googlebot/2.1; +http://www.google.com/bot.html)"
66.249.79.25 - - [04/Dec/2019:03:50:50 +0800] "GET /2525.html HTTP/1.0" 200 12651 "-" "Mozilla/5.0 (Linux; Android 6.0.1; Nexus 5X Build/MMB29P) AppleWebKit/537.36 (KHTML, like Gecko) Chrome/41.0.2272.96 Mobile Safari/537.36 (compatible; Googlebot/2.1; +http://www.google.com/bot.html)"
66.249.79.29 - - [04/Dec/2019:03:51:08 +0800] "POST /wp-json/wordpress-popular-posts/v1/popular-posts HTTP/1.0" 201 54 "http://www.crazyant.net/1216.html" "Mozilla/5.0 (Linux; Android 6.0.1; Nexus 5X Build/MMB29P) AppleWebKit/537.36 (KHTML, like Gecko) Chrome/41.0.2272.96 Mobile Safari/537.36 (compatible; Googlebot/2.1; +http://www.google.com/bot.html)"
66.249.79.25 - - [04/Dec/2019:03:51:13 +0800] "POST /wp-json/wordpress-popular-posts/v1/popular-posts HTTP/1.0" 201 55 "http://www.crazyant.net/1214.html" "Mozilla/5.0 AppleWebKit/537.36 (KHTML, like Gecko; compatible; Googlebot/2.1; +http://www.google.com/bot.html) Safari/537.36"
66.249.79.27 - - [04/Dec/2019:03:51:16 +0800] "POST /wp-json/wordpress-popular-posts/v1/popular-posts HTTP/1.0" 201 55 "http://www.crazyant.net/1214.html" "Mozilla/5.0 AppleWebKit/537.36 (KHTML, like Gecko; compatible; Googlebot/2.1; +http://www.google.com/bot.html) Safari/537.36"
66.249.79.25 - - [04/Dec/2019:03:51:35 +0800] "GET /1789.html HTTP/1.0" 200 11495 "-" "Mozilla/5.0 (compatible; Googlebot/2.1; +http://www.google.com/bot.html)"
66.249.79.25 - - [04/Dec/2019:03:51:37 +0800] "POST /wp-json/wordpress-popular-posts/v1/popular-posts HTTP/1.0" 201 55 "http://www.crazyant.net/796.html" "Mozilla/5.0 (Linux; Android 6.0.1; Nexus 5X Build/MMB29P) AppleWebKit/537.36 (KHTML, like Gecko) Chrome/41.0.2272.96 Mobile Safari/537.36 (compatible; Googlebot/2.1; +http://www.google.com/bot.html)"
66.249.79.25 - - [04/Dec/2019:03:51:38 +0800] "GET /2194.html HTTP/1.0" 200 26552 "-" "Mozilla/5.0 (Linux; Android 6.0.1; Nexus 5X Build/MMB29P) AppleWebKit/537.36 (KHTML, like Gecko) Chrome/41.0.2272.96 Mobile Safari/537.36 (compatible; Googlebot/2.1; +http://www.google.com/bot.html)"
66.249.79.25 - - [04/Dec/2019:03:51:40 +0800] "GET /754.html HTTP/1.0" 200 14177 "-" "Mozilla/5.0 (compatible; Googlebot/2.1; +http://www.google.com/bot.html)"
123.125.71.34 - - [04/Dec/2019:03:51:42 +0800] "GET /1470.html?sshstq=urbnn3 HTTP/1.1" 444 0 "-" "Mozilla/5.0 (compatible; Baiduspider/2.0; +http://www.baidu.com/search/spider.html)"
66.249.79.25 - - [04/Dec/2019:03:51:49 +0800] "GET /1390.html HTTP/1.0" 200 12969 "-" "Mozilla/5.0 (Linux; Android 6.0.1; Nexus 5X Build/MMB29P) AppleWebKit/537.36 (KHTML, like Gecko) Chrome/41.0.2272.96 Mobile Safari/537.36 (compatible; Googlebot/2.1; +http://www.google.com/bot.html)"
