66.249.79.25 - - [04/Dec/2019:23:31:06 +0800] "POST /wp-json/wordpress-popular-posts/v1/popular-posts HTTP/1.0" 201 55 "http://www.crazyant.net/2160.html?bqbufe=p4l00" "Mozilla/5.0 (Linux; Android 6.0.1; Nexus 5X Build/MMB29P) AppleWebKit/537.36 (KHTML, like Gecko) Chrome/41.0.2272.96 Mobile Safari/537.36 (compatible; Googlebot/2.1; +http://www.google.com/bot.html)"
95.217.62.108 - - [04/Dec/2019:23:31:07 +0800] "GET /2521.html HTTP/1.0" 200 12308 "http://www.crazyant.net/page/2" "Mozilla/5.0 (compatible; SEOkicks; +https://www.seokicks.de/robot.html)"
66.249.79.25 - - [04/Dec/2019:23:31:07 +0800] "POST /wp-json/wordpress-popular-posts/v1/popular-posts HTTP/1.0" 201 55 "http://www.crazyant.net/128.html" "Mozilla/5.0 (Linux; Android 6.0.1; Nexus 5X Build/MMB29P) AppleWebKit/537.36 (KHTML, like Gecko) Chrome/41.0.2272.96 Mobile Safari/537.36 (compatible; Googlebot/2.1; +http://www.google.com/bot.html)"
66.249.79.25 - - [04/Dec/2019:23:31:09 +0800] "GET /2261.html?lsxcvo=vjhvz3 HTTP/1.0" 200 10357 "-" "Mozilla/5.0 (Linux; Android 6.0.1; Nexus 5X Build/MMB29P) AppleWebKit/537.36 (KHTML, like Gecko) Chrome/41.0.2272.96 Mobile Safari/537.36 (compatible; Googlebot/2.1; +http://www.google.com/bot.html)"
95.217.62.108 - - [04/Dec/2019:23:31:09 +0800] "GET /2521.html/feed HTTP/1.0" 200 500 "http://www.crazyant.net/2521.html" "Mozilla/5.0 (compatible; SEOkicks; +https://www.seokicks.de/robot.html)"
66.249.79.25 - - [04/Dec/2019:23:31:09 +0800] "POST /wp-json/wordpress-popular-posts/v1/popular-posts HTTP/1.0" 201 55 "http://www.crazyant.net/2585.html" "Mozilla/5.0 AppleWebKit/537.36 (KHTML, like Gecko; compatible; Googlebot/2.1; +http://www.google.com/bot.html) Safari/537.36"
66.249.79.25 - - [04/Dec/2019:23:31:10 +0800] "POST /wp-json/wordpress-popular-posts/v1/popular-posts HTTP/1.0" 201 55 "http://www.crazyant.net/my_program_notes" "Mozilla/5.0 (Linux; Android 6.0.1; Nexus 5X Build/MMB29P) AppleWebKit/537.36 (KHTML, like Gecko) Chrome/41.0.2272.96 Mobile Safari/537.36 (compatible; Googlebot/2.1; +http://www.google.com/bot.html)"
66.249.79.25 - - [04/Dec/2019:23:31:11 +0800] "POST /wp-json/wordpress-popular-posts/v1/popular-posts HTTP/1.0" 201 55 "http://www.crazyant.net/2160.html?eydszy=" "Mozilla/5.0 (Linux; Android 6.0.1; Nexus 5X Build/MMB29P) AppleWebKit/537.36 (KHTML, like Gecko) Chrome/41.0.2272.96 Mobile Safari/537.36 (compatible; Googlebot/2.1; +http://www.google.com/bot.html)"
95.217.62.108 - - [04/Dec/2019:23:31:11 +0800] "GET /?p=2521 HTTP/1.0" 301 - "http://www.crazyant.net/2521.html" "Mozilla/5.0 (compatible; SEOkicks; +https://www.seokicks.de/robot.html)"
66.249.79.25 - - [04/Dec/2019:23:31:11 +0800] "GET /1014.html HTTP/1.0" 200 12405 "-" "Mozilla/5.0 (compatible; Googlebot/2.1; +http://www.google.com/bot.html)"
66.249.79.25 - - [04/Dec/2019:23:31:12 +0800] "GET /2145.html HTTP/1.0" 200 11862 "-" "Mozilla/5.0 (Linux; Android 6.0.1; Nexus 5X Build/MMB29P) AppleWebKit/537.36 (KHTML, like Gecko) Chrome/41.0.2272.96 Mobile Safari/537.36 (compatible; Googlebot/2.1; +http://www.google.com/bot.html)"
66.249.79.25 - - [04/Dec/2019:23:31:13 +0800] "GET /130.html HTTP/1.0" 200 11356 "-" "Mozilla/5.0 (compatible; Googlebot/2.1; +http://www.google.com/bot.html)"
95.217.62.108 - - [04/Dec/2019:23:31:14 +0800] "GET /page/3 HTTP/1.0" 200 10728 "http://www.crazyant.net/page/2" "Mozilla/5.0 (compatible; SEOkicks; +https://www.seokicks.de/robot.html)"
66.249.79.25 - - [04/Dec/2019:23:31:14 +0800] "GET /1835.html HTTP/1.0" 200 11670 "-" "Mozilla/5.0 (compatible; Googlebot/2.1; +http://www.google.com/bot.html)"
66.249.79.25 - - [04/Dec/2019:23:31:15 +0800] "POST /wp-json/wordpress-popular-posts/v1/popular-posts HTTP/1.0" 201 55 "http://www.crazyant.net/1014.html" "Mozilla/5.0 AppleWebKit/537.36 (KHTML, like Gecko; compatible; Googlebot/2.1; +http://www.google.com/bot.html) Safari/537.36"
66.249.79.25 - - [04/Dec/2019:23:31:16 +0800] "GET /198.html?jdf HTTP/1.0" 200 10002 "-" "Mozilla/5.0 (Linux; Android 6.0.1; Nexus 5X Build/MMB29P) AppleWebKit/537.36 (KHTML, like Gecko) Chrome/41.0.2272.96 Mobile Safari/537.36 (compatible; Googlebot/2.1; +http://www.google.com/bot.html)"
95.217.62.108 - - [04/Dec/2019:23:31:16 +0800] "GET /83.html HTTP/1.0" 200 10081 "http://www.crazyant.net/page/27" "Mozilla/5.0 (compatible; SEOkicks; +https://www.seokicks.de/robot.html)"
66.249.79.25 - - [04/Dec/2019:23:31:17 +0800] "GET /1587.html?replytocom=15895 HTTP/1.0" 200 11842 "-" "Mozilla/5.0 (Linux; Android 6.0.1; Nexus 5X Build/MMB29P) AppleWebKit/537.36 (KHTML, like Gecko) Chrome/41.0.2272.96 Mobile Safari/537.36 (compatible; Googlebot/2.1; +http://www.google.com/bot.html)"
66.249.79.25 - - [04/Dec/2019:23:31:18 +0800] "POST /wp-json/wordpress-popular-posts/v1/popular-posts HTTP/1.0" 201 55 "http://www.crazyant.net/130.html" "Mozilla/5.0 AppleWebKit/537.36 (KHTML, like Gecko; compatible; Googlebot/2.1; +http://www.google.com/bot.html) Safari/537.36"
66.249.79.25 - - [04/Dec/2019:23:31:18 +0800] "POST /wp-json/wordpress-popular-posts/v1/popular-posts HTTP/1.0" 201 55 "http://www.crazyant.net/1835.html" "Mozilla/5.0 AppleWebKit/537.36 (KHTML, like Gecko; compatible; Googlebot/2.1; +http://www.google.com/bot.html) Safari/537.36"
95.217.62.108 - - [04/Dec/2019:23:31:19 +0800] "GET /83.html/feed HTTP/1.0" 200 560 "http://www.crazyant.net/83.html" "Mozilla/5.0 (compatible; SEOkicks; +https://www.seokicks.de/robot.html)"
95.217.62.108 - - [04/Dec/2019:23:31:21 +0800] "GET /?p=83 HTTP/1.0" 301 - "http://www.crazyant.net/83.html" "Mozilla/5.0 (compatible; SEOkicks; +https://www.seokicks.de/robot.html)"
66.249.79.25 - - [04/Dec/2019:23:31:21 +0800] "GET /1607.html HTTP/1.0" 200 12033 "-" "Mozilla/5.0 (compatible; Googlebot/2.1; +http://www.google.com/bot.html)"
66.249.79.25 - - [04/Dec/2019:23:31:22 +0800] "GET /2022.html?hmsr=toutiao.io&utm_medium=toutiao.io&utm_source=toutiao.io HTTP/1.0" 200 20860 "-" "Mozilla/5.0 (Linux; Android 6.0.1; Nexus 5X Build/MMB29P) AppleWebKit/537.36 (KHTML, like Gecko) Chrome/41.0.2272.96 Mobile Safari/537.36 (compatible; Googlebot/2.1; +http://www.google.com/bot.html)"
66.249.79.25 - - [04/Dec/2019:23:31:23 +0800] "POST /wp-json/wordpress-popular-posts/v1/popular-posts HTTP/1.0" 201 55 "http://www.crazyant.net/1587.html?replytocom=15895" "Mozilla/5.0 (Linux; Android 6.0.1; Nexus 5X Build/MMB29P) AppleWebKit/537.36 (KHTML, like Gecko) Chrome/41.0.2272.96 Mobile Safari/537.36 (compatible; Googlebot/2.1; +http://www.google.com/bot.html)"
54.36.150.167 - - [04/Dec/2019:23:31:23 +0800] "GET /category/no-category HTTP/1.0" 200 11074 "-" "Mozilla/5.0 (compatible; AhrefsBot/6.1; +http://ahrefs.com/robot/)"
95.217.62.108 - - [04/Dec/2019:23:31:23 +0800] "GET /page/26 HTTP/1.0" 200 10714 "http://www.crazyant.net/page/27" "Mozilla/5.0 (compatible; SEOkicks; +https://www.seokicks.de/robot.html)"
66.249.79.25 - - [04/Dec/2019:23:31:25 +0800] "GET /818.html HTTP/1.0" 200 13344 "-" "Mozilla/5.0 (compatible; Googlebot/2.1; +http://www.google.com/bot.html)"
66.249.79.25 - - [04/Dec/2019:23:31:25 +0800] "GET /449.html HTTP/1.0" 200 10494 "-" "Mozilla/5.0 (compatible; Googlebot/2.1; +http://www.google.com/bot.html)"
66.249.79.25 - - [04/Dec/2019:23:31:26 +0800] "POST /wp-json/wordpress-popular-posts/v1/popular-posts HTTP/1.0" 201 55 "http://www.crazyant.net/2022.html?hmsr=toutiao.io&utm_medium=toutiao.io&utm_source=toutiao.io" "Mozilla/5.0 (Linux; Android 6.0.1; Nexus 5X Build/MMB29P) AppleWebKit/537.36 (KHTML, like Gecko) Chrome/41.0.2272.96 Mobile Safari/537.36 (compatible; Googlebot/2.1; +http://www.google.com/bot.html)"
95.217.62.108 - - [04/Dec/2019:23:31:26 +0800] "GET /2517.html HTTP/1.0" 200 10143 "http://www.crazyant.net/category/python-pandas%e7%b3%bb%e5%88%97/page/2" "Mozilla/5.0 (compatible; SEOkicks; +https://www.seokicks.de/robot.html)"
66.249.79.25 - - [04/Dec/2019:23:31:26 +0800] "GET /1055.html HTTP/1.0" 200 12074 "-" "Mozilla/5.0 (compatible; Googlebot/2.1; +http://www.google.com/bot.html)"
66.249.79.25 - - [04/Dec/2019:23:31:27 +0800] "GET /1437.html?replytocom=10714 HTTP/1.0" 200 11967 "-" "Mozilla/5.0 (Linux; Android 6.0.1; Nexus 5X Build/MMB29P) AppleWebKit/537.36 (KHTML, like Gecko) Chrome/41.0.2272.96 Mobile Safari/537.36 (compatible; Googlebot/2.1; +http://www.google.com/bot.html)"
66.249.79.25 - - [04/Dec/2019:23:31:27 +0800] "GET /2022.html?ieh HTTP/1.0" 200 20833 "-" "Mozilla/5.0 (Linux; Android 6.0.1; Nexus 5X Build/MMB29P) AppleWebKit/537.36 (KHTML, like Gecko) Chrome/41.0.2272.96 Mobile Safari/537.36 (compatible; Googlebot/2.1; +http://www.google.com/bot.html)"
95.217.62.108 - - [04/Dec/2019:23:31:29 +0800] "GET /2517.html/feed HTTP/1.0" 200 514 "http://www.crazyant.net/2517.html" "Mozilla/5.0 (compatible; SEOkicks; +https://www.seokicks.de/robot.html)"
66.249.79.25 - - [04/Dec/2019:23:31:29 +0800] "GET /1980.html?eynwjc=6m04m3 HTTP/1.0" 200 12275 "-" "Mozilla/5.0 (Linux; Android 6.0.1; Nexus 5X Build/MMB29P) AppleWebKit/537.36 (KHTML, like Gecko) Chrome/41.0.2272.96 Mobile Safari/537.36 (compatible; Googlebot/2.1; +http://www.google.com/bot.html)"
66.249.79.25 - - [04/Dec/2019:23:31:29 +0800] "POST /wp-json/wordpress-popular-posts/v1/popular-posts HTTP/1.0" 201 55 "http://www.crazyant.net/1055.html" "Mozilla/5.0 AppleWebKit/537.36 (KHTML, like Gecko; compatible; Googlebot/2.1; +http://www.google.com/bot.html) Safari/537.36"
66.249.79.25 - - [04/Dec/2019:23:31:29 +0800] "POST /wp-json/wordpress-popular-posts/v1/popular-posts HTTP/1.0" 201 55 "http://www.crazyant.net/449.html" "Mozilla/5.0 AppleWebKit/537.36 (KHTML, like Gecko; compatible; Googlebot/2.1; +http://www.google.com/bot.html) Safari/537.36"
66.249.79.25 - - [04/Dec/2019:23:31:30 +0800] "GET /886.html?jdfw HTTP/1.0" 200 10840 "-" "Mozilla/5.0 (Linux; Android 6.0.1; Nexus 5X Build/MMB29P) AppleWebKit/537.36 (KHTML, like Gecko) Chrome/41.0.2272.96 Mobile Safari/537.36 (compatible; Googlebot/2.1; +http://www.google.com/bot.html)"
66.249.79.25 - - [04/Dec/2019:23:31:31 +0800] "POST /wp-json/wordpress-popular-posts/v1/popular-posts HTTP/1.0" 201 55 "http://www.crazyant.net/1437.html?replytocom=10714" "Mozilla/5.0 (Linux; Android 6.0.1; Nexus 5X Build/MMB29P) AppleWebKit/537.36 (KHTML, like Gecko) Chrome/41.0.2272.96 Mobile Safari/537.36 (compatible; Googlebot/2.1; +http://www.google.com/bot.html)"
66.249.79.25 - - [04/Dec/2019:23:31:31 +0800] "GET /1064.html HTTP/1.0" 200 12648 "-" "Mozilla/5.0 (Linux; Android 6.0.1; Nexus 5X Build/MMB29P) AppleWebKit/537.36 (KHTML, like Gecko) Chrome/41.0.2272.96 Mobile Safari/537.36 (compatible; Googlebot/2.1; +http://www.google.com/bot.html)"
95.217.62.108 - - [04/Dec/2019:23:31:31 +0800] "GET /?p=2517 HTTP/1.0" 301 - "http://www.crazyant.net/2517.html" "Mozilla/5.0 (compatible; SEOkicks; +https://www.seokicks.de/robot.html)"
66.249.79.25 - - [04/Dec/2019:23:31:32 +0800] "GET /1064.html HTTP/1.0" 200 12645 "-" "Mozilla/5.0 (compatible; Googlebot/2.1; +http://www.google.com/bot.html)"
66.249.79.25 - - [04/Dec/2019:23:31:32 +0800] "GET /636.html?replytocom=1175 HTTP/1.0" 200 11612 "-" "Mozilla/5.0 (Linux; Android 6.0.1; Nexus 5X Build/MMB29P) AppleWebKit/537.36 (KHTML, like Gecko) Chrome/41.0.2272.96 Mobile Safari/537.36 (compatible; Googlebot/2.1; +http://www.google.com/bot.html)"
95.217.62.108 - - [04/Dec/2019:23:31:33 +0800] "GET /2515.html HTTP/1.0" 200 10429 "http://www.crazyant.net/category/python-pandas%e7%b3%bb%e5%88%97/page/2" "Mozilla/5.0 (compatible; SEOkicks; +https://www.seokicks.de/robot.html)"
66.249.79.25 - - [04/Dec/2019:23:31:34 +0800] "GET /636.html?replytocom=1149 HTTP/1.0" 200 11614 "-" "Mozilla/5.0 (Linux; Android 6.0.1; Nexus 5X Build/MMB29P) AppleWebKit/537.36 (KHTML, like Gecko) Chrome/41.0.2272.96 Mobile Safari/537.36 (compatible; Googlebot/2.1; +http://www.google.com/bot.html)"
66.249.79.25 - - [04/Dec/2019:23:31:35 +0800] "GET /category/flask HTTP/1.0" 200 8889 "-" "Mozilla/5.0 (compatible; Googlebot/2.1; +http://www.google.com/bot.html)"
95.217.62.108 - - [04/Dec/2019:23:31:35 +0800] "GET /2515.html/feed HTTP/1.0" 200 498 "http://www.crazyant.net/2515.html" "Mozilla/5.0 (compatible; SEOkicks; +https://www.seokicks.de/robot.html)"
66.249.79.25 - - [04/Dec/2019:23:31:36 +0800] "GET /636.html?replytocom=1148 HTTP/1.0" 200 11615 "-" "Mozilla/5.0 (Linux; Android 6.0.1; Nexus 5X Build/MMB29P) AppleWebKit/537.36 (KHTML, like Gecko) Chrome/41.0.2272.96 Mobile Safari/537.36 (compatible; Googlebot/2.1; +http://www.google.com/bot.html)"
66.249.79.25 - - [04/Dec/2019:23:31:36 +0800] "GET /107.html HTTP/1.0" 200 12859 "-" "Mozilla/5.0 (compatible; Googlebot/2.1; +http://www.google.com/bot.html)"
66.249.79.25 - - [04/Dec/2019:23:31:37 +0800] "POST /wp-json/wordpress-popular-posts/v1/popular-posts HTTP/1.0" 201 55 "http://www.crazyant.net/636.html?replytocom=1175" "Mozilla/5.0 (Linux; Android 6.0.1; Nexus 5X Build/MMB29P) AppleWebKit/537.36 (KHTML, like Gecko) Chrome/41.0.2272.96 Mobile Safari/537.36 (compatible; Googlebot/2.1; +http://www.google.com/bot.html)"
66.249.79.25 - - [04/Dec/2019:23:31:38 +0800] "POST /wp-json/wordpress-popular-posts/v1/popular-posts HTTP/1.0" 201 55 "http://www.crazyant.net/1064.html" "Mozilla/5.0 AppleWebKit/537.36 (KHTML, like Gecko; compatible; Googlebot/2.1; +http://www.google.com/bot.html) Safari/537.36"
95.217.62.108 - - [04/Dec/2019:23:31:38 +0800] "GET /?p=2515 HTTP/1.0" 301 - "http://www.crazyant.net/2515.html" "Mozilla/5.0 (compatible; SEOkicks; +https://www.seokicks.de/robot.html)"
66.249.79.25 - - [04/Dec/2019:23:31:39 +0800] "POST /wp-json/wordpress-popular-posts/v1/popular-posts HTTP/1.0" 201 55 "http://www.crazyant.net/636.html?replytocom=1149" "Mozilla/5.0 (Linux; Android 6.0.1; Nexus 5X Build/MMB29P) AppleWebKit/537.36 (KHTML, like Gecko) Chrome/41.0.2272.96 Mobile Safari/537.36 (compatible; Googlebot/2.1; +http://www.google.com/bot.html)"
66.249.79.25 - - [04/Dec/2019:23:31:40 +0800] "POST /wp-json/wordpress-popular-posts/v1/popular-posts HTTP/1.0" 201 55 "http://www.crazyant.net/1064.html" "Mozilla/5.0 (Linux; Android 6.0.1; Nexus 5X Build/MMB29P) AppleWebKit/537.36 (KHTML, like Gecko) Chrome/41.0.2272.96 Mobile Safari/537.36 (compatible; Googlebot/2.1; +http://www.google.com/bot.html)"
95.217.62.108 - - [04/Dec/2019:23:31:40 +0800] "GET /2506.html HTTP/1.0" 200 13135 "http://www.crazyant.net/category/python-pandas%e7%b3%bb%e5%88%97/page/2" "Mozilla/5.0 (compatible; SEOkicks; +https://www.seokicks.de/robot.html)"
95.217.62.108 - - [04/Dec/2019:23:31:42 +0800] "GET /2506.html/feed HTTP/1.0" 200 501 "http://www.crazyant.net/2506.html" "Mozilla/5.0 (compatible; SEOkicks; +https://www.seokicks.de/robot.html)"
95.217.62.108 - - [04/Dec/2019:23:31:44 +0800] "GET /?p=2506 HTTP/1.0" 301 - "http://www.crazyant.net/2506.html" "Mozilla/5.0 (compatible; SEOkicks; +https://www.seokicks.de/robot.html)"
95.217.62.108 - - [04/Dec/2019:23:31:46 +0800] "GET /2502.html HTTP/1.0" 200 11144 "http://www.crazyant.net/category/python-pandas%e7%b3%bb%e5%88%97/page/2" "Mozilla/5.0 (compatible; SEOkicks; +https://www.seokicks.de/robot.html)"
66.249.79.25 - - [04/Dec/2019:23:31:48 +0800] "GET /914.html HTTP/1.0" 200 10946 "-" "Mozilla/5.0 (compatible; Googlebot/2.1; +http://www.google.com/bot.html)"
95.217.62.108 - - [04/Dec/2019:23:31:49 +0800] "GET /2502.html/feed HTTP/1.0" 200 500 "http://www.crazyant.net/2502.html" "Mozilla/5.0 (compatible; SEOkicks; +https://www.seokicks.de/robot.html)"
95.217.62.108 - - [04/Dec/2019:23:31:51 +0800] "GET /?p=2502 HTTP/1.0" 301 - "http://www.crazyant.net/2502.html" "Mozilla/5.0 (compatible; SEOkicks; +https://www.seokicks.de/robot.html)"
95.217.62.108 - - [04/Dec/2019:23:31:53 +0800] "GET /2499.html HTTP/1.0" 200 11324 "http://www.crazyant.net/category/python-pandas%e7%b3%bb%e5%88%97/page/2" "Mozilla/5.0 (compatible; SEOkicks; +https://www.seokicks.de/robot.html)"
95.217.62.108 - - [04/Dec/2019:23:31:55 +0800] "GET /2499.html/feed HTTP/1.0" 200 498 "http://www.crazyant.net/2499.html" "Mozilla/5.0 (compatible; SEOkicks; +https://www.seokicks.de/robot.html)"
66.249.79.27 - - [04/Dec/2019:23:31:55 +0800] "GET /128.html HTTP/1.0" 200 10841 "-" "Mozilla/5.0 (compatible; Googlebot/2.1; +http://www.google.com/bot.html)"
95.217.62.108 - - [04/Dec/2019:23:31:58 +0800] "GET /?p=2499 HTTP/1.0" 301 - "http://www.crazyant.net/2499.html" "Mozilla/5.0 (compatible; SEOkicks; +https://www.seokicks.de/robot.html)"
95.217.62.108 - - [04/Dec/2019:23:32:00 +0800] "GET /category/python-pandas%e7%b3%bb%e5%88%97/ HTTP/1.0" 301 - "http://www.crazyant.net/category/python-pandas%e7%b3%bb%e5%88%97/page/2" "Mozilla/5.0 (compatible; SEOkicks; +https://www.seokicks.de/robot.html)"
95.217.62.108 - - [04/Dec/2019:23:32:03 +0800] "GET /2150.html HTTP/1.0" 200 15275 "http://www.crazyant.net/category/python" "Mozilla/5.0 (compatible; SEOkicks; +https://www.seokicks.de/robot.html)"
95.217.62.108 - - [04/Dec/2019:23:32:06 +0800] "GET /2150.html/feed HTTP/1.0" 200 851 "http://www.crazyant.net/2150.html" "Mozilla/5.0 (compatible; SEOkicks; +https://www.seokicks.de/robot.html)"
95.217.62.108 - - [04/Dec/2019:23:32:08 +0800] "GET /?p=2150 HTTP/1.0" 301 - "http://www.crazyant.net/2150.html" "Mozilla/5.0 (compatible; SEOkicks; +https://www.seokicks.de/robot.html)"
95.217.62.108 - - [04/Dec/2019:23:32:10 +0800] "GET /1890.html HTTP/1.0" 200 11616 "http://www.crazyant.net/category/python" "Mozilla/5.0 (compatible; SEOkicks; +https://www.seokicks.de/robot.html)"
54.36.150.17 - - [04/Dec/2019:23:32:11 +0800] "GET /790.html HTTP/1.0" 200 10639 "-" "Mozilla/5.0 (compatible; AhrefsBot/6.1; +http://ahrefs.com/robot/)"
95.217.62.108 - - [04/Dec/2019:23:32:12 +0800] "GET /1890.html/feed HTTP/1.0" 200 513 "http://www.crazyant.net/1890.html" "Mozilla/5.0 (compatible; SEOkicks; +https://www.seokicks.de/robot.html)"
95.217.62.108 - - [04/Dec/2019:23:32:14 +0800] "GET /?p=1890 HTTP/1.0" 301 - "http://www.crazyant.net/1890.html" "Mozilla/5.0 (compatible; SEOkicks; +https://www.seokicks.de/robot.html)"
95.217.62.108 - - [04/Dec/2019:23:32:16 +0800] "GET /tag/%e5%8d%95%e6%b5%8b HTTP/1.0" 200 8653 "http://www.crazyant.net/category/python" "Mozilla/5.0 (compatible; SEOkicks; +https://www.seokicks.de/robot.html)"
95.217.62.108 - - [04/Dec/2019:23:32:19 +0800] "GET /tag/%e5%8d%95%e6%b5%8b/feed HTTP/1.0" 200 952 "http://www.crazyant.net/tag/%e5%8d%95%e6%b5%8b" "Mozilla/5.0 (compatible; SEOkicks; +https://www.seokicks.de/robot.html)"
95.217.62.108 - - [04/Dec/2019:23:32:21 +0800] "GET /category/python/page/2 HTTP/1.0" 200 10929 "http://www.crazyant.net/category/python" "Mozilla/5.0 (compatible; SEOkicks; +https://www.seokicks.de/robot.html)"
66.249.79.27 - - [04/Dec/2019:23:32:22 +0800] "GET /639.html?dqhkxy=3wikn3&rydiba=buyeo3&kkpghq=yystr3 HTTP/1.0" 200 11559 "-" "Mozilla/5.0 (Linux; Android 6.0.1; Nexus 5X Build/MMB29P) AppleWebKit/537.36 (KHTML, like Gecko) Chrome/41.0.2272.96 Mobile Safari/537.36 (compatible; Googlebot/2.1; +http://www.google.com/bot.html)"
95.217.62.108 - - [04/Dec/2019:23:32:24 +0800] "GET /category/python/page/4 HTTP/1.0" 200 10604 "http://www.crazyant.net/category/python" "Mozilla/5.0 (compatible; SEOkicks; +https://www.seokicks.de/robot.html)"
95.217.62.108 - - [04/Dec/2019:23:32:27 +0800] "GET /2120.html HTTP/1.0" 200 13244 "http://www.crazyant.net/category/java-development" "Mozilla/5.0 (compatible; SEOkicks; +https://www.seokicks.de/robot.html)"
95.217.62.108 - - [04/Dec/2019:23:32:29 +0800] "GET /2120.html/feed HTTP/1.0" 200 840 "http://www.crazyant.net/2120.html" "Mozilla/5.0 (compatible; SEOkicks; +https://www.seokicks.de/robot.html)"
95.217.62.108 - - [04/Dec/2019:23:32:31 +0800] "GET /?p=2120 HTTP/1.0" 301 - "http://www.crazyant.net/2120.html" "Mozilla/5.0 (compatible; SEOkicks; +https://www.seokicks.de/robot.html)"
95.217.62.108 - - [04/Dec/2019:23:32:34 +0800] "GET /tag/zookeeper HTTP/1.0" 200 8633 "http://www.crazyant.net/category/java-development" "Mozilla/5.0 (compatible; SEOkicks; +https://www.seokicks.de/robot.html)"
66.249.79.25 - - [04/Dec/2019:23:32:35 +0800] "POST /wp-json/wordpress-popular-posts/v1/popular-posts HTTP/1.0" 201 55 "http://www.crazyant.net/639.html?dqhkxy=3wikn3&rydiba=buyeo3&kkpghq=yystr3" "Mozilla/5.0 (Linux; Android 6.0.1; Nexus 5X Build/MMB29P) AppleWebKit/537.36 (KHTML, like Gecko) Chrome/41.0.2272.96 Mobile Safari/537.36 (compatible; Googlebot/2.1; +http://www.google.com/bot.html)"
95.217.62.108 - - [04/Dec/2019:23:32:36 +0800] "GET /tag/zookeeper/feed HTTP/1.0" 200 930 "http://www.crazyant.net/tag/zookeeper" "Mozilla/5.0 (compatible; SEOkicks; +https://www.seokicks.de/robot.html)"
95.217.62.108 - - [04/Dec/2019:23:32:38 +0800] "GET /category/java-development/page/2 HTTP/1.0" 200 10946 "http://www.crazyant.net/category/java-development" "Mozilla/5.0 (compatible; SEOkicks; +https://www.seokicks.de/robot.html)"
95.217.62.108 - - [04/Dec/2019:23:32:40 +0800] "GET /category/java-development/page/3 HTTP/1.0" 200 10091 "http://www.crazyant.net/category/java-development" "Mozilla/5.0 (compatible; SEOkicks; +https://www.seokicks.de/robot.html)"
95.217.62.108 - - [04/Dec/2019:23:32:43 +0800] "GET /2336.html/feed HTTP/1.0" 200 505 "http://www.crazyant.net/2336.html" "Mozilla/5.0 (compatible; SEOkicks; +https://www.seokicks.de/robot.html)"
95.217.62.108 - - [04/Dec/2019:23:32:45 +0800] "GET /?p=2336 HTTP/1.0" 301 - "http://www.crazyant.net/2336.html" "Mozilla/5.0 (compatible; SEOkicks; +https://www.seokicks.de/robot.html)"
95.217.62.108 - - [04/Dec/2019:23:32:47 +0800] "GET /2434.html/feed HTTP/1.0" 200 495 "http://www.crazyant.net/2434.html" "Mozilla/5.0 (compatible; SEOkicks; +https://www.seokicks.de/robot.html)"
95.217.62.108 - - [04/Dec/2019:23:32:49 +0800] "GET /?p=2434 HTTP/1.0" 301 - "http://www.crazyant.net/2434.html" "Mozilla/5.0 (compatible; SEOkicks; +https://www.seokicks.de/robot.html)"
95.217.62.108 - - [04/Dec/2019:23:32:51 +0800] "GET /636.html/feed HTTP/1.0" 200 1110 "http://www.crazyant.net/636.html" "Mozilla/5.0 (compatible; SEOkicks; +https://www.seokicks.de/robot.html)"
95.217.62.108 - - [04/Dec/2019:23:32:54 +0800] "GET /?p=636 HTTP/1.0" 301 - "http://www.crazyant.net/636.html" "Mozilla/5.0 (compatible; SEOkicks; +https://www.seokicks.de/robot.html)"
95.217.62.108 - - [04/Dec/2019:23:32:56 +0800] "GET /category/php-development/page/2 HTTP/1.0" 200 10873 "http://www.crazyant.net/category/php-development" "Mozilla/5.0 (compatible; SEOkicks; +https://www.seokicks.de/robot.html)"
95.217.62.108 - - [04/Dec/2019:23:32:58 +0800] "GET /category/php-development/page/6 HTTP/1.0" 200 9167 "http://www.crazyant.net/category/php-development" "Mozilla/5.0 (compatible; SEOkicks; +https://www.seokicks.de/robot.html)"
95.217.62.108 - - [04/Dec/2019:23:33:00 +0800] "GET /151.html/feed HTTP/1.0" 200 487 "http://www.crazyant.net/151.html" "Mozilla/5.0 (compatible; SEOkicks; +https://www.seokicks.de/robot.html)"
95.217.62.108 - - [04/Dec/2019:23:33:02 +0800] "GET /149.html HTTP/1.0" 200 13053 "http://www.crazyant.net/151.html" "Mozilla/5.0 (compatible; SEOkicks; +https://www.seokicks.de/robot.html)"
95.217.62.108 - - [04/Dec/2019:23:33:05 +0800] "GET /?p=151 HTTP/1.0" 301 - "http://www.crazyant.net/151.html" "Mozilla/5.0 (compatible; SEOkicks; +https://www.seokicks.de/robot.html)"
95.217.62.108 - - [04/Dec/2019:23:33:08 +0800] "GET /155.html/feed HTTP/1.0" 200 510 "http://www.crazyant.net/155.html" "Mozilla/5.0 (compatible; SEOkicks; +https://www.seokicks.de/robot.html)"
95.217.62.108 - - [04/Dec/2019:23:33:10 +0800] "GET /157.html HTTP/1.0" 200 10597 "http://www.crazyant.net/155.html" "Mozilla/5.0 (compatible; SEOkicks; +https://www.seokicks.de/robot.html)"
95.217.62.108 - - [04/Dec/2019:23:33:12 +0800] "GET /?p=155 HTTP/1.0" 301 - "http://www.crazyant.net/155.html" "Mozilla/5.0 (compatible; SEOkicks; +https://www.seokicks.de/robot.html)"
95.217.62.108 - - [04/Dec/2019:23:33:14 +0800] "GET /146.html HTTP/1.0" 200 11412 "http://www.crazyant.net/category/web-development" "Mozilla/5.0 (compatible; SEOkicks; +https://www.seokicks.de/robot.html)"
95.217.62.108 - - [04/Dec/2019:23:33:17 +0800] "GET /146.html/feed HTTP/1.0" 200 824 "http://www.crazyant.net/146.html" "Mozilla/5.0 (compatible; SEOkicks; +https://www.seokicks.de/robot.html)"
95.217.62.108 - - [04/Dec/2019:23:33:19 +0800] "GET /?p=146 HTTP/1.0" 301 - "http://www.crazyant.net/146.html" "Mozilla/5.0 (compatible; SEOkicks; +https://www.seokicks.de/robot.html)"
95.217.62.108 - - [04/Dec/2019:23:33:21 +0800] "GET /tag/fckeditor HTTP/1.0" 200 8638 "http://www.crazyant.net/category/web-development" "Mozilla/5.0 (compatible; SEOkicks; +https://www.seokicks.de/robot.html)"
95.217.62.108 - - [04/Dec/2019:23:33:23 +0800] "GET /tag/fckeditor/feed HTTP/1.0" 200 925 "http://www.crazyant.net/tag/fckeditor" "Mozilla/5.0 (compatible; SEOkicks; +https://www.seokicks.de/robot.html)"
95.217.62.108 - - [04/Dec/2019:23:33:25 +0800] "GET /548.html/feed HTTP/1.0" 200 900 "http://www.crazyant.net/548.html" "Mozilla/5.0 (compatible; SEOkicks; +https://www.seokicks.de/robot.html)"
95.217.62.108 - - [04/Dec/2019:23:33:27 +0800] "GET /576.html HTTP/1.0" 200 13460 "http://www.crazyant.net/548.html" "Mozilla/5.0 (compatible; SEOkicks; +https://www.seokicks.de/robot.html)"
95.217.62.108 - - [04/Dec/2019:23:33:30 +0800] "GET /?p=548 HTTP/1.0" 301 - "http://www.crazyant.net/548.html" "Mozilla/5.0 (compatible; SEOkicks; +https://www.seokicks.de/robot.html)"
95.217.62.108 - - [04/Dec/2019:23:33:32 +0800] "GET /category/c-plus-plus/page/2 HTTP/1.0" 200 8771 "http://www.crazyant.net/category/c-plus-plus" "Mozilla/5.0 (compatible; SEOkicks; +https://www.seokicks.de/robot.html)"
95.217.62.108 - - [04/Dec/2019:23:33:34 +0800] "GET /515.html/feed HTTP/1.0" 200 740 "http://www.crazyant.net/515.html" "Mozilla/5.0 (compatible; SEOkicks; +https://www.seokicks.de/robot.html)"
95.217.62.108 - - [04/Dec/2019:23:33:36 +0800] "GET /512.html HTTP/1.0" 200 15512 "http://www.crazyant.net/515.html" "Mozilla/5.0 (compatible; SEOkicks; +https://www.seokicks.de/robot.html)"
95.217.62.108 - - [04/Dec/2019:23:33:39 +0800] "GET /?p=515 HTTP/1.0" 301 - "http://www.crazyant.net/515.html" "Mozilla/5.0 (compatible; SEOkicks; +https://www.seokicks.de/robot.html)"
95.217.62.108 - - [04/Dec/2019:23:33:41 +0800] "GET /480.html/feed HTTP/1.0" 200 508 "http://www.crazyant.net/480.html" "Mozilla/5.0 (compatible; SEOkicks; +https://www.seokicks.de/robot.html)"
95.217.62.108 - - [04/Dec/2019:23:33:44 +0800] "GET /483.html HTTP/1.0" 200 10339 "http://www.crazyant.net/480.html" "Mozilla/5.0 (compatible; SEOkicks; +https://www.seokicks.de/robot.html)"
95.217.62.108 - - [04/Dec/2019:23:33:46 +0800] "GET /?p=480 HTTP/1.0" 301 - "http://www.crazyant.net/480.html" "Mozilla/5.0 (compatible; SEOkicks; +https://www.seokicks.de/robot.html)"
95.217.62.108 - - [04/Dec/2019:23:33:48 +0800] "GET /454.html/feed HTTP/1.0" 200 1861 "http://www.crazyant.net/454.html" "Mozilla/5.0 (compatible; SEOkicks; +https://www.seokicks.de/robot.html)"
95.217.62.108 - - [04/Dec/2019:23:33:50 +0800] "GET /?p=454 HTTP/1.0" 301 - "http://www.crazyant.net/454.html" "Mozilla/5.0 (compatible; SEOkicks; +https://www.seokicks.de/robot.html)"
95.217.62.108 - - [04/Dec/2019:23:33:53 +0800] "GET /tag/email HTTP/1.0" 200 8680 "http://www.crazyant.net/454.html" "Mozilla/5.0 (compatible; SEOkicks; +https://www.seokicks.de/robot.html)"
95.217.62.108 - - [04/Dec/2019:23:33:55 +0800] "GET /tag/email/feed HTTP/1.0" 200 959 "http://www.crazyant.net/tag/email" "Mozilla/5.0 (compatible; SEOkicks; +https://www.seokicks.de/robot.html)"
95.217.62.108 - - [04/Dec/2019:23:33:57 +0800] "GET /391.html/feed HTTP/1.0" 200 767 "http://www.crazyant.net/391.html" "Mozilla/5.0 (compatible; SEOkicks; +https://www.seokicks.de/robot.html)"
95.217.62.108 - - [04/Dec/2019:23:33:59 +0800] "GET /402.html HTTP/1.0" 200 10908 "http://www.crazyant.net/391.html" "Mozilla/5.0 (compatible; SEOkicks; +https://www.seokicks.de/robot.html)"
95.217.62.108 - - [04/Dec/2019:23:34:01 +0800] "GET /?p=391 HTTP/1.0" 301 - "http://www.crazyant.net/391.html" "Mozilla/5.0 (compatible; SEOkicks; +https://www.seokicks.de/robot.html)"
95.217.62.108 - - [04/Dec/2019:23:34:03 +0800] "GET /tag/gate HTTP/1.0" 200 8590 "http://www.crazyant.net/391.html" "Mozilla/5.0 (compatible; SEOkicks; +https://www.seokicks.de/robot.html)"
95.217.62.108 - - [04/Dec/2019:23:34:06 +0800] "GET /tag/gate/feed HTTP/1.0" 200 869 "http://www.crazyant.net/tag/gate" "Mozilla/5.0 (compatible; SEOkicks; +https://www.seokicks.de/robot.html)"
95.217.62.108 - - [04/Dec/2019:23:34:08 +0800] "GET /245.html/feed HTTP/1.0" 200 956 "http://www.crazyant.net/245.html" "Mozilla/5.0 (compatible; SEOkicks; +https://www.seokicks.de/robot.html)"
95.217.62.108 - - [04/Dec/2019:23:34:10 +0800] "GET /?p=245 HTTP/1.0" 301 - "http://www.crazyant.net/245.html" "Mozilla/5.0 (compatible; SEOkicks; +https://www.seokicks.de/robot.html)"
95.217.62.108 - - [04/Dec/2019:23:34:13 +0800] "GET /109.html/feed HTTP/1.0" 200 485 "http://www.crazyant.net/109.html" "Mozilla/5.0 (compatible; SEOkicks; +https://www.seokicks.de/robot.html)"
95.217.62.108 - - [04/Dec/2019:23:34:15 +0800] "GET /?p=109 HTTP/1.0" 301 - "http://www.crazyant.net/109.html" "Mozilla/5.0 (compatible; SEOkicks; +https://www.seokicks.de/robot.html)"
95.217.62.108 - - [04/Dec/2019:23:34:17 +0800] "GET /1426.html/feed HTTP/1.0" 200 700 "http://www.crazyant.net/1426.html" "Mozilla/5.0 (compatible; SEOkicks; +https://www.seokicks.de/robot.html)"
95.217.62.108 - - [04/Dec/2019:23:34:19 +0800] "GET /?p=1426 HTTP/1.0" 301 - "http://www.crazyant.net/1426.html" "Mozilla/5.0 (compatible; SEOkicks; +https://www.seokicks.de/robot.html)"
95.217.62.108 - - [04/Dec/2019:23:34:21 +0800] "GET /1203.html/feed HTTP/1.0" 200 828 "http://www.crazyant.net/1203.html" "Mozilla/5.0 (compatible; SEOkicks; +https://www.seokicks.de/robot.html)"
95.217.62.108 - - [04/Dec/2019:23:34:24 +0800] "GET /1197.html HTTP/1.0" 200 13289 "http://www.crazyant.net/1203.html" "Mozilla/5.0 (compatible; SEOkicks; +https://www.seokicks.de/robot.html)"
95.217.62.108 - - [04/Dec/2019:23:34:26 +0800] "GET /?p=1203 HTTP/1.0" 301 - "http://www.crazyant.net/1203.html" "Mozilla/5.0 (compatible; SEOkicks; +https://www.seokicks.de/robot.html)"
95.217.62.108 - - [04/Dec/2019:23:34:28 +0800] "GET /category/hive/page/2 HTTP/1.0" 200 9696 "http://www.crazyant.net/category/hive" "Mozilla/5.0 (compatible; SEOkicks; +https://www.seokicks.de/robot.html)"
95.217.62.108 - - [04/Dec/2019:23:34:30 +0800] "GET /1741.html HTTP/1.0" 200 11241 "http://www.crazyant.net/category/mysql" "Mozilla/5.0 (compatible; SEOkicks; +https://www.seokicks.de/robot.html)"
95.217.62.108 - - [04/Dec/2019:23:34:33 +0800] "GET /1741.html/feed HTTP/1.0" 200 742 "http://www.crazyant.net/1741.html" "Mozilla/5.0 (compatible; SEOkicks; +https://www.seokicks.de/robot.html)"
95.217.62.108 - - [04/Dec/2019:23:34:35 +0800] "GET /?p=1741 HTTP/1.0" 301 - "http://www.crazyant.net/1741.html" "Mozilla/5.0 (compatible; SEOkicks; +https://www.seokicks.de/robot.html)"
95.217.62.108 - - [04/Dec/2019:23:34:37 +0800] "GET /tag/%e4%ba%8b%e5%8a%a1 HTTP/1.0" 200 8635 "http://www.crazyant.net/category/mysql" "Mozilla/5.0 (compatible; SEOkicks; +https://www.seokicks.de/robot.html)"
95.217.62.108 - - [04/Dec/2019:23:34:39 +0800] "GET /tag/%e4%ba%8b%e5%8a%a1/feed HTTP/1.0" 200 947 "http://www.crazyant.net/tag/%e4%ba%8b%e5%8a%a1" "Mozilla/5.0 (compatible; SEOkicks; +https://www.seokicks.de/robot.html)"
95.217.62.108 - - [04/Dec/2019:23:34:42 +0800] "GET /category/mysql/page/2 HTTP/1.0" 200 10941 "http://www.crazyant.net/category/mysql" "Mozilla/5.0 (compatible; SEOkicks; +https://www.seokicks.de/robot.html)"
95.217.62.108 - - [04/Dec/2019:23:34:44 +0800] "GET /category/mysql/page/3 HTTP/1.0" 200 9069 "http://www.crazyant.net/category/mysql" "Mozilla/5.0 (compatible; SEOkicks; +https://www.seokicks.de/robot.html)"
95.217.62.108 - - [04/Dec/2019:23:34:47 +0800] "GET /1129.html/feed HTTP/1.0" 200 1491 "http://www.crazyant.net/1129.html" "Mozilla/5.0 (compatible; SEOkicks; +https://www.seokicks.de/robot.html)"
95.217.62.108 - - [04/Dec/2019:23:34:49 +0800] "GET /?p=1129 HTTP/1.0" 301 - "http://www.crazyant.net/1129.html" "Mozilla/5.0 (compatible; SEOkicks; +https://www.seokicks.de/robot.html)"
95.217.62.108 - - [04/Dec/2019:23:34:51 +0800] "GET /1094.html/feed HTTP/1.0" 200 1365 "http://www.crazyant.net/1094.html" "Mozilla/5.0 (compatible; SEOkicks; +https://www.seokicks.de/robot.html)"
95.217.62.108 - - [04/Dec/2019:23:34:53 +0800] "GET /1088.html HTTP/1.0" 200 12393 "http://www.crazyant.net/1094.html" "Mozilla/5.0 (compatible; SEOkicks; +https://www.seokicks.de/robot.html)"
123.113.71.106 - - [04/Dec/2019:23:35:01 +0800] "GET / HTTP/1.0" 200 10415 "https://www.baidu.com/link?url=mVjntzGqzOIthq_kLuK1a-hna3-gVhe2rsZqGYry7_UJUR6kNtPDBBXJ744OxrMS&wd=&eqid=e6e83c690000971e000000025de7d219" "Mozilla/5.0 (Windows NT 10.0; Win64; x64) AppleWebKit/537.36 (KHTML, like Gecko) Chrome/78.0.3904.108 Safari/537.36"
123.113.71.106 - - [04/Dec/2019:23:35:02 +0800] "GET /wp-includes/css/dist/block-library/style.min.css HTTP/1.1" 200 6163 "http://www.crazyant.net/" "Mozilla/5.0 (Windows NT 10.0; Win64; x64) AppleWebKit/537.36 (KHTML, like Gecko) Chrome/78.0.3904.108 Safari/537.36"
123.113.71.106 - - [04/Dec/2019:23:35:02 +0800] "GET /wp-includes/css/dist/block-library/theme.min.css HTTP/1.1" 200 639 "http://www.crazyant.net/" "Mozilla/5.0 (Windows NT 10.0; Win64; x64) AppleWebKit/537.36 (KHTML, like Gecko) Chrome/78.0.3904.108 Safari/537.36"
123.113.71.106 - - [04/Dec/2019:23:35:02 +0800] "GET /wp-content/plugins/bibblio-related-posts/public/css/bibblio_related_posts.min.css HTTP/1.1" 200 42 "http://www.crazyant.net/" "Mozilla/5.0 (Windows NT 10.0; Win64; x64) AppleWebKit/537.36 (KHTML, like Gecko) Chrome/78.0.3904.108 Safari/537.36"
123.113.71.106 - - [04/Dec/2019:23:35:02 +0800] "GET /wp-content/plugins/cardoza-3d-tag-cloud//public/css/my-style.min.css HTTP/1.1" 200 218 "http://www.crazyant.net/" "Mozilla/5.0 (Windows NT 10.0; Win64; x64) AppleWebKit/537.36 (KHTML, like Gecko) Chrome/78.0.3904.108 Safari/537.36"
123.113.71.106 - - [04/Dec/2019:23:35:02 +0800] "GET /wp-content/plugins/table-of-contents-plus/screen.min.css HTTP/1.1" 200 456 "http://www.crazyant.net/" "Mozilla/5.0 (Windows NT 10.0; Win64; x64) AppleWebKit/537.36 (KHTML, like Gecko) Chrome/78.0.3904.108 Safari/537.36"
123.113.71.106 - - [04/Dec/2019:23:35:02 +0800] "GET /wp-content/plugins/wordpress-popular-posts/assets/css/wordpress-popular-posts-css.min.css HTTP/1.1" 200 229 "http://www.crazyant.net/" "Mozilla/5.0 (Windows NT 10.0; Win64; x64) AppleWebKit/537.36 (KHTML, like Gecko) Chrome/78.0.3904.108 Safari/537.36"
123.113.71.106 - - [04/Dec/2019:23:35:02 +0800] "GET /wp-content/themes/twentyfifteen/genericons/genericons.min.css HTTP/1.1" 200 16232 "http://www.crazyant.net/" "Mozilla/5.0 (Windows NT 10.0; Win64; x64) AppleWebKit/537.36 (KHTML, like Gecko) Chrome/78.0.3904.108 Safari/537.36"
123.113.71.106 - - [04/Dec/2019:23:35:02 +0800] "GET /wp-content/themes/twentyfifteen/css/twentyfifteen-block-style.min.css HTTP/1.1" 200 1596 "http://www.crazyant.net/" "Mozilla/5.0 (Windows NT 10.0; Win64; x64) AppleWebKit/537.36 (KHTML, like Gecko) Chrome/78.0.3904.108 Safari/537.36"
123.113.71.106 - - [04/Dec/2019:23:35:02 +0800] "GET /wp-content/themes/twentyfifteen/twentyfifteen-style.min.css HTTP/1.1" 200 11037 "http://www.crazyant.net/" "Mozilla/5.0 (Windows NT 10.0; Win64; x64) AppleWebKit/537.36 (KHTML, like Gecko) Chrome/78.0.3904.108 Safari/537.36"
123.113.71.106 - - [04/Dec/2019:23:35:02 +0800] "GET /wp-content/plugins/easy-fancybox/css/jquery.fancybox.min.css HTTP/1.1" 200 1111 "http://www.crazyant.net/" "Mozilla/5.0 (Windows NT 10.0; Win64; x64) AppleWebKit/537.36 (KHTML, like Gecko) Chrome/78.0.3904.108 Safari/537.36"
123.113.71.106 - - [04/Dec/2019:23:35:02 +0800] "GET /wp-includes/js/jquery/jquery.js HTTP/1.1" 200 33776 "http://www.crazyant.net/" "Mozilla/5.0 (Windows NT 10.0; Win64; x64) AppleWebKit/537.36 (KHTML, like Gecko) Chrome/78.0.3904.108 Safari/537.36"
123.113.71.106 - - [04/Dec/2019:23:35:02 +0800] "GET /wp-includes/js/jquery/jquery-migrate.min.js HTTP/1.1" 200 4014 "http://www.crazyant.net/" "Mozilla/5.0 (Windows NT 10.0; Win64; x64) AppleWebKit/537.36 (KHTML, like Gecko) Chrome/78.0.3904.108 Safari/537.36"
123.113.71.106 - - [04/Dec/2019:23:35:02 +0800] "GET /wp-content/uploads/siteground-optimizer-assets/bibblio_related_posts.min.js HTTP/1.1" 200 37 "http://www.crazyant.net/" "Mozilla/5.0 (Windows NT 10.0; Win64; x64) AppleWebKit/537.36 (KHTML, like Gecko) Chrome/78.0.3904.108 Safari/537.36"
123.113.71.106 - - [04/Dec/2019:23:35:02 +0800] "GET /wp-content/plugins/cardoza-3d-tag-cloud/jquery.tagcanvas.min.js HTTP/1.1" 200 8629 "http://www.crazyant.net/" "Mozilla/5.0 (Windows NT 10.0; Win64; x64) AppleWebKit/537.36 (KHTML, like Gecko) Chrome/78.0.3904.108 Safari/537.36"
123.113.71.106 - - [04/Dec/2019:23:35:02 +0800] "GET /wp-content/plugins/wordpress-popular-posts/assets/js/wpp-5.0.0.min.js HTTP/1.1" 200 744 "http://www.crazyant.net/" "Mozilla/5.0 (Windows NT 10.0; Win64; x64) AppleWebKit/537.36 (KHTML, like Gecko) Chrome/78.0.3904.108 Safari/537.36"
123.113.71.106 - - [04/Dec/2019:23:35:02 +0800] "GET /wp-includes/js/wp-embed.min.js HTTP/1.1" 200 740 "http://www.crazyant.net/" "Mozilla/5.0 (Windows NT 10.0; Win64; x64) AppleWebKit/537.36 (KHTML, like Gecko) Chrome/78.0.3904.108 Safari/537.36"
123.113.71.106 - - [04/Dec/2019:23:35:03 +0800] "GET /wp-content/uploads/2019/08/%E5%B0%8F%E5%9B%BE.jpg HTTP/1.1" 200 5582 "http://www.crazyant.net/" "Mozilla/5.0 (Windows NT 10.0; Win64; x64) AppleWebKit/537.36 (KHTML, like Gecko) Chrome/78.0.3904.108 Safari/537.36"
123.113.71.106 - - [04/Dec/2019:23:35:03 +0800] "GET /wp-content/uploads/siteground-optimizer-assets/twentyfifteen-skip-link-focus-fix.min.js HTTP/1.1" 200 275 "http://www.crazyant.net/" "Mozilla/5.0 (Windows NT 10.0; Win64; x64) AppleWebKit/537.36 (KHTML, like Gecko) Chrome/78.0.3904.108 Safari/537.36"
123.113.71.106 - - [04/Dec/2019:23:35:03 +0800] "GET /wp-content/plugins/table-of-contents-plus/front.min.js HTTP/1.1" 200 2349 "http://www.crazyant.net/" "Mozilla/5.0 (Windows NT 10.0; Win64; x64) AppleWebKit/537.36 (KHTML, like Gecko) Chrome/78.0.3904.108 Safari/537.36"
123.113.71.106 - - [04/Dec/2019:23:35:03 +0800] "GET /wp-content/uploads/siteground-optimizer-assets/twentyfifteen-script.min.js HTTP/1.1" 200 1331 "http://www.crazyant.net/" "Mozilla/5.0 (Windows NT 10.0; Win64; x64) AppleWebKit/537.36 (KHTML, like Gecko) Chrome/78.0.3904.108 Safari/537.36"
123.113.71.106 - - [04/Dec/2019:23:35:03 +0800] "GET /wp-content/plugins/easy-fancybox/js/jquery.fancybox.min.js HTTP/1.1" 200 6330 "http://www.crazyant.net/" "Mozilla/5.0 (Windows NT 10.0; Win64; x64) AppleWebKit/537.36 (KHTML, like Gecko) Chrome/78.0.3904.108 Safari/537.36"
123.113.71.106 - - [04/Dec/2019:23:35:03 +0800] "GET /wp-content/plugins/easy-fancybox/js/jquery.easing.min.js HTTP/1.1" 200 767 "http://www.crazyant.net/" "Mozilla/5.0 (Windows NT 10.0; Win64; x64) AppleWebKit/537.36 (KHTML, like Gecko) Chrome/78.0.3904.108 Safari/537.36"
123.113.71.106 - - [04/Dec/2019:23:35:03 +0800] "GET /wp-content/plugins/easy-fancybox/js/jquery.mousewheel.min.js HTTP/1.1" 200 1145 "http://www.crazyant.net/" "Mozilla/5.0 (Windows NT 10.0; Win64; x64) AppleWebKit/537.36 (KHTML, like Gecko) Chrome/78.0.3904.108 Safari/537.36"
123.113.71.106 - - [04/Dec/2019:23:35:03 +0800] "GET /favicon.ico HTTP/1.1" 200 0 "http://www.crazyant.net/" "Mozilla/5.0 (Windows NT 10.0; Win64; x64) AppleWebKit/537.36 (KHTML, like Gecko) Chrome/78.0.3904.108 Safari/537.36"
123.113.71.106 - - [04/Dec/2019:23:35:23 +0800] "GET /my_program_notes HTTP/1.0" 200 9472 "http://www.crazyant.net/" "Mozilla/5.0 (Windows NT 10.0; Win64; x64) AppleWebKit/537.36 (KHTML, like Gecko) Chrome/78.0.3904.108 Safari/537.36"
123.113.71.106 - - [04/Dec/2019:23:35:23 +0800] "POST /wp-json/wordpress-popular-posts/v1/popular-posts HTTP/1.0" 201 55 "http://www.crazyant.net/my_program_notes" "Mozilla/5.0 (Windows NT 10.0; Win64; x64) AppleWebKit/537.36 (KHTML, like Gecko) Chrome/78.0.3904.108 Safari/537.36"
123.113.71.106 - - [04/Dec/2019:23:35:36 +0800] "GET /meditation-resource HTTP/1.0" 200 12466 "http://www.crazyant.net/my_program_notes" "Mozilla/5.0 (Windows NT 10.0; Win64; x64) AppleWebKit/537.36 (KHTML, like Gecko) Chrome/78.0.3904.108 Safari/537.36"
123.113.71.106 - - [04/Dec/2019:23:35:37 +0800] "GET /wp-includes/js/comment-reply.min.js HTTP/1.1" 200 1131 "http://www.crazyant.net/meditation-resource" "Mozilla/5.0 (Windows NT 10.0; Win64; x64) AppleWebKit/537.36 (KHTML, like Gecko) Chrome/78.0.3904.108 Safari/537.36"
123.113.71.106 - - [04/Dec/2019:23:35:37 +0800] "GET /wp-content/uploads/siteground-optimizer-assets/akismet-form.min.js HTTP/1.1" 200 288 "http://www.crazyant.net/meditation-resource" "Mozilla/5.0 (Windows NT 10.0; Win64; x64) AppleWebKit/537.36 (KHTML, like Gecko) Chrome/78.0.3904.108 Safari/537.36"
123.113.71.106 - - [04/Dec/2019:23:35:37 +0800] "POST /wp-json/wordpress-popular-posts/v1/popular-posts HTTP/1.0" 201 55 "http://www.crazyant.net/meditation-resource" "Mozilla/5.0 (Windows NT 10.0; Win64; x64) AppleWebKit/537.36 (KHTML, like Gecko) Chrome/78.0.3904.108 Safari/537.36"
123.113.71.106 - - [04/Dec/2019:23:36:49 +0800] "GET /2615.html HTTP/1.0" 200 9992 "http://www.crazyant.net/meditation-resource" "Mozilla/5.0 (Windows NT 10.0; Win64; x64) AppleWebKit/537.36 (KHTML, like Gecko) Chrome/78.0.3904.108 Safari/537.36"
123.113.71.106 - - [04/Dec/2019:23:36:50 +0800] "POST /wp-json/wordpress-popular-posts/v1/popular-posts HTTP/1.0" 201 55 "http://www.crazyant.net/2615.html" "Mozilla/5.0 (Windows NT 10.0; Win64; x64) AppleWebKit/537.36 (KHTML, like Gecko) Chrome/78.0.3904.108 Safari/537.36"
54.36.150.64 - - [04/Dec/2019:23:37:10 +0800] "GET /category/python-machinelearning HTTP/1.0" 200 8547 "-" "Mozilla/5.0 (compatible; AhrefsBot/6.1; +http://ahrefs.com/robot/)"
123.113.71.106 - - [04/Dec/2019:23:37:56 +0800] "GET /2351.html HTTP/1.0" 200 12943 "http://www.crazyant.net/2615.html" "Mozilla/5.0 (Windows NT 10.0; Win64; x64) AppleWebKit/537.36 (KHTML, like Gecko) Chrome/78.0.3904.108 Safari/537.36"
123.113.71.106 - - [04/Dec/2019:23:37:57 +0800] "POST /wp-json/wordpress-popular-posts/v1/popular-posts HTTP/1.0" 201 55 "http://www.crazyant.net/2351.html" "Mozilla/5.0 (Windows NT 10.0; Win64; x64) AppleWebKit/537.36 (KHTML, like Gecko) Chrome/78.0.3904.108 Safari/537.36"
222.129.54.23 - - [04/Dec/2019:23:39:08 +0800] "GET /feed HTTP/1.0" 200 4779 "-" "ReadKit/2.4.3 (Mac OS X Version 10.15.1 (Build 19B88))"
59.53.41.11 - - [04/Dec/2019:23:39:10 +0800] "GET /1895.html HTTP/1.0" 200 11030 "https://www.google.com/" "Mozilla/5.0 (X11; Linux x86_64) AppleWebKit/537.36 (KHTML, like Gecko) Chrome/78.0.3904.108 Safari/537.36"
59.53.40.159 - - [04/Dec/2019:23:39:10 +0800] "GET /wp-includes/css/dist/block-library/style.min.css HTTP/1.1" 200 6163 "http://www.crazyant.net/1895.html" "Mozilla/5.0 (X11; Linux x86_64) AppleWebKit/537.36 (KHTML, like Gecko) Chrome/78.0.3904.108 Safari/537.36"
59.53.40.159 - - [04/Dec/2019:23:39:11 +0800] "GET /wp-includes/css/dist/block-library/theme.min.css HTTP/1.1" 200 639 "http://www.crazyant.net/1895.html" "Mozilla/5.0 (X11; Linux x86_64) AppleWebKit/537.36 (KHTML, like Gecko) Chrome/78.0.3904.108 Safari/537.36"
182.96.242.214 - - [04/Dec/2019:23:39:11 +0800] "GET /wp-content/plugins/bibblio-related-posts/public/css/bibblio_related_posts.min.css HTTP/1.1" 200 42 "http://www.crazyant.net/1895.html" "Mozilla/5.0 (X11; Linux x86_64) AppleWebKit/537.36 (KHTML, like Gecko) Chrome/78.0.3904.108 Safari/537.36"
59.53.40.159 - - [04/Dec/2019:23:39:11 +0800] "GET /wp-content/plugins/cardoza-3d-tag-cloud//public/css/my-style.min.css HTTP/1.1" 200 218 "http://www.crazyant.net/1895.html" "Mozilla/5.0 (X11; Linux x86_64) AppleWebKit/537.36 (KHTML, like Gecko) Chrome/78.0.3904.108 Safari/537.36"
182.96.242.214 - - [04/Dec/2019:23:39:11 +0800] "GET /wp-content/plugins/table-of-contents-plus/screen.min.css HTTP/1.1" 200 456 "http://www.crazyant.net/1895.html" "Mozilla/5.0 (X11; Linux x86_64) AppleWebKit/537.36 (KHTML, like Gecko) Chrome/78.0.3904.108 Safari/537.36"
182.96.44.44 - - [04/Dec/2019:23:39:11 +0800] "GET /wp-content/plugins/wordpress-popular-posts/assets/css/wordpress-popular-posts-css.min.css HTTP/1.1" 200 229 "http://www.crazyant.net/1895.html" "Mozilla/5.0 (X11; Linux x86_64) AppleWebKit/537.36 (KHTML, like Gecko) Chrome/78.0.3904.108 Safari/537.36"
182.96.242.214 - - [04/Dec/2019:23:39:11 +0800] "GET /wp-content/themes/twentyfifteen/genericons/genericons.min.css HTTP/1.1" 200 16232 "http://www.crazyant.net/1895.html" "Mozilla/5.0 (X11; Linux x86_64) AppleWebKit/537.36 (KHTML, like Gecko) Chrome/78.0.3904.108 Safari/537.36"
59.53.40.159 - - [04/Dec/2019:23:39:11 +0800] "GET /wp-content/themes/twentyfifteen/twentyfifteen-style.min.css HTTP/1.1" 200 11037 "http://www.crazyant.net/1895.html" "Mozilla/5.0 (X11; Linux x86_64) AppleWebKit/537.36 (KHTML, like Gecko) Chrome/78.0.3904.108 Safari/537.36"
182.96.242.214 - - [04/Dec/2019:23:39:11 +0800] "GET /wp-content/themes/twentyfifteen/css/twentyfifteen-block-style.min.css HTTP/1.1" 200 1596 "http://www.crazyant.net/1895.html" "Mozilla/5.0 (X11; Linux x86_64) AppleWebKit/537.36 (KHTML, like Gecko) Chrome/78.0.3904.108 Safari/537.36"
182.96.44.44 - - [04/Dec/2019:23:39:12 +0800] "GET /wp-content/plugins/easy-fancybox/css/jquery.fancybox.min.css HTTP/1.1" 200 1111 "http://www.crazyant.net/1895.html" "Mozilla/5.0 (X11; Linux x86_64) AppleWebKit/537.36 (KHTML, like Gecko) Chrome/78.0.3904.108 Safari/537.36"
182.96.242.214 - - [04/Dec/2019:23:39:12 +0800] "GET /wp-includes/js/jquery/jquery.js HTTP/1.1" 200 33776 "http://www.crazyant.net/1895.html" "Mozilla/5.0 (X11; Linux x86_64) AppleWebKit/537.36 (KHTML, like Gecko) Chrome/78.0.3904.108 Safari/537.36"
59.53.41.11 - - [04/Dec/2019:23:39:12 +0800] "GET /wp-includes/js/jquery/jquery-migrate.min.js HTTP/1.1" 200 4014 "http://www.crazyant.net/1895.html" "Mozilla/5.0 (X11; Linux x86_64) AppleWebKit/537.36 (KHTML, like Gecko) Chrome/78.0.3904.108 Safari/537.36"
59.53.41.11 - - [04/Dec/2019:23:39:13 +0800] "GET /wp-includes/js/wp-embed.min.js HTTP/1.1" 200 740 "http://www.crazyant.net/1895.html" "Mozilla/5.0 (X11; Linux x86_64) AppleWebKit/537.36 (KHTML, like Gecko) Chrome/78.0.3904.108 Safari/537.36"
220.181.108.110 - - [04/Dec/2019:23:39:13 +0800] "GET /1712.html HTTP/1.1" 444 0 "-" "Mozilla/5.0 (compatible; Baiduspider/2.0; +http://www.baidu.com/search/spider.html)"
59.53.41.11 - - [04/Dec/2019:23:39:13 +0800] "GET /wp-content/uploads/siteground-optimizer-assets/bibblio_related_posts.min.js HTTP/1.1" 200 37 "http://www.crazyant.net/1895.html" "Mozilla/5.0 (X11; Linux x86_64) AppleWebKit/537.36 (KHTML, like Gecko) Chrome/78.0.3904.108 Safari/537.36"
59.53.41.11 - - [04/Dec/2019:23:39:14 +0800] "GET /wp-content/plugins/cardoza-3d-tag-cloud/jquery.tagcanvas.min.js HTTP/1.1" 200 8629 "http://www.crazyant.net/1895.html" "Mozilla/5.0 (X11; Linux x86_64) AppleWebKit/537.36 (KHTML, like Gecko) Chrome/78.0.3904.108 Safari/537.36"
59.53.41.11 - - [04/Dec/2019:23:39:15 +0800] "GET /wp-content/plugins/wordpress-popular-posts/assets/js/wpp-5.0.0.min.js HTTP/1.1" 200 744 "http://www.crazyant.net/1895.html" "Mozilla/5.0 (X11; Linux x86_64) AppleWebKit/537.36 (KHTML, like Gecko) Chrome/78.0.3904.108 Safari/537.36"
182.96.242.214 - - [04/Dec/2019:23:39:15 +0800] "GET /wp-content/uploads/2019/08/%E5%B0%8F%E5%9B%BE.jpg HTTP/1.1" 200 5582 "http://www.crazyant.net/1895.html" "Mozilla/5.0 (X11; Linux x86_64) AppleWebKit/537.36 (KHTML, like Gecko) Chrome/78.0.3904.108 Safari/537.36"
182.96.44.44 - - [04/Dec/2019:23:39:15 +0800] "GET /wp-includes/js/comment-reply.min.js HTTP/1.1" 200 1131 "http://www.crazyant.net/1895.html" "Mozilla/5.0 (X11; Linux x86_64) AppleWebKit/537.36 (KHTML, like Gecko) Chrome/78.0.3904.108 Safari/537.36"
182.96.242.214 - - [04/Dec/2019:23:39:15 +0800] "GET /wp-content/uploads/siteground-optimizer-assets/twentyfifteen-skip-link-focus-fix.min.js HTTP/1.1" 200 275 "http://www.crazyant.net/1895.html" "Mozilla/5.0 (X11; Linux x86_64) AppleWebKit/537.36 (KHTML, like Gecko) Chrome/78.0.3904.108 Safari/537.36"
59.53.40.159 - - [04/Dec/2019:23:39:15 +0800] "GET /wp-content/plugins/table-of-contents-plus/front.min.js HTTP/1.1" 200 2349 "http://www.crazyant.net/1895.html" "Mozilla/5.0 (X11; Linux x86_64) AppleWebKit/537.36 (KHTML, like Gecko) Chrome/78.0.3904.108 Safari/537.36"
59.53.41.11 - - [04/Dec/2019:23:39:15 +0800] "GET /wp-content/uploads/siteground-optimizer-assets/twentyfifteen-script.min.js HTTP/1.1" 200 1331 "http://www.crazyant.net/1895.html" "Mozilla/5.0 (X11; Linux x86_64) AppleWebKit/537.36 (KHTML, like Gecko) Chrome/78.0.3904.108 Safari/537.36"
59.53.40.159 - - [04/Dec/2019:23:39:15 +0800] "GET /wp-content/plugins/easy-fancybox/js/jquery.fancybox.min.js HTTP/1.1" 200 6330 "http://www.crazyant.net/1895.html" "Mozilla/5.0 (X11; Linux x86_64) AppleWebKit/537.36 (KHTML, like Gecko) Chrome/78.0.3904.108 Safari/537.36"
182.96.242.214 - - [04/Dec/2019:23:39:15 +0800] "POST /wp-json/wordpress-popular-posts/v1/popular-posts HTTP/1.0" 201 55 "http://www.crazyant.net/1895.html" "Mozilla/5.0 (X11; Linux x86_64) AppleWebKit/537.36 (KHTML, like Gecko) Chrome/78.0.3904.108 Safari/537.36"
182.96.242.214 - - [04/Dec/2019:23:39:16 +0800] "GET /wp-content/plugins/easy-fancybox/js/jquery.easing.min.js HTTP/1.1" 200 767 "http://www.crazyant.net/1895.html" "Mozilla/5.0 (X11; Linux x86_64) AppleWebKit/537.36 (KHTML, like Gecko) Chrome/78.0.3904.108 Safari/537.36"
182.96.242.214 - - [04/Dec/2019:23:39:16 +0800] "GET /wp-content/plugins/easy-fancybox/js/jquery.mousewheel.min.js HTTP/1.1" 200 1145 "http://www.crazyant.net/1895.html" "Mozilla/5.0 (X11; Linux x86_64) AppleWebKit/537.36 (KHTML, like Gecko) Chrome/78.0.3904.108 Safari/537.36"
182.96.242.214 - - [04/Dec/2019:23:39:16 +0800] "GET /wp-content/uploads/siteground-optimizer-assets/akismet-form.min.js HTTP/1.1" 200 288 "http://www.crazyant.net/1895.html" "Mozilla/5.0 (X11; Linux x86_64) AppleWebKit/537.36 (KHTML, like Gecko) Chrome/78.0.3904.108 Safari/537.36"
