47.96.97.24 - - [06/Dec/2019:22:21:09 +0800] "GET /?p=2583 HTTP/1.0" 301 - "-" "Bot/Nutch-1.16"
47.96.97.24 - - [06/Dec/2019:22:21:11 +0800] "GET /2564.html/feed HTTP/1.0" 200 500 "-" "Bot/Nutch-1.16"
47.96.97.24 - - [06/Dec/2019:22:21:16 +0800] "GET /category/python-bigdata HTTP/1.0" 200 8187 "-" "Bot/Nutch-1.16"
106.11.157.254 - - [06/Dec/2019:22:21:20 +0800] "GET /?s=%E5%8D%8E%E5%AE%87%E5%A8%B1%E4%B9%90%E5%B9%B3%E5%8F%B0%E6%80%8E%E4%B9%88%E8%BF%9B%E4%B8%8D%E5%8E%BB%E3%80%90%E2%94%8B%E4%BF%A1%E8%AA%892%E2%92%8F7%E2%92%8F01705(%E6%89%A3)%E3%80%93%E3%80%91 HTTP/1.0" 200 8398 "-" "YisouSpider"
221.223.47.192 - - [06/Dec/2019:22:21:23 +0800] "GET /favicon.ico HTTP/1.1" 200 0 "-" "Mozilla/5.0 (Windows NT 10.0; WOW64) AppleWebKit/537.36 (KHTML, like Gecko) Chrome/69.0.3497.100 Safari/537.36"
222.244.97.149 - - [06/Dec/2019:22:21:47 +0800] "GET /2022.html HTTP/1.0" 200 20830 "-" "Mozilla/5.0 (Windows NT 6.1; Win64; x64) AppleWebKit/537.36 (KHTML, like Gecko) Chrome/77.0.3865.120 Safari/537.36"
222.244.97.149 - - [06/Dec/2019:22:21:47 +0800] "GET /wp-includes/css/dist/block-library/style.min.css HTTP/1.1" 200 6163 "http://www.crazyant.net/2022.html" "Mozilla/5.0 (Windows NT 6.1; Win64; x64) AppleWebKit/537.36 (KHTML, like Gecko) Chrome/77.0.3865.120 Safari/537.36"
222.244.97.149 - - [06/Dec/2019:22:21:48 +0800] "GET /wp-includes/css/dist/block-library/theme.min.css HTTP/1.1" 200 639 "http://www.crazyant.net/2022.html" "Mozilla/5.0 (Windows NT 6.1; Win64; x64) AppleWebKit/537.36 (KHTML, like Gecko) Chrome/77.0.3865.120 Safari/537.36"
222.244.97.149 - - [06/Dec/2019:22:21:48 +0800] "GET /wp-content/plugins/bibblio-related-posts/public/css/bibblio_related_posts.min.css HTTP/1.1" 200 42 "http://www.crazyant.net/2022.html" "Mozilla/5.0 (Windows NT 6.1; Win64; x64) AppleWebKit/537.36 (KHTML, like Gecko) Chrome/77.0.3865.120 Safari/537.36"
222.244.97.149 - - [06/Dec/2019:22:21:48 +0800] "GET /wp-content/plugins/cardoza-3d-tag-cloud//public/css/my-style.min.css HTTP/1.1" 200 218 "http://www.crazyant.net/2022.html" "Mozilla/5.0 (Windows NT 6.1; Win64; x64) AppleWebKit/537.36 (KHTML, like Gecko) Chrome/77.0.3865.120 Safari/537.36"
222.244.97.149 - - [06/Dec/2019:22:21:48 +0800] "GET /wp-content/plugins/table-of-contents-plus/screen.min.css HTTP/1.1" 200 456 "http://www.crazyant.net/2022.html" "Mozilla/5.0 (Windows NT 6.1; Win64; x64) AppleWebKit/537.36 (KHTML, like Gecko) Chrome/77.0.3865.120 Safari/537.36"
222.244.97.149 - - [06/Dec/2019:22:21:48 +0800] "GET /wp-content/plugins/wordpress-popular-posts/assets/css/wordpress-popular-posts-css.min.css HTTP/1.1" 200 229 "http://www.crazyant.net/2022.html" "Mozilla/5.0 (Windows NT 6.1; Win64; x64) AppleWebKit/537.36 (KHTML, like Gecko) Chrome/77.0.3865.120 Safari/537.36"
222.244.97.149 - - [06/Dec/2019:22:21:48 +0800] "GET /wp-content/themes/twentyfifteen/genericons/genericons.min.css HTTP/1.1" 200 16232 "http://www.crazyant.net/2022.html" "Mozilla/5.0 (Windows NT 6.1; Win64; x64) AppleWebKit/537.36 (KHTML, like Gecko) Chrome/77.0.3865.120 Safari/537.36"
222.244.97.149 - - [06/Dec/2019:22:21:48 +0800] "GET /wp-content/themes/twentyfifteen/twentyfifteen-style.min.css HTTP/1.1" 200 11037 "http://www.crazyant.net/2022.html" "Mozilla/5.0 (Windows NT 6.1; Win64; x64) AppleWebKit/537.36 (KHTML, like Gecko) Chrome/77.0.3865.120 Safari/537.36"
222.244.97.149 - - [06/Dec/2019:22:21:48 +0800] "GET /wp-content/themes/twentyfifteen/css/twentyfifteen-block-style.min.css HTTP/1.1" 200 1596 "http://www.crazyant.net/2022.html" "Mozilla/5.0 (Windows NT 6.1; Win64; x64) AppleWebKit/537.36 (KHTML, like Gecko) Chrome/77.0.3865.120 Safari/537.36"
222.244.97.149 - - [06/Dec/2019:22:21:49 +0800] "GET /wp-content/plugins/easy-fancybox/css/jquery.fancybox.min.css HTTP/1.1" 200 1111 "http://www.crazyant.net/2022.html" "Mozilla/5.0 (Windows NT 6.1; Win64; x64) AppleWebKit/537.36 (KHTML, like Gecko) Chrome/77.0.3865.120 Safari/537.36"
222.244.97.149 - - [06/Dec/2019:22:21:49 +0800] "GET /wp-includes/js/jquery/jquery.js HTTP/1.1" 200 33776 "http://www.crazyant.net/2022.html" "Mozilla/5.0 (Windows NT 6.1; Win64; x64) AppleWebKit/537.36 (KHTML, like Gecko) Chrome/77.0.3865.120 Safari/537.36"
222.244.97.149 - - [06/Dec/2019:22:21:49 +0800] "GET /wp-includes/js/jquery/jquery-migrate.min.js HTTP/1.1" 200 4014 "http://www.crazyant.net/2022.html" "Mozilla/5.0 (Windows NT 6.1; Win64; x64) AppleWebKit/537.36 (KHTML, like Gecko) Chrome/77.0.3865.120 Safari/537.36"
222.244.97.149 - - [06/Dec/2019:22:21:50 +0800] "GET /wp-content/uploads/siteground-optimizer-assets/bibblio_related_posts.min.js HTTP/1.1" 200 37 "http://www.crazyant.net/2022.html" "Mozilla/5.0 (Windows NT 6.1; Win64; x64) AppleWebKit/537.36 (KHTML, like Gecko) Chrome/77.0.3865.120 Safari/537.36"
222.244.97.149 - - [06/Dec/2019:22:21:50 +0800] "GET /wp-content/plugins/cardoza-3d-tag-cloud/jquery.tagcanvas.min.js HTTP/1.1" 200 8629 "http://www.crazyant.net/2022.html" "Mozilla/5.0 (Windows NT 6.1; Win64; x64) AppleWebKit/537.36 (KHTML, like Gecko) Chrome/77.0.3865.120 Safari/537.36"
222.244.97.149 - - [06/Dec/2019:22:21:50 +0800] "GET /wp-includes/js/wp-embed.min.js HTTP/1.1" 200 740 "http://www.crazyant.net/2022.html" "Mozilla/5.0 (Windows NT 6.1; Win64; x64) AppleWebKit/537.36 (KHTML, like Gecko) Chrome/77.0.3865.120 Safari/537.36"
47.96.97.24 - - [06/Dec/2019:22:21:50 +0800] "GET /%E4%B8%AA%E4%BA%BA%E7%AE%B4%E8%A8%80 HTTP/1.0" 200 13749 "-" "Bot/Nutch-1.16"
222.244.97.149 - - [06/Dec/2019:22:21:50 +0800] "GET /wp-content/plugins/wordpress-popular-posts/assets/js/wpp-5.0.0.min.js HTTP/1.1" 200 744 "http://www.crazyant.net/2022.html" "Mozilla/5.0 (Windows NT 6.1; Win64; x64) AppleWebKit/537.36 (KHTML, like Gecko) Chrome/77.0.3865.120 Safari/537.36"
222.244.97.149 - - [06/Dec/2019:22:21:51 +0800] "GET /wp-content/uploads/2019/08/%E5%B0%8F%E5%9B%BE.jpg HTTP/1.1" 200 5582 "http://www.crazyant.net/2022.html" "Mozilla/5.0 (Windows NT 6.1; Win64; x64) AppleWebKit/537.36 (KHTML, like Gecko) Chrome/77.0.3865.120 Safari/537.36"
222.244.97.149 - - [06/Dec/2019:22:21:52 +0800] "GET /wp-content/uploads/2016/12/mybatis_factory_sqlSessionFactory-768x345.png HTTP/1.0" 206 1 "http://www.crazyant.net/2022.html" "Mozilla/5.0 (Windows NT 6.1; Win64; x64) AppleWebKit/537.36 (KHTML, like Gecko) Chrome/77.0.3865.120 Safari/537.36"
222.244.97.149 - - [06/Dec/2019:22:21:52 +0800] "GET /wp-content/uploads/2016/12/mybatis_factory_sqlSessionFactory-768x345.png HTTP/1.0" 206 79485 "http://www.crazyant.net/2022.html" "Mozilla/5.0 (Windows NT 6.1; Win64; x64) AppleWebKit/537.36 (KHTML, like Gecko) Chrome/77.0.3865.120 Safari/537.36"
222.244.97.149 - - [06/Dec/2019:22:21:52 +0800] "GET /wp-content/uploads/2016/12/pattern_Proxy.jpg HTTP/1.0" 200 26448 "http://www.crazyant.net/2022.html" "Mozilla/5.0 (Windows NT 6.1; Win64; x64) AppleWebKit/537.36 (KHTML, like Gecko) Chrome/77.0.3865.120 Safari/537.36"
222.244.97.149 - - [06/Dec/2019:22:21:56 +0800] "GET /wp-content/uploads/2016/12/mybatis_executors.png HTTP/1.0" 200 10628 "http://www.crazyant.net/2022.html" "Mozilla/5.0 (Windows NT 6.1; Win64; x64) AppleWebKit/537.36 (KHTML, like Gecko) Chrome/77.0.3865.120 Safari/537.36"
222.244.97.149 - - [06/Dec/2019:22:21:56 +0800] "GET /wp-content/uploads/2016/12/pattern_composite2.png HTTP/1.0" 200 11567 "http://www.crazyant.net/2022.html" "Mozilla/5.0 (Windows NT 6.1; Win64; x64) AppleWebKit/537.36 (KHTML, like Gecko) Chrome/77.0.3865.120 Safari/537.36"
222.244.97.149 - - [06/Dec/2019:22:21:56 +0800] "GET /wp-content/uploads/2016/12/mybatis_sqlNode_types-768x614.png HTTP/1.0" 200 179942 "http://www.crazyant.net/2022.html" "Mozilla/5.0 (Windows NT 6.1; Win64; x64) AppleWebKit/537.36 (KHTML, like Gecko) Chrome/77.0.3865.120 Safari/537.36"
222.244.97.149 - - [06/Dec/2019:22:21:56 +0800] "GET /wp-content/uploads/2016/12/pattern_Proxy_seq.jpg HTTP/1.0" 200 21522 "http://www.crazyant.net/2022.html" "Mozilla/5.0 (Windows NT 6.1; Win64; x64) AppleWebKit/537.36 (KHTML, like Gecko) Chrome/77.0.3865.120 Safari/537.36"
222.244.97.149 - - [06/Dec/2019:22:21:57 +0800] "GET /wp-content/uploads/2016/12/pattern_templates.png HTTP/1.0" 200 3560 "http://www.crazyant.net/2022.html" "Mozilla/5.0 (Windows NT 6.1; Win64; x64) AppleWebKit/537.36 (KHTML, like Gecko) Chrome/77.0.3865.120 Safari/537.36"
222.244.97.149 - - [06/Dec/2019:22:21:59 +0800] "GET /wp-content/uploads/2016/12/pattern_iterator.gif HTTP/1.0" 200 4590 "http://www.crazyant.net/2022.html" "Mozilla/5.0 (Windows NT 6.1; Win64; x64) AppleWebKit/537.36 (KHTML, like Gecko) Chrome/77.0.3865.120 Safari/537.36"
222.244.97.149 - - [06/Dec/2019:22:21:59 +0800] "POST /wp-json/wordpress-popular-posts/v1/popular-posts HTTP/1.0" 201 55 "http://www.crazyant.net/2022.html" "Mozilla/5.0 (Windows NT 6.1; Win64; x64) AppleWebKit/537.36 (KHTML, like Gecko) Chrome/77.0.3865.120 Safari/537.36"
222.244.97.149 - - [06/Dec/2019:22:22:00 +0800] "GET /wp-content/uploads/2016/12/pattern_adapter.jpg HTTP/1.0" 200 22376 "http://www.crazyant.net/2022.html" "Mozilla/5.0 (Windows NT 6.1; Win64; x64) AppleWebKit/537.36 (KHTML, like Gecko) Chrome/77.0.3865.120 Safari/537.36"
222.244.97.149 - - [06/Dec/2019:22:22:04 +0800] "GET /wp-content/uploads/2016/12/mybatis_logging_impls-768x448.png HTTP/1.0" 206 1 "http://www.crazyant.net/2022.html" "Mozilla/5.0 (Windows NT 6.1; Win64; x64) AppleWebKit/537.36 (KHTML, like Gecko) Chrome/77.0.3865.120 Safari/537.36"
222.244.97.149 - - [06/Dec/2019:22:22:04 +0800] "GET /wp-content/uploads/2016/12/mybatis_logging_impls-768x448.png HTTP/1.0" 206 159881 "http://www.crazyant.net/2022.html" "Mozilla/5.0 (Windows NT 6.1; Win64; x64) AppleWebKit/537.36 (KHTML, like Gecko) Chrome/77.0.3865.120 Safari/537.36"
222.244.97.149 - - [06/Dec/2019:22:22:07 +0800] "GET /wp-content/uploads/2016/12/pattern_Decorator.jpg HTTP/1.0" 200 35901 "http://www.crazyant.net/2022.html" "Mozilla/5.0 (Windows NT 6.1; Win64; x64) AppleWebKit/537.36 (KHTML, like Gecko) Chrome/77.0.3865.120 Safari/537.36"
222.244.97.149 - - [06/Dec/2019:22:22:12 +0800] "GET /wp-content/uploads/2016/12/mybatis_decorators_cache-768x383.jpg HTTP/1.0" 200 19705 "http://www.crazyant.net/2022.html" "Mozilla/5.0 (Windows NT 6.1; Win64; x64) AppleWebKit/537.36 (KHTML, like Gecko) Chrome/77.0.3865.120 Safari/537.36"
47.96.97.24 - - [06/Dec/2019:22:22:15 +0800] "GET /tag/maven HTTP/1.0" 200 8955 "-" "Bot/Nutch-1.16"
222.244.97.149 - - [06/Dec/2019:22:22:18 +0800] "GET /wp-content/uploads/2016/12/pattern_iterator_java_interface.png HTTP/1.0" 200 44251 "http://www.crazyant.net/2022.html" "Mozilla/5.0 (Windows NT 6.1; Win64; x64) AppleWebKit/537.36 (KHTML, like Gecko) Chrome/77.0.3865.120 Safari/537.36"
117.78.31.247 - - [06/Dec/2019:22:22:19 +0800] "GET /2012/06/08/python%E6%93%8D%E4%BD%9Cmysql%E5%AE%9E%E4%BE%8B%E4%BB%A3%E7%A0... HTTP/1.0" 301 - "-" "Mozilla/5.0 (Windows NT 6.1; Win64; x64) AppleWebKit/537.36 (KHTML, like Gecko) Chrome/61.0.3163.100 Safari/537.36"
222.244.97.149 - - [06/Dec/2019:22:22:28 +0800] "GET /wp-content/plugins/table-of-contents-plus/front.min.js HTTP/1.1" 200 2349 "http://www.crazyant.net/2022.html" "Mozilla/5.0 (Windows NT 6.1; Win64; x64) AppleWebKit/537.36 (KHTML, like Gecko) Chrome/77.0.3865.120 Safari/537.36"
222.244.97.149 - - [06/Dec/2019:22:22:30 +0800] "GET /wp-content/uploads/siteground-optimizer-assets/twentyfifteen-skip-link-focus-fix.min.js HTTP/1.1" 200 275 "http://www.crazyant.net/2022.html" "Mozilla/5.0 (Windows NT 6.1; Win64; x64) AppleWebKit/537.36 (KHTML, like Gecko) Chrome/77.0.3865.120 Safari/537.36"
222.244.97.149 - - [06/Dec/2019:22:22:30 +0800] "GET /wp-includes/js/comment-reply.min.js HTTP/1.1" 200 1131 "http://www.crazyant.net/2022.html" "Mozilla/5.0 (Windows NT 6.1; Win64; x64) AppleWebKit/537.36 (KHTML, like Gecko) Chrome/77.0.3865.120 Safari/537.36"
222.244.97.149 - - [06/Dec/2019:22:22:30 +0800] "GET /wp-content/uploads/siteground-optimizer-assets/twentyfifteen-script.min.js HTTP/1.1" 200 1331 "http://www.crazyant.net/2022.html" "Mozilla/5.0 (Windows NT 6.1; Win64; x64) AppleWebKit/537.36 (KHTML, like Gecko) Chrome/77.0.3865.120 Safari/537.36"
222.244.97.149 - - [06/Dec/2019:22:22:31 +0800] "GET /wp-content/plugins/easy-fancybox/js/jquery.fancybox.min.js HTTP/1.1" 200 6330 "http://www.crazyant.net/2022.html" "Mozilla/5.0 (Windows NT 6.1; Win64; x64) AppleWebKit/537.36 (KHTML, like Gecko) Chrome/77.0.3865.120 Safari/537.36"
222.244.97.149 - - [06/Dec/2019:22:22:35 +0800] "GET /wp-content/plugins/easy-fancybox/js/jquery.easing.min.js HTTP/1.1" 200 767 "http://www.crazyant.net/2022.html" "Mozilla/5.0 (Windows NT 6.1; Win64; x64) AppleWebKit/537.36 (KHTML, like Gecko) Chrome/77.0.3865.120 Safari/537.36"
222.244.97.149 - - [06/Dec/2019:22:22:36 +0800] "GET /wp-content/plugins/easy-fancybox/js/jquery.mousewheel.min.js HTTP/1.1" 200 1145 "http://www.crazyant.net/2022.html" "Mozilla/5.0 (Windows NT 6.1; Win64; x64) AppleWebKit/537.36 (KHTML, like Gecko) Chrome/77.0.3865.120 Safari/537.36"
222.244.97.149 - - [06/Dec/2019:22:22:36 +0800] "GET /wp-content/uploads/siteground-optimizer-assets/akismet-form.min.js HTTP/1.1" 200 288 "http://www.crazyant.net/2022.html" "Mozilla/5.0 (Windows NT 6.1; Win64; x64) AppleWebKit/537.36 (KHTML, like Gecko) Chrome/77.0.3865.120 Safari/537.36"
47.96.97.24 - - [06/Dec/2019:22:22:44 +0800] "GET /tag/qt HTTP/1.0" 200 8757 "-" "Bot/Nutch-1.16"
47.96.97.24 - - [06/Dec/2019:22:22:47 +0800] "GET /wp-json/oembed/1.0/embed?url=http%3A%2F%2Fwww.crazyant.net%2F2594.html HTTP/1.0" 200 1173 "-" "Bot/Nutch-1.16"
47.96.97.24 - - [06/Dec/2019:22:22:48 +0800] "GET /?p=2591 HTTP/1.0" 301 - "-" "Bot/Nutch-1.16"
47.96.97.24 - - [06/Dec/2019:22:22:58 +0800] "GET /category/python-web HTTP/1.0" 200 8190 "-" "Bot/Nutch-1.16"
47.96.97.24 - - [06/Dec/2019:22:23:05 +0800] "GET /wp-json/oembed/1.0/embed?url=http%3A%2F%2Fwww.crazyant.net%2F2594.html&format=xml HTTP/1.0" 200 1221 "-" "Bot/Nutch-1.16"
42.156.136.13 - - [06/Dec/2019:22:23:12 +0800] "GET /1861.html?replytocom=21001 HTTP/1.0" 200 11948 "-" "Mozilla/5.0 (Windows NT 6.1; Win64; x64) AppleWebKit/537.36 (KHTML, like Gecko) Chrome/69.0.3497.81 YisouSpider/5.0 Safari/537.36"
47.96.97.24 - - [06/Dec/2019:22:23:46 +0800] "GET /tag/%E8%AE%BE%E8%AE%A1 HTTP/1.0" 200 9096 "-" "Bot/Nutch-1.16"
222.244.97.149 - - [06/Dec/2019:22:23:47 +0800] "GET /favicon.ico HTTP/1.1" 200 0 "http://www.crazyant.net/2022.html" "Mozilla/5.0 (Windows NT 6.1; Win64; x64) AppleWebKit/537.36 (KHTML, like Gecko) Chrome/77.0.3865.120 Safari/537.36"
66.249.79.25 - - [06/Dec/2019:22:24:30 +0800] "GET /author/peishuai1987/page/6?hwlwtu=rt0so3&hwbads=foo6o3&zkz HTTP/1.0" 200 11230 "-" "Mozilla/5.0 (Linux; Android 6.0.1; Nexus 5X Build/MMB29P) AppleWebKit/537.36 (KHTML, like Gecko) Chrome/41.0.2272.96 Mobile Safari/537.36 (compatible; Googlebot/2.1; +http://www.google.com/bot.html)"
171.115.65.183 - - [06/Dec/2019:22:25:05 +0800] "GET / HTTP/1.0" 200 10416 "https://www.baidu.com/link?url=0hA_-1uXUtia7XdohaIrLGBcaccoQy0l9txi0PG0lw9L0V2sLBRLmGQeK6mM9R9X&wd=&eqid=b97afdf400182523000000065dea6471" "Mozilla/5.0 (Windows NT 10.0; Win64; x64) AppleWebKit/537.36 (KHTML, like Gecko) Chrome/78.0.3904.108 Safari/537.36"
171.115.65.183 - - [06/Dec/2019:22:25:05 +0800] "GET /wp-content/plugins/bibblio-related-posts/public/css/bibblio_related_posts.min.css HTTP/1.1" 200 42 "http://www.crazyant.net/" "Mozilla/5.0 (Windows NT 10.0; Win64; x64) AppleWebKit/537.36 (KHTML, like Gecko) Chrome/78.0.3904.108 Safari/537.36"
171.115.65.183 - - [06/Dec/2019:22:25:05 +0800] "GET /wp-includes/css/dist/block-library/style.min.css HTTP/1.1" 200 6163 "http://www.crazyant.net/" "Mozilla/5.0 (Windows NT 10.0; Win64; x64) AppleWebKit/537.36 (KHTML, like Gecko) Chrome/78.0.3904.108 Safari/537.36"
171.115.65.183 - - [06/Dec/2019:22:25:05 +0800] "GET /wp-includes/css/dist/block-library/theme.min.css HTTP/1.1" 200 639 "http://www.crazyant.net/" "Mozilla/5.0 (Windows NT 10.0; Win64; x64) AppleWebKit/537.36 (KHTML, like Gecko) Chrome/78.0.3904.108 Safari/537.36"
171.115.65.183 - - [06/Dec/2019:22:25:06 +0800] "GET /wp-content/plugins/table-of-contents-plus/screen.min.css HTTP/1.1" 200 456 "http://www.crazyant.net/" "Mozilla/5.0 (Windows NT 10.0; Win64; x64) AppleWebKit/537.36 (KHTML, like Gecko) Chrome/78.0.3904.108 Safari/537.36"
171.115.65.183 - - [06/Dec/2019:22:25:06 +0800] "GET /wp-content/plugins/cardoza-3d-tag-cloud//public/css/my-style.min.css HTTP/1.1" 200 218 "http://www.crazyant.net/" "Mozilla/5.0 (Windows NT 10.0; Win64; x64) AppleWebKit/537.36 (KHTML, like Gecko) Chrome/78.0.3904.108 Safari/537.36"
171.115.65.183 - - [06/Dec/2019:22:25:06 +0800] "GET /wp-content/plugins/wordpress-popular-posts/assets/css/wordpress-popular-posts-css.min.css HTTP/1.1" 200 229 "http://www.crazyant.net/" "Mozilla/5.0 (Windows NT 10.0; Win64; x64) AppleWebKit/537.36 (KHTML, like Gecko) Chrome/78.0.3904.108 Safari/537.36"
171.115.65.183 - - [06/Dec/2019:22:25:06 +0800] "GET /wp-content/themes/twentyfifteen/genericons/genericons.min.css HTTP/1.1" 200 16232 "http://www.crazyant.net/" "Mozilla/5.0 (Windows NT 10.0; Win64; x64) AppleWebKit/537.36 (KHTML, like Gecko) Chrome/78.0.3904.108 Safari/537.36"
171.115.65.183 - - [06/Dec/2019:22:25:06 +0800] "GET /wp-content/themes/twentyfifteen/twentyfifteen-style.min.css HTTP/1.1" 200 11037 "http://www.crazyant.net/" "Mozilla/5.0 (Windows NT 10.0; Win64; x64) AppleWebKit/537.36 (KHTML, like Gecko) Chrome/78.0.3904.108 Safari/537.36"
171.115.65.183 - - [06/Dec/2019:22:25:07 +0800] "GET /wp-content/themes/twentyfifteen/css/twentyfifteen-block-style.min.css HTTP/1.1" 200 1596 "http://www.crazyant.net/" "Mozilla/5.0 (Windows NT 10.0; Win64; x64) AppleWebKit/537.36 (KHTML, like Gecko) Chrome/78.0.3904.108 Safari/537.36"
171.115.65.183 - - [06/Dec/2019:22:25:08 +0800] "GET /wp-content/plugins/easy-fancybox/css/jquery.fancybox.min.css HTTP/1.1" 200 1111 "http://www.crazyant.net/" "Mozilla/5.0 (Windows NT 10.0; Win64; x64) AppleWebKit/537.36 (KHTML, like Gecko) Chrome/78.0.3904.108 Safari/537.36"
171.115.65.183 - - [06/Dec/2019:22:25:08 +0800] "GET /wp-includes/js/jquery/jquery.js HTTP/1.1" 200 33776 "http://www.crazyant.net/" "Mozilla/5.0 (Windows NT 10.0; Win64; x64) AppleWebKit/537.36 (KHTML, like Gecko) Chrome/78.0.3904.108 Safari/537.36"
171.115.65.183 - - [06/Dec/2019:22:25:08 +0800] "GET /wp-includes/js/jquery/jquery-migrate.min.js HTTP/1.1" 200 4014 "http://www.crazyant.net/" "Mozilla/5.0 (Windows NT 10.0; Win64; x64) AppleWebKit/537.36 (KHTML, like Gecko) Chrome/78.0.3904.108 Safari/537.36"
171.115.65.183 - - [06/Dec/2019:22:25:09 +0800] "GET /wp-content/uploads/siteground-optimizer-assets/bibblio_related_posts.min.js HTTP/1.1" 200 37 "http://www.crazyant.net/" "Mozilla/5.0 (Windows NT 10.0; Win64; x64) AppleWebKit/537.36 (KHTML, like Gecko) Chrome/78.0.3904.108 Safari/537.36"
171.115.65.183 - - [06/Dec/2019:22:25:09 +0800] "GET /wp-content/plugins/cardoza-3d-tag-cloud/jquery.tagcanvas.min.js HTTP/1.1" 200 8629 "http://www.crazyant.net/" "Mozilla/5.0 (Windows NT 10.0; Win64; x64) AppleWebKit/537.36 (KHTML, like Gecko) Chrome/78.0.3904.108 Safari/537.36"
171.115.65.183 - - [06/Dec/2019:22:25:09 +0800] "GET /wp-includes/js/wp-embed.min.js HTTP/1.1" 200 740 "http://www.crazyant.net/" "Mozilla/5.0 (Windows NT 10.0; Win64; x64) AppleWebKit/537.36 (KHTML, like Gecko) Chrome/78.0.3904.108 Safari/537.36"
171.115.65.183 - - [06/Dec/2019:22:25:09 +0800] "GET /wp-content/plugins/wordpress-popular-posts/assets/js/wpp-5.0.0.min.js HTTP/1.1" 200 744 "http://www.crazyant.net/" "Mozilla/5.0 (Windows NT 10.0; Win64; x64) AppleWebKit/537.36 (KHTML, like Gecko) Chrome/78.0.3904.108 Safari/537.36"
171.115.65.183 - - [06/Dec/2019:22:25:11 +0800] "GET /wp-content/uploads/2019/08/%E5%B0%8F%E5%9B%BE.jpg HTTP/1.1" 200 5582 "http://www.crazyant.net/" "Mozilla/5.0 (Windows NT 10.0; Win64; x64) AppleWebKit/537.36 (KHTML, like Gecko) Chrome/78.0.3904.108 Safari/537.36"
171.115.65.183 - - [06/Dec/2019:22:25:13 +0800] "GET /wp-content/plugins/table-of-contents-plus/front.min.js HTTP/1.1" 200 2349 "http://www.crazyant.net/" "Mozilla/5.0 (Windows NT 10.0; Win64; x64) AppleWebKit/537.36 (KHTML, like Gecko) Chrome/78.0.3904.108 Safari/537.36"
47.96.97.24 - - [06/Dec/2019:22:25:14 +0800] "GET /2585.html/feed HTTP/1.0" 200 505 "-" "Bot/Nutch-1.16"
171.115.65.183 - - [06/Dec/2019:22:25:21 +0800] "GET /wp-content/uploads/siteground-optimizer-assets/twentyfifteen-skip-link-focus-fix.min.js HTTP/1.1" 200 275 "http://www.crazyant.net/" "Mozilla/5.0 (Windows NT 10.0; Win64; x64) AppleWebKit/537.36 (KHTML, like Gecko) Chrome/78.0.3904.108 Safari/537.36"
171.115.65.183 - - [06/Dec/2019:22:25:22 +0800] "GET /wp-content/uploads/siteground-optimizer-assets/twentyfifteen-script.min.js HTTP/1.1" 200 1331 "http://www.crazyant.net/" "Mozilla/5.0 (Windows NT 10.0; Win64; x64) AppleWebKit/537.36 (KHTML, like Gecko) Chrome/78.0.3904.108 Safari/537.36"
171.115.65.183 - - [06/Dec/2019:22:25:22 +0800] "GET /wp-content/plugins/easy-fancybox/js/jquery.fancybox.min.js HTTP/1.1" 200 6330 "http://www.crazyant.net/" "Mozilla/5.0 (Windows NT 10.0; Win64; x64) AppleWebKit/537.36 (KHTML, like Gecko) Chrome/78.0.3904.108 Safari/537.36"
171.115.65.183 - - [06/Dec/2019:22:25:24 +0800] "GET /wp-content/plugins/easy-fancybox/js/jquery.easing.min.js HTTP/1.1" 200 767 "http://www.crazyant.net/" "Mozilla/5.0 (Windows NT 10.0; Win64; x64) AppleWebKit/537.36 (KHTML, like Gecko) Chrome/78.0.3904.108 Safari/537.36"
47.96.97.24 - - [06/Dec/2019:22:25:36 +0800] "GET /tag/%E5%A4%A7%E6%95%B0%E6%8D%AE HTTP/1.0" 200 9461 "-" "Bot/Nutch-1.16"
47.96.97.24 - - [06/Dec/2019:22:26:29 +0800] "GET /tag/c HTTP/1.0" 200 10283 "-" "Bot/Nutch-1.16"
137.74.38.160 - - [06/Dec/2019:22:26:39 +0800] "GET /feed/ HTTP/1.0" 301 - "-" "Tiny Tiny RSS/19.8 (f609065) (http://tt-rss.org/)"
137.74.38.160 - - [06/Dec/2019:22:26:40 +0800] "GET /feed HTTP/1.0" 200 4779 "-" "Tiny Tiny RSS/19.8 (f609065) (http://tt-rss.org/)"
106.11.159.254 - - [06/Dec/2019:22:26:57 +0800] "GET /930.html?replytocom=10693 HTTP/1.0" 200 15915 "-" "YisouSpider"
47.96.97.24 - - [06/Dec/2019:22:27:27 +0800] "GET /?p=2585 HTTP/1.0" 301 - "-" "Bot/Nutch-1.16"
222.129.54.23 - - [06/Dec/2019:22:27:31 +0800] "GET /feed HTTP/1.0" 200 4779 "-" "ReadKit/2.4.3 (Mac OS X Version 10.15.1 (Build 19B88))"
92.38.129.153 - - [06/Dec/2019:22:27:42 +0800] "GET /feed/ HTTP/1.0" 301 - "-" "Tiny Tiny RSS/19.02 (http://tt-rss.org/)"
92.38.129.153 - - [06/Dec/2019:22:27:42 +0800] "GET /feed HTTP/1.0" 200 4779 "-" "Tiny Tiny RSS/19.02 (http://tt-rss.org/)"
66.249.79.29 - - [06/Dec/2019:22:28:00 +0800] "GET /wp-content/uploads/ftp_img/8e3011d4e056_A172/image_6.png HTTP/1.0" 200 116247 "-" "Googlebot-Image/1.0"
157.55.39.229 - - [06/Dec/2019:22:28:51 +0800] "GET /149.html HTTP/1.0" 200 13056 "-" "Mozilla/5.0 (compatible; bingbot/2.0; +http://www.bing.com/bingbot.htm)"
47.96.97.24 - - [06/Dec/2019:22:28:52 +0800] "GET /tag/vim HTTP/1.0" 200 8544 "-" "Bot/Nutch-1.16"
47.96.97.24 - - [06/Dec/2019:22:29:12 +0800] "GET /tag/mac HTTP/1.0" 200 8864 "-" "Bot/Nutch-1.16"
47.96.97.24 - - [06/Dec/2019:22:29:35 +0800] "GET /%E5%B8%B8%E7%94%A8%E8%B5%84%E6%BA%90 HTTP/1.0" 200 12633 "-" "Bot/Nutch-1.16"
157.55.39.237 - - [06/Dec/2019:22:29:36 +0800] "GET /1216.html HTTP/1.0" 200 10972 "-" "Mozilla/5.0 (compatible; bingbot/2.0; +http://www.bing.com/bingbot.htm)"
157.55.39.229 - - [06/Dec/2019:22:30:44 +0800] "GET /js/code/shBrushPhp.js HTTP/1.0" 301 - "-" "msnbot/2.0b (+http://search.msn.com/msnbot.htm)"
157.55.39.237 - - [06/Dec/2019:22:30:50 +0800] "GET /js/code/shCore.js HTTP/1.0" 301 - "-" "msnbot/2.0b (+http://search.msn.com/msnbot.htm)"
157.55.39.229 - - [06/Dec/2019:22:31:06 +0800] "GET /js/code/shBrushPhp.js HTTP/1.0" 404 35012 "-" "msnbot/2.0b (+http://search.msn.com/msnbot.htm)"
157.55.39.237 - - [06/Dec/2019:22:31:20 +0800] "GET /js/code/shCore.js HTTP/1.0" 404 35012 "-" "msnbot/2.0b (+http://search.msn.com/msnbot.htm)"
47.96.97.24 - - [06/Dec/2019:22:31:59 +0800] "GET /tag/jvm HTTP/1.0" 200 9155 "-" "Bot/Nutch-1.16"
153.3.2.152 - - [06/Dec/2019:22:32:09 +0800] "GET /favicon.ico HTTP/1.1" 200 0 "-" "Mozilla/5.0 (Windows NT 6.3; WOW64) AppleWebKit/537.36 (KHTML, like Gecko) Chrome/63.0.3239.132 Safari/537.36"
62.141.37.177 - - [06/Dec/2019:22:33:15 +0800] "GET /wp-load.php?up2018info=true HTTP/1.0" 200 - "www.crazyant.net" "Mozilla/5.1 (Windows NT 6.0; WOW64) AppleWebKit/537.37 (KHTML, like Gecko) Chrome/58.0.1145.75 Safari/537.37"
47.96.97.24 - - [06/Dec/2019:22:33:17 +0800] "GET /tag/%E7%89%B9%E5%BE%81%E5%B7%A5%E7%A8%8B HTTP/1.0" 200 8697 "-" "Bot/Nutch-1.16"
106.11.152.246 - - [06/Dec/2019:22:33:27 +0800] "GET /page/22?sadgzc=czz6j3 HTTP/1.0" 200 10940 "-" "YisouSpider"
123.125.71.33 - - [06/Dec/2019:22:33:38 +0800] "GET /1789.html HTTP/1.1" 444 0 "-" "Mozilla/5.0 (compatible; Baiduspider/2.0; +http://www.baidu.com/search/spider.html)"
14.63.192.205 - - [06/Dec/2019:22:34:04 +0800] "GET /2515.html HTTP/1.0" 200 10431 "https://www.google.com/" "Mozilla/5.0 (Windows NT 10.0; Win64; x64) AppleWebKit/537.36 (KHTML, like Gecko) Chrome/78.0.3904.108 Safari/537.36"
14.63.192.205 - - [06/Dec/2019:22:34:05 +0800] "GET /wp-includes/css/dist/block-library/theme.min.css HTTP/1.1" 200 639 "http://www.crazyant.net/2515.html" "Mozilla/5.0 (Windows NT 10.0; Win64; x64) AppleWebKit/537.36 (KHTML, like Gecko) Chrome/78.0.3904.108 Safari/537.36"
14.63.192.205 - - [06/Dec/2019:22:34:05 +0800] "GET /wp-includes/css/dist/block-library/style.min.css HTTP/1.1" 200 6163 "http://www.crazyant.net/2515.html" "Mozilla/5.0 (Windows NT 10.0; Win64; x64) AppleWebKit/537.36 (KHTML, like Gecko) Chrome/78.0.3904.108 Safari/537.36"
14.63.192.205 - - [06/Dec/2019:22:34:05 +0800] "GET /wp-content/plugins/bibblio-related-posts/public/css/bibblio_related_posts.min.css HTTP/1.1" 200 42 "http://www.crazyant.net/2515.html" "Mozilla/5.0 (Windows NT 10.0; Win64; x64) AppleWebKit/537.36 (KHTML, like Gecko) Chrome/78.0.3904.108 Safari/537.36"
14.63.192.205 - - [06/Dec/2019:22:34:06 +0800] "GET /wp-content/plugins/cardoza-3d-tag-cloud//public/css/my-style.min.css HTTP/1.1" 200 218 "http://www.crazyant.net/2515.html" "Mozilla/5.0 (Windows NT 10.0; Win64; x64) AppleWebKit/537.36 (KHTML, like Gecko) Chrome/78.0.3904.108 Safari/537.36"
14.63.192.205 - - [06/Dec/2019:22:34:06 +0800] "GET /wp-content/plugins/table-of-contents-plus/screen.min.css HTTP/1.1" 200 456 "http://www.crazyant.net/2515.html" "Mozilla/5.0 (Windows NT 10.0; Win64; x64) AppleWebKit/537.36 (KHTML, like Gecko) Chrome/78.0.3904.108 Safari/537.36"
14.63.192.205 - - [06/Dec/2019:22:34:06 +0800] "GET /wp-content/plugins/wordpress-popular-posts/assets/css/wordpress-popular-posts-css.min.css HTTP/1.1" 200 229 "http://www.crazyant.net/2515.html" "Mozilla/5.0 (Windows NT 10.0; Win64; x64) AppleWebKit/537.36 (KHTML, like Gecko) Chrome/78.0.3904.108 Safari/537.36"
14.63.192.205 - - [06/Dec/2019:22:34:06 +0800] "GET /wp-content/themes/twentyfifteen/genericons/genericons.min.css HTTP/1.1" 200 16232 "http://www.crazyant.net/2515.html" "Mozilla/5.0 (Windows NT 10.0; Win64; x64) AppleWebKit/537.36 (KHTML, like Gecko) Chrome/78.0.3904.108 Safari/537.36"
14.63.192.205 - - [06/Dec/2019:22:34:06 +0800] "GET /wp-content/themes/twentyfifteen/twentyfifteen-style.min.css HTTP/1.1" 200 11037 "http://www.crazyant.net/2515.html" "Mozilla/5.0 (Windows NT 10.0; Win64; x64) AppleWebKit/537.36 (KHTML, like Gecko) Chrome/78.0.3904.108 Safari/537.36"
14.63.192.205 - - [06/Dec/2019:22:34:07 +0800] "GET /wp-content/themes/twentyfifteen/css/twentyfifteen-block-style.min.css HTTP/1.1" 200 1596 "http://www.crazyant.net/2515.html" "Mozilla/5.0 (Windows NT 10.0; Win64; x64) AppleWebKit/537.36 (KHTML, like Gecko) Chrome/78.0.3904.108 Safari/537.36"
14.63.192.205 - - [06/Dec/2019:22:34:07 +0800] "GET /wp-content/plugins/easy-fancybox/css/jquery.fancybox.min.css HTTP/1.1" 200 1111 "http://www.crazyant.net/2515.html" "Mozilla/5.0 (Windows NT 10.0; Win64; x64) AppleWebKit/537.36 (KHTML, like Gecko) Chrome/78.0.3904.108 Safari/537.36"
14.63.192.205 - - [06/Dec/2019:22:34:07 +0800] "GET /wp-includes/js/jquery/jquery.js HTTP/1.1" 200 33776 "http://www.crazyant.net/2515.html" "Mozilla/5.0 (Windows NT 10.0; Win64; x64) AppleWebKit/537.36 (KHTML, like Gecko) Chrome/78.0.3904.108 Safari/537.36"
14.63.192.205 - - [06/Dec/2019:22:34:07 +0800] "GET /wp-includes/js/jquery/jquery-migrate.min.js HTTP/1.1" 200 4014 "http://www.crazyant.net/2515.html" "Mozilla/5.0 (Windows NT 10.0; Win64; x64) AppleWebKit/537.36 (KHTML, like Gecko) Chrome/78.0.3904.108 Safari/537.36"
14.63.192.205 - - [06/Dec/2019:22:34:07 +0800] "GET /wp-includes/js/wp-embed.min.js HTTP/1.1" 200 740 "http://www.crazyant.net/2515.html" "Mozilla/5.0 (Windows NT 10.0; Win64; x64) AppleWebKit/537.36 (KHTML, like Gecko) Chrome/78.0.3904.108 Safari/537.36"
14.63.192.205 - - [06/Dec/2019:22:34:07 +0800] "GET /wp-content/uploads/siteground-optimizer-assets/bibblio_related_posts.min.js HTTP/1.1" 200 37 "http://www.crazyant.net/2515.html" "Mozilla/5.0 (Windows NT 10.0; Win64; x64) AppleWebKit/537.36 (KHTML, like Gecko) Chrome/78.0.3904.108 Safari/537.36"
14.63.192.205 - - [06/Dec/2019:22:34:07 +0800] "GET /wp-content/plugins/cardoza-3d-tag-cloud/jquery.tagcanvas.min.js HTTP/1.1" 200 8629 "http://www.crazyant.net/2515.html" "Mozilla/5.0 (Windows NT 10.0; Win64; x64) AppleWebKit/537.36 (KHTML, like Gecko) Chrome/78.0.3904.108 Safari/537.36"
14.63.192.205 - - [06/Dec/2019:22:34:07 +0800] "GET /wp-content/plugins/wordpress-popular-posts/assets/js/wpp-5.0.0.min.js HTTP/1.1" 200 744 "http://www.crazyant.net/2515.html" "Mozilla/5.0 (Windows NT 10.0; Win64; x64) AppleWebKit/537.36 (KHTML, like Gecko) Chrome/78.0.3904.108 Safari/537.36"
14.63.192.205 - - [06/Dec/2019:22:34:07 +0800] "GET /wp-content/uploads/2019/08/%E5%B0%8F%E5%9B%BE.jpg HTTP/1.1" 200 5582 "http://www.crazyant.net/2515.html" "Mozilla/5.0 (Windows NT 10.0; Win64; x64) AppleWebKit/537.36 (KHTML, like Gecko) Chrome/78.0.3904.108 Safari/537.36"
14.63.192.205 - - [06/Dec/2019:22:34:07 +0800] "GET /wp-content/plugins/table-of-contents-plus/front.min.js HTTP/1.1" 200 2349 "http://www.crazyant.net/2515.html" "Mozilla/5.0 (Windows NT 10.0; Win64; x64) AppleWebKit/537.36 (KHTML, like Gecko) Chrome/78.0.3904.108 Safari/537.36"
14.63.192.205 - - [06/Dec/2019:22:34:08 +0800] "GET /wp-content/uploads/siteground-optimizer-assets/twentyfifteen-skip-link-focus-fix.min.js HTTP/1.1" 200 275 "http://www.crazyant.net/2515.html" "Mozilla/5.0 (Windows NT 10.0; Win64; x64) AppleWebKit/537.36 (KHTML, like Gecko) Chrome/78.0.3904.108 Safari/537.36"
14.63.192.205 - - [06/Dec/2019:22:34:08 +0800] "GET /wp-includes/js/comment-reply.min.js HTTP/1.0" 200 1131 "http://www.crazyant.net/2515.html" "Mozilla/5.0 (Windows NT 10.0; Win64; x64) AppleWebKit/537.36 (KHTML, like Gecko) Chrome/78.0.3904.108 Safari/537.36"
14.63.192.205 - - [06/Dec/2019:22:34:08 +0800] "GET /wp-content/uploads/siteground-optimizer-assets/twentyfifteen-script.min.js HTTP/1.1" 200 1331 "http://www.crazyant.net/2515.html" "Mozilla/5.0 (Windows NT 10.0; Win64; x64) AppleWebKit/537.36 (KHTML, like Gecko) Chrome/78.0.3904.108 Safari/537.36"
14.63.192.205 - - [06/Dec/2019:22:34:08 +0800] "GET /wp-content/plugins/easy-fancybox/js/jquery.fancybox.min.js HTTP/1.1" 200 6330 "http://www.crazyant.net/2515.html" "Mozilla/5.0 (Windows NT 10.0; Win64; x64) AppleWebKit/537.36 (KHTML, like Gecko) Chrome/78.0.3904.108 Safari/537.36"
14.63.192.205 - - [06/Dec/2019:22:34:08 +0800] "GET /wp-content/plugins/easy-fancybox/js/jquery.easing.min.js HTTP/1.1" 200 767 "http://www.crazyant.net/2515.html" "Mozilla/5.0 (Windows NT 10.0; Win64; x64) AppleWebKit/537.36 (KHTML, like Gecko) Chrome/78.0.3904.108 Safari/537.36"
14.63.192.205 - - [06/Dec/2019:22:34:08 +0800] "GET /wp-content/plugins/easy-fancybox/js/jquery.mousewheel.min.js HTTP/1.0" 200 1145 "http://www.crazyant.net/2515.html" "Mozilla/5.0 (Windows NT 10.0; Win64; x64) AppleWebKit/537.36 (KHTML, like Gecko) Chrome/78.0.3904.108 Safari/537.36"
14.63.192.205 - - [06/Dec/2019:22:34:08 +0800] "GET /wp-content/uploads/siteground-optimizer-assets/akismet-form.min.js HTTP/1.0" 200 288 "http://www.crazyant.net/2515.html" "Mozilla/5.0 (Windows NT 10.0; Win64; x64) AppleWebKit/537.36 (KHTML, like Gecko) Chrome/78.0.3904.108 Safari/537.36"
14.63.192.205 - - [06/Dec/2019:22:34:08 +0800] "POST /wp-json/wordpress-popular-posts/v1/popular-posts HTTP/1.0" 201 55 "http://www.crazyant.net/2515.html" "Mozilla/5.0 (Windows NT 10.0; Win64; x64) AppleWebKit/537.36 (KHTML, like Gecko) Chrome/78.0.3904.108 Safari/537.36"
14.63.192.205 - - [06/Dec/2019:22:34:08 +0800] "GET /favicon.ico HTTP/1.1" 200 0 "http://www.crazyant.net/2515.html" "Mozilla/5.0 (Windows NT 10.0; Win64; x64) AppleWebKit/537.36 (KHTML, like Gecko) Chrome/78.0.3904.108 Safari/537.36"
45.66.135.249 - - [06/Dec/2019:22:34:33 +0800] "GET /category/python-bigdata HTTP/1.0" 200 8187 "http://www.crazyant.net/" "Mozilla/5.0 (Windows NT 10.0; Win64; x64) AppleWebKit/537.36 (KHTML, like Gecko) Chrome/78.0.3904.108 Safari/537.36"
47.96.97.24 - - [06/Dec/2019:22:34:46 +0800] "GET /xmlrpc.php HTTP/1.0" 405 42 "-" "Bot/Nutch-1.16"
42.200.189.84 - - [06/Dec/2019:22:34:48 +0800] "GET /category/python-web HTTP/1.0" 200 8190 "http://www.crazyant.net/category/python-bigdata" "Mozilla/5.0 (Windows NT 10.0; Win64; x64) AppleWebKit/537.36 (KHTML, like Gecko) Chrome/78.0.3904.108 Safari/537.36"
47.96.97.24 - - [06/Dec/2019:22:34:53 +0800] "GET /tag/word HTTP/1.0" 200 8927 "-" "Bot/Nutch-1.16"
42.200.118.106 - - [06/Dec/2019:22:35:08 +0800] "GET /category/python-%e7%88%ac%e8%99%ab%e7%b3%bb%e5%88%97 HTTP/1.0" 200 8629 "http://www.crazyant.net/category/python-web" "Mozilla/5.0 (Windows NT 10.0; Win64; x64) AppleWebKit/537.36 (KHTML, like Gecko) Chrome/78.0.3904.108 Safari/537.36"
47.96.97.24 - - [06/Dec/2019:22:35:12 +0800] "GET /page/2 HTTP/1.0" 200 10667 "-" "Bot/Nutch-1.16"
66.249.79.25 - - [06/Dec/2019:22:35:48 +0800] "GET /wp-content/uploads/ftp_img/8e3011d4e056_A172/image_6.png HTTP/1.1" 200 116247 "-" "Googlebot-Image/1.0"
54.36.150.26 - - [06/Dec/2019:22:36:08 +0800] "GET /tag/redis HTTP/1.0" 200 9179 "-" "Mozilla/5.0 (compatible; AhrefsBot/6.1; +http://ahrefs.com/robot/)"
54.36.148.53 - - [06/Dec/2019:22:37:47 +0800] "GET /tag/hive HTTP/1.0" 200 10735 "-" "Mozilla/5.0 (compatible; AhrefsBot/6.1; +http://ahrefs.com/robot/)"
47.96.97.24 - - [06/Dec/2019:22:38:19 +0800] "GET /tag/%E7%BB%87%E6%A2%A6 HTTP/1.0" 200 9462 "-" "Bot/Nutch-1.16"
66.249.79.25 - - [06/Dec/2019:22:38:49 +0800] "GET /1428.html?mkjwnk=ygisl3&iudang=qufrg&tojqni=rxncl3&qqbuzc=mgzvl3 HTTP/1.0" 200 11776 "-" "Mozilla/5.0 (Linux; Android 6.0.1; Nexus 5X Build/MMB29P) AppleWebKit/537.36 (KHTML, like Gecko) Chrome/41.0.2272.96 Mobile Safari/537.36 (compatible; Googlebot/2.1; +http://www.google.com/bot.html)"
66.249.79.27 - - [06/Dec/2019:22:38:55 +0800] "POST /wp-json/wordpress-popular-posts/v1/popular-posts HTTP/1.0" 201 55 "http://www.crazyant.net/1428.html?mkjwnk=ygisl3&iudang=qufrg&tojqni=rxncl3&qqbuzc=mgzvl3" "Mozilla/5.0 (Linux; Android 6.0.1; Nexus 5X Build/MMB29P) AppleWebKit/537.36 (KHTML, like Gecko) Chrome/41.0.2272.96 Mobile Safari/537.36 (compatible; Googlebot/2.1; +http://www.google.com/bot.html)"
104.248.68.63 - - [06/Dec/2019:22:39:02 +0800] "HEAD / HTTP/1.0" 301 - "http://www.google.com" "Mozilla/4.0 (compatible; MSIE 8.0; Windows NT 6.1; WOW64; Trident/4.0; SLCC2; .NET CLR 2.0.50727; .NET CLR 3.5.30729; .NET CLR 3.0.30729; Media Center PC 6.0; .NET4.0C; .NET4.0E)"
104.248.68.63 - - [06/Dec/2019:22:39:03 +0800] "HEAD / HTTP/1.0" 200 - "http://www.google.com" "Mozilla/4.0 (compatible; MSIE 8.0; Windows NT 6.1; WOW64; Trident/4.0; SLCC2; .NET CLR 2.0.50727; .NET CLR 3.5.30729; .NET CLR 3.0.30729; Media Center PC 6.0; .NET4.0C; .NET4.0E)"
47.96.97.24 - - [06/Dec/2019:22:39:39 +0800] "GET /feed HTTP/1.0" 200 4779 "-" "Bot/Nutch-1.16"
106.11.158.235 - - [06/Dec/2019:22:39:59 +0800] "GET /1703.html?wptouch_switch=desktop HTTP/1.0" 200 12926 "-" "YisouSpider"
106.11.156.234 - - [06/Dec/2019:22:40:00 +0800] "GET /1030.html?replytocom=10448 HTTP/1.0" 200 21947 "-" "YisouSpider"
47.96.97.24 - - [06/Dec/2019:22:40:06 +0800] "GET /tag/pandas/page/2 HTTP/1.0" 200 10506 "-" "Bot/Nutch-1.16"
212.64.5.64 - - [06/Dec/2019:22:40:08 +0800] "GET /feed HTTP/1.0" 200 4779 "-" "Mozilla/5.0 (Windows NT 6.1) AppleWebKit/537.31 (KHTML, like Gecko) Chrome/26.0.1410.43 Safari/537.31"
42.156.254.24 - - [06/Dec/2019:22:40:11 +0800] "POST /wp-json/wordpress-popular-posts/v1/popular-posts HTTP/1.0" 201 55 "http://www.crazyant.net/1030.html?replytocom=10448" "Mozilla/5.0 (Windows NT 6.1; Win64; x64) AppleWebKit/537.36 (KHTML, like Gecko) Chrome/69.0.3497.81 YisouSpider/5.0 Safari/537.36"
66.249.79.25 - - [06/Dec/2019:22:40:16 +0800] "GET /1005.html HTTP/1.0" 200 13411 "-" "Mozilla/5.0 (compatible; Googlebot/2.1; +http://www.google.com/bot.html)"
66.249.79.27 - - [06/Dec/2019:22:40:18 +0800] "POST /wp-json/wordpress-popular-posts/v1/popular-posts HTTP/1.0" 201 55 "http://www.crazyant.net/1005.html" "Mozilla/5.0 AppleWebKit/537.36 (KHTML, like Gecko; compatible; Googlebot/2.1; +http://www.google.com/bot.html) Safari/537.36"
8.29.198.26 - - [06/Dec/2019:22:40:57 +0800] "GET /feed HTTP/1.0" 200 4779 "-" "Feedly/1.0 (+http://www.feedly.com/fetcher.html; 12 subscribers; like FeedFetcher-Google)"
47.96.97.24 - - [06/Dec/2019:22:41:08 +0800] "GET /wp-json/oembed/1.0/embed?url=http%3A%2F%2Fwww.crazyant.net%2F2574.html HTTP/1.0" 200 1163 "-" "Bot/Nutch-1.16"
220.181.108.156 - - [06/Dec/2019:22:41:12 +0800] "GET /1203.html HTTP/1.1" 444 0 "-" "Mozilla/5.0 (compatible; Baiduspider/2.0; +http://www.baidu.com/search/spider.html)"
47.96.97.24 - - [06/Dec/2019:22:41:12 +0800] "GET /my_book_list HTTP/1.0" 200 16488 "-" "Bot/Nutch-1.16"
47.96.97.24 - - [06/Dec/2019:22:41:24 +0800] "GET /wp-json/oembed/1.0/embed?url=http%3A%2F%2Fwww.crazyant.net%2F2574.html&format=xml HTTP/1.0" 200 1210 "-" "Bot/Nutch-1.16"
47.96.97.24 - - [06/Dec/2019:22:41:39 +0800] "GET /tag/tensorflow HTTP/1.0" 200 9363 "-" "Bot/Nutch-1.16"
47.96.97.24 - - [06/Dec/2019:22:41:52 +0800] "GET /category/python-pandas%E7%B3%BB%E5%88%97/page/2 HTTP/1.0" 200 10226 "-" "Bot/Nutch-1.16"
47.96.97.24 - - [06/Dec/2019:22:42:20 +0800] "GET /wp-json/oembed/1.0/embed?url=http%3A%2F%2Fwww.crazyant.net%2F2604.html HTTP/1.0" 200 1174 "-" "Bot/Nutch-1.16"
146.66.92.61 - - [06/Dec/2019:22:42:26 +0800] "POST /wp-cron.php?doing_wp_cron=1575643346.0312469005584716796875 HTTP/1.0" 200 - "https://www.crazyant.net/wp-cron.php?doing_wp_cron=1575643346.0312469005584716796875" "WordPress/5.3; https://www.crazyant.net"
54.36.148.18 - - [06/Dec/2019:22:42:25 +0800] "GET /category/mysql/page/3 HTTP/1.0" 200 9076 "-" "Mozilla/5.0 (compatible; AhrefsBot/6.1; +http://ahrefs.com/robot/)"
47.96.97.24 - - [06/Dec/2019:22:42:42 +0800] "GET /wp-json/oembed/1.0/embed?url=http%3A%2F%2Fwww.crazyant.net%2F2604.html&format=xml HTTP/1.0" 200 1220 "-" "Bot/Nutch-1.16"
47.96.97.24 - - [06/Dec/2019:22:42:57 +0800] "GET /tag/pandas/page/3 HTTP/1.0" 200 8756 "-" "Bot/Nutch-1.16"
222.129.54.23 - - [06/Dec/2019:22:43:10 +0800] "GET /feed HTTP/1.0" 200 4779 "-" "ReadKit/2.4.3 (Mac OS X Version 10.15.1 (Build 19B88))"
36.157.145.135 - - [06/Dec/2019:22:43:37 +0800] "GET /wp-content/uploads/ftp_img/8e3011d4e056_A172/image_thumb_13.png HTTP/1.0" 200 42872 "-" "Mozilla/5.0 (Windows NT 10.0; Win64; x64) AppleWebKit/537.36 (KHTML, like Gecko) Chrome/76.0.3809.132 Safari/537.36"
36.157.145.135 - - [06/Dec/2019:22:43:37 +0800] "GET /wp-content/uploads/ftp_img/8e3011d4e056_A172/image_thumb_12.png HTTP/1.0" 200 73784 "-" "Mozilla/5.0 (Windows NT 10.0; Win64; x64) AppleWebKit/537.36 (KHTML, like Gecko) Chrome/76.0.3809.132 Safari/537.36"
36.157.145.135 - - [06/Dec/2019:22:43:37 +0800] "GET /wp-content/uploads/ftp_img/8e3011d4e056_A172/image_thumb_6.png HTTP/1.0" 200 117385 "-" "Mozilla/5.0 (Windows NT 10.0; Win64; x64) AppleWebKit/537.36 (KHTML, like Gecko) Chrome/76.0.3809.132 Safari/537.36"
36.157.145.135 - - [06/Dec/2019:22:43:37 +0800] "GET /wp-content/uploads/ftp_img/8e3011d4e056_A172/image_thumb_7.png HTTP/1.0" 200 4581 "-" "Mozilla/5.0 (Windows NT 10.0; Win64; x64) AppleWebKit/537.36 (KHTML, like Gecko) Chrome/76.0.3809.132 Safari/537.36"
36.157.145.135 - - [06/Dec/2019:22:43:37 +0800] "GET /wp-content/uploads/ftp_img/8e3011d4e056_A172/image_thumb_8.png HTTP/1.0" 200 87931 "-" "Mozilla/5.0 (Windows NT 10.0; Win64; x64) AppleWebKit/537.36 (KHTML, like Gecko) Chrome/76.0.3809.132 Safari/537.36"
36.157.145.135 - - [06/Dec/2019:22:43:38 +0800] "GET /wp-content/uploads/ftp_img/8e3011d4e056_A172/image_thumb_9.png HTTP/1.0" 200 76946 "-" "Mozilla/5.0 (Windows NT 10.0; Win64; x64) AppleWebKit/537.36 (KHTML, like Gecko) Chrome/76.0.3809.132 Safari/537.36"
36.157.145.135 - - [06/Dec/2019:22:43:38 +0800] "GET /wp-content/uploads/ftp_img/8e3011d4e056_A172/image_thumb_11.png HTTP/1.0" 200 82131 "-" "Mozilla/5.0 (Windows NT 10.0; Win64; x64) AppleWebKit/537.36 (KHTML, like Gecko) Chrome/76.0.3809.132 Safari/537.36"
36.157.145.135 - - [06/Dec/2019:22:43:38 +0800] "GET /wp-content/uploads/ftp_img/8e3011d4e056_A172/image_thumb_10.png HTTP/1.0" 200 45253 "-" "Mozilla/5.0 (Windows NT 10.0; Win64; x64) AppleWebKit/537.36 (KHTML, like Gecko) Chrome/76.0.3809.132 Safari/537.36"
47.96.97.24 - - [06/Dec/2019:22:43:55 +0800] "GET /tag/hive HTTP/1.0" 200 10733 "-" "Bot/Nutch-1.16"
47.96.97.24 - - [06/Dec/2019:22:43:57 +0800] "GET /category/python-spark HTTP/1.0" 200 8185 "-" "Bot/Nutch-1.16"
92.38.129.153 - - [06/Dec/2019:22:44:06 +0800] "GET /feed/ HTTP/1.0" 301 - "-" "Tiny Tiny RSS/19.02 (http://tt-rss.org/)"
92.38.129.153 - - [06/Dec/2019:22:44:07 +0800] "GET /feed HTTP/1.0" 200 4779 "-" "Tiny Tiny RSS/19.02 (http://tt-rss.org/)"
42.120.160.4 - - [06/Dec/2019:22:45:08 +0800] "GET /page/19?wptouch_switch=desktop HTTP/1.0" 200 10892 "-" "Mozilla/5.0 (Windows NT 6.1; Win64; x64) AppleWebKit/537.36 (KHTML, like Gecko) Chrome/69.0.3497.81 YisouSpider/5.0 Safari/537.36"
216.244.66.230 - - [06/Dec/2019:22:45:55 +0800] "GET /robots.txt HTTP/1.0" 200 66 "-" "Mozilla/5.0 (compatible; DotBot/1.1; http://www.opensiteexplorer.org/dotbot, help@moz.com)"
66.249.79.25 - - [06/Dec/2019:22:45:57 +0800] "GET /search/%5B%E5%BE%AE%E4%BF%A1gylm013%5D%E5%A5%BD%E7%9C%81%E8%A1%97%E5%AE%89%E5%8D%93/feed/rss2/ HTTP/1.0" 200 619 "-" "Mozilla/5.0 (Linux; Android 6.0.1; Nexus 5X Build/MMB29P) AppleWebKit/537.36 (KHTML, like Gecko) Chrome/41.0.2272.96 Mobile Safari/537.36 (compatible; Googlebot/2.1; +http://www.google.com/bot.html)"
54.36.149.5 - - [06/Dec/2019:22:46:11 +0800] "GET /wp-content/uploads/2016/12/mybatis_factory_sqlSessionFactory.png HTTP/1.0" 200 165288 "-" "Mozilla/5.0 (compatible; AhrefsBot/6.1; +http://ahrefs.com/robot/)"
47.96.97.24 - - [06/Dec/2019:22:46:16 +0800] "GET /tag/apache HTTP/1.0" 200 8920 "-" "Bot/Nutch-1.16"
106.120.173.118 - - [06/Dec/2019:22:47:04 +0800] "GET /2604.html HTTP/1.0" 200 11877 "-" "Sogou web spider/4.0(+http://www.sogou.com/docs/help/webmasters.htm#07)"
47.96.97.24 - - [06/Dec/2019:22:47:21 +0800] "GET /2602.html/feed HTTP/1.0" 200 503 "-" "Bot/Nutch-1.16"
47.96.97.24 - - [06/Dec/2019:22:48:09 +0800] "GET /tag/%E6%95%B0%E6%8D%AE%E5%88%86%E6%9E%90/page/2 HTTP/1.0" 200 9842 "-" "Bot/Nutch-1.16"
220.181.108.169 - - [06/Dec/2019:22:48:45 +0800] "GET /1292.html HTTP/1.1" 444 0 "-" "Mozilla/5.0 (compatible; Baiduspider/2.0; +http://www.baidu.com/search/spider.html)"
86.175.153.57 - - [06/Dec/2019:22:49:03 +0800] "GET /wp-login.php HTTP/1.1" 444 0 "-" "Mozilla/5.0 (Windows NT 6.1; WOW64; rv:40.0) Gecko/20100101 Firefox/40.1"
86.175.153.57 - - [06/Dec/2019:22:49:08 +0800] "GET /wp-login.php HTTP/1.1" 444 0 "-" "Mozilla/5.0 (Windows NT 6.1; WOW64; rv:40.0) Gecko/20100101 Firefox/40.1"
86.175.153.57 - - [06/Dec/2019:22:49:15 +0800] "GET / HTTP/1.1" 444 0 "-" "Mozilla/5.0 (Windows NT 6.1; WOW64; rv:40.0) Gecko/20100101 Firefox/40.1"
111.19.35.2 - - [06/Dec/2019:22:49:17 +0800] "GET /wp-content/uploads/2012/07/%E8%87%AA%E5%B7%B1%E5%86%99%E6%9D%83%E9%99%90%E7%B3%BB%E7%BB%9F%E7%9A%84%E6%80%9D%E8%B7%AF%E5%92%8C%E6%96%B9%E6%B3%95.jpg HTTP/1.0" 404 35012 "https://blog.csdn.net/peishuai1987/article/details/89882667" "Mozilla/5.0 (Windows NT 10.0; Win64; x64) AppleWebKit/537.36 (KHTML, like Gecko) Chrome/78.0.3904.108 Safari/537.36"
54.36.150.7 - - [06/Dec/2019:22:49:22 +0800] "GET /2434.html HTTP/1.0" 200 11278 "-" "Mozilla/5.0 (compatible; AhrefsBot/6.1; +http://ahrefs.com/robot/)"
106.120.173.103 - - [06/Dec/2019:22:49:24 +0800] "GET /wp-content/plugins/cardoza-3d-tag-cloud//public/css/my-style.min.css HTTP/1.0" 200 218 "-" "Mozilla/4.0 (compatible; MSIE 7.0; Windows NT 6.0; Trident/4.0)"
47.96.97.24 - - [06/Dec/2019:22:49:44 +0800] "GET /tag/%E6%8E%A8%E8%8D%90%E7%B3%BB%E7%BB%9F HTTP/1.0" 200 9780 "-" "Bot/Nutch-1.16"
47.96.97.24 - - [06/Dec/2019:22:50:06 +0800] "GET /tag/excel HTTP/1.0" 200 9142 "-" "Bot/Nutch-1.16"
106.11.153.226 - - [06/Dec/2019:22:50:10 +0800] "GET /1214.html?replytocom=10631 HTTP/1.0" 200 15802 "-" "YisouSpider"
47.96.97.24 - - [06/Dec/2019:22:50:14 +0800] "GET /wp-json/ HTTP/1.0" 200 6844 "-" "Bot/Nutch-1.16"
42.120.161.63 - - [06/Dec/2019:22:50:19 +0800] "GET /wp-content/plugins/easy-fancybox/js/jquery.mousewheel.min.js HTTP/1.0" 200 1145 "http://www.crazyant.net/1214.html?replytocom=10631" "Mozilla/5.0 (Windows NT 6.1; Win64; x64) AppleWebKit/537.36 (KHTML, like Gecko) Chrome/69.0.3497.81 YisouSpider/5.0 Safari/537.36"
106.11.157.57 - - [06/Dec/2019:22:50:19 +0800] "POST /wp-json/wordpress-popular-posts/v1/popular-posts HTTP/1.0" 201 55 "http://www.crazyant.net/1214.html?replytocom=10631" "Mozilla/5.0 (Windows NT 6.1; Win64; x64) AppleWebKit/537.36 (KHTML, like Gecko) Chrome/69.0.3497.81 YisouSpider/5.0 Safari/537.36"
47.96.97.24 - - [06/Dec/2019:22:50:25 +0800] "GET /wp-json/oembed/1.0/embed?url=http%3A%2F%2Fwww.crazyant.net%2F2564.html HTTP/1.0" 200 1159 "-" "Bot/Nutch-1.16"
47.96.97.24 - - [06/Dec/2019:22:50:42 +0800] "GET /wp-json/oembed/1.0/embed?url=http%3A%2F%2Fwww.crazyant.net%2F2564.html&format=xml HTTP/1.0" 200 1205 "-" "Bot/Nutch-1.16"
183.200.19.135 - - [06/Dec/2019:22:52:09 +0800] "GET /page/1 HTTP/1.0" 200 10416 "-" "python-requests/2.22.0"
183.200.19.135 - - [06/Dec/2019:22:52:59 +0800] "GET /page/1 HTTP/1.0" 200 10416 "-" "python-requests/2.22.0"
47.96.97.24 - - [06/Dec/2019:22:53:22 +0800] "GET /category/python-solvedoubts HTTP/1.0" 200 8677 "-" "Bot/Nutch-1.16"
183.200.19.135 - - [06/Dec/2019:22:53:41 +0800] "GET /page/1 HTTP/1.0" 200 10416 "-" "python-requests/2.22.0"
183.200.19.135 - - [06/Dec/2019:22:53:44 +0800] "GET /page/2 HTTP/1.0" 200 10667 "-" "python-requests/2.22.0"
183.200.19.135 - - [06/Dec/2019:22:53:48 +0800] "GET /page/3 HTTP/1.0" 200 10726 "-" "python-requests/2.22.0"
183.200.19.135 - - [06/Dec/2019:22:53:49 +0800] "GET /page/4 HTTP/1.0" 200 11019 "-" "python-requests/2.22.0"
183.200.19.135 - - [06/Dec/2019:22:53:51 +0800] "GET /page/5 HTTP/1.0" 200 11037 "-" "python-requests/2.22.0"
183.200.19.135 - - [06/Dec/2019:22:53:53 +0800] "GET /page/6 HTTP/1.0" 200 11116 "-" "python-requests/2.22.0"
183.200.19.135 - - [06/Dec/2019:22:53:54 +0800] "GET /page/7 HTTP/1.0" 200 11259 "-" "python-requests/2.22.0"
39.98.69.62 - - [06/Dec/2019:22:53:55 +0800] "GET /feed HTTP/1.0" 200 4779 "-" "Mozilla/5.0 (Linux; Android 8.0.0; TA-1053 Build/OPR1.170623.026) AppleWebKit/537.36 (KHTML, like Gecko) Chrome/67.0.3368.0 Mobile Safari/537.36"
183.200.19.135 - - [06/Dec/2019:22:53:55 +0800] "GET /page/8 HTTP/1.0" 200 11093 "-" "python-requests/2.22.0"
47.96.97.24 - - [06/Dec/2019:22:53:55 +0800] "GET /2351.html HTTP/1.0" 200 12942 "-" "Bot/Nutch-1.16"
183.200.19.135 - - [06/Dec/2019:22:53:57 +0800] "GET /page/9 HTTP/1.0" 200 11049 "-" "python-requests/2.22.0"
183.200.19.135 - - [06/Dec/2019:22:53:58 +0800] "GET /page/10 HTTP/1.0" 200 10909 "-" "python-requests/2.22.0"
183.200.19.135 - - [06/Dec/2019:22:53:59 +0800] "GET /page/11 HTTP/1.0" 200 10883 "-" "python-requests/2.22.0"
183.200.19.135 - - [06/Dec/2019:22:54:00 +0800] "GET /page/12 HTTP/1.0" 200 11034 "-" "python-requests/2.22.0"
183.200.19.135 - - [06/Dec/2019:22:54:05 +0800] "GET /page/13 HTTP/1.0" 200 11217 "-" "python-requests/2.22.0"
183.200.19.135 - - [06/Dec/2019:22:54:06 +0800] "GET /page/14 HTTP/1.0" 200 11237 "-" "python-requests/2.22.0"
183.200.19.135 - - [06/Dec/2019:22:54:07 +0800] "GET /page/15 HTTP/1.0" 200 10949 "-" "python-requests/2.22.0"
183.200.19.135 - - [06/Dec/2019:22:54:10 +0800] "GET /page/16 HTTP/1.0" 200 11375 "-" "python-requests/2.22.0"
183.200.19.135 - - [06/Dec/2019:22:54:12 +0800] "GET /page/17 HTTP/1.0" 200 10558 "-" "python-requests/2.22.0"
183.200.19.135 - - [06/Dec/2019:22:54:15 +0800] "GET /page/18 HTTP/1.0" 200 11082 "-" "python-requests/2.22.0"
183.200.19.135 - - [06/Dec/2019:22:54:18 +0800] "GET /page/19 HTTP/1.0" 200 10867 "-" "python-requests/2.22.0"
183.200.19.135 - - [06/Dec/2019:22:54:19 +0800] "GET /page/20 HTTP/1.0" 200 11133 "-" "python-requests/2.22.0"
183.200.19.135 - - [06/Dec/2019:22:54:20 +0800] "GET /page/21 HTTP/1.0" 200 11004 "-" "python-requests/2.22.0"
183.200.19.135 - - [06/Dec/2019:22:54:22 +0800] "GET /page/22 HTTP/1.0" 200 10925 "-" "python-requests/2.22.0"
183.200.19.135 - - [06/Dec/2019:22:54:23 +0800] "GET /page/23 HTTP/1.0" 200 10815 "-" "python-requests/2.22.0"
47.96.97.24 - - [06/Dec/2019:22:54:24 +0800] "GET /wp-json/oembed/1.0/embed?url=http%3A%2F%2Fwww.crazyant.net%2F2585.html HTTP/1.0" 200 1166 "-" "Bot/Nutch-1.16"
47.96.97.24 - - [06/Dec/2019:22:54:24 +0800] "GET /2404.html HTTP/1.0" 200 12031 "-" "Bot/Nutch-1.16"
183.200.19.135 - - [06/Dec/2019:22:54:25 +0800] "GET /page/24 HTTP/1.0" 200 10665 "-" "python-requests/2.22.0"
54.36.150.44 - - [06/Dec/2019:22:54:27 +0800] "GET /tag/spark/feed HTTP/1.0" 200 1426 "-" "Mozilla/5.0 (compatible; AhrefsBot/6.1; +http://ahrefs.com/robot/)"
47.96.97.24 - - [06/Dec/2019:22:54:42 +0800] "GET /wp-json/oembed/1.0/embed?url=http%3A%2F%2Fwww.crazyant.net%2F2585.html&format=xml HTTP/1.0" 200 1213 "-" "Bot/Nutch-1.16"
54.36.150.118 - - [06/Dec/2019:22:55:36 +0800] "GET /tag/%E7%88%AC%E8%99%AB/page/2 HTTP/1.0" 200 8795 "-" "Mozilla/5.0 (compatible; AhrefsBot/6.1; +http://ahrefs.com/robot/)"
