157.55.39.180 - - [04/Dec/2019:00:07:07 +0800] "GET /151.html/feed HTTP/1.0" 200 486 "-" "msnbot/2.0b (+http://search.msn.com/msnbot.htm)"
40.77.167.153 - - [04/Dec/2019:00:07:58 +0800] "GET /tag/%e6%95%b0%e6%8d%ae%e9%a9%b1%e5%8a%a8/feed HTTP/1.0" 200 984 "-" "msnbot/2.0b (+http://search.msn.com/msnbot.htm)"
112.26.224.172 - - [04/Dec/2019:00:09:03 +0800] "GET / HTTP/1.0" 200 10415 "-" "Mozilla/5.0 (Windows NT 10.0; WOW64) AppleWebKit/537.36 (KHTML, like Gecko) Chrome/70.0.3538.25 Safari/537.36 Core/1.70.3741.400 QQBrowser/10.5.3863.400"
112.26.224.172 - - [04/Dec/2019:00:09:05 +0800] "GET /wp-includes/css/dist/block-library/style.min.css HTTP/1.0" 200 6163 "http://www.crazyant.net/" "Mozilla/5.0 (Windows NT 10.0; WOW64) AppleWebKit/537.36 (KHTML, like Gecko) Chrome/70.0.3538.25 Safari/537.36 Core/1.70.3741.400 QQBrowser/10.5.3863.400"
112.26.224.172 - - [04/Dec/2019:00:09:05 +0800] "GET /wp-includes/css/dist/block-library/theme.min.css HTTP/1.0" 200 639 "http://www.crazyant.net/" "Mozilla/5.0 (Windows NT 10.0; WOW64) AppleWebKit/537.36 (KHTML, like Gecko) Chrome/70.0.3538.25 Safari/537.36 Core/1.70.3741.400 QQBrowser/10.5.3863.400"
112.26.224.172 - - [04/Dec/2019:00:09:05 +0800] "GET /wp-content/plugins/bibblio-related-posts/public/css/bibblio_related_posts.min.css HTTP/1.0" 200 42 "http://www.crazyant.net/" "Mozilla/5.0 (Windows NT 10.0; WOW64) AppleWebKit/537.36 (KHTML, like Gecko) Chrome/70.0.3538.25 Safari/537.36 Core/1.70.3741.400 QQBrowser/10.5.3863.400"
112.26.224.172 - - [04/Dec/2019:00:09:05 +0800] "GET /wp-content/plugins/cardoza-3d-tag-cloud//public/css/my-style.min.css HTTP/1.0" 200 218 "http://www.crazyant.net/" "Mozilla/5.0 (Windows NT 10.0; WOW64) AppleWebKit/537.36 (KHTML, like Gecko) Chrome/70.0.3538.25 Safari/537.36 Core/1.70.3741.400 QQBrowser/10.5.3863.400"
112.26.224.172 - - [04/Dec/2019:00:09:05 +0800] "GET /wp-content/plugins/table-of-contents-plus/screen.min.css HTTP/1.0" 200 456 "http://www.crazyant.net/" "Mozilla/5.0 (Windows NT 10.0; WOW64) AppleWebKit/537.36 (KHTML, like Gecko) Chrome/70.0.3538.25 Safari/537.36 Core/1.70.3741.400 QQBrowser/10.5.3863.400"
112.26.224.172 - - [04/Dec/2019:00:09:05 +0800] "GET /wp-content/plugins/wordpress-popular-posts/assets/css/wordpress-popular-posts-css.min.css HTTP/1.0" 200 229 "http://www.crazyant.net/" "Mozilla/5.0 (Windows NT 10.0; WOW64) AppleWebKit/537.36 (KHTML, like Gecko) Chrome/70.0.3538.25 Safari/537.36 Core/1.70.3741.400 QQBrowser/10.5.3863.400"
112.26.224.172 - - [04/Dec/2019:00:09:05 +0800] "GET /wp-content/themes/twentyfifteen/genericons/genericons.min.css HTTP/1.0" 200 16232 "http://www.crazyant.net/" "Mozilla/5.0 (Windows NT 10.0; WOW64) AppleWebKit/537.36 (KHTML, like Gecko) Chrome/70.0.3538.25 Safari/537.36 Core/1.70.3741.400 QQBrowser/10.5.3863.400"
112.26.224.172 - - [04/Dec/2019:00:09:05 +0800] "GET /wp-content/themes/twentyfifteen/twentyfifteen-style.min.css HTTP/1.0" 200 11037 "http://www.crazyant.net/" "Mozilla/5.0 (Windows NT 10.0; WOW64) AppleWebKit/537.36 (KHTML, like Gecko) Chrome/70.0.3538.25 Safari/537.36 Core/1.70.3741.400 QQBrowser/10.5.3863.400"
112.26.224.172 - - [04/Dec/2019:00:09:05 +0800] "GET /wp-content/themes/twentyfifteen/css/twentyfifteen-block-style.min.css HTTP/1.0" 200 1596 "http://www.crazyant.net/" "Mozilla/5.0 (Windows NT 10.0; WOW64) AppleWebKit/537.36 (KHTML, like Gecko) Chrome/70.0.3538.25 Safari/537.36 Core/1.70.3741.400 QQBrowser/10.5.3863.400"
112.26.224.172 - - [04/Dec/2019:00:09:06 +0800] "GET /wp-content/plugins/easy-fancybox/css/jquery.fancybox.min.css HTTP/1.0" 200 1111 "http://www.crazyant.net/" "Mozilla/5.0 (Windows NT 10.0; WOW64) AppleWebKit/537.36 (KHTML, like Gecko) Chrome/70.0.3538.25 Safari/537.36 Core/1.70.3741.400 QQBrowser/10.5.3863.400"
112.26.224.172 - - [04/Dec/2019:00:09:06 +0800] "GET /wp-includes/js/jquery/jquery.js HTTP/1.0" 200 33776 "http://www.crazyant.net/" "Mozilla/5.0 (Windows NT 10.0; WOW64) AppleWebKit/537.36 (KHTML, like Gecko) Chrome/70.0.3538.25 Safari/537.36 Core/1.70.3741.400 QQBrowser/10.5.3863.400"
112.26.224.172 - - [04/Dec/2019:00:09:06 +0800] "GET /wp-includes/js/jquery/jquery-migrate.min.js HTTP/1.0" 200 4014 "http://www.crazyant.net/" "Mozilla/5.0 (Windows NT 10.0; WOW64) AppleWebKit/537.36 (KHTML, like Gecko) Chrome/70.0.3538.25 Safari/537.36 Core/1.70.3741.400 QQBrowser/10.5.3863.400"
112.26.224.172 - - [04/Dec/2019:00:09:06 +0800] "GET /wp-content/uploads/siteground-optimizer-assets/bibblio_related_posts.min.js HTTP/1.0" 200 37 "http://www.crazyant.net/" "Mozilla/5.0 (Windows NT 10.0; WOW64) AppleWebKit/537.36 (KHTML, like Gecko) Chrome/70.0.3538.25 Safari/537.36 Core/1.70.3741.400 QQBrowser/10.5.3863.400"
112.26.224.172 - - [04/Dec/2019:00:09:06 +0800] "GET /wp-content/plugins/cardoza-3d-tag-cloud/jquery.tagcanvas.min.js HTTP/1.0" 200 8629 "http://www.crazyant.net/" "Mozilla/5.0 (Windows NT 10.0; WOW64) AppleWebKit/537.36 (KHTML, like Gecko) Chrome/70.0.3538.25 Safari/537.36 Core/1.70.3741.400 QQBrowser/10.5.3863.400"
112.26.224.172 - - [04/Dec/2019:00:09:06 +0800] "GET /wp-includes/js/wp-embed.min.js HTTP/1.0" 200 740 "http://www.crazyant.net/" "Mozilla/5.0 (Windows NT 10.0; WOW64) AppleWebKit/537.36 (KHTML, like Gecko) Chrome/70.0.3538.25 Safari/537.36 Core/1.70.3741.400 QQBrowser/10.5.3863.400"
112.26.224.172 - - [04/Dec/2019:00:09:06 +0800] "GET /wp-content/plugins/wordpress-popular-posts/assets/js/wpp-5.0.0.min.js HTTP/1.0" 200 744 "http://www.crazyant.net/" "Mozilla/5.0 (Windows NT 10.0; WOW64) AppleWebKit/537.36 (KHTML, like Gecko) Chrome/70.0.3538.25 Safari/537.36 Core/1.70.3741.400 QQBrowser/10.5.3863.400"
112.26.224.172 - - [04/Dec/2019:00:09:06 +0800] "GET /wp-content/uploads/2019/08/%E5%B0%8F%E5%9B%BE.jpg HTTP/1.0" 200 5582 "http://www.crazyant.net/" "Mozilla/5.0 (Windows NT 10.0; WOW64) AppleWebKit/537.36 (KHTML, like Gecko) Chrome/70.0.3538.25 Safari/537.36 Core/1.70.3741.400 QQBrowser/10.5.3863.400"
112.26.224.172 - - [04/Dec/2019:00:09:07 +0800] "GET /wp-content/plugins/table-of-contents-plus/front.min.js HTTP/1.0" 200 2349 "http://www.crazyant.net/" "Mozilla/5.0 (Windows NT 10.0; WOW64) AppleWebKit/537.36 (KHTML, like Gecko) Chrome/70.0.3538.25 Safari/537.36 Core/1.70.3741.400 QQBrowser/10.5.3863.400"
112.26.224.172 - - [04/Dec/2019:00:09:07 +0800] "GET /wp-content/uploads/siteground-optimizer-assets/twentyfifteen-skip-link-focus-fix.min.js HTTP/1.0" 200 275 "http://www.crazyant.net/" "Mozilla/5.0 (Windows NT 10.0; WOW64) AppleWebKit/537.36 (KHTML, like Gecko) Chrome/70.0.3538.25 Safari/537.36 Core/1.70.3741.400 QQBrowser/10.5.3863.400"
112.26.224.172 - - [04/Dec/2019:00:09:07 +0800] "GET /wp-content/uploads/siteground-optimizer-assets/twentyfifteen-script.min.js HTTP/1.0" 200 1331 "http://www.crazyant.net/" "Mozilla/5.0 (Windows NT 10.0; WOW64) AppleWebKit/537.36 (KHTML, like Gecko) Chrome/70.0.3538.25 Safari/537.36 Core/1.70.3741.400 QQBrowser/10.5.3863.400"
112.26.224.172 - - [04/Dec/2019:00:09:07 +0800] "GET /wp-content/plugins/easy-fancybox/js/jquery.fancybox.min.js HTTP/1.0" 200 6330 "http://www.crazyant.net/" "Mozilla/5.0 (Windows NT 10.0; WOW64) AppleWebKit/537.36 (KHTML, like Gecko) Chrome/70.0.3538.25 Safari/537.36 Core/1.70.3741.400 QQBrowser/10.5.3863.400"
112.26.224.172 - - [04/Dec/2019:00:09:08 +0800] "GET /wp-content/plugins/easy-fancybox/js/jquery.easing.min.js HTTP/1.0" 200 767 "http://www.crazyant.net/" "Mozilla/5.0 (Windows NT 10.0; WOW64) AppleWebKit/537.36 (KHTML, like Gecko) Chrome/70.0.3538.25 Safari/537.36 Core/1.70.3741.400 QQBrowser/10.5.3863.400"
112.26.224.172 - - [04/Dec/2019:00:09:08 +0800] "GET /wp-content/plugins/easy-fancybox/js/jquery.mousewheel.min.js HTTP/1.0" 200 1145 "http://www.crazyant.net/" "Mozilla/5.0 (Windows NT 10.0; WOW64) AppleWebKit/537.36 (KHTML, like Gecko) Chrome/70.0.3538.25 Safari/537.36 Core/1.70.3741.400 QQBrowser/10.5.3863.400"
18.185.47.73 - - [04/Dec/2019:00:09:13 +0800] "GET /robots.txt HTTP/1.0" 200 66 "-" "Mozilla/5.0 (compatible; Cliqzbot/3.0; +http://cliqz.com/company/cliqzbot)"
18.185.47.73 - - [04/Dec/2019:00:09:13 +0800] "GET /1607.html HTTP/1.0" 200 12032 "-" "Mozilla/5.0 (compatible; Cliqzbot/3.0; +http://cliqz.com/company/cliqzbot)"
112.26.224.172 - - [04/Dec/2019:00:09:17 +0800] "GET /wp-content/plugins/easy-fancybox/images/fancybox.png HTTP/1.0" 200 15287 "http://www.crazyant.net/wp-content/plugins/easy-fancybox/css/jquery.fancybox.min.css" "Mozilla/5.0 (Windows NT 10.0; WOW64) AppleWebKit/537.36 (KHTML, like Gecko) Chrome/70.0.3538.25 Safari/537.36 Core/1.70.3741.400 QQBrowser/10.5.3863.400"
112.26.224.172 - - [04/Dec/2019:00:09:19 +0800] "GET /favicon.ico HTTP/1.1" 200 0 "http://www.crazyant.net/" "Mozilla/5.0 (Windows NT 10.0; WOW64) AppleWebKit/537.36 (KHTML, like Gecko) Chrome/70.0.3538.25 Safari/537.36 Core/1.70.3741.400 QQBrowser/10.5.3863.400"
106.11.156.234 - - [04/Dec/2019:00:09:57 +0800] "GET /category/php-development/page/2?wptouch_switch=mobile HTTP/1.0" 200 10895 "-" "YisouSpider"
54.36.148.108 - - [04/Dec/2019:00:10:56 +0800] "GET /756.html HTTP/1.0" 200 10549 "-" "Mozilla/5.0 (compatible; AhrefsBot/6.1; +http://ahrefs.com/robot/)"
42.156.254.44 - - [04/Dec/2019:00:11:08 +0800] "GET /1886.html HTTP/1.0" 200 13781 "-" "Mozilla/5.0 (Windows NT 6.1; Win64; x64) AppleWebKit/537.36 (KHTML, like Gecko) Chrome/69.0.3497.81 YisouSpider/5.0 Safari/537.36"
66.249.79.25 - - [04/Dec/2019:00:11:51 +0800] "GET /?s=%E6%9D%8F%E5%BD%A9%E7%99%BB%E5%BD%95%E7%BD%91%E5%9D%80%E6%9C%80%E6%96%B0%E3%80%90%E2%94%83%E5%92%A8%E8%AF%A2%EF%BC%B146416%E2%92%8F5%E3%80%9 HTTP/1.0" 200 8283 "-" "Mozilla/5.0 (Linux; Android 6.0.1; Nexus 5X Build/MMB29P) AppleWebKit/537.36 (KHTML, like Gecko) Chrome/41.0.2272.96 Mobile Safari/537.36 (compatible; Googlebot/2.1; +http://www.google.com/bot.html)"
112.26.224.172 - - [04/Dec/2019:00:12:06 +0800] "GET /page/ HTTP/1.0" 404 35012 "-" "Mozilla/5.0 (Windows NT 10.0; WOW64) AppleWebKit/537.36 (KHTML, like Gecko) Chrome/70.0.3538.25 Safari/537.36 Core/1.70.3741.400 QQBrowser/10.5.3863.400"
66.249.79.29 - - [04/Dec/2019:00:12:10 +0800] "POST /wp-json/wordpress-popular-posts/v1/popular-posts HTTP/1.0" 201 54 "http://www.crazyant.net/686.html" "Mozilla/5.0 (Linux; Android 6.0.1; Nexus 5X Build/MMB29P) AppleWebKit/537.36 (KHTML, like Gecko) Chrome/41.0.2272.96 Mobile Safari/537.36 (compatible; Googlebot/2.1; +http://www.google.com/bot.html)"
112.26.224.172 - - [04/Dec/2019:00:12:10 +0800] "GET /page/1 HTTP/1.0" 200 10415 "-" "Mozilla/5.0 (Windows NT 10.0; WOW64) AppleWebKit/537.36 (KHTML, like Gecko) Chrome/70.0.3538.25 Safari/537.36 Core/1.70.3741.400 QQBrowser/10.5.3863.400"
138.185.134.43 - - [04/Dec/2019:00:12:12 +0800] "GET /wp-login.php HTTP/1.1" 444 0 "-" "Mozilla/5.0 (Windows NT 6.1; WOW64; rv:40.0) Gecko/20100101 Firefox/40.1"
42.236.99.142 - - [04/Dec/2019:00:12:16 +0800] "GET /2434.html HTTP/1.0" 200 11274 "http://www.crazyant.net/2434.html" "Mozilla/5.0 (Windows NT 6.1; WOW64) AppleWebKit/537.36 (KHTML, like Gecko) Chrome/50.0.2661.102 Safari/537.36; 360Spider"
138.185.134.43 - - [04/Dec/2019:00:12:18 +0800] "GET /wp-login.php HTTP/1.1" 444 0 "-" "Mozilla/5.0 (Windows NT 6.1; WOW64; rv:40.0) Gecko/20100101 Firefox/40.1"
112.26.224.172 - - [04/Dec/2019:00:12:22 +0800] "GET /page/2 HTTP/1.0" 200 10666 "-" "Mozilla/5.0 (Windows NT 10.0; WOW64) AppleWebKit/537.36 (KHTML, like Gecko) Chrome/70.0.3538.25 Safari/537.36 Core/1.70.3741.400 QQBrowser/10.5.3863.400"
138.185.134.43 - - [04/Dec/2019:00:12:24 +0800] "GET / HTTP/1.1" 444 0 "-" "Mozilla/5.0 (Windows NT 6.1; WOW64; rv:40.0) Gecko/20100101 Firefox/40.1"
18.206.181.91 - - [04/Dec/2019:00:12:39 +0800] "GET /1707.html/feed HTTP/1.0" 200 1648 "https://www.google.com/" "Mozilla/5.0 (Windows NT 10.0; WOW64; Trident/7.0; rv:11.0) like Gecko"
77.75.78.162 - - [04/Dec/2019:00:12:53 +0800] "GET /robots.txt HTTP/1.0" 200 66 "-" "Mozilla/5.0 (compatible; SeznamBot/3.2; +http://napoveda.seznam.cz/en/seznambot-intro/)"
77.75.78.162 - - [04/Dec/2019:00:12:56 +0800] "GET /2583.html HTTP/1.0" 200 12271 "-" "Mozilla/5.0 (compatible; SeznamBot/3.2; +http://napoveda.seznam.cz/en/seznambot-intro/)"
46.229.168.143 - - [04/Dec/2019:00:12:58 +0800] "GET /category/python-data-analysis HTTP/1.0" 200 8184 "-" "Mozilla/5.0 (compatible; SemrushBot/6~bl; +http://www.semrush.com/bot.html)"
120.204.17.71 - - [04/Dec/2019:00:13:15 +0800] "GET /page/1 HTTP/1.0" 200 54276 "-" "Mozilla/5.0 (Windows NT 6.1; WOW64) AppleWebKit/537.36 (KHTML, like Gecko) Chrome/56.0.2924.87 Safari/537.36"
120.204.17.71 - - [04/Dec/2019:00:13:17 +0800] "GET /wp-includes/js/jquery/jquery.js HTTP/1.0" 200 96873 "http://www.crazyant.net/page/1" "Mozilla/5.0 (Windows NT 6.1; WOW64) AppleWebKit/537.36 (KHTML, like Gecko) Chrome/43.0.2357.124 Safari/537.36"
120.204.17.71 - - [04/Dec/2019:00:13:22 +0800] "GET /wp-includes/js/jquery/jquery-migrate.min.js HTTP/1.0" 200 10056 "http://www.crazyant.net/page/1" "Mozilla/5.0 (Windows NT 6.1; WOW64) AppleWebKit/537.36 (KHTML, like Gecko) Chrome/56.0.2924.87 Safari/537.36"
120.204.17.71 - - [04/Dec/2019:00:13:22 +0800] "GET /wp-content/uploads/siteground-optimizer-assets/bibblio_related_posts.min.js HTTP/1.1" 200 37 "http://www.crazyant.net/page/1" "Mozilla/5.0 (Windows NT 6.1; WOW64) AppleWebKit/537.36 (KHTML, like Gecko) Chrome/53.0.2785.104 Safari/537.36 Core/1.53.2141.400 QQBrowser/9.5.10219.400"
120.204.17.71 - - [04/Dec/2019:00:13:22 +0800] "GET /wp-content/plugins/cardoza-3d-tag-cloud/jquery.tagcanvas.min.js HTTP/1.0" 200 22408 "http://www.crazyant.net/page/1" "Mozilla/5.0 (Windows NT 6.1; WOW64) AppleWebKit/537.36 (KHTML, like Gecko) Chrome/53.0.2785.104 Safari/537.36 Core/1.53.2141.400 QQBrowser/9.5.10219.400"
120.204.17.71 - - [04/Dec/2019:00:13:26 +0800] "GET /wp-content/plugins/wordpress-popular-posts/assets/js/wpp-5.0.0.min.js HTTP/1.0" 200 1471 "http://www.crazyant.net/page/1" "Mozilla/5.0 (Windows NT 6.1; WOW64) AppleWebKit/537.36 (KHTML, like Gecko) Chrome/53.0.2785.104 Safari/537.36 Core/1.53.2141.400 QQBrowser/9.5.10219.400"
120.204.17.73 - - [04/Dec/2019:00:13:27 +0800] "GET /page/2 HTTP/1.0" 200 54352 "-" "Mozilla/5.0 (Windows NT 6.1; WOW64) AppleWebKit/537.36 (KHTML, like Gecko) Chrome/53.0.2785.104 Safari/537.36 Core/1.53.2141.400 QQBrowser/9.5.10219.400"
120.204.17.73 - - [04/Dec/2019:00:13:28 +0800] "GET /wp-includes/js/jquery/jquery.js HTTP/1.1" 200 96873 "http://www.crazyant.net/page/2" "Mozilla/5.0 (Macintosh; Intel Mac OS X 10_12_4) AppleWebKit/537.36 (KHTML, like Gecko) \x09\x09\x09Chrome/55.0.2883.95 Safari/537.36"
120.204.17.73 - - [04/Dec/2019:00:13:29 +0800] "GET /wp-includes/js/jquery/jquery-migrate.min.js HTTP/1.1" 200 10056 "http://www.crazyant.net/page/2" "Mozilla/5.0 (Windows NT 6.1; WOW64) AppleWebKit/537.36 (KHTML, like Gecko) Chrome/53.0.2785.104 Safari/537.36 Core/1.53.2141.400 QQBrowser/9.5.10219.400"
120.204.17.71 - - [04/Dec/2019:00:13:29 +0800] "GET /wp-content/plugins/table-of-contents-plus/front.min.js HTTP/1.0" 200 6091 "http://www.crazyant.net/page/1" "Mozilla/5.0 (Windows NT 6.1; WOW64) AppleWebKit/537.36 (KHTML, like Gecko) Chrome/53.0.2785.104 Safari/537.36 Core/1.53.2141.400 QQBrowser/9.5.10219.400"
120.204.17.71 - - [04/Dec/2019:00:13:29 +0800] "GET /wp-content/uploads/siteground-optimizer-assets/twentyfifteen-skip-link-focus-fix.min.js HTTP/1.0" 200 426 "http://www.crazyant.net/page/1" "Mozilla/5.0 (Windows NT 6.1; WOW64) AppleWebKit/537.36 (KHTML, like Gecko) Chrome/45.0.2454.101 Safari/537.36"
120.204.17.73 - - [04/Dec/2019:00:13:29 +0800] "GET /wp-content/uploads/siteground-optimizer-assets/bibblio_related_posts.min.js HTTP/1.1" 200 37 "http://www.crazyant.net/page/2" "Mozilla/5.0 (Windows NT 6.1; WOW64) AppleWebKit/537.36 (KHTML, like Gecko) Chrome/56.0.2924.87 Safari/537.36"
120.204.17.71 - - [04/Dec/2019:00:13:29 +0800] "GET /wp-content/uploads/siteground-optimizer-assets/twentyfifteen-script.min.js HTTP/1.0" 200 4126 "http://www.crazyant.net/page/1" "Mozilla/5.0 (Windows NT 6.1; WOW64) AppleWebKit/537.36 (KHTML, like Gecko) Chrome/45.0.2454.101 Safari/537.36"
120.204.17.73 - - [04/Dec/2019:00:13:31 +0800] "GET /wp-content/plugins/cardoza-3d-tag-cloud/jquery.tagcanvas.min.js HTTP/1.1" 200 22408 "http://www.crazyant.net/page/2" "Mozilla/5.0 (Windows NT 6.1; WOW64) AppleWebKit/537.36 (KHTML, like Gecko) Chrome/43.0.2357.124 Safari/537.36"
120.204.17.71 - - [04/Dec/2019:00:13:32 +0800] "GET /wp-content/plugins/easy-fancybox/js/jquery.fancybox.min.js HTTP/1.0" 200 19791 "http://www.crazyant.net/page/1" "Mozilla/5.0 (Windows NT 6.1; WOW64) AppleWebKit/537.36 (KHTML, like Gecko) Chrome/56.0.2924.87 Safari/537.36"
120.204.17.73 - - [04/Dec/2019:00:13:32 +0800] "GET /wp-content/plugins/wordpress-popular-posts/assets/js/wpp-5.0.0.min.js HTTP/1.1" 200 1471 "http://www.crazyant.net/page/2" "Mozilla/5.0 (Windows NT 6.1; WOW64) AppleWebKit/537.36 (KHTML, like Gecko) Chrome/56.0.2924.87 Safari/537.36"
120.204.17.71 - - [04/Dec/2019:00:13:34 +0800] "GET /wp-content/plugins/easy-fancybox/js/jquery.easing.min.js HTTP/1.0" 200 2302 "http://www.crazyant.net/page/1" "Mozilla/5.0 (Windows NT 6.1; WOW64) AppleWebKit/537.36 (KHTML, like Gecko) Chrome/45.0.2454.101 Safari/537.36"
120.204.17.71 - - [04/Dec/2019:00:13:34 +0800] "GET /wp-content/plugins/easy-fancybox/js/jquery.mousewheel.min.js HTTP/1.0" 200 2609 "http://www.crazyant.net/page/1" "Mozilla/5.0 (Windows NT 6.1; WOW64) AppleWebKit/537.36 (KHTML, like Gecko) Chrome/56.0.2924.87 Safari/537.36"
120.204.17.71 - - [04/Dec/2019:00:13:34 +0800] "GET /wp-includes/js/wp-embed.min.js HTTP/1.0" 200 1399 "http://www.crazyant.net/page/1" "Mozilla/5.0 (Windows NT 6.1; WOW64) AppleWebKit/537.36 (KHTML, like Gecko) Chrome/45.0.2454.101 Safari/537.36"
120.204.17.73 - - [04/Dec/2019:00:13:34 +0800] "GET /wp-content/plugins/table-of-contents-plus/front.min.js HTTP/1.1" 200 6091 "http://www.crazyant.net/page/2" "Mozilla/5.0 (Windows NT 6.1; WOW64) AppleWebKit/537.36 (KHTML, like Gecko) Chrome/45.0.2454.101 Safari/537.36"
120.204.17.73 - - [04/Dec/2019:00:13:36 +0800] "GET /wp-content/uploads/siteground-optimizer-assets/twentyfifteen-skip-link-focus-fix.min.js HTTP/1.1" 200 426 "http://www.crazyant.net/page/2" "Mozilla/5.0 (Windows NT 6.1; WOW64) AppleWebKit/537.36 (KHTML, like Gecko) Chrome/43.0.2357.124 Safari/537.36"
120.204.17.73 - - [04/Dec/2019:00:13:36 +0800] "GET /wp-content/uploads/siteground-optimizer-assets/twentyfifteen-script.min.js HTTP/1.1" 200 4126 "http://www.crazyant.net/page/2" "Mozilla/5.0 (Windows NT 6.1; WOW64; rv:50.0) Gecko/20100101 Firefox/50.0"
120.204.17.73 - - [04/Dec/2019:00:13:37 +0800] "GET /wp-content/plugins/easy-fancybox/js/jquery.fancybox.min.js HTTP/1.1" 200 19791 "http://www.crazyant.net/page/2" "Mozilla/5.0 (Macintosh; Intel Mac OS X 10_12_4) AppleWebKit/537.36 (KHTML, like Gecko) \x09\x09\x09Chrome/55.0.2883.95 Safari/537.36"
120.204.17.73 - - [04/Dec/2019:00:13:37 +0800] "GET /wp-content/plugins/easy-fancybox/js/jquery.easing.min.js HTTP/1.1" 200 2302 "http://www.crazyant.net/page/2" "Mozilla/5.0 (Macintosh; Intel Mac OS X 10_12_4) AppleWebKit/537.36 (KHTML, like Gecko) \x09\x09\x09Chrome/55.0.2883.95 Safari/537.36"
120.204.17.73 - - [04/Dec/2019:00:13:37 +0800] "GET /wp-content/plugins/easy-fancybox/js/jquery.mousewheel.min.js HTTP/1.1" 200 2609 "http://www.crazyant.net/page/2" "Mozilla/5.0 (Windows NT 6.1; WOW64; rv:50.0) Gecko/20100101 Firefox/50.0"
120.204.17.73 - - [04/Dec/2019:00:13:38 +0800] "GET /wp-includes/js/wp-embed.min.js HTTP/1.1" 200 1399 "http://www.crazyant.net/page/2" "Mozilla/5.0 (Windows NT 6.1; WOW64) AppleWebKit/537.36 (KHTML, like Gecko) Chrome/53.0.2785.104 Safari/537.36 Core/1.53.2141.400 QQBrowser/9.5.10219.400"
42.236.10.70 - - [04/Dec/2019:00:14:00 +0800] "GET /1722.html HTTP/1.0" 200 12092 "http://www.crazyant.net/1722.html" "Mozilla/5.0 (Windows NT 6.1; WOW64) AppleWebKit/537.36 (KHTML, like Gecko) Chrome/50.0.2661.102 Safari/537.36; 360Spider"
42.236.10.91 - - [04/Dec/2019:00:14:02 +0800] "GET /2523.html HTTP/1.0" 200 11887 "http://www.crazyant.net/2523.html" "Mozilla/5.0 (Windows NT 6.1; WOW64) AppleWebKit/537.36 (KHTML, like Gecko) Chrome/50.0.2661.102 Safari/537.36; 360Spider"
42.236.10.90 - - [04/Dec/2019:00:14:03 +0800] "GET /date/2015/03 HTTP/1.0" 200 8931 "http://www.crazyant.net/date/2015/03" "Mozilla/5.0 (Windows NT 6.1; WOW64) AppleWebKit/537.36 (KHTML, like Gecko) Chrome/50.0.2661.102 Safari/537.36; 360Spider"
54.36.148.124 - - [04/Dec/2019:00:15:22 +0800] "GET /821.html HTTP/1.0" 200 13606 "-" "Mozilla/5.0 (compatible; AhrefsBot/6.1; +http://ahrefs.com/robot/)"
117.144.138.130 - - [04/Dec/2019:00:16:01 +0800] "GET / HTTP/1.0" 200 10415 "-" "Mozilla/5.0 (Windows NT 10.0; Win64; x64) AppleWebKit/537.36 (KHTML, like Gecko) Chrome/71.0.3578.98 Safari/537.36"
92.38.129.153 - - [04/Dec/2019:00:16:39 +0800] "GET /feed/ HTTP/1.0" 301 - "-" "Tiny Tiny RSS/19.02 (http://tt-rss.org/)"
92.38.129.153 - - [04/Dec/2019:00:16:39 +0800] "GET /feed HTTP/1.0" 200 4779 "-" "Tiny Tiny RSS/19.02 (http://tt-rss.org/)"
220.181.108.100 - - [04/Dec/2019:00:16:45 +0800] "GET /1901.html?nglwny=vzoz02 HTTP/1.1" 444 0 "-" "Mozilla/5.0 (compatible; Baiduspider/2.0; +http://www.baidu.com/search/spider.html)"
222.129.54.23 - - [04/Dec/2019:00:17:08 +0800] "GET /feed HTTP/1.0" 200 4779 "-" "ReadKit/2.4.3 (Mac OS X Version 10.15.1 (Build 19B88))"
123.57.54.231 - - [04/Dec/2019:00:17:24 +0800] "GET /1423.html HTTP/1.0" 200 10988 "-" "Mozilla/5.0 (Linux; Android 6.0; Nexus 5 Build/MRA58N) AppleWebKit/537.36 (KHTML, like Gecko) Chrome/70.0.3538.110 Mobile Safari/537.36"
40.77.167.153 - - [04/Dec/2019:00:18:26 +0800] "GET /636.html/feed HTTP/1.0" 200 1110 "-" "msnbot/2.0b (+http://search.msn.com/msnbot.htm)"
66.249.79.25 - - [04/Dec/2019:00:18:45 +0800] "POST /wp-json/wordpress-popular-posts/v1/popular-posts HTTP/1.0" 201 55 "http://www.crazyant.net/675.html" "Mozilla/5.0 (Linux; Android 6.0.1; Nexus 5X Build/MMB29P) AppleWebKit/537.36 (KHTML, like Gecko) Chrome/41.0.2272.96 Mobile Safari/537.36 (compatible; Googlebot/2.1; +http://www.google.com/bot.html)"
163.179.117.23 - - [04/Dec/2019:00:21:07 +0800] "GET / HTTP/1.0" 200 10415 "-" "Mozilla/4.0 (compatible; MSIE 7.0; Windows NT 5.1; TencentTraveler ; EmbeddedWB 14.52 from: http://www.bsalsa.com/ EmbeddedWB 14.52; .NET CLR 2.0.50727; InfoPath.2; .NET CLR 3.0.04506.30; .NET CLR 3.0.04506.590; .NET CLR 3.0.04506.648; .NET CLR 3.5.21022)"
163.179.117.23 - - [04/Dec/2019:00:21:10 +0800] "GET / HTTP/1.0" 200 10415 "-" "Mozilla/5.0 (Windows NT 6.1; WOW64) AppleWebKit/537.36 (KHTML, like Gecko) Chrome/50.0.2661.102 Safari/537.36"
66.249.79.27 - - [04/Dec/2019:00:21:18 +0800] "GET /?s=%E6%9D%8F%E5%BD%A9%E5%B9%B3%E5%8F%B0%E8%AE%A1%E5%88%92%E3%80%90%E2%94%83%E7%89%9B%E4%BB%A3%EF%BC%9217431[%E6%89%A3]%E3%80%9 HTTP/1.0" 200 8283 "-" "Mozilla/5.0 (Linux; Android 6.0.1; Nexus 5X Build/MMB29P) AppleWebKit/537.36 (KHTML, like Gecko) Chrome/41.0.2272.96 Mobile Safari/537.36 (compatible; Googlebot/2.1; +http://www.google.com/bot.html)"
54.36.149.76 - - [04/Dec/2019:00:24:06 +0800] "GET /tag/tensorflow HTTP/1.0" 200 9361 "-" "Mozilla/5.0 (compatible; AhrefsBot/6.1; +http://ahrefs.com/robot/)"
66.249.79.25 - - [04/Dec/2019:00:24:28 +0800] "GET /712.html HTTP/1.0" 200 12218 "-" "Mozilla/5.0 (Linux; Android 6.0.1; Nexus 5X Build/MMB29P) AppleWebKit/537.36 (KHTML, like Gecko) Chrome/41.0.2272.96 Mobile Safari/537.36 (compatible; Googlebot/2.1; +http://www.google.com/bot.html)"
66.249.79.27 - - [04/Dec/2019:00:24:28 +0800] "GET /512.html HTTP/1.0" 200 15509 "-" "Mozilla/5.0 (Linux; Android 6.0.1; Nexus 5X Build/MMB29P) AppleWebKit/537.36 (KHTML, like Gecko) Chrome/41.0.2272.96 Mobile Safari/537.36 (compatible; Googlebot/2.1; +http://www.google.com/bot.html)"
66.249.79.29 - - [04/Dec/2019:00:24:29 +0800] "GET /1697.html HTTP/1.0" 200 12970 "-" "Mozilla/5.0 (Linux; Android 6.0.1; Nexus 5X Build/MMB29P) AppleWebKit/537.36 (KHTML, like Gecko) Chrome/41.0.2272.96 Mobile Safari/537.36 (compatible; Googlebot/2.1; +http://www.google.com/bot.html)"
3.87.18.119 - - [04/Dec/2019:00:25:04 +0800] "GET /1689.html/feed HTTP/1.0" 200 828 "https://www.google.com/" "Mozilla/5.0 (X11; U; Linux i686; en-US; rv:1.9a3pre) Gecko/20070330"
54.36.150.71 - - [04/Dec/2019:00:25:02 +0800] "GET /1600.html HTTP/1.0" 200 11254 "-" "Mozilla/5.0 (compatible; AhrefsBot/6.1; +http://ahrefs.com/robot/)"
39.98.69.62 - - [04/Dec/2019:00:25:35 +0800] "GET /feed HTTP/1.0" 200 4779 "-" "Mozilla/5.0 (Linux; Android 8.0.0; TA-1053 Build/OPR1.170623.026) AppleWebKit/537.36 (KHTML, like Gecko) Chrome/67.0.3368.0 Mobile Safari/537.36"
66.249.79.25 - - [04/Dec/2019:00:27:21 +0800] "POST /wp-json/wordpress-popular-posts/v1/popular-posts HTTP/1.0" 201 54 "http://www.crazyant.net/391.html" "Mozilla/5.0 (Linux; Android 6.0.1; Nexus 5X Build/MMB29P) AppleWebKit/537.36 (KHTML, like Gecko) Chrome/41.0.2272.96 Mobile Safari/537.36 (compatible; Googlebot/2.1; +http://www.google.com/bot.html)"
113.246.155.100 - - [04/Dec/2019:00:27:29 +0800] "GET /favicon.ico HTTP/1.0" 200 - "-" "Dalvik/2.1.0 (Linux; U; Android 7.1.2; MI 5X MIUI/V9.0.4.0.NDBCNEI)"
123.125.71.26 - - [04/Dec/2019:00:27:35 +0800] "GET /545.html HTTP/1.1" 444 0 "-" "Mozilla/5.0 (compatible; Baiduspider/2.0; +http://www.baidu.com/search/spider.html)"
113.246.155.100 - - [04/Dec/2019:00:27:40 +0800] "GET /favicon.ico HTTP/1.1" 200 0 "-" "Dalvik/2.1.0 (Linux; U; Android 7.1.2; MI 5X MIUI/V9.0.4.0.NDBCNEI)"
112.26.224.172 - - [04/Dec/2019:00:29:28 +0800] "GET /page/1 HTTP/1.0" 200 10415 "-" "python-requests/2.22.0"
112.26.224.172 - - [04/Dec/2019:00:29:34 +0800] "GET /page/2 HTTP/1.0" 200 10666 "-" "python-requests/2.22.0"
112.26.224.172 - - [04/Dec/2019:00:29:37 +0800] "GET /page/3 HTTP/1.0" 200 10726 "-" "python-requests/2.22.0"
112.26.224.172 - - [04/Dec/2019:00:29:38 +0800] "GET /page/4 HTTP/1.0" 200 11019 "-" "python-requests/2.22.0"
112.26.224.172 - - [04/Dec/2019:00:29:39 +0800] "GET /page/5 HTTP/1.0" 200 11037 "-" "python-requests/2.22.0"
112.26.224.172 - - [04/Dec/2019:00:29:40 +0800] "GET /page/6 HTTP/1.0" 200 11115 "-" "python-requests/2.22.0"
112.26.224.172 - - [04/Dec/2019:00:29:51 +0800] "GET /page/1 HTTP/1.0" 200 10415 "-" "python-requests/2.22.0"
112.26.224.172 - - [04/Dec/2019:00:29:52 +0800] "GET /page/2 HTTP/1.0" 200 10666 "-" "python-requests/2.22.0"
112.26.224.172 - - [04/Dec/2019:00:29:55 +0800] "GET /page/3 HTTP/1.0" 200 10726 "-" "python-requests/2.22.0"
112.26.224.172 - - [04/Dec/2019:00:29:55 +0800] "GET /page/4 HTTP/1.0" 200 11019 "-" "python-requests/2.22.0"
112.26.224.172 - - [04/Dec/2019:00:29:56 +0800] "GET /page/5 HTTP/1.0" 200 11037 "-" "python-requests/2.22.0"
112.26.224.172 - - [04/Dec/2019:00:29:57 +0800] "GET /page/6 HTTP/1.0" 200 11115 "-" "python-requests/2.22.0"
112.26.224.172 - - [04/Dec/2019:00:29:58 +0800] "GET /page/7 HTTP/1.0" 200 11259 "-" "python-requests/2.22.0"
112.26.224.172 - - [04/Dec/2019:00:30:04 +0800] "GET /page/8 HTTP/1.0" 200 11093 "-" "python-requests/2.22.0"
112.26.224.172 - - [04/Dec/2019:00:30:07 +0800] "GET /page/9 HTTP/1.0" 200 11049 "-" "python-requests/2.22.0"
112.26.224.172 - - [04/Dec/2019:00:30:08 +0800] "GET /page/10 HTTP/1.0" 200 10909 "-" "python-requests/2.22.0"
112.26.224.172 - - [04/Dec/2019:00:30:08 +0800] "GET /page/11 HTTP/1.0" 200 10883 "-" "python-requests/2.22.0"
112.26.224.172 - - [04/Dec/2019:00:30:10 +0800] "GET /page/12 HTTP/1.0" 200 11034 "-" "python-requests/2.22.0"
112.26.224.172 - - [04/Dec/2019:00:30:13 +0800] "GET /page/13 HTTP/1.0" 200 11217 "-" "python-requests/2.22.0"
112.26.224.172 - - [04/Dec/2019:00:30:14 +0800] "GET /page/14 HTTP/1.0" 200 11237 "-" "python-requests/2.22.0"
112.26.224.172 - - [04/Dec/2019:00:30:19 +0800] "GET /page/15 HTTP/1.0" 200 10949 "-" "python-requests/2.22.0"
112.26.224.172 - - [04/Dec/2019:00:30:21 +0800] "GET /page/16 HTTP/1.0" 200 11375 "-" "python-requests/2.22.0"
112.26.224.172 - - [04/Dec/2019:00:30:23 +0800] "GET /page/17 HTTP/1.0" 200 10558 "-" "python-requests/2.22.0"
112.26.224.172 - - [04/Dec/2019:00:30:23 +0800] "GET /page/18 HTTP/1.0" 200 11082 "-" "python-requests/2.22.0"
54.36.150.44 - - [04/Dec/2019:00:30:23 +0800] "GET /tag/mac HTTP/1.0" 200 8863 "-" "Mozilla/5.0 (compatible; AhrefsBot/6.1; +http://ahrefs.com/robot/)"
112.26.224.172 - - [04/Dec/2019:00:30:25 +0800] "GET /page/19 HTTP/1.0" 200 10869 "-" "python-requests/2.22.0"
112.26.224.172 - - [04/Dec/2019:00:30:27 +0800] "GET /page/20 HTTP/1.0" 200 11133 "-" "python-requests/2.22.0"
112.26.224.172 - - [04/Dec/2019:00:30:28 +0800] "GET /page/21 HTTP/1.0" 200 11004 "-" "python-requests/2.22.0"
112.26.224.172 - - [04/Dec/2019:00:30:29 +0800] "GET /page/22 HTTP/1.0" 200 10924 "-" "python-requests/2.22.0"
112.26.224.172 - - [04/Dec/2019:00:30:33 +0800] "GET /page/23 HTTP/1.0" 200 10815 "-" "python-requests/2.22.0"
112.26.224.172 - - [04/Dec/2019:00:30:34 +0800] "GET /page/24 HTTP/1.0" 200 10665 "-" "python-requests/2.22.0"
114.96.123.84 - - [04/Dec/2019:00:30:45 +0800] "GET /2419.html HTTP/1.0" 200 46861 "-" "Mozilla/5.0 (Windows NT 10.0; Win64; x64) AppleWebKit/537.36 (KHTML, like Gecko) Chrome/51.0.2704.106 Safari/537.36"
66.249.79.29 - - [04/Dec/2019:00:30:46 +0800] "GET /?s=%E3%80%90%E2%94%8B%E5%A5%BD%E8%AE%A1%E5%88%922%E2%85%A07431{%E6%89%A3%E3%80%93%E3%80%91%E6%9D%8F%E5%BD%A9%E6%B3%A8%E5%86%8C%E7%99%BB%E5%BD%95 HTTP/1.0" 200 8359 "-" "Mozilla/5.0 (Linux; Android 6.0.1; Nexus 5X Build/MMB29P) AppleWebKit/537.36 (KHTML, like Gecko) Chrome/41.0.2272.96 Mobile Safari/537.36 (compatible; Googlebot/2.1; +http://www.google.com/bot.html)"
222.129.54.23 - - [04/Dec/2019:00:31:08 +0800] "GET /feed HTTP/1.0" 200 4779 "-" "ReadKit/2.4.3 (Mac OS X Version 10.15.1 (Build 19B88))"
54.36.150.33 - - [04/Dec/2019:00:31:25 +0800] "GET /78.html HTTP/1.0" 200 10233 "-" "Mozilla/5.0 (compatible; AhrefsBot/6.1; +http://ahrefs.com/robot/)"
106.11.153.226 - - [04/Dec/2019:00:32:00 +0800] "GET /686.html?replytocom=10300 HTTP/1.0" 200 17073 "-" "YisouSpider"
42.120.160.13 - - [04/Dec/2019:00:32:00 +0800] "GET /2289.html HTTP/1.0" 404 35012 "-" "Mozilla/5.0 (Windows NT 6.1; Win64; x64) AppleWebKit/537.36 (KHTML, like Gecko) Chrome/69.0.3497.81 YisouSpider/5.0 Safari/537.36"
92.38.129.153 - - [04/Dec/2019:00:32:53 +0800] "GET /feed/ HTTP/1.0" 301 - "-" "Tiny Tiny RSS/19.02 (http://tt-rss.org/)"
92.38.129.153 - - [04/Dec/2019:00:32:53 +0800] "GET /feed HTTP/1.0" 200 4779 "-" "Tiny Tiny RSS/19.02 (http://tt-rss.org/)"
66.249.79.27 - - [04/Dec/2019:00:34:37 +0800] "GET /1697.html?replytocom=10787 HTTP/1.0" 200 13007 "-" "Mozilla/5.0 (Linux; Android 6.0.1; Nexus 5X Build/MMB29P) AppleWebKit/537.36 (KHTML, like Gecko) Chrome/41.0.2272.96 Mobile Safari/537.36 (compatible; Googlebot/2.1; +http://www.google.com/bot.html)"
157.55.39.98 - - [04/Dec/2019:00:34:43 +0800] "GET /1319.html/feed HTTP/1.0" 200 737 "-" "msnbot/2.0b (+http://search.msn.com/msnbot.htm)"
54.36.150.43 - - [04/Dec/2019:00:34:48 +0800] "GET /1763.html HTTP/1.0" 200 11620 "-" "Mozilla/5.0 (compatible; AhrefsBot/6.1; +http://ahrefs.com/robot/)"
112.26.224.172 - - [04/Dec/2019:00:35:20 +0800] "GET /page/1 HTTP/1.0" 200 10415 "-" "python-requests/2.22.0"
112.26.224.172 - - [04/Dec/2019:00:35:21 +0800] "GET /page/2 HTTP/1.0" 200 10666 "-" "python-requests/2.22.0"
112.26.224.172 - - [04/Dec/2019:00:35:22 +0800] "GET /page/3 HTTP/1.0" 200 10726 "-" "python-requests/2.22.0"
112.26.224.172 - - [04/Dec/2019:00:35:32 +0800] "GET /page/1 HTTP/1.0" 200 10415 "-" "python-requests/2.22.0"
112.26.224.172 - - [04/Dec/2019:00:35:33 +0800] "GET /page/2 HTTP/1.0" 200 10666 "-" "python-requests/2.22.0"
137.74.38.160 - - [04/Dec/2019:00:35:42 +0800] "GET /feed/ HTTP/1.0" 301 - "-" "Tiny Tiny RSS/19.8 (f609065) (http://tt-rss.org/)"
137.74.38.160 - - [04/Dec/2019:00:35:43 +0800] "GET /feed HTTP/1.0" 200 4779 "-" "Tiny Tiny RSS/19.8 (f609065) (http://tt-rss.org/)"
112.26.224.172 - - [04/Dec/2019:00:35:43 +0800] "GET /page/3 HTTP/1.0" 200 10726 "-" "python-requests/2.22.0"
112.26.224.172 - - [04/Dec/2019:00:35:44 +0800] "GET /page/4 HTTP/1.0" 200 11019 "-" "python-requests/2.22.0"
202.180.34.186 - - [04/Dec/2019:00:35:45 +0800] "GET /robots.txt HTTP/1.0" 200 66 "-" "ICC-Crawler/2.0 (Mozilla-compatible; ; http://ucri.nict.go.jp/en/icccrawler.html)"
54.36.149.29 - - [04/Dec/2019:00:35:57 +0800] "GET /category/c-plus-plus HTTP/1.0" 200 10667 "-" "Mozilla/5.0 (compatible; AhrefsBot/6.1; +http://ahrefs.com/robot/)"
202.180.34.186 - - [04/Dec/2019:00:36:05 +0800] "GET /454.html?replytocom=10367 HTTP/1.0" 200 54227 "-" "ICC-Crawler/2.0 (Mozilla-compatible; ; http://ucri.nict.go.jp/en/icccrawler.html)"
54.36.150.76 - - [04/Dec/2019:00:37:50 +0800] "GET /2561.html HTTP/1.0" 200 10497 "-" "Mozilla/5.0 (compatible; AhrefsBot/6.1; +http://ahrefs.com/robot/)"
1.179.144.41 - - [04/Dec/2019:00:38:22 +0800] "POST /wp-login.php HTTP/1.0" 200 2164 "http://www.crazyant.net/wp-login.php" "Mozilla/5.0 (Macintosh; U; Intel Mac OS X 10_37_84) AppleWebKit/531.78.25 (KHTML, like Gecko) Chrome/56.2.6611.1449 Safari/532.18 Edge/36.02716"
123.125.71.116 - - [04/Dec/2019:00:38:25 +0800] "GET /1898.html HTTP/1.1" 444 0 "-" "Mozilla/5.0 (compatible; Baiduspider/2.0; +http://www.baidu.com/search/spider.html)"
66.249.79.25 - - [04/Dec/2019:00:39:01 +0800] "POST /wp-json/wordpress-popular-posts/v1/popular-posts HTTP/1.0" 201 54 "http://www.crazyant.net/1697.html?replytocom=10787" "Mozilla/5.0 (Linux; Android 6.0.1; Nexus 5X Build/MMB29P) AppleWebKit/537.36 (KHTML, like Gecko) Chrome/41.0.2272.96 Mobile Safari/537.36 (compatible; Googlebot/2.1; +http://www.google.com/bot.html)"
66.249.79.29 - - [04/Dec/2019:00:40:14 +0800] "GET /page/1?gejghu=qzjdr3&agtopu=sehxs3 HTTP/1.0" 200 10458 "-" "Mozilla/5.0 (Linux; Android 6.0.1; Nexus 5X Build/MMB29P) AppleWebKit/537.36 (KHTML, like Gecko) Chrome/41.0.2272.96 Mobile Safari/537.36 (compatible; Googlebot/2.1; +http://www.google.com/bot.html)"
66.249.79.27 - - [04/Dec/2019:00:40:28 +0800] "GET /wp-content/uploads/ftp_img/8e3011d4e056_A172/image_thumb_15.png HTTP/1.0" 200 96143 "-" "Googlebot-Image/1.0"
40.77.167.153 - - [04/Dec/2019:00:40:41 +0800] "GET /2561.html/feed HTTP/1.0" 200 500 "-" "msnbot/2.0b (+http://search.msn.com/msnbot.htm)"
54.36.149.81 - - [04/Dec/2019:00:41:35 +0800] "GET /647.html HTTP/1.0" 200 12790 "-" "Mozilla/5.0 (compatible; AhrefsBot/6.1; +http://ahrefs.com/robot/)"
106.11.157.254 - - [04/Dec/2019:00:41:42 +0800] "GET /page/27?laxeda=ro70e3&yilazc=04rgq3 HTTP/1.0" 200 9565 "-" "YisouSpider"
72.138.45.86 - - [04/Dec/2019:00:41:47 +0800] "GET /920.html HTTP/1.0" 200 12906 "https://www.google.com/" "Mozilla/5.0 (Macintosh; Intel Mac OS X 10_14_5) AppleWebKit/537.36 (KHTML, like Gecko) Chrome/78.0.3904.108 Safari/537.36"
72.138.45.86 - - [04/Dec/2019:00:41:47 +0800] "GET /wp-content/plugins/bibblio-related-posts/public/css/bibblio_related_posts.min.css HTTP/1.0" 200 42 "http://www.crazyant.net/920.html" "Mozilla/5.0 (Macintosh; Intel Mac OS X 10_14_5) AppleWebKit/537.36 (KHTML, like Gecko) Chrome/78.0.3904.108 Safari/537.36"
72.138.45.86 - - [04/Dec/2019:00:41:47 +0800] "GET /wp-includes/css/dist/block-library/style.min.css HTTP/1.0" 200 6163 "http://www.crazyant.net/920.html" "Mozilla/5.0 (Macintosh; Intel Mac OS X 10_14_5) AppleWebKit/537.36 (KHTML, like Gecko) Chrome/78.0.3904.108 Safari/537.36"
72.138.45.86 - - [04/Dec/2019:00:41:47 +0800] "GET /wp-includes/css/dist/block-library/theme.min.css HTTP/1.0" 200 639 "http://www.crazyant.net/920.html" "Mozilla/5.0 (Macintosh; Intel Mac OS X 10_14_5) AppleWebKit/537.36 (KHTML, like Gecko) Chrome/78.0.3904.108 Safari/537.36"
72.138.45.86 - - [04/Dec/2019:00:41:48 +0800] "GET /wp-content/plugins/cardoza-3d-tag-cloud//public/css/my-style.min.css HTTP/1.0" 200 218 "http://www.crazyant.net/920.html" "Mozilla/5.0 (Macintosh; Intel Mac OS X 10_14_5) AppleWebKit/537.36 (KHTML, like Gecko) Chrome/78.0.3904.108 Safari/537.36"
72.138.45.86 - - [04/Dec/2019:00:41:48 +0800] "GET /wp-content/plugins/table-of-contents-plus/screen.min.css HTTP/1.0" 200 456 "http://www.crazyant.net/920.html" "Mozilla/5.0 (Macintosh; Intel Mac OS X 10_14_5) AppleWebKit/537.36 (KHTML, like Gecko) Chrome/78.0.3904.108 Safari/537.36"
72.138.45.86 - - [04/Dec/2019:00:41:48 +0800] "GET /wp-content/plugins/wordpress-popular-posts/assets/css/wordpress-popular-posts-css.min.css HTTP/1.0" 200 229 "http://www.crazyant.net/920.html" "Mozilla/5.0 (Macintosh; Intel Mac OS X 10_14_5) AppleWebKit/537.36 (KHTML, like Gecko) Chrome/78.0.3904.108 Safari/537.36"
72.138.45.86 - - [04/Dec/2019:00:41:48 +0800] "GET /wp-content/themes/twentyfifteen/genericons/genericons.min.css HTTP/1.0" 200 16232 "http://www.crazyant.net/920.html" "Mozilla/5.0 (Macintosh; Intel Mac OS X 10_14_5) AppleWebKit/537.36 (KHTML, like Gecko) Chrome/78.0.3904.108 Safari/537.36"
72.138.45.86 - - [04/Dec/2019:00:41:48 +0800] "GET /wp-content/themes/twentyfifteen/twentyfifteen-style.min.css HTTP/1.0" 200 11037 "http://www.crazyant.net/920.html" "Mozilla/5.0 (Macintosh; Intel Mac OS X 10_14_5) AppleWebKit/537.36 (KHTML, like Gecko) Chrome/78.0.3904.108 Safari/537.36"
72.138.45.86 - - [04/Dec/2019:00:41:48 +0800] "GET /wp-content/themes/twentyfifteen/css/twentyfifteen-block-style.min.css HTTP/1.0" 200 1596 "http://www.crazyant.net/920.html" "Mozilla/5.0 (Macintosh; Intel Mac OS X 10_14_5) AppleWebKit/537.36 (KHTML, like Gecko) Chrome/78.0.3904.108 Safari/537.36"
72.138.45.86 - - [04/Dec/2019:00:41:48 +0800] "GET /wp-content/plugins/easy-fancybox/css/jquery.fancybox.min.css HTTP/1.0" 200 1111 "http://www.crazyant.net/920.html" "Mozilla/5.0 (Macintosh; Intel Mac OS X 10_14_5) AppleWebKit/537.36 (KHTML, like Gecko) Chrome/78.0.3904.108 Safari/537.36"
72.138.45.86 - - [04/Dec/2019:00:41:48 +0800] "GET /wp-includes/js/jquery/jquery.js HTTP/1.0" 200 33776 "http://www.crazyant.net/920.html" "Mozilla/5.0 (Macintosh; Intel Mac OS X 10_14_5) AppleWebKit/537.36 (KHTML, like Gecko) Chrome/78.0.3904.108 Safari/537.36"
72.138.45.86 - - [04/Dec/2019:00:41:48 +0800] "GET /wp-includes/js/jquery/jquery-migrate.min.js HTTP/1.0" 200 4014 "http://www.crazyant.net/920.html" "Mozilla/5.0 (Macintosh; Intel Mac OS X 10_14_5) AppleWebKit/537.36 (KHTML, like Gecko) Chrome/78.0.3904.108 Safari/537.36"
72.138.45.86 - - [04/Dec/2019:00:41:48 +0800] "GET /wp-content/uploads/siteground-optimizer-assets/bibblio_related_posts.min.js HTTP/1.0" 200 37 "http://www.crazyant.net/920.html" "Mozilla/5.0 (Macintosh; Intel Mac OS X 10_14_5) AppleWebKit/537.36 (KHTML, like Gecko) Chrome/78.0.3904.108 Safari/537.36"
72.138.45.86 - - [04/Dec/2019:00:41:48 +0800] "GET /wp-content/plugins/cardoza-3d-tag-cloud/jquery.tagcanvas.min.js HTTP/1.0" 200 8629 "http://www.crazyant.net/920.html" "Mozilla/5.0 (Macintosh; Intel Mac OS X 10_14_5) AppleWebKit/537.36 (KHTML, like Gecko) Chrome/78.0.3904.108 Safari/537.36"
72.138.45.86 - - [04/Dec/2019:00:41:48 +0800] "GET /wp-includes/js/wp-embed.min.js HTTP/1.0" 200 740 "http://www.crazyant.net/920.html" "Mozilla/5.0 (Macintosh; Intel Mac OS X 10_14_5) AppleWebKit/537.36 (KHTML, like Gecko) Chrome/78.0.3904.108 Safari/537.36"
72.138.45.86 - - [04/Dec/2019:00:41:48 +0800] "GET /wp-content/plugins/wordpress-popular-posts/assets/js/wpp-5.0.0.min.js HTTP/1.0" 200 744 "http://www.crazyant.net/920.html" "Mozilla/5.0 (Macintosh; Intel Mac OS X 10_14_5) AppleWebKit/537.36 (KHTML, like Gecko) Chrome/78.0.3904.108 Safari/537.36"
72.138.45.86 - - [04/Dec/2019:00:41:48 +0800] "GET /wp-content/uploads/2019/08/%E5%B0%8F%E5%9B%BE.jpg HTTP/1.0" 200 5582 "http://www.crazyant.net/920.html" "Mozilla/5.0 (Macintosh; Intel Mac OS X 10_14_5) AppleWebKit/537.36 (KHTML, like Gecko) Chrome/78.0.3904.108 Safari/537.36"
72.138.45.86 - - [04/Dec/2019:00:41:48 +0800] "GET /wp-content/plugins/table-of-contents-plus/front.min.js HTTP/1.0" 200 2349 "http://www.crazyant.net/920.html" "Mozilla/5.0 (Macintosh; Intel Mac OS X 10_14_5) AppleWebKit/537.36 (KHTML, like Gecko) Chrome/78.0.3904.108 Safari/537.36"
72.138.45.86 - - [04/Dec/2019:00:41:49 +0800] "GET /wp-includes/js/comment-reply.min.js HTTP/1.0" 200 1131 "http://www.crazyant.net/920.html" "Mozilla/5.0 (Macintosh; Intel Mac OS X 10_14_5) AppleWebKit/537.36 (KHTML, like Gecko) Chrome/78.0.3904.108 Safari/537.36"
72.138.45.86 - - [04/Dec/2019:00:41:49 +0800] "GET /wp-content/uploads/siteground-optimizer-assets/twentyfifteen-skip-link-focus-fix.min.js HTTP/1.0" 200 275 "http://www.crazyant.net/920.html" "Mozilla/5.0 (Macintosh; Intel Mac OS X 10_14_5) AppleWebKit/537.36 (KHTML, like Gecko) Chrome/78.0.3904.108 Safari/537.36"
72.138.45.86 - - [04/Dec/2019:00:41:49 +0800] "GET /wp-content/uploads/siteground-optimizer-assets/twentyfifteen-script.min.js HTTP/1.0" 200 1331 "http://www.crazyant.net/920.html" "Mozilla/5.0 (Macintosh; Intel Mac OS X 10_14_5) AppleWebKit/537.36 (KHTML, like Gecko) Chrome/78.0.3904.108 Safari/537.36"
72.138.45.86 - - [04/Dec/2019:00:41:49 +0800] "GET /wp-content/plugins/easy-fancybox/js/jquery.fancybox.min.js HTTP/1.0" 200 6330 "http://www.crazyant.net/920.html" "Mozilla/5.0 (Macintosh; Intel Mac OS X 10_14_5) AppleWebKit/537.36 (KHTML, like Gecko) Chrome/78.0.3904.108 Safari/537.36"
72.138.45.86 - - [04/Dec/2019:00:41:49 +0800] "GET /wp-content/plugins/easy-fancybox/js/jquery.easing.min.js HTTP/1.0" 200 767 "http://www.crazyant.net/920.html" "Mozilla/5.0 (Macintosh; Intel Mac OS X 10_14_5) AppleWebKit/537.36 (KHTML, like Gecko) Chrome/78.0.3904.108 Safari/537.36"
72.138.45.86 - - [04/Dec/2019:00:41:49 +0800] "GET /wp-content/plugins/easy-fancybox/js/jquery.mousewheel.min.js HTTP/1.0" 200 1145 "http://www.crazyant.net/920.html" "Mozilla/5.0 (Macintosh; Intel Mac OS X 10_14_5) AppleWebKit/537.36 (KHTML, like Gecko) Chrome/78.0.3904.108 Safari/537.36"
72.138.45.86 - - [04/Dec/2019:00:41:49 +0800] "GET /wp-content/uploads/siteground-optimizer-assets/akismet-form.min.js HTTP/1.0" 200 288 "http://www.crazyant.net/920.html" "Mozilla/5.0 (Macintosh; Intel Mac OS X 10_14_5) AppleWebKit/537.36 (KHTML, like Gecko) Chrome/78.0.3904.108 Safari/537.36"
72.138.45.86 - - [04/Dec/2019:00:41:49 +0800] "POST /wp-json/wordpress-popular-posts/v1/popular-posts HTTP/1.0" 201 55 "http://www.crazyant.net/920.html" "Mozilla/5.0 (Macintosh; Intel Mac OS X 10_14_5) AppleWebKit/537.36 (KHTML, like Gecko) Chrome/78.0.3904.108 Safari/537.36"
72.138.45.86 - - [04/Dec/2019:00:41:50 +0800] "GET /wp-content/uploads/2012/08/2012-8-18-225813_thumb.jpg HTTP/1.0" 200 16063 "http://www.crazyant.net/920.html" "Mozilla/5.0 (Macintosh; Intel Mac OS X 10_14_5) AppleWebKit/537.36 (KHTML, like Gecko) Chrome/78.0.3904.108 Safari/537.36"
72.138.45.86 - - [04/Dec/2019:00:41:51 +0800] "GET /favicon.ico HTTP/1.0" 200 - "http://www.crazyant.net/920.html" "Mozilla/5.0 (Macintosh; Intel Mac OS X 10_14_5) AppleWebKit/537.36 (KHTML, like Gecko) Chrome/78.0.3904.108 Safari/537.36"
54.36.150.38 - - [04/Dec/2019:00:41:58 +0800] "GET /page/18 HTTP/1.0" 200 11082 "-" "Mozilla/5.0 (compatible; AhrefsBot/6.1; +http://ahrefs.com/robot/)"
54.36.150.129 - - [04/Dec/2019:00:42:05 +0800] "GET /tag/echarts HTTP/1.0" 200 8632 "-" "Mozilla/5.0 (compatible; AhrefsBot/6.1; +http://ahrefs.com/robot/)"
146.66.92.61 - - [04/Dec/2019:00:42:40 +0800] "POST /wp-cron.php?doing_wp_cron=1575391360.0612089633941650390625 HTTP/1.0" 200 - "http://www.crazyant.net/wp-cron.php?doing_wp_cron=1575391360.0612089633941650390625" "WordPress/5.3; http://www.crazyant.net"
42.156.254.109 - - [04/Dec/2019:00:42:39 +0800] "GET /1810.html HTTP/1.0" 200 13655 "-" "Mozilla/5.0 (Windows NT 6.1; Win64; x64) AppleWebKit/537.36 (KHTML, like Gecko) Chrome/69.0.3497.81 YisouSpider/5.0 Safari/537.36"
40.77.189.105 - - [04/Dec/2019:00:44:04 +0800] "GET /wp-content/plugins/cardoza-3d-tag-cloud//public/css/my-style.min.css HTTP/1.0" 200 318 "-" "Mozilla/5.0 (Windows NT 6.1; WOW64) AppleWebKit/534+ (KHTML, like Gecko) BingPreview/1.0b"
66.249.79.27 - - [04/Dec/2019:00:44:12 +0800] "GET /454.html HTTP/1.0" 200 13520 "-" "Mozilla/5.0 (Linux; Android 6.0.1; Nexus 5X Build/MMB29P) AppleWebKit/537.36 (KHTML, like Gecko) Chrome/41.0.2272.96 Mobile Safari/537.36 (compatible; Googlebot/2.1; +http://www.google.com/bot.html)"
66.249.79.29 - - [04/Dec/2019:00:44:14 +0800] "GET /2574.html HTTP/1.0" 200 11842 "-" "Mozilla/5.0 (compatible; Googlebot/2.1; +http://www.google.com/bot.html)"
113.88.15.159 - - [04/Dec/2019:00:46:07 +0800] "GET /1946.html HTTP/1.0" 200 11071 "https://www.google.com/" "Mozilla/5.0 (Macintosh; Intel Mac OS X 10_14_6) AppleWebKit/537.36 (KHTML, like Gecko) Chrome/78.0.3904.108 Safari/537.36"
113.88.15.159 - - [04/Dec/2019:00:46:09 +0800] "GET /wp-includes/css/dist/block-library/style.min.css HTTP/1.1" 200 6163 "http://www.crazyant.net/1946.html" "Mozilla/5.0 (Macintosh; Intel Mac OS X 10_14_6) AppleWebKit/537.36 (KHTML, like Gecko) Chrome/78.0.3904.108 Safari/537.36"
113.88.15.159 - - [04/Dec/2019:00:46:09 +0800] "GET /wp-includes/css/dist/block-library/theme.min.css HTTP/1.1" 200 639 "http://www.crazyant.net/1946.html" "Mozilla/5.0 (Macintosh; Intel Mac OS X 10_14_6) AppleWebKit/537.36 (KHTML, like Gecko) Chrome/78.0.3904.108 Safari/537.36"
113.88.15.159 - - [04/Dec/2019:00:46:09 +0800] "GET /wp-content/plugins/bibblio-related-posts/public/css/bibblio_related_posts.min.css HTTP/1.1" 200 42 "http://www.crazyant.net/1946.html" "Mozilla/5.0 (Macintosh; Intel Mac OS X 10_14_6) AppleWebKit/537.36 (KHTML, like Gecko) Chrome/78.0.3904.108 Safari/537.36"
113.88.15.159 - - [04/Dec/2019:00:46:10 +0800] "GET /wp-content/plugins/cardoza-3d-tag-cloud//public/css/my-style.min.css HTTP/1.1" 200 218 "http://www.crazyant.net/1946.html" "Mozilla/5.0 (Macintosh; Intel Mac OS X 10_14_6) AppleWebKit/537.36 (KHTML, like Gecko) Chrome/78.0.3904.108 Safari/537.36"
113.88.15.159 - - [04/Dec/2019:00:46:10 +0800] "GET /wp-content/plugins/table-of-contents-plus/screen.min.css HTTP/1.1" 200 456 "http://www.crazyant.net/1946.html" "Mozilla/5.0 (Macintosh; Intel Mac OS X 10_14_6) AppleWebKit/537.36 (KHTML, like Gecko) Chrome/78.0.3904.108 Safari/537.36"
113.88.15.159 - - [04/Dec/2019:00:46:10 +0800] "GET /wp-content/plugins/wordpress-popular-posts/assets/css/wordpress-popular-posts-css.min.css HTTP/1.1" 200 229 "http://www.crazyant.net/1946.html" "Mozilla/5.0 (Macintosh; Intel Mac OS X 10_14_6) AppleWebKit/537.36 (KHTML, like Gecko) Chrome/78.0.3904.108 Safari/537.36"
113.88.15.159 - - [04/Dec/2019:00:46:10 +0800] "GET /wp-content/themes/twentyfifteen/genericons/genericons.min.css HTTP/1.1" 200 16232 "http://www.crazyant.net/1946.html" "Mozilla/5.0 (Macintosh; Intel Mac OS X 10_14_6) AppleWebKit/537.36 (KHTML, like Gecko) Chrome/78.0.3904.108 Safari/537.36"
113.88.15.159 - - [04/Dec/2019:00:46:11 +0800] "GET /wp-content/themes/twentyfifteen/twentyfifteen-style.min.css HTTP/1.1" 200 11037 "http://www.crazyant.net/1946.html" "Mozilla/5.0 (Macintosh; Intel Mac OS X 10_14_6) AppleWebKit/537.36 (KHTML, like Gecko) Chrome/78.0.3904.108 Safari/537.36"
113.88.15.159 - - [04/Dec/2019:00:46:11 +0800] "GET /wp-content/themes/twentyfifteen/css/twentyfifteen-block-style.min.css HTTP/1.1" 200 1596 "http://www.crazyant.net/1946.html" "Mozilla/5.0 (Macintosh; Intel Mac OS X 10_14_6) AppleWebKit/537.36 (KHTML, like Gecko) Chrome/78.0.3904.108 Safari/537.36"
113.88.15.159 - - [04/Dec/2019:00:46:12 +0800] "GET /wp-content/plugins/easy-fancybox/css/jquery.fancybox.min.css HTTP/1.1" 200 1111 "http://www.crazyant.net/1946.html" "Mozilla/5.0 (Macintosh; Intel Mac OS X 10_14_6) AppleWebKit/537.36 (KHTML, like Gecko) Chrome/78.0.3904.108 Safari/537.36"
113.88.15.159 - - [04/Dec/2019:00:46:15 +0800] "GET /wp-content/uploads/2016/05/QQ20160526-0.png HTTP/1.0" 200 9058 "http://www.crazyant.net/1946.html" "Mozilla/5.0 (Macintosh; Intel Mac OS X 10_14_6) AppleWebKit/537.36 (KHTML, like Gecko) Chrome/78.0.3904.108 Safari/537.36"
113.88.15.159 - - [04/Dec/2019:00:46:16 +0800] "GET /wp-content/uploads/2016/05/QQ20160526-1.png HTTP/1.0" 200 152042 "http://www.crazyant.net/1946.html" "Mozilla/5.0 (Macintosh; Intel Mac OS X 10_14_6) AppleWebKit/537.36 (KHTML, like Gecko) Chrome/78.0.3904.108 Safari/537.36"
113.88.15.159 - - [04/Dec/2019:00:46:16 +0800] "POST /wp-json/wordpress-popular-posts/v1/popular-posts HTTP/1.0" 201 55 "http://www.crazyant.net/1946.html" "Mozilla/5.0 (Macintosh; Intel Mac OS X 10_14_6) AppleWebKit/537.36 (KHTML, like Gecko) Chrome/78.0.3904.108 Safari/537.36"
113.88.15.159 - - [04/Dec/2019:00:46:13 +0800] "GET /wp-includes/js/jquery/jquery.js HTTP/1.1" 200 33776 "http://www.crazyant.net/1946.html" "Mozilla/5.0 (Macintosh; Intel Mac OS X 10_14_6) AppleWebKit/537.36 (KHTML, like Gecko) Chrome/78.0.3904.108 Safari/537.36"
113.88.15.159 - - [04/Dec/2019:00:46:13 +0800] "GET /wp-includes/js/jquery/jquery-migrate.min.js HTTP/1.1" 200 4014 "http://www.crazyant.net/1946.html" "Mozilla/5.0 (Macintosh; Intel Mac OS X 10_14_6) AppleWebKit/537.36 (KHTML, like Gecko) Chrome/78.0.3904.108 Safari/537.36"
113.88.15.159 - - [04/Dec/2019:00:46:14 +0800] "GET /wp-includes/js/wp-embed.min.js HTTP/1.1" 200 740 "http://www.crazyant.net/1946.html" "Mozilla/5.0 (Macintosh; Intel Mac OS X 10_14_6) AppleWebKit/537.36 (KHTML, like Gecko) Chrome/78.0.3904.108 Safari/537.36"
113.88.15.159 - - [04/Dec/2019:00:46:14 +0800] "GET /wp-content/uploads/siteground-optimizer-assets/bibblio_related_posts.min.js HTTP/1.1" 200 37 "http://www.crazyant.net/1946.html" "Mozilla/5.0 (Macintosh; Intel Mac OS X 10_14_6) AppleWebKit/537.36 (KHTML, like Gecko) Chrome/78.0.3904.108 Safari/537.36"
113.88.15.159 - - [04/Dec/2019:00:46:15 +0800] "GET /wp-content/plugins/wordpress-popular-posts/assets/js/wpp-5.0.0.min.js HTTP/1.1" 200 744 "http://www.crazyant.net/1946.html" "Mozilla/5.0 (Macintosh; Intel Mac OS X 10_14_6) AppleWebKit/537.36 (KHTML, like Gecko) Chrome/78.0.3904.108 Safari/537.36"
113.88.15.159 - - [04/Dec/2019:00:46:15 +0800] "GET /wp-content/plugins/cardoza-3d-tag-cloud/jquery.tagcanvas.min.js HTTP/1.1" 200 8629 "http://www.crazyant.net/1946.html" "Mozilla/5.0 (Macintosh; Intel Mac OS X 10_14_6) AppleWebKit/537.36 (KHTML, like Gecko) Chrome/78.0.3904.108 Safari/537.36"
