49.70.60.172 - - [07/Dec/2019:01:45:41 +0800] "POST /include/taglib/jr.lib.php HTTP/1.0" 404 35012 "http://www.crazyant.net/include/taglib/jr.lib.php" "Mozilla/4.0 (compatible; MSIE 9.0; Windows NT 6.1)"
49.70.60.172 - - [07/Dec/2019:01:45:45 +0800] "POST /plus/read.php HTTP/1.0" 404 35012 "http://www.crazyant.net/plus/read.php" "Mozilla/4.0 (compatible; MSIE 9.0; Windows NT 6.1)"
49.70.60.172 - - [07/Dec/2019:01:45:50 +0800] "POST /data/cache/flye.php HTTP/1.0" 404 35012 "http://www.crazyant.net/data/cache/flye.php" "Mozilla/4.0 (compatible; MSIE 9.0; Windows NT 6.1)"
49.70.60.172 - - [07/Dec/2019:01:45:54 +0800] "POST /fuck.php HTTP/1.0" 404 35012 "http://www.crazyant.net/fuck.php" "Mozilla/4.0 (compatible; MSIE 9.0; Windows NT 6.1)"
49.70.60.172 - - [07/Dec/2019:01:45:59 +0800] "POST /include/common.inc.php HTTP/1.0" 404 35012 "http://www.crazyant.net/include/common.inc.php" "Mozilla/4.0 (compatible; MSIE 9.0; Windows NT 6.1)"
180.163.220.68 - - [07/Dec/2019:01:46:08 +0800] "GET /%E5%85%B3%E4%BA%8E HTTP/1.0" 200 9263 "-" "Mozilla/5.0 (Windows NT 6.1) AppleWebKit/537.36 (KHTML, like Gecko) baidu.sogo.uc.Chrome/36.0.1985.125 Safari/537.36"
180.163.220.68 - - [07/Dec/2019:01:46:14 +0800] "GET /wp-includes/css/dist/block-library/style.min.css HTTP/1.0" 200 6163 "http://www.crazyant.net/%E5%85%B3%E4%BA%8E" "Mozilla/5.0 (Windows NT 6.1) AppleWebKit/537.36 (KHTML, like Gecko) baidu.sogo.uc.Chrome/36.0.1985.125 Safari/537.36"
180.163.220.66 - - [07/Dec/2019:01:46:14 +0800] "GET /wp-includes/css/dist/block-library/theme.min.css HTTP/1.0" 200 639 "http://www.crazyant.net/%E5%85%B3%E4%BA%8E" "Mozilla/5.0 (Windows NT 6.1) AppleWebKit/537.36 (KHTML, like Gecko) baidu.sogo.uc.Chrome/36.0.1985.125 Safari/537.36"
180.163.220.5 - - [07/Dec/2019:01:46:15 +0800] "GET /wp-content/plugins/bibblio-related-posts/public/css/bibblio_related_posts.min.css HTTP/1.0" 200 42 "http://www.crazyant.net/%E5%85%B3%E4%BA%8E" "Mozilla/5.0 (Windows NT 6.1) AppleWebKit/537.36 (KHTML, like Gecko) baidu.sogo.uc.Chrome/36.0.1985.125 Safari/537.36"
180.163.220.3 - - [07/Dec/2019:01:46:15 +0800] "GET /wp-content/plugins/cardoza-3d-tag-cloud//public/css/my-style.min.css HTTP/1.0" 200 218 "http://www.crazyant.net/%E5%85%B3%E4%BA%8E" "Mozilla/5.0 (Windows NT 6.1) AppleWebKit/537.36 (KHTML, like Gecko) baidu.sogo.uc.Chrome/36.0.1985.125 Safari/537.36"
180.163.220.66 - - [07/Dec/2019:01:46:15 +0800] "GET /wp-content/plugins/table-of-contents-plus/screen.min.css HTTP/1.0" 200 456 "http://www.crazyant.net/%E5%85%B3%E4%BA%8E" "Mozilla/5.0 (Windows NT 6.1) AppleWebKit/537.36 (KHTML, like Gecko) baidu.sogo.uc.Chrome/36.0.1985.125 Safari/537.36"
180.163.220.68 - - [07/Dec/2019:01:46:15 +0800] "GET /wp-content/plugins/wordpress-popular-posts/assets/css/wordpress-popular-posts-css.min.css HTTP/1.0" 200 229 "http://www.crazyant.net/%E5%85%B3%E4%BA%8E" "Mozilla/5.0 (Windows NT 6.1) AppleWebKit/537.36 (KHTML, like Gecko) baidu.sogo.uc.Chrome/36.0.1985.125 Safari/537.36"
180.163.220.67 - - [07/Dec/2019:01:46:16 +0800] "GET /wp-content/themes/twentyfifteen/twentyfifteen-style.min.css HTTP/1.0" 200 11037 "http://www.crazyant.net/%E5%85%B3%E4%BA%8E" "Mozilla/5.0 (Windows NT 6.1) AppleWebKit/537.36 (KHTML, like Gecko) baidu.sogo.uc.Chrome/36.0.1985.125 Safari/537.36"
180.163.220.66 - - [07/Dec/2019:01:46:16 +0800] "GET /wp-content/themes/twentyfifteen/genericons/genericons.min.css HTTP/1.0" 200 16232 "http://www.crazyant.net/%E5%85%B3%E4%BA%8E" "Mozilla/5.0 (Windows NT 6.1) AppleWebKit/537.36 (KHTML, like Gecko) baidu.sogo.uc.Chrome/36.0.1985.125 Safari/537.36"
180.163.220.5 - - [07/Dec/2019:01:46:16 +0800] "GET /wp-content/themes/twentyfifteen/css/twentyfifteen-block-style.min.css HTTP/1.0" 200 1596 "http://www.crazyant.net/%E5%85%B3%E4%BA%8E" "Mozilla/5.0 (Windows NT 6.1) AppleWebKit/537.36 (KHTML, like Gecko) baidu.sogo.uc.Chrome/36.0.1985.125 Safari/537.36"
180.163.220.3 - - [07/Dec/2019:01:46:17 +0800] "GET /wp-content/plugins/easy-fancybox/css/jquery.fancybox.min.css HTTP/1.0" 200 1111 "http://www.crazyant.net/%E5%85%B3%E4%BA%8E" "Mozilla/5.0 (Windows NT 6.1) AppleWebKit/537.36 (KHTML, like Gecko) baidu.sogo.uc.Chrome/36.0.1985.125 Safari/537.36"
180.163.220.68 - - [07/Dec/2019:01:46:18 +0800] "GET /%E5%85%B3%E4%BA%8E HTTP/1.0" 200 9263 "http://baidu.com/" "Mozilla/5.0 (Windows NT 6.1) AppleWebKit/537.36 (KHTML, like Gecko) baidu.sogo.uc.Chrome/36.0.1985.125 Safari/537.36"
180.163.220.67 - - [07/Dec/2019:01:46:18 +0800] "GET /wp-includes/js/jquery/jquery.js HTTP/1.0" 200 33776 "http://www.crazyant.net/%E5%85%B3%E4%BA%8E" "Mozilla/5.0 (Windows NT 6.1) AppleWebKit/537.36 (KHTML, like Gecko) baidu.sogo.uc.Chrome/36.0.1985.125 Safari/537.36"
180.163.220.5 - - [07/Dec/2019:01:46:19 +0800] "GET /wp-includes/js/jquery/jquery-migrate.min.js HTTP/1.0" 200 4014 "http://www.crazyant.net/%E5%85%B3%E4%BA%8E" "Mozilla/5.0 (Windows NT 6.1) AppleWebKit/537.36 (KHTML, like Gecko) baidu.sogo.uc.Chrome/36.0.1985.125 Safari/537.36"
180.163.220.5 - - [07/Dec/2019:01:46:22 +0800] "GET /wp-includes/css/dist/block-library/theme.min.css HTTP/1.1" 200 639 "http://www.crazyant.net/%E5%85%B3%E4%BA%8E" "Mozilla/5.0 (Windows NT 6.1) AppleWebKit/537.36 (KHTML, like Gecko) baidu.sogo.uc.Chrome/36.0.1985.125 Safari/537.36"
180.163.220.68 - - [07/Dec/2019:01:46:22 +0800] "GET /wp-includes/css/dist/block-library/style.min.css HTTP/1.1" 200 6163 "http://www.crazyant.net/%E5%85%B3%E4%BA%8E" "Mozilla/5.0 (Windows NT 6.1) AppleWebKit/537.36 (KHTML, like Gecko) baidu.sogo.uc.Chrome/36.0.1985.125 Safari/537.36"
180.163.220.3 - - [07/Dec/2019:01:46:22 +0800] "GET /wp-content/plugins/bibblio-related-posts/public/css/bibblio_related_posts.min.css HTTP/1.1" 200 42 "http://www.crazyant.net/%E5%85%B3%E4%BA%8E" "Mozilla/5.0 (Windows NT 6.1) AppleWebKit/537.36 (KHTML, like Gecko) baidu.sogo.uc.Chrome/36.0.1985.125 Safari/537.36"
180.163.220.5 - - [07/Dec/2019:01:46:22 +0800] "GET /wp-content/plugins/cardoza-3d-tag-cloud//public/css/my-style.min.css HTTP/1.1" 200 218 "http://www.crazyant.net/%E5%85%B3%E4%BA%8E" "Mozilla/5.0 (Windows NT 6.1) AppleWebKit/537.36 (KHTML, like Gecko) baidu.sogo.uc.Chrome/36.0.1985.125 Safari/537.36"
180.163.220.5 - - [07/Dec/2019:01:46:24 +0800] "GET /wp-content/plugins/table-of-contents-plus/screen.min.css HTTP/1.1" 200 456 "http://www.crazyant.net/%E5%85%B3%E4%BA%8E" "Mozilla/5.0 (Windows NT 6.1) AppleWebKit/537.36 (KHTML, like Gecko) baidu.sogo.uc.Chrome/36.0.1985.125 Safari/537.36"
180.163.220.66 - - [07/Dec/2019:01:46:24 +0800] "GET /wp-content/themes/twentyfifteen/genericons/genericons.min.css HTTP/1.1" 200 16232 "http://www.crazyant.net/%E5%85%B3%E4%BA%8E" "Mozilla/5.0 (Windows NT 6.1) AppleWebKit/537.36 (KHTML, like Gecko) baidu.sogo.uc.Chrome/36.0.1985.125 Safari/537.36"
180.163.220.66 - - [07/Dec/2019:01:46:24 +0800] "GET /wp-content/plugins/wordpress-popular-posts/assets/css/wordpress-popular-posts-css.min.css HTTP/1.1" 200 229 "http://www.crazyant.net/%E5%85%B3%E4%BA%8E" "Mozilla/5.0 (Windows NT 6.1) AppleWebKit/537.36 (KHTML, like Gecko) baidu.sogo.uc.Chrome/36.0.1985.125 Safari/537.36"
180.163.220.5 - - [07/Dec/2019:01:46:24 +0800] "GET /wp-content/themes/twentyfifteen/twentyfifteen-style.min.css HTTP/1.1" 200 11037 "http://www.crazyant.net/%E5%85%B3%E4%BA%8E" "Mozilla/5.0 (Windows NT 6.1) AppleWebKit/537.36 (KHTML, like Gecko) baidu.sogo.uc.Chrome/36.0.1985.125 Safari/537.36"
180.163.220.3 - - [07/Dec/2019:01:46:25 +0800] "GET /wp-content/themes/twentyfifteen/css/twentyfifteen-block-style.min.css HTTP/1.1" 200 1596 "http://www.crazyant.net/%E5%85%B3%E4%BA%8E" "Mozilla/5.0 (Windows NT 6.1) AppleWebKit/537.36 (KHTML, like Gecko) baidu.sogo.uc.Chrome/36.0.1985.125 Safari/537.36"
180.163.220.68 - - [07/Dec/2019:01:46:25 +0800] "GET /wp-content/plugins/easy-fancybox/css/jquery.fancybox.min.css HTTP/1.1" 200 1111 "http://www.crazyant.net/%E5%85%B3%E4%BA%8E" "Mozilla/5.0 (Windows NT 6.1) AppleWebKit/537.36 (KHTML, like Gecko) baidu.sogo.uc.Chrome/36.0.1985.125 Safari/537.36"
180.163.220.5 - - [07/Dec/2019:01:46:26 +0800] "GET /wp-includes/js/jquery/jquery.js HTTP/1.1" 200 33776 "http://www.crazyant.net/%E5%85%B3%E4%BA%8E" "Mozilla/5.0 (Windows NT 6.1) AppleWebKit/537.36 (KHTML, like Gecko) baidu.sogo.uc.Chrome/36.0.1985.125 Safari/537.36"
180.163.220.66 - - [07/Dec/2019:01:46:26 +0800] "GET /wp-includes/js/jquery/jquery-migrate.min.js HTTP/1.1" 200 4014 "http://www.crazyant.net/%E5%85%B3%E4%BA%8E" "Mozilla/5.0 (Windows NT 6.1) AppleWebKit/537.36 (KHTML, like Gecko) baidu.sogo.uc.Chrome/36.0.1985.125 Safari/537.36"
180.163.220.66 - - [07/Dec/2019:01:46:29 +0800] "GET /wp-includes/js/wp-embed.min.js HTTP/1.0" 200 740 "http://www.crazyant.net/%E5%85%B3%E4%BA%8E" "Mozilla/5.0 (Windows NT 6.1) AppleWebKit/537.36 (KHTML, like Gecko) baidu.sogo.uc.Chrome/36.0.1985.125 Safari/537.36"
180.163.220.67 - - [07/Dec/2019:01:46:40 +0800] "GET /wp-content/uploads/2019/08/%E5%B0%8F%E5%9B%BE.jpg HTTP/1.1" 200 5582 "http://www.crazyant.net/%E5%85%B3%E4%BA%8E" "Mozilla/5.0 (Windows NT 6.1) AppleWebKit/537.36 (KHTML, like Gecko) baidu.sogo.uc.Chrome/36.0.1985.125 Safari/537.36"
180.163.220.4 - - [07/Dec/2019:01:46:40 +0800] "GET /wp-content/uploads/siteground-optimizer-assets/bibblio_related_posts.min.js HTTP/1.0" 200 37 "http://www.crazyant.net/%E5%85%B3%E4%BA%8E" "Mozilla/5.0 (Windows NT 6.1) AppleWebKit/537.36 (KHTML, like Gecko) baidu.sogo.uc.Chrome/36.0.1985.125 Safari/537.36"
180.163.220.3 - - [07/Dec/2019:01:46:40 +0800] "GET /wp-content/plugins/cardoza-3d-tag-cloud/jquery.tagcanvas.min.js HTTP/1.0" 200 8629 "http://www.crazyant.net/%E5%85%B3%E4%BA%8E" "Mozilla/5.0 (Windows NT 6.1) AppleWebKit/537.36 (KHTML, like Gecko) baidu.sogo.uc.Chrome/36.0.1985.125 Safari/537.36"
180.163.220.3 - - [07/Dec/2019:01:46:40 +0800] "GET /wp-content/uploads/2019/07/qrcode_for_gh_a3ac1e9bc528_860-1-150x150.jpg HTTP/1.0" 200 10077 "http://www.crazyant.net/%E5%85%B3%E4%BA%8E" "Mozilla/5.0 (Windows NT 6.1) AppleWebKit/537.36 (KHTML, like Gecko) baidu.sogo.uc.Chrome/36.0.1985.125 Safari/537.36"
180.163.220.4 - - [07/Dec/2019:01:46:40 +0800] "GET /wp-content/plugins/wordpress-popular-posts/assets/js/wpp-5.0.0.min.js HTTP/1.0" 200 744 "http://www.crazyant.net/%E5%85%B3%E4%BA%8E" "Mozilla/5.0 (Windows NT 6.1) AppleWebKit/537.36 (KHTML, like Gecko) baidu.sogo.uc.Chrome/36.0.1985.125 Safari/537.36"
180.163.220.66 - - [07/Dec/2019:01:46:41 +0800] "GET /wp-content/uploads/2019/07/WechatIMG136-150x150.jpeg HTTP/1.0" 200 9507 "http://www.crazyant.net/%E5%85%B3%E4%BA%8E" "Mozilla/5.0 (Windows NT 6.1) AppleWebKit/537.36 (KHTML, like Gecko) baidu.sogo.uc.Chrome/36.0.1985.125 Safari/537.36"
54.36.148.249 - - [07/Dec/2019:01:46:47 +0800] "GET /wp-content/uploads/2014/08/7.png HTTP/1.0" 200 2448 "-" "Mozilla/5.0 (compatible; AhrefsBot/6.1; +http://ahrefs.com/robot/)"
106.11.152.246 - - [07/Dec/2019:01:47:51 +0800] "GET /1861.html?replytocom=21182 HTTP/1.0" 200 11948 "-" "YisouSpider"
66.249.79.29 - - [07/Dec/2019:01:48:34 +0800] "GET /414.html HTTP/1.0" 200 12767 "-" "Mozilla/5.0 (Linux; Android 6.0.1; Nexus 5X Build/MMB29P) AppleWebKit/537.36 (KHTML, like Gecko) Chrome/41.0.2272.96 Mobile Safari/537.36 (compatible; Googlebot/2.1; +http://www.google.com/bot.html)"
54.210.230.61 - - [07/Dec/2019:01:49:05 +0800] "GET /category/hive/feed HTTP/1.0" 200 2991 "https://www.google.com/" "Mozilla/5.0 (Windows NT 6.1; Win64; x64) AppleWebKit/537.36 (KHTML, like Gecko) Chrome/60.0.3112.90 Safari/537.36"
222.129.54.23 - - [07/Dec/2019:01:49:10 +0800] "GET /feed HTTP/1.0" 200 4779 "-" "ReadKit/2.4.3 (Mac OS X Version 10.15.1 (Build 19B88))"
220.181.108.78 - - [07/Dec/2019:01:49:55 +0800] "GET /1440.html/feed HTTP/1.1" 444 0 "-" "Mozilla/5.0 (compatible; Baiduspider/2.0; +http://www.baidu.com/search/spider.html)"
199.119.124.44 - - [07/Dec/2019:01:50:11 +0800] "GET /feed HTTP/1.0" 200 4779 "-" "Mozilla/5.0 (compatible; theoldreader.com; 2 subscribers; feed-id=7056e7e642f50c29e34a6c19)"
54.36.150.21 - - [07/Dec/2019:01:50:26 +0800] "GET /1980.html HTTP/1.0" 200 12264 "-" "Mozilla/5.0 (compatible; AhrefsBot/6.1; +http://ahrefs.com/robot/)"
207.46.13.38 - - [07/Dec/2019:01:50:50 +0800] "GET /2124.html?uwtoli=ohppy HTTP/1.0" 200 14289 "-" "Mozilla/5.0 (compatible; bingbot/2.0; +http://www.bing.com/bingbot.htm)"
54.36.150.72 - - [07/Dec/2019:01:53:18 +0800] "GET /1072.html HTTP/1.0" 200 10816 "-" "Mozilla/5.0 (compatible; AhrefsBot/6.1; +http://ahrefs.com/robot/)"
54.36.150.87 - - [07/Dec/2019:01:54:04 +0800] "GET /author/peishuai1987 HTTP/1.0" 200 10497 "-" "Mozilla/5.0 (compatible; AhrefsBot/6.1; +http://ahrefs.com/robot/)"
54.36.150.11 - - [07/Dec/2019:01:54:53 +0800] "GET /1326.html/feed HTTP/1.0" 200 732 "-" "Mozilla/5.0 (compatible; AhrefsBot/6.1; +http://ahrefs.com/robot/)"
207.46.13.38 - - [07/Dec/2019:01:55:04 +0800] "GET /1465.html HTTP/1.0" 200 11743 "-" "Mozilla/5.0 (compatible; bingbot/2.0; +http://www.bing.com/bingbot.htm)"
157.55.39.54 - - [07/Dec/2019:01:55:40 +0800] "GET /1835.html HTTP/1.0" 200 11669 "-" "Mozilla/5.0 (compatible; bingbot/2.0; +http://www.bing.com/bingbot.htm)"
106.11.158.235 - - [07/Dec/2019:01:56:36 +0800] "GET /2120.html?replytocom=20909&utm_medium=hao.caibaojian.com&utm_source=hao.caibaojian.com HTTP/1.0" 200 13312 "-" "YisouSpider"
220.181.108.120 - - [07/Dec/2019:01:57:27 +0800] "GET /1689.html/comment-page-1 HTTP/1.1" 444 0 "-" "Mozilla/5.0 (compatible; Baiduspider/2.0; +http://www.baidu.com/search/spider.html)"
92.38.129.153 - - [07/Dec/2019:01:57:30 +0800] "GET /feed/ HTTP/1.0" 301 - "-" "Tiny Tiny RSS/19.02 (http://tt-rss.org/)"
92.38.129.153 - - [07/Dec/2019:01:57:31 +0800] "GET /feed HTTP/1.0" 200 4779 "-" "Tiny Tiny RSS/19.02 (http://tt-rss.org/)"
66.249.79.27 - - [07/Dec/2019:02:00:11 +0800] "GET /2525.html HTTP/1.0" 200 12651 "-" "Mozilla/5.0 (Linux; Android 6.0.1; Nexus 5X Build/MMB29P) AppleWebKit/537.36 (KHTML, like Gecko) Chrome/41.0.2272.96 Mobile Safari/537.36 (compatible; Googlebot/2.1; +http://www.google.com/bot.html)"
137.74.38.160 - - [07/Dec/2019:02:00:12 +0800] "GET /feed/ HTTP/1.0" 301 - "-" "Tiny Tiny RSS/19.8 (f609065) (http://tt-rss.org/)"
137.74.38.160 - - [07/Dec/2019:02:00:13 +0800] "GET /feed HTTP/1.0" 200 4779 "-" "Tiny Tiny RSS/19.8 (f609065) (http://tt-rss.org/)"
111.202.100.137 - - [07/Dec/2019:02:00:31 +0800] "GET /?s=%E4%BA%AC%E4%B8%9C%E8%81%94%E7%9B%9F%E7%99%BB%E9%99%86%E4%B8%8D%E4%B8%8A%E5%8E%BB%E6%80%8E%E4%B9%88%E5%8A%9E%E3%80%90%E7%81%B0%E4%BF%A1gylm555%E3%80%91 HTTP/1.0" 200 8358 "-" "Sogou web spider/4.0(+http://www.sogou.com/docs/help/webmasters.htm#07)"
54.36.150.32 - - [07/Dec/2019:02:00:43 +0800] "GET / HTTP/1.0" 301 - "-" "Mozilla/5.0 (compatible; AhrefsBot/6.1; +http://ahrefs.com/robot/)"
49.70.57.60 - - [07/Dec/2019:02:01:13 +0800] "POST /Include/Functionl.asp HTTP/1.0" 404 35012 "http://www.crazyant.net/Include/Functionl.asp" "Mozilla/4.0 (compatible; MSIE 9.0; Windows NT 6.1)"
49.70.57.60 - - [07/Dec/2019:02:01:19 +0800] "POST /Inc/md5.asp HTTP/1.0" 404 35012 "http://www.crazyant.net/Inc/md5.asp" "Mozilla/4.0 (compatible; MSIE 9.0; Windows NT 6.1)"
49.70.57.60 - - [07/Dec/2019:02:01:22 +0800] "POST /inc/md5.asp HTTP/1.0" 404 35012 "http://www.crazyant.net/inc/md5.asp" "Mozilla/4.0 (compatible; MSIE 9.0; Windows NT 6.1)"
49.70.57.60 - - [07/Dec/2019:02:01:26 +0800] "POST /inc/md5.asp HTTP/1.0" 404 35012 "http://www.crazyant.net/inc/md5.asp" "Mozilla/4.0 (compatible; MSIE 9.0; Windows NT 6.1)"
49.70.57.60 - - [07/Dec/2019:02:01:30 +0800] "POST /inc/md5.asp HTTP/1.0" 404 35012 "http://www.crazyant.net/inc/md5.asp" "Mozilla/4.0 (compatible; MSIE 9.0; Windows NT 6.1)"
49.70.57.60 - - [07/Dec/2019:02:01:33 +0800] "POST /inc/md5.asp HTTP/1.0" 404 35012 "http://www.crazyant.net/inc/md5.asp" "Mozilla/4.0 (compatible; MSIE 9.0; Windows NT 6.1)"
157.55.39.229 - - [07/Dec/2019:02:01:35 +0800] "GET /1957.html HTTP/1.0" 200 12910 "-" "Mozilla/5.0 (iPhone; CPU iPhone OS 7_0 like Mac OS X) AppleWebKit/537.51.1 (KHTML, like Gecko) Version/7.0 Mobile/11A465 Safari/9537.53 (compatible; bingbot/2.0; +http://www.bing.com/bingbot.htm)"
49.70.57.60 - - [07/Dec/2019:02:01:36 +0800] "POST /inc/config.asp HTTP/1.0" 404 35012 "http://www.crazyant.net/inc/config.asp" "Mozilla/4.0 (compatible; MSIE 9.0; Windows NT 6.1)"
49.70.57.60 - - [07/Dec/2019:02:01:41 +0800] "POST /config/AspCms_Config.asp HTTP/1.0" 404 35012 "http://www.crazyant.net/config/AspCms_Config.asp" "Mozilla/4.0 (compatible; MSIE 9.0; Windows NT 6.1)"
121.234.238.176 - - [07/Dec/2019:02:01:48 +0800] "POST /concon.asp HTTP/1.0" 404 35012 "http://www.crazyant.net/concon.asp" "Mozilla/4.0 (compatible; MSIE 9.0; Windows NT 6.1)"
121.234.238.176 - - [07/Dec/2019:02:01:52 +0800] "POST /Include/base64.asp HTTP/1.0" 404 35012 "http://www.crazyant.net/Include/base64.asp" "Mozilla/4.0 (compatible; MSIE 9.0; Windows NT 6.1)"
66.249.79.27 - - [07/Dec/2019:02:02:10 +0800] "POST /wp-json/wordpress-popular-posts/v1/popular-posts HTTP/1.0" 201 55 "http://www.crazyant.net/414.html" "Mozilla/5.0 (Linux; Android 6.0.1; Nexus 5X Build/MMB29P) AppleWebKit/537.36 (KHTML, like Gecko) Chrome/41.0.2272.96 Mobile Safari/537.36 (compatible; Googlebot/2.1; +http://www.google.com/bot.html)"
111.202.100.137 - - [07/Dec/2019:02:02:46 +0800] "GET /?s=%E6%B7%98%E5%AE%9D%E8%81%94%E7%9B%9F%E8%87%AA%E5%8A%A8%E8%B5%9A%E9%92%B1%E8%BD%AF%E4%BB%B6%E5%8F%AB%E4%BB%80%E4%B9%88%E5%AF%BC%E5%B8%88%E5%BE%AEgylm555%E3%80%91 HTTP/1.0" 200 8372 "-" "Sogou web spider/4.0(+http://www.sogou.com/docs/help/webmasters.htm#07)"
157.55.39.54 - - [07/Dec/2019:02:02:58 +0800] "GET /wp-content/uploads/siteground-optimizer-assets/akismet-form.min.js HTTP/1.0" 200 288 "-" "Mozilla/5.0 (iPhone; CPU iPhone OS 7_0 like Mac OS X) AppleWebKit/537.51.1 (KHTML, like Gecko) Version/7.0 Mobile/11A465 Safari/9537.53 (compatible; bingbot/2.0; +http://www.bing.com/bingbot.htm)"
157.55.39.54 - - [07/Dec/2019:02:02:58 +0800] "GET /wp-json/wordpress-popular-posts/v1/popular-posts HTTP/1.0" 200 31372 "-" "Mozilla/5.0 (iPhone; CPU iPhone OS 7_0 like Mac OS X) AppleWebKit/537.51.1 (KHTML, like Gecko) Version/7.0 Mobile/11A465 Safari/9537.53 (compatible; bingbot/2.0; +http://www.bing.com/bingbot.htm)"
222.129.54.23 - - [07/Dec/2019:02:03:10 +0800] "GET /feed HTTP/1.0" 200 4779 "-" "ReadKit/2.4.3 (Mac OS X Version 10.15.1 (Build 19B88))"
111.202.100.137 - - [07/Dec/2019:02:03:35 +0800] "GET /?s=%E3%80%90%E5%9B%9E%E4%BF%A1gylm013%E5%A4%9A%E5%BF%AB%E5%A5%BD%E7%9C%81%E5%85%AC%E5%8F%B8%E7%BE%8E%E5%9B%BD HTTP/1.0" 200 8323 "-" "Sogou web spider/4.0(+http://www.sogou.com/docs/help/webmasters.htm#07)"
111.202.100.137 - - [07/Dec/2019:02:04:22 +0800] "GET /?s=%E4%BA%AC%E4%B8%9C%E8%81%94%E7%9B%9F%E8%AE%A2%E5%8D%95%E4%B8%8D%E7%BB%99%E4%BD%A3%E9%87%91%E5%90%97%E3%80%90%E5%8A%A0%E8%96%87%E4%BF%A1gylm555%E3%80%91 HTTP/1.0" 200 8369 "-" "Sogou web spider/4.0(+http://www.sogou.com/docs/help/webmasters.htm#07)"
54.36.149.52 - - [07/Dec/2019:02:04:46 +0800] "GET /855.html HTTP/1.0" 200 11917 "-" "Mozilla/5.0 (compatible; AhrefsBot/6.1; +http://ahrefs.com/robot/)"
220.181.108.120 - - [07/Dec/2019:02:05:00 +0800] "GET /1861.html?replytocom=21179 HTTP/1.1" 444 0 "-" "Mozilla/5.0 (compatible; Baiduspider/2.0; +http://www.baidu.com/search/spider.html)"
114.67.104.99 - - [07/Dec/2019:02:05:01 +0800] "GET /feed HTTP/1.0" 200 4779 "-" "Mozilla/5.0 (Linux; Android 8.0.0; TA-1053 Build/OPR1.170623.026) AppleWebKit/537.36 (KHTML, like Gecko) Chrome/67.0.3368.0 Mobile Safari/537.36"
111.202.100.137 - - [07/Dec/2019:02:05:06 +0800] "GET /2011/02/apache%e7%a6%81%e6%ad%a2%e7%9b%ae%e5%bd%95%e8%ae%bf%e9%97%ae%e6%96%b9%e6%b3%95%e4%bb%8b%e7%bb%8d/trackback/ HTTP/1.0" 301 - "-" "Sogou web spider/4.0(+http://www.sogou.com/docs/help/webmasters.htm#07)"
66.249.79.25 - - [07/Dec/2019:02:05:11 +0800] "GET /153.html HTTP/1.0" 200 11484 "-" "Mozilla/5.0 (Linux; Android 6.0.1; Nexus 5X Build/MMB29P) AppleWebKit/537.36 (KHTML, like Gecko) Chrome/41.0.2272.96 Mobile Safari/537.36 (compatible; Googlebot/2.1; +http://www.google.com/bot.html)"
66.249.79.27 - - [07/Dec/2019:02:05:15 +0800] "POST /wp-json/wordpress-popular-posts/v1/popular-posts HTTP/1.0" 201 55 "http://www.crazyant.net/153.html" "Mozilla/5.0 (Linux; Android 6.0.1; Nexus 5X Build/MMB29P) AppleWebKit/537.36 (KHTML, like Gecko) Chrome/41.0.2272.96 Mobile Safari/537.36 (compatible; Googlebot/2.1; +http://www.google.com/bot.html)"
106.11.156.234 - - [07/Dec/2019:02:05:43 +0800] "GET /658.html?replytocom=1156 HTTP/1.0" 200 13479 "-" "YisouSpider"
111.202.100.137 - - [07/Dec/2019:02:05:50 +0800] "GET /?p=707 HTTP/1.0" 301 - "-" "Sogou web spider/4.0(+http://www.sogou.com/docs/help/webmasters.htm#07)"
54.36.148.93 - - [07/Dec/2019:02:06:17 +0800] "GET /124.html HTTP/1.0" 200 10679 "-" "Mozilla/5.0 (compatible; AhrefsBot/6.1; +http://ahrefs.com/robot/)"
146.66.92.61 - - [07/Dec/2019:02:06:35 +0800] "POST /wp-cron.php?doing_wp_cron=1575655595.5449020862579345703125 HTTP/1.0" 200 - "http://www.crazyant.net/wp-cron.php?doing_wp_cron=1575655595.5449020862579345703125" "WordPress/5.3; http://www.crazyant.net"
111.202.100.137 - - [07/Dec/2019:02:06:35 +0800] "GET /153.html HTTP/1.0" 200 11484 "-" "Sogou web spider/4.0(+http://www.sogou.com/docs/help/webmasters.htm#07)"
111.202.100.137 - - [07/Dec/2019:02:07:17 +0800] "GET /707.html HTTP/1.0" 200 13919 "-" "Sogou web spider/4.0(+http://www.sogou.com/docs/help/webmasters.htm#07)"
54.36.149.16 - - [07/Dec/2019:02:07:31 +0800] "GET /1216.html HTTP/1.0" 200 10972 "-" "Mozilla/5.0 (compatible; AhrefsBot/6.1; +http://ahrefs.com/robot/)"
111.202.100.137 - - [07/Dec/2019:02:07:58 +0800] "GET /?p=206 HTTP/1.0" 301 - "-" "Sogou web spider/4.0(+http://www.sogou.com/docs/help/webmasters.htm#07)"
68.183.157.237 - - [07/Dec/2019:02:08:00 +0800] "GET /feed HTTP/1.0" 200 4779 "-" "Mozilla/5.0 (Macintosh; Intel Mac OS X 10_13_6; +feeder.co) AppleWebKit/537.36 (KHTML, like Gecko) Chrome/67.0.3396.99 Safari/537.36"
54.36.149.85 - - [07/Dec/2019:02:08:09 +0800] "GET /tag/%E6%95%B0%E6%8D%AE%E5%A4%84%E7%90%86 HTTP/1.0" 200 8765 "-" "Mozilla/5.0 (compatible; AhrefsBot/6.1; +http://ahrefs.com/robot/)"
111.202.100.137 - - [07/Dec/2019:02:08:38 +0800] "GET /?p=115 HTTP/1.0" 301 - "-" "Sogou web spider/4.0(+http://www.sogou.com/docs/help/webmasters.htm#07)"
111.202.100.137 - - [07/Dec/2019:02:09:21 +0800] "GET /206.html HTTP/1.0" 200 11310 "-" "Sogou web spider/4.0(+http://www.sogou.com/docs/help/webmasters.htm#07)"
111.202.100.137 - - [07/Dec/2019:02:09:59 +0800] "GET /115.html HTTP/1.0" 200 10822 "-" "Sogou web spider/4.0(+http://www.sogou.com/docs/help/webmasters.htm#07)"
40.77.167.127 - - [07/Dec/2019:02:10:36 +0800] "GET /2525.html HTTP/1.0" 200 12651 "-" "Mozilla/5.0 (compatible; bingbot/2.0; +http://www.bing.com/bingbot.htm)"
111.202.100.137 - - [07/Dec/2019:02:10:40 +0800] "GET /?p=191 HTTP/1.0" 301 - "-" "Sogou web spider/4.0(+http://www.sogou.com/docs/help/webmasters.htm#07)"
34.226.204.183 - - [07/Dec/2019:02:10:54 +0800] "GET /category/my-story/feed HTTP/1.0" 200 3514 "https://www.google.com/" "Mozilla/5.0 (Windows; U; Windows NT 6.1; rv:2.2) Gecko/20110201"
66.249.79.29 - - [07/Dec/2019:02:11:17 +0800] "POST /wp-json/wordpress-popular-posts/v1/popular-posts HTTP/1.0" 403 95 "http://www.crazyant.net/781.html" "Mozilla/5.0 (Linux; Android 6.0.1; Nexus 5X Build/MMB29P) AppleWebKit/537.36 (KHTML, like Gecko) Chrome/41.0.2272.96 Mobile Safari/537.36 (compatible; Googlebot/2.1; +http://www.google.com/bot.html)"
111.202.100.137 - - [07/Dec/2019:02:11:20 +0800] "GET /%e5%b8%b8%e7%94%a8%e8%b5%84%e6%ba%90/trackback/ HTTP/1.0" 302 - "-" "Sogou web spider/4.0(+http://www.sogou.com/docs/help/webmasters.htm#07)"
111.202.100.137 - - [07/Dec/2019:02:11:59 +0800] "GET /191.html HTTP/1.0" 200 9945 "-" "Sogou web spider/4.0(+http://www.sogou.com/docs/help/webmasters.htm#07)"
220.181.108.184 - - [07/Dec/2019:02:12:31 +0800] "GET /1861.html?replytocom=21184 HTTP/1.1" 444 0 "-" "Mozilla/5.0 (compatible; Baiduspider/2.0; +http://www.baidu.com/search/spider.html)"
111.202.100.137 - - [07/Dec/2019:02:12:42 +0800] "GET /%e5%b8%b8%e7%94%a8%e8%b5%84%e6%ba%90 HTTP/1.0" 200 12612 "-" "Sogou web spider/4.0(+http://www.sogou.com/docs/help/webmasters.htm#07)"
66.249.79.27 - - [07/Dec/2019:02:13:18 +0800] "GET /1895.html?jdfwkey=jvvxk&wmbivq=ihefl3&kuxmdy=aiz9n3&wmlaps=ums0l3&veluli=xwezl3&ycdmtq=og50m3 HTTP/1.0" 200 11107 "-" "Mozilla/5.0 (Linux; Android 6.0.1; Nexus 5X Build/MMB29P) AppleWebKit/537.36 (KHTML, like Gecko) Chrome/41.0.2272.96 Mobile Safari/537.36 (compatible; Googlebot/2.1; +http://www.google.com/bot.html)"
66.249.79.27 - - [07/Dec/2019:02:13:20 +0800] "POST /wp-json/wordpress-popular-posts/v1/popular-posts HTTP/1.0" 201 55 "http://www.crazyant.net/1895.html?jdfwkey=jvvxk&wmbivq=ihefl3&kuxmdy=aiz9n3&wmlaps=ums0l3&veluli=xwezl3&ycdmtq=og50m3" "Mozilla/5.0 (Linux; Android 6.0.1; Nexus 5X Build/MMB29P) AppleWebKit/537.36 (KHTML, like Gecko) Chrome/41.0.2272.96 Mobile Safari/537.36 (compatible; Googlebot/2.1; +http://www.google.com/bot.html)"
111.202.100.137 - - [07/Dec/2019:02:13:29 +0800] "GET /?p=151 HTTP/1.0" 301 - "-" "Sogou web spider/4.0(+http://www.sogou.com/docs/help/webmasters.htm#07)"
54.36.150.42 - - [07/Dec/2019:02:13:32 +0800] "GET /811.html/feed HTTP/1.0" 200 988 "-" "Mozilla/5.0 (compatible; AhrefsBot/6.1; +http://ahrefs.com/robot/)"
92.38.129.153 - - [07/Dec/2019:02:13:49 +0800] "GET /feed/ HTTP/1.0" 301 - "-" "Tiny Tiny RSS/19.02 (http://tt-rss.org/)"
92.38.129.153 - - [07/Dec/2019:02:13:49 +0800] "GET /feed HTTP/1.0" 200 4779 "-" "Tiny Tiny RSS/19.02 (http://tt-rss.org/)"
111.202.100.137 - - [07/Dec/2019:02:14:04 +0800] "GET /?p=449 HTTP/1.0" 301 - "-" "Sogou web spider/4.0(+http://www.sogou.com/docs/help/webmasters.htm#07)"
111.202.100.137 - - [07/Dec/2019:02:14:41 +0800] "GET /151.html HTTP/1.0" 200 12184 "-" "Sogou web spider/4.0(+http://www.sogou.com/docs/help/webmasters.htm#07)"
54.36.150.8 - - [07/Dec/2019:02:15:10 +0800] "GET /wp-content/uploads/2012/06/phpredis.png HTTP/1.0" 200 854 "-" "Mozilla/5.0 (compatible; AhrefsBot/6.1; +http://ahrefs.com/robot/)"
111.202.100.137 - - [07/Dec/2019:02:15:18 +0800] "GET /449.html HTTP/1.0" 200 10495 "-" "Sogou web spider/4.0(+http://www.sogou.com/docs/help/webmasters.htm#07)"
111.202.100.137 - - [07/Dec/2019:02:15:54 +0800] "GET /?p=874 HTTP/1.0" 301 - "-" "Sogou web spider/4.0(+http://www.sogou.com/docs/help/webmasters.htm#07)"
54.36.148.254 - - [07/Dec/2019:02:16:02 +0800] "GET /686.html HTTP/1.0" 200 17048 "-" "Mozilla/5.0 (compatible; AhrefsBot/6.1; +http://ahrefs.com/robot/)"
66.249.79.25 - - [07/Dec/2019:02:16:16 +0800] "GET /1216.html HTTP/1.0" 200 10974 "-" "Mozilla/5.0 (compatible; Googlebot/2.1; +http://www.google.com/bot.html)"
66.249.79.29 - - [07/Dec/2019:02:16:20 +0800] "POST /wp-json/wordpress-popular-posts/v1/popular-posts HTTP/1.0" 201 55 "http://www.crazyant.net/1216.html" "Mozilla/5.0 AppleWebKit/537.36 (KHTML, like Gecko; compatible; Googlebot/2.1; +http://www.google.com/bot.html) Safari/537.36"
106.11.157.154 - - [07/Dec/2019:02:16:25 +0800] "GET /2076.html?hmsr=toutiao.io&utm_medium=toutiao.io&utm_source=toutiao.io HTTP/1.0" 200 14946 "-" "Mozilla/5.0 (Windows NT 6.1; Win64; x64) AppleWebKit/537.36 (KHTML, like Gecko) Chrome/69.0.3497.81 YisouSpider/5.0 Safari/537.36"
111.202.100.137 - - [07/Dec/2019:02:16:28 +0800] "GET /?p=604 HTTP/1.0" 301 - "-" "Sogou web spider/4.0(+http://www.sogou.com/docs/help/webmasters.htm#07)"
54.36.148.233 - - [07/Dec/2019:02:16:30 +0800] "GET /tag/java/page/2 HTTP/1.0" 200 10989 "-" "Mozilla/5.0 (compatible; AhrefsBot/6.1; +http://ahrefs.com/robot/)"
42.156.138.124 - - [07/Dec/2019:02:16:33 +0800] "GET /category/python/page/2 HTTP/1.0" 200 10928 "-" "Mozilla/5.0 (Windows NT 6.1; Win64; x64) AppleWebKit/537.36 (KHTML, like Gecko) Chrome/69.0.3497.81 YisouSpider/5.0 Safari/537.36"
106.11.159.58 - - [07/Dec/2019:02:16:41 +0800] "GET /134.html HTTP/1.0" 200 13700 "-" "Mozilla/5.0 (Windows NT 6.1; Win64; x64) AppleWebKit/537.36 (KHTML, like Gecko) Chrome/69.0.3497.81 YisouSpider/5.0 Safari/537.36"
106.11.152.79 - - [07/Dec/2019:02:16:43 +0800] "GET /wp-content/plugins/table-of-contents-plus/screen.min.css HTTP/1.0" 200 456 "https://www.crazyant.net/134.html" "Mozilla/5.0 (Windows NT 6.1; Win64; x64) AppleWebKit/537.36 (KHTML, like Gecko) Chrome/69.0.3497.81 YisouSpider/5.0 Safari/537.36"
111.202.100.137 - - [07/Dec/2019:02:17:01 +0800] "GET /874.html HTTP/1.0" 200 11086 "-" "Sogou web spider/4.0(+http://www.sogou.com/docs/help/webmasters.htm#07)"
222.129.54.23 - - [07/Dec/2019:02:17:09 +0800] "GET /feed HTTP/1.0" 200 4779 "-" "ReadKit/2.4.3 (Mac OS X Version 10.15.1 (Build 19B88))"
111.202.100.137 - - [07/Dec/2019:02:17:34 +0800] "GET /604.html HTTP/1.0" 200 10756 "-" "Sogou web spider/4.0(+http://www.sogou.com/docs/help/webmasters.htm#07)"
111.202.100.137 - - [07/Dec/2019:02:18:07 +0800] "GET /?p=512 HTTP/1.0" 301 - "-" "Sogou web spider/4.0(+http://www.sogou.com/docs/help/webmasters.htm#07)"
111.202.100.137 - - [07/Dec/2019:02:18:39 +0800] "GET /?s=%E6%9D%8F%E5%BD%A9%E5%B9%B3%E5%8F%B0%E8%83%BD%E4%B9%B0%E5%90%97%E3%80%90%E2%94%83%E4%BF%A1%E8%AA%89%EF%BC%9217431(%E6%89%A3)%E3%80%91%E3%80%91 HTTP/1.0" 200 8361 "-" "Sogou web spider/4.0(+http://www.sogou.com/docs/help/webmasters.htm#07)"
111.202.100.137 - - [07/Dec/2019:02:19:13 +0800] "GET /512.html HTTP/1.0" 200 15518 "-" "Sogou web spider/4.0(+http://www.sogou.com/docs/help/webmasters.htm#07)"
111.202.100.137 - - [07/Dec/2019:02:19:54 +0800] "GET /?s=%E6%9D%8F%E5%BD%A9%E5%A8%B1%E4%B9%90%E5%B9%B3%E5%8F%B0%E5%AE%A2%E6%9C%8D%E7%AB%AF%E3%80%90%E2%94%8B%E6%B7%BB%E5%8A%A0%E6%89%A3217%E2%92%8B31%E3%80%93%E3%80%91 HTTP/1.0" 200 8377 "-" "Sogou web spider/4.0(+http://www.sogou.com/docs/help/webmasters.htm#07)"
111.202.100.137 - - [07/Dec/2019:02:20:37 +0800] "GET /?s=%E3%80%90%E2%94%8B%E5%B8%82%E5%9C%BA%E9%83%A846416%E2%92%8F5[%E6%89%A3]%E3%80%93%E3%80%91%E6%B3%A8%E5%86%8Cba%E8%B4%A6%E6%88%B7%E6%9D%8F%E5%BD%A9%E5%88%86%E5%88%86%E5%BD%A9 HTTP/1.0" 200 8385 "-" "Sogou web spider/4.0(+http://www.sogou.com/docs/help/webmasters.htm#07)"
111.202.100.137 - - [07/Dec/2019:02:21:20 +0800] "GET /?s=%E6%9D%8F%E5%BD%A9%E5%A8%B1%E4%B9%90%E6%98%AF%E4%B8%8D%E6%98%AF%E9%BB%91%E3%80%90%E2%94%8B%E6%80%BB%E4%BB%A32%E2%85%A07431[%E6%89%A3]%E3%80%93%E3%80%91 HTTP/1.0" 200 8365 "-" "Sogou web spider/4.0(+http://www.sogou.com/docs/help/webmasters.htm#07)"
111.202.100.137 - - [07/Dec/2019:02:21:56 +0800] "GET /?s=%E3%80%90%E2%94%8B%E6%8B%9B%E5%95%86%E9%83%A846416%E2%92%8F5_%E6%89%A3%E3%80%93%E3%80%91%E6%9D%8F%E5%BD%A9%E5%A8%B1%E4%B9%90%E5%B9%B3%E5%8F%B0zbjx HTTP/1.0" 200 8367 "-" "Sogou web spider/4.0(+http://www.sogou.com/docs/help/webmasters.htm#07)"
144.76.90.37 - - [07/Dec/2019:02:22:21 +0800] "GET /feed HTTP/1.0" 200 4779 "-" "Mozilla/5.0 (compatible; BazQux/2.4; +https://bazqux.com/fetcher; 1 subscribers)"
111.202.100.137 - - [07/Dec/2019:02:22:30 +0800] "GET /?p=855 HTTP/1.0" 301 - "-" "Sogou web spider/4.0(+http://www.sogou.com/docs/help/webmasters.htm#07)"
42.120.161.45 - - [07/Dec/2019:02:22:32 +0800] "POST /wp-json/wordpress-popular-posts/v1/popular-posts HTTP/1.0" 201 55 "http://www.crazyant.net/1664.html?replytocom=20363" "Mozilla/5.0 (Windows NT 6.1; Win64; x64) AppleWebKit/537.36 (KHTML, like Gecko) Chrome/69.0.3497.81 YisouSpider/5.0 Safari/537.36"
111.202.100.137 - - [07/Dec/2019:02:22:58 +0800] "GET /?p=1319 HTTP/1.0" 301 - "-" "Sogou web spider/4.0(+http://www.sogou.com/docs/help/webmasters.htm#07)"
111.202.100.137 - - [07/Dec/2019:02:23:28 +0800] "GET /855.html HTTP/1.0" 200 11914 "-" "Sogou web spider/4.0(+http://www.sogou.com/docs/help/webmasters.htm#07)"
111.202.100.137 - - [07/Dec/2019:02:23:57 +0800] "GET /1319.html HTTP/1.0" 200 12087 "-" "Sogou web spider/4.0(+http://www.sogou.com/docs/help/webmasters.htm#07)"
111.202.100.137 - - [07/Dec/2019:02:24:26 +0800] "GET /?s=www.1cr18ni11nb.com HTTP/1.0" 200 8215 "-" "Sogou web spider/4.0(+http://www.sogou.com/docs/help/webmasters.htm#07)"
111.202.100.137 - - [07/Dec/2019:02:24:58 +0800] "GET /?s=07cr17ni4cu4nb.com HTTP/1.0" 200 8216 "-" "Sogou web spider/4.0(+http://www.sogou.com/docs/help/webmasters.htm#07)"
111.202.100.137 - - [07/Dec/2019:02:25:25 +0800] "GET /?p=1122 HTTP/1.0" 301 - "-" "Sogou web spider/4.0(+http://www.sogou.com/docs/help/webmasters.htm#07)"
111.202.100.137 - - [07/Dec/2019:02:25:54 +0800] "GET /?s=www.022cr22ni5mo3n.net HTTP/1.0" 200 8218 "-" "Sogou web spider/4.0(+http://www.sogou.com/docs/help/webmasters.htm#07)"
106.11.153.226 - - [07/Dec/2019:02:26:10 +0800] "GET /712.html?replytocom=1178 HTTP/1.0" 200 12259 "-" "YisouSpider"
106.11.157.254 - - [07/Dec/2019:02:26:20 +0800] "GET /?s=%E6%80%8E%E4%B9%88%E6%B3%A8%E5%86%8C%E5%8D%8E%E5%AE%87%E5%B8%90%E5%8F%B7%E3%80%90%E2%94%83%E5%92%A8%E8%AF%A2%EF%BC%B12%E2%92%8F7%E2%92%8F01705%E3%80%91%E3%80%91 HTTP/1.0" 200 8367 "-" "YisouSpider"
111.202.100.137 - - [07/Dec/2019:02:26:22 +0800] "GET /1122.html HTTP/1.0" 200 16235 "-" "Sogou web spider/4.0(+http://www.sogou.com/docs/help/webmasters.htm#07)"
111.202.100.137 - - [07/Dec/2019:02:26:50 +0800] "GET /?p=722 HTTP/1.0" 301 - "-" "Sogou web spider/4.0(+http://www.sogou.com/docs/help/webmasters.htm#07)"
111.202.100.137 - - [07/Dec/2019:02:27:17 +0800] "GET /?p=814 HTTP/1.0" 301 - "-" "Sogou web spider/4.0(+http://www.sogou.com/docs/help/webmasters.htm#07)"
157.55.39.54 - - [07/Dec/2019:02:27:27 +0800] "GET /675.html HTTP/1.0" 200 13480 "-" "Mozilla/5.0 (compatible; bingbot/2.0; +http://www.bing.com/bingbot.htm)"
123.125.71.41 - - [07/Dec/2019:02:27:35 +0800] "GET /159.html/feed HTTP/1.1" 444 0 "-" "Mozilla/5.0 (compatible; Baiduspider/2.0; +http://www.baidu.com/search/spider.html)"
66.249.79.25 - - [07/Dec/2019:02:27:36 +0800] "GET /1209.html?lcjgvm=hvqqn3&vutupe=v1sct&asfgdy=m7jmo3&lsvgju=14dus&ryrejo=x19bl3&bavung=xuu1o3&hwzsxi=b1dol3&rytmly=ppkvn3 HTTP/1.0" 200 12094 "-" "Mozilla/5.0 (Linux; Android 6.0.1; Nexus 5X Build/MMB29P) AppleWebKit/537.36 (KHTML, like Gecko) Chrome/41.0.2272.96 Mobile Safari/537.36 (compatible; Googlebot/2.1; +http://www.google.com/bot.html)"
66.249.79.25 - - [07/Dec/2019:02:27:38 +0800] "POST /wp-json/wordpress-popular-posts/v1/popular-posts HTTP/1.0" 201 55 "http://www.crazyant.net/1209.html?lcjgvm=hvqqn3&vutupe=v1sct&asfgdy=m7jmo3&lsvgju=14dus&ryrejo=x19bl3&bavung=xuu1o3&hwzsxi=b1dol3&rytmly=ppkvn3" "Mozilla/5.0 (Linux; Android 6.0.1; Nexus 5X Build/MMB29P) AppleWebKit/537.36 (KHTML, like Gecko) Chrome/41.0.2272.96 Mobile Safari/537.36 (compatible; Googlebot/2.1; +http://www.google.com/bot.html)"
54.36.148.32 - - [07/Dec/2019:02:27:41 +0800] "GET /author/crazyant HTTP/1.0" 200 10089 "-" "Mozilla/5.0 (compatible; AhrefsBot/6.1; +http://ahrefs.com/robot/)"
111.202.100.137 - - [07/Dec/2019:02:27:43 +0800] "GET /722.html HTTP/1.0" 200 11322 "-" "Sogou web spider/4.0(+http://www.sogou.com/docs/help/webmasters.htm#07)"
111.202.100.137 - - [07/Dec/2019:02:28:11 +0800] "GET /814.html HTTP/1.0" 200 11659 "-" "Sogou web spider/4.0(+http://www.sogou.com/docs/help/webmasters.htm#07)"
111.202.100.137 - - [07/Dec/2019:02:28:39 +0800] "GET /?s=%E4%BA%AC%E4%B8%9C%E8%81%94%E7%9B%9F%E9%9A%90%E8%97%8F%E4%BC%98%E6%83%A0%E5%88%B8%E3%80%90%E5%A8%81%E4%BF%A1gylm013 HTTP/1.0" 200 8339 "-" "Sogou web spider/4.0(+http://www.sogou.com/docs/help/webmasters.htm#07)"
111.202.100.137 - - [07/Dec/2019:02:29:06 +0800] "GET /?s=[V%E4%BF%A1gylm555]%E9%AB%98%E4%BD%A3%E8%81%94%E7%9B%9F%E5%93%AA%E4%B8%AA%E5%85%AC%E5%8F%B8%E7%9A%84 HTTP/1.0" 200 8329 "-" "Sogou web spider/4.0(+http://www.sogou.com/docs/help/webmasters.htm#07)"
111.202.100.137 - - [07/Dec/2019:02:29:33 +0800] "GET /?s=%E9%AB%98%E4%BD%A3%E8%81%94%E7%9B%9F%E5%A5%96%E5%8A%B1%E8%A7%84%E5%88%99[VX%EF%BC%9Agylm013] HTTP/1.0" 200 8333 "-" "Sogou web spider/4.0(+http://www.sogou.com/docs/help/webmasters.htm#07)"
54.36.150.7 - - [07/Dec/2019:02:29:42 +0800] "GET /tag/hive HTTP/1.0" 200 10733 "-" "Mozilla/5.0 (compatible; AhrefsBot/6.1; +http://ahrefs.com/robot/)"
92.38.129.153 - - [07/Dec/2019:02:29:43 +0800] "GET /feed/ HTTP/1.0" 301 - "-" "Tiny Tiny RSS/19.02 (http://tt-rss.org/)"
92.38.129.153 - - [07/Dec/2019:02:29:43 +0800] "GET /feed HTTP/1.0" 200 4779 "-" "Tiny Tiny RSS/19.02 (http://tt-rss.org/)"
111.202.100.137 - - [07/Dec/2019:02:29:59 +0800] "GET /?s=%E9%AB%98%E4%BD%A3%E8%81%94%E7%9B%9F%E8%83%8C%E6%99%AF%E6%80%BB%E7%9B%91%E5%BE%AE%E4%BF%A1gylm555 HTTP/1.0" 200 8317 "-" "Sogou web spider/4.0(+http://www.sogou.com/docs/help/webmasters.htm#07)"
137.74.38.160 - - [07/Dec/2019:02:30:20 +0800] "GET /feed/ HTTP/1.0" 301 - "-" "Tiny Tiny RSS/19.8 (f609065) (http://tt-rss.org/)"
137.74.38.160 - - [07/Dec/2019:02:30:20 +0800] "GET /feed HTTP/1.0" 200 4779 "-" "Tiny Tiny RSS/19.8 (f609065) (http://tt-rss.org/)"
111.202.100.137 - - [07/Dec/2019:02:30:26 +0800] "GET /?s=%E7%BA%A2%E4%BA%BA%E8%A3%85%E8%A2%AB%E6%B7%98%E5%AE%9D%E5%A4%84%E7%BD%9A%E4%BA%8B%E4%BB%B6%E5%8A%A0%E5%BE%AE%E4%BF%A1gylm013 HTTP/1.0" 200 8338 "-" "Sogou web spider/4.0(+http://www.sogou.com/docs/help/webmasters.htm#07)"
118.25.20.217 - - [07/Dec/2019:02:30:53 +0800] "GET /wp-content/themes/sketch/404.php HTTP/1.0" 404 35012 "-" "-"
111.202.100.137 - - [07/Dec/2019:02:30:54 +0800] "GET /?s=%E6%80%BB%E7%9B%91%E5%BE%AEgylm013%E3%80%91%E5%A6%82%E4%BD%95%E8%A7%A3%E7%BB%91%E7%BA%A2%E4%BA%BA%E8%A3%85 HTTP/1.0" 200 8323 "-" "Sogou web spider/4.0(+http://www.sogou.com/docs/help/webmasters.htm#07)"
106.52.232.243 - - [07/Dec/2019:02:31:11 +0800] "GET /wp-content/uploads/2014/06/hive_leftjointest.png HTTP/1.0" 200 1707 "http://www.crazyant.net/wp-content/uploads/2014/06/" "-"
106.11.153.35 - - [07/Dec/2019:02:31:11 +0800] "GET /2231.html HTTP/1.0" 200 10905 "-" "Mozilla/5.0 (Windows NT 6.1; Win64; x64) AppleWebKit/537.36 (KHTML, like Gecko) Chrome/69.0.3497.81 YisouSpider/5.0 Safari/537.36"
111.202.100.137 - - [07/Dec/2019:02:31:22 +0800] "GET /?s=%E6%B7%98%E7%B2%89%E5%90%A7%20%E6%B7%98%E5%AE%9D%E8%81%94%E7%9B%9F%20%E8%BF%94%E5%88%A9%E3%80%90%E5%8A%A0VX%EF%BC%9Agylm555 HTTP/1.0" 200 8348 "-" "Sogou web spider/4.0(+http://www.sogou.com/docs/help/webmasters.htm#07)"
222.129.54.23 - - [07/Dec/2019:02:31:29 +0800] "GET /feed HTTP/1.0" 200 4779 "-" "ReadKit/2.4.3 (Mac OS X Version 10.15.1 (Build 19B88))"
111.202.100.137 - - [07/Dec/2019:02:31:50 +0800] "GET /?s=%E5%BE%AEX%EF%BC%9Agylm013%E3%80%91%E9%AB%98%E4%BD%A3%E8%81%94%E7%9B%9F%E5%AE%A2%E6%88%B7%E7%99%BB%E5%BD%95%E5%B9%B3%E5%8F%B0 HTTP/1.0" 200 8355 "-" "Sogou web spider/4.0(+http://www.sogou.com/docs/help/webmasters.htm#07)"
111.202.100.137 - - [07/Dec/2019:02:32:16 +0800] "GET /?s=%E9%AB%98%E4%BD%A3%E8%81%94%E7%9B%9F%E6%80%8E%E4%B9%88%E6%B3%A8%E5%86%8C%E5%A4%B1%E8%B4%A5%E6%80%8E%E4%B9%88%E5%8A%9E[%E5%8A%A0V%E4%BF%A1gylm013] HTTP/1.0" 200 8358 "-" "Sogou web spider/4.0(+http://www.sogou.com/docs/help/webmasters.htm#07)"
106.11.158.74 - - [07/Dec/2019:02:32:22 +0800] "POST /wp-json/wordpress-popular-posts/v1/popular-posts HTTP/1.0" 201 55 "http://www.crazyant.net/1861.html?replytocom=21182" "Mozilla/5.0 (Windows NT 6.1; Win64; x64) AppleWebKit/537.36 (KHTML, like Gecko) Chrome/69.0.3497.81 YisouSpider/5.0 Safari/537.36"
111.202.100.137 - - [07/Dec/2019:02:32:41 +0800] "GET /?s=%E5%8A%A0V%E4%BF%A1gylm555%E7%BA%A2%E4%BA%BA%E8%A3%85%E5%AF%B9%E6%8E%A5%E8%B4%AD%E7%89%A9%E7%BD%91%E7%AB%99 HTTP/1.0" 200 8330 "-" "Sogou web spider/4.0(+http://www.sogou.com/docs/help/webmasters.htm#07)"
66.249.79.27 - - [07/Dec/2019:02:32:53 +0800] "GET /796.html HTTP/1.0" 200 20092 "-" "Mozilla/5.0 (Linux; Android 6.0.1; Nexus 5X Build/MMB29P) AppleWebKit/537.36 (KHTML, like Gecko) Chrome/41.0.2272.96 Mobile Safari/537.36 (compatible; Googlebot/2.1; +http://www.google.com/bot.html)"
111.202.100.137 - - [07/Dec/2019:02:33:06 +0800] "GET /?s=%E6%B7%98%E5%AE%9D%E8%81%94%E7%9B%9F%E6%8B%89%E6%96%B0%E6%96%B9%E6%B3%95%E7%81%B0%E4%BF%A1gylm013%E3%80%91 HTTP/1.0" 200 8325 "-" "Sogou web spider/4.0(+http://www.sogou.com/docs/help/webmasters.htm#07)"
66.249.79.29 - - [07/Dec/2019:02:33:07 +0800] "POST /wp-json/wordpress-popular-posts/v1/popular-posts HTTP/1.0" 201 55 "http://www.crazyant.net/796.html" "Mozilla/5.0 (Linux; Android 6.0.1; Nexus 5X Build/MMB29P) AppleWebKit/537.36 (KHTML, like Gecko) Chrome/41.0.2272.96 Mobile Safari/537.36 (compatible; Googlebot/2.1; +http://www.google.com/bot.html)"
157.55.39.229 - - [07/Dec/2019:02:33:15 +0800] "GET /818.html HTTP/1.0" 200 13349 "-" "Mozilla/5.0 (compatible; bingbot/2.0; +http://www.bing.com/bingbot.htm)"
47.111.184.89 - - [07/Dec/2019:02:33:21 +0800] "HEAD / HTTP/1.1" 444 0 "http://www.crazyant.net" "Mozilla/5.0 (compatible; Baiduspider/2.0; +http://www.baidu.com/search/spider.html\x09"
47.111.184.89 - - [07/Dec/2019:02:33:21 +0800] "HEAD / HTTP/1.1" 444 0 "http://www.crazyant.net" "Mozilla/5.0 (compatible; Baiduspider/2.0; +http://www.baidu.com/search/spider.html\x09"
111.202.100.137 - - [07/Dec/2019:02:33:31 +0800] "GET /?s=[%E8%80%81%E5%B8%88%E5%BE%AEgylm013]%E9%AB%98%E4%BD%A3%E8%81%94%E7%9B%9F%E8%B6%85%E7%BA%A7%E4%BC%9A%E5%91%98%E6%97%B6%E9%97%B4 HTTP/1.0" 200 8351 "-" "Sogou web spider/4.0(+http://www.sogou.com/docs/help/webmasters.htm#07)"
111.202.100.137 - - [07/Dec/2019:02:33:55 +0800] "GET /?s=%E5%8A%A0%E7%BB%B4%E4%BF%A1gylm555%E3%80%91%E6%9C%89%E5%85%B3%E8%B4%9D%E5%BA%97%E7%9A%84%E5%AE%A3%E4%BC%A0%E8%A7%86%E9%A2%91%20%E8%BF%85%E9%9B%B7%E4%B8%8B%E8%BD%BD HTTP/1.0" 200 8383 "-" "Sogou web spider/4.0(+http://www.sogou.com/docs/help/webmasters.htm#07)"
111.202.100.137 - - [07/Dec/2019:02:34:19 +0800] "GET /?s=[%E5%AF%BC%E5%B8%88%E5%BE%AEgylm555]%E6%B7%98%E7%B2%89%E5%90%A7%E6%98%AF%E4%B8%8A%E5%B8%82%E5%85%AC%E5%8F%B8%E5%90%97 HTTP/1.0" 200 8335 "-" "Sogou web spider/4.0(+http://www.sogou.com/docs/help/webmasters.htm#07)"
118.107.43.75 - - [07/Dec/2019:02:34:21 +0800] "HEAD /www.crazyant.net.rar HTTP/1.0" 404 - "-" "Mozilla/4.0 (compatible; MSIE 8.0; Windows NT 6.1; Trident/4.0)"
118.107.43.75 - - [07/Dec/2019:02:34:22 +0800] "HEAD /www.crazyant.net.zip HTTP/1.0" 404 - "-" "Mozilla/4.0 (compatible; MSIE 8.0; Windows NT 6.1; Trident/4.0)"
118.107.43.75 - - [07/Dec/2019:02:34:22 +0800] "HEAD /www.crazyant.net.tar.gz HTTP/1.0" 404 - "-" "Mozilla/4.0 (compatible; MSIE 8.0; Windows NT 6.1; Trident/4.0)"
118.107.43.75 - - [07/Dec/2019:02:34:23 +0800] "HEAD /www.crazyant.net.7z HTTP/1.0" 404 - "-" "Mozilla/4.0 (compatible; MSIE 8.0; Windows NT 6.1; Trident/4.0)"
118.107.43.75 - - [07/Dec/2019:02:34:23 +0800] "HEAD /www_crazyant_net.rar HTTP/1.0" 404 - "-" "Mozilla/4.0 (compatible; MSIE 8.0; Windows NT 6.1; Trident/4.0)"
118.107.43.75 - - [07/Dec/2019:02:34:24 +0800] "HEAD /www_crazyant_net.zip HTTP/1.0" 404 - "-" "Mozilla/4.0 (compatible; MSIE 8.0; Windows NT 6.1; Trident/4.0)"
118.107.43.75 - - [07/Dec/2019:02:34:24 +0800] "HEAD /www_crazyant_net.tar.gz HTTP/1.0" 404 - "-" "Mozilla/4.0 (compatible; MSIE 8.0; Windows NT 6.1; Trident/4.0)"
118.107.43.75 - - [07/Dec/2019:02:34:25 +0800] "HEAD /www_crazyant_net.7z HTTP/1.0" 404 - "-" "Mozilla/4.0 (compatible; MSIE 8.0; Windows NT 6.1; Trident/4.0)"
118.107.43.75 - - [07/Dec/2019:02:34:25 +0800] "HEAD /wwwcrazyantnet.rar HTTP/1.0" 404 - "-" "Mozilla/4.0 (compatible; MSIE 8.0; Windows NT 6.1; Trident/4.0)"
118.107.43.75 - - [07/Dec/2019:02:34:26 +0800] "HEAD /wwwcrazyantnet.zip HTTP/1.0" 404 - "-" "Mozilla/4.0 (compatible; MSIE 8.0; Windows NT 6.1; Trident/4.0)"
118.107.43.75 - - [07/Dec/2019:02:34:26 +0800] "HEAD /wwwcrazyantnet.tar.gz HTTP/1.0" 404 - "-" "Mozilla/4.0 (compatible; MSIE 8.0; Windows NT 6.1; Trident/4.0)"
118.107.43.75 - - [07/Dec/2019:02:34:27 +0800] "HEAD /wwwcrazyantnet.7z HTTP/1.0" 404 - "-" "Mozilla/4.0 (compatible; MSIE 8.0; Windows NT 6.1; Trident/4.0)"
118.107.43.75 - - [07/Dec/2019:02:34:27 +0800] "HEAD /wwwcrazyantnet1.rar HTTP/1.0" 404 - "-" "Mozilla/4.0 (compatible; MSIE 8.0; Windows NT 6.1; Trident/4.0)"
118.107.43.75 - - [07/Dec/2019:02:34:28 +0800] "HEAD /wwwcrazyantnet1.zip HTTP/1.0" 404 - "-" "Mozilla/4.0 (compatible; MSIE 8.0; Windows NT 6.1; Trident/4.0)"
118.107.43.75 - - [07/Dec/2019:02:34:28 +0800] "HEAD /wwwcrazyantnet1.tar.gz HTTP/1.0" 404 - "-" "Mozilla/4.0 (compatible; MSIE 8.0; Windows NT 6.1; Trident/4.0)"
118.107.43.75 - - [07/Dec/2019:02:34:29 +0800] "HEAD /wwwcrazyantnet1.7z HTTP/1.0" 404 - "-" "Mozilla/4.0 (compatible; MSIE 8.0; Windows NT 6.1; Trident/4.0)"
118.107.43.75 - - [07/Dec/2019:02:34:29 +0800] "HEAD /crazyant.net.rar HTTP/1.0" 404 - "-" "Mozilla/4.0 (compatible; MSIE 8.0; Windows NT 6.1; Trident/4.0)"
118.107.43.75 - - [07/Dec/2019:02:34:30 +0800] "HEAD /crazyant.net.zip HTTP/1.0" 404 - "-" "Mozilla/4.0 (compatible; MSIE 8.0; Windows NT 6.1; Trident/4.0)"
118.107.43.75 - - [07/Dec/2019:02:34:30 +0800] "HEAD /crazyant.net.tar.gz HTTP/1.0" 404 - "-" "Mozilla/4.0 (compatible; MSIE 8.0; Windows NT 6.1; Trident/4.0)"
118.107.43.75 - - [07/Dec/2019:02:34:31 +0800] "HEAD /crazyant.net.7z HTTP/1.0" 404 - "-" "Mozilla/4.0 (compatible; MSIE 8.0; Windows NT 6.1; Trident/4.0)"
118.107.43.75 - - [07/Dec/2019:02:34:31 +0800] "HEAD /crazyant.rar HTTP/1.0" 404 - "-" "Mozilla/4.0 (compatible; MSIE 8.0; Windows NT 6.1; Trident/4.0)"
118.107.43.75 - - [07/Dec/2019:02:34:32 +0800] "HEAD /crazyant.zip HTTP/1.0" 404 - "-" "Mozilla/4.0 (compatible; MSIE 8.0; Windows NT 6.1; Trident/4.0)"
118.107.43.75 - - [07/Dec/2019:02:34:32 +0800] "HEAD /crazyant.tar.gz HTTP/1.0" 404 - "-" "Mozilla/4.0 (compatible; MSIE 8.0; Windows NT 6.1; Trident/4.0)"
118.107.43.75 - - [07/Dec/2019:02:34:33 +0800] "HEAD /crazyant.7z HTTP/1.0" 404 - "-" "Mozilla/4.0 (compatible; MSIE 8.0; Windows NT 6.1; Trident/4.0)"
118.107.43.75 - - [07/Dec/2019:02:34:33 +0800] "HEAD /crazyant1.rar HTTP/1.0" 404 - "-" "Mozilla/4.0 (compatible; MSIE 8.0; Windows NT 6.1; Trident/4.0)"
118.107.43.75 - - [07/Dec/2019:02:34:34 +0800] "HEAD /crazyant1.zip HTTP/1.0" 404 - "-" "Mozilla/4.0 (compatible; MSIE 8.0; Windows NT 6.1; Trident/4.0)"
118.107.43.75 - - [07/Dec/2019:02:34:34 +0800] "HEAD /crazyant1.tar.gz HTTP/1.0" 404 - "-" "Mozilla/4.0 (compatible; MSIE 8.0; Windows NT 6.1; Trident/4.0)"
118.107.43.75 - - [07/Dec/2019:02:34:35 +0800] "HEAD /crazyant1.7z HTTP/1.0" 404 - "-" "Mozilla/4.0 (compatible; MSIE 8.0; Windows NT 6.1; Trident/4.0)"
118.107.43.75 - - [07/Dec/2019:02:34:35 +0800] "HEAD /crazyantwww.zip HTTP/1.0" 404 - "-" "Mozilla/4.0 (compatible; MSIE 8.0; Windows NT 6.1; Trident/4.0)"
118.107.43.75 - - [07/Dec/2019:02:34:36 +0800] "HEAD /crazyantwww.rar HTTP/1.0" 404 - "-" "Mozilla/4.0 (compatible; MSIE 8.0; Windows NT 6.1; Trident/4.0)"
118.107.43.75 - - [07/Dec/2019:02:34:36 +0800] "HEAD /crazyantwww.tar.gz HTTP/1.0" 404 - "-" "Mozilla/4.0 (compatible; MSIE 8.0; Windows NT 6.1; Trident/4.0)"
118.107.43.75 - - [07/Dec/2019:02:34:37 +0800] "HEAD /crazyantwww.7z HTTP/1.0" 404 - "-" "Mozilla/4.0 (compatible; MSIE 8.0; Windows NT 6.1; Trident/4.0)"
118.107.43.75 - - [07/Dec/2019:02:34:37 +0800] "HEAD /crazyantweb.rar HTTP/1.0" 404 - "-" "Mozilla/4.0 (compatible; MSIE 8.0; Windows NT 6.1; Trident/4.0)"
118.107.43.75 - - [07/Dec/2019:02:34:38 +0800] "HEAD /crazyantweb.zip HTTP/1.0" 404 - "-" "Mozilla/4.0 (compatible; MSIE 8.0; Windows NT 6.1; Trident/4.0)"
118.107.43.75 - - [07/Dec/2019:02:34:38 +0800] "HEAD /crazyantweb.tar.gz HTTP/1.0" 404 - "-" "Mozilla/4.0 (compatible; MSIE 8.0; Windows NT 6.1; Trident/4.0)"
118.107.43.75 - - [07/Dec/2019:02:34:39 +0800] "HEAD /crazyantweb.7z HTTP/1.0" 404 - "-" "Mozilla/4.0 (compatible; MSIE 8.0; Windows NT 6.1; Trident/4.0)"
118.107.43.75 - - [07/Dec/2019:02:34:39 +0800] "HEAD /crazyantwwwroot.zip HTTP/1.0" 404 - "-" "Mozilla/4.0 (compatible; MSIE 8.0; Windows NT 6.1; Trident/4.0)"
118.107.43.75 - - [07/Dec/2019:02:34:40 +0800] "HEAD /crazyantwwwroot.rar HTTP/1.0" 404 - "-" "Mozilla/4.0 (compatible; MSIE 8.0; Windows NT 6.1; Trident/4.0)"
118.107.43.75 - - [07/Dec/2019:02:34:40 +0800] "HEAD /crazyantwwwroot.tar.gz HTTP/1.0" 404 - "-" "Mozilla/4.0 (compatible; MSIE 8.0; Windows NT 6.1; Trident/4.0)"
118.107.43.75 - - [07/Dec/2019:02:34:41 +0800] "HEAD /crazyantwwwroot.7z HTTP/1.0" 404 - "-" "Mozilla/4.0 (compatible; MSIE 8.0; Windows NT 6.1; Trident/4.0)"
118.107.43.75 - - [07/Dec/2019:02:34:41 +0800] "HEAD /www.rar HTTP/1.0" 404 - "-" "Mozilla/4.0 (compatible; MSIE 8.0; Windows NT 6.1; Trident/4.0)"
118.107.43.75 - - [07/Dec/2019:02:34:42 +0800] "HEAD /www.zip HTTP/1.0" 404 - "-" "Mozilla/4.0 (compatible; MSIE 8.0; Windows NT 6.1; Trident/4.0)"
118.107.43.75 - - [07/Dec/2019:02:34:42 +0800] "HEAD /www.tar.gz HTTP/1.0" 404 - "-" "Mozilla/4.0 (compatible; MSIE 8.0; Windows NT 6.1; Trident/4.0)"
118.107.43.75 - - [07/Dec/2019:02:34:43 +0800] "HEAD /www.7z HTTP/1.0" 404 - "-" "Mozilla/4.0 (compatible; MSIE 8.0; Windows NT 6.1; Trident/4.0)"
118.107.43.75 - - [07/Dec/2019:02:34:43 +0800] "HEAD /web.rar HTTP/1.0" 404 - "-" "Mozilla/4.0 (compatible; MSIE 8.0; Windows NT 6.1; Trident/4.0)"
118.107.43.75 - - [07/Dec/2019:02:34:44 +0800] "HEAD /web.zip HTTP/1.0" 404 - "-" "Mozilla/4.0 (compatible; MSIE 8.0; Windows NT 6.1; Trident/4.0)"
118.107.43.75 - - [07/Dec/2019:02:34:44 +0800] "HEAD /web.tar.gz HTTP/1.0" 404 - "-" "Mozilla/4.0 (compatible; MSIE 8.0; Windows NT 6.1; Trident/4.0)"
118.107.43.75 - - [07/Dec/2019:02:34:45 +0800] "HEAD /web.tar.7z HTTP/1.0" 404 - "-" "Mozilla/4.0 (compatible; MSIE 8.0; Windows NT 6.1; Trident/4.0)"
118.107.43.75 - - [07/Dec/2019:02:34:45 +0800] "HEAD /www1.zip HTTP/1.0" 404 - "-" "Mozilla/4.0 (compatible; MSIE 8.0; Windows NT 6.1; Trident/4.0)"
118.107.43.75 - - [07/Dec/2019:02:34:46 +0800] "HEAD /www1.rar HTTP/1.0" 404 - "-" "Mozilla/4.0 (compatible; MSIE 8.0; Windows NT 6.1; Trident/4.0)"
111.202.100.137 - - [07/Dec/2019:02:34:46 +0800] "GET /?s=%E9%AB%98%E4%BD%A3%E8%81%94%E7%9B%9F%E4%BB%8B%E7%BB%8D%E8%A7%86%E9%A2%91[%E6%8B%9B%E5%95%86%E5%BE%AE%E4%BF%A1gylm013] HTTP/1.0" 200 8339 "-" "Sogou web spider/4.0(+http://www.sogou.com/docs/help/webmasters.htm#07)"
118.107.43.75 - - [07/Dec/2019:02:34:46 +0800] "HEAD /www1.tar.gz HTTP/1.0" 404 - "-" "Mozilla/4.0 (compatible; MSIE 8.0; Windows NT 6.1; Trident/4.0)"
118.107.43.75 - - [07/Dec/2019:02:34:47 +0800] "HEAD /www1.7z HTTP/1.0" 404 - "-" "Mozilla/4.0 (compatible; MSIE 8.0; Windows NT 6.1; Trident/4.0)"
118.107.43.75 - - [07/Dec/2019:02:34:47 +0800] "HEAD /web1.rar HTTP/1.0" 404 - "-" "Mozilla/4.0 (compatible; MSIE 8.0; Windows NT 6.1; Trident/4.0)"
