66.249.79.25 - - [04/Dec/2019:03:51:50 +0800] "GET /2283.html HTTP/1.0" 200 9755 "-" "Mozilla/5.0 (compatible; Googlebot/2.1; +http://www.google.com/bot.html)"
66.249.79.25 - - [04/Dec/2019:03:51:54 +0800] "GET /2011/02/%E9%A1%B9%E7%9B%AE%E7%BB%8F%E5%8E%862-%E7%94%B5%E5%AD%90%E5%8F%B0%E8%B4%A6%E7%B3%BB%E7%BB%9F/trackback/ HTTP/1.0" 301 - "-" "Mozilla/5.0 (Linux; Android 6.0.1; Nexus 5X Build/MMB29P) AppleWebKit/537.36 (KHTML, like Gecko) Chrome/41.0.2272.96 Mobile Safari/537.36 (compatible; Googlebot/2.1; +http://www.google.com/bot.html)"
66.249.79.25 - - [04/Dec/2019:03:51:55 +0800] "GET /796.html HTTP/1.0" 200 20085 "-" "Mozilla/5.0 (compatible; Googlebot/2.1; +http://www.google.com/bot.html)"
66.249.79.25 - - [04/Dec/2019:03:51:58 +0800] "GET /754.html HTTP/1.0" 200 14180 "-" "Mozilla/5.0 (Linux; Android 6.0.1; Nexus 5X Build/MMB29P) AppleWebKit/537.36 (KHTML, like Gecko) Chrome/41.0.2272.96 Mobile Safari/537.36 (compatible; Googlebot/2.1; +http://www.google.com/bot.html)"
66.249.79.25 - - [04/Dec/2019:03:51:59 +0800] "GET /818.html HTTP/1.0" 200 13348 "-" "Mozilla/5.0 (Linux; Android 6.0.1; Nexus 5X Build/MMB29P) AppleWebKit/537.36 (KHTML, like Gecko) Chrome/41.0.2272.96 Mobile Safari/537.36 (compatible; Googlebot/2.1; +http://www.google.com/bot.html)"
66.249.79.25 - - [04/Dec/2019:03:51:59 +0800] "GET /1890.html HTTP/1.0" 200 11616 "-" "Mozilla/5.0 (compatible; Googlebot/2.1; +http://www.google.com/bot.html)"
66.249.79.25 - - [04/Dec/2019:03:52:03 +0800] "GET /2022.html HTTP/1.0" 200 20829 "-" "Mozilla/5.0 (compatible; Googlebot/2.1; +http://www.google.com/bot.html)"
66.249.79.25 - - [04/Dec/2019:03:52:04 +0800] "GET /1980.html HTTP/1.0" 200 12263 "-" "Mozilla/5.0 (compatible; Googlebot/2.1; +http://www.google.com/bot.html)"
66.249.79.25 - - [04/Dec/2019:03:52:14 +0800] "GET /2011/02/22/%E9%A1%B9%E7%9B%AE%E7%BB%8F%E5%8E%862-%E7%94%B5%E5%AD%90%E5%8F%B0%E8%B4%A6%E7%B3%BB%E7%BB%9F/ HTTP/1.0" 301 - "-" "Mozilla/5.0 (Linux; Android 6.0.1; Nexus 5X Build/MMB29P) AppleWebKit/537.36 (KHTML, like Gecko) Chrome/41.0.2272.96 Mobile Safari/537.36 (compatible; Googlebot/2.1; +http://www.google.com/bot.html)"
66.249.79.25 - - [04/Dec/2019:03:52:17 +0800] "POST /wp-json/wordpress-popular-posts/v1/popular-posts HTTP/1.0" 201 55 "http://www.crazyant.net/724.html" "Mozilla/5.0 (Linux; Android 6.0.1; Nexus 5X Build/MMB29P) AppleWebKit/537.36 (KHTML, like Gecko) Chrome/41.0.2272.96 Mobile Safari/537.36 (compatible; Googlebot/2.1; +http://www.google.com/bot.html)"
66.249.79.25 - - [04/Dec/2019:03:52:28 +0800] "POST /wp-json/wordpress-popular-posts/v1/popular-posts HTTP/1.0" 201 55 "http://www.crazyant.net/874.html" "Mozilla/5.0 (Linux; Android 6.0.1; Nexus 5X Build/MMB29P) AppleWebKit/537.36 (KHTML, like Gecko) Chrome/41.0.2272.96 Mobile Safari/537.36 (compatible; Googlebot/2.1; +http://www.google.com/bot.html)"
106.11.152.246 - - [04/Dec/2019:03:52:33 +0800] "GET /?s=%E6%9D%8F%E5%BD%A9%E5%AE%98%E6%96%B9%E7%BD%91%E6%96%B0%E6%97%B6%E6%97%B6%E5%BD%A9%E6%8A%80%E5%B7%A7%E3%80%90%E2%94%83%E6%8B%9B%E5%95%86%E9%83%A84641%E2%92%8D%E2%92%8F5_%E6%89%A3%E3%80%91%E3%80%91 HTTP/1.0" 200 8389 "-" "YisouSpider"
54.36.150.183 - - [04/Dec/2019:03:52:56 +0800] "GET /tag/python/page/5 HTTP/1.0" 200 11023 "-" "Mozilla/5.0 (compatible; AhrefsBot/6.1; +http://ahrefs.com/robot/)"
66.249.79.29 - - [04/Dec/2019:03:53:34 +0800] "POST /wp-json/wordpress-popular-posts/v1/popular-posts HTTP/1.0" 201 55 "http://www.crazyant.net/1303.html" "Mozilla/5.0 (Linux; Android 6.0.1; Nexus 5X Build/MMB29P) AppleWebKit/537.36 (KHTML, like Gecko) Chrome/41.0.2272.96 Mobile Safari/537.36 (compatible; Googlebot/2.1; +http://www.google.com/bot.html)"
66.249.79.29 - - [04/Dec/2019:03:54:00 +0800] "POST /wp-json/wordpress-popular-posts/v1/popular-posts HTTP/1.0" 201 55 "http://www.crazyant.net/2591.html" "Mozilla/5.0 AppleWebKit/537.36 (KHTML, like Gecko; compatible; Googlebot/2.1; +http://www.google.com/bot.html) Safari/537.36"
66.249.79.25 - - [04/Dec/2019:03:54:50 +0800] "POST /wp-json/wordpress-popular-posts/v1/popular-posts HTTP/1.0" 201 54 "http://www.crazyant.net/1321.html" "Mozilla/5.0 (Linux; Android 6.0.1; Nexus 5X Build/MMB29P) AppleWebKit/537.36 (KHTML, like Gecko) Chrome/41.0.2272.96 Mobile Safari/537.36 (compatible; Googlebot/2.1; +http://www.google.com/bot.html)"
220.181.108.117 - - [04/Dec/2019:03:54:57 +0800] "GET /1423.html HTTP/1.1" 444 0 "-" "Mozilla/5.0 (compatible; Baiduspider/2.0; +http://www.baidu.com/search/spider.html)"
8.29.198.25 - - [04/Dec/2019:03:55:29 +0800] "GET /feed HTTP/1.0" 200 4779 "-" "Feedly/1.0 (+http://www.feedly.com/fetcher.html; 12 subscribers; like FeedFetcher-Google)"
114.67.104.99 - - [04/Dec/2019:03:56:31 +0800] "GET /feed HTTP/1.0" 200 4779 "-" "Mozilla/5.0 (Linux; Android 8.0.0; TA-1053 Build/OPR1.170623.026) AppleWebKit/537.36 (KHTML, like Gecko) Chrome/67.0.3368.0 Mobile Safari/537.36"
54.36.150.53 - - [04/Dec/2019:03:56:37 +0800] "GET /category/php-development/page/2 HTTP/1.0" 200 10874 "-" "Mozilla/5.0 (compatible; AhrefsBot/6.1; +http://ahrefs.com/robot/)"
66.249.79.27 - - [04/Dec/2019:03:56:51 +0800] "POST /wp-json/wordpress-popular-posts/v1/popular-posts HTTP/1.0" 201 55 "http://www.crazyant.net/1122.html" "Mozilla/5.0 (Linux; Android 6.0.1; Nexus 5X Build/MMB29P) AppleWebKit/537.36 (KHTML, like Gecko) Chrome/41.0.2272.96 Mobile Safari/537.36 (compatible; Googlebot/2.1; +http://www.google.com/bot.html)"
46.119.179.161 - - [04/Dec/2019:03:57:04 +0800] "GET / HTTP/1.0" 200 54276 "https://frankofficial.ru/" "Mozilla/4.0 (compatible; MSIE 6.0; Windows NT 5.1)"
46.119.179.161 - - [04/Dec/2019:03:57:06 +0800] "GET / HTTP/1.0" 200 54276 "https://frankofficial.ru/" "Mozilla/4.0 (compatible; MSIE 6.0; Windows NT 5.1)"
46.119.179.161 - - [04/Dec/2019:03:57:07 +0800] "GET / HTTP/1.0" 200 54276 "https://frankofficial.ru/" "Mozilla/4.0 (compatible; MSIE 6.0; Windows NT 5.1)"
66.249.79.25 - - [04/Dec/2019:03:57:11 +0800] "POST /wp-json/wordpress-popular-posts/v1/popular-posts HTTP/1.0" 201 55 "http://www.crazyant.net/1898.html" "Mozilla/5.0 (Linux; Android 6.0.1; Nexus 5X Build/MMB29P) AppleWebKit/537.36 (KHTML, like Gecko) Chrome/41.0.2272.96 Mobile Safari/537.36 (compatible; Googlebot/2.1; +http://www.google.com/bot.html)"
66.249.79.25 - - [04/Dec/2019:03:57:25 +0800] "POST /wp-json/wordpress-popular-posts/v1/popular-posts HTTP/1.0" 201 54 "http://www.crazyant.net/512.html" "Mozilla/5.0 AppleWebKit/537.36 (KHTML, like Gecko; compatible; Googlebot/2.1; +http://www.google.com/bot.html) Safari/537.36"
220.181.108.120 - - [04/Dec/2019:03:58:11 +0800] "GET /1292.html HTTP/1.1" 444 0 "-" "Mozilla/5.0 (compatible; Baiduspider/2.0; +http://www.baidu.com/search/spider.html)"
66.249.79.25 - - [04/Dec/2019:03:58:30 +0800] "POST /wp-json/wordpress-popular-posts/v1/popular-posts HTTP/1.0" 201 55 "http://www.crazyant.net/1810.html" "Mozilla/5.0 (Linux; Android 6.0.1; Nexus 5X Build/MMB29P) AppleWebKit/537.36 (KHTML, like Gecko) Chrome/41.0.2272.96 Mobile Safari/537.36 (compatible; Googlebot/2.1; +http://www.google.com/bot.html)"
222.129.54.23 - - [04/Dec/2019:03:59:08 +0800] "GET /feed HTTP/1.0" 200 4779 "-" "ReadKit/2.4.3 (Mac OS X Version 10.15.1 (Build 19B88))"
66.249.79.27 - - [04/Dec/2019:03:59:29 +0800] "POST /wp-json/wordpress-popular-posts/v1/popular-posts HTTP/1.0" 201 55 "http://www.crazyant.net/1423.html" "Mozilla/5.0 (Linux; Android 6.0.1; Nexus 5X Build/MMB29P) AppleWebKit/537.36 (KHTML, like Gecko) Chrome/41.0.2272.96 Mobile Safari/537.36 (compatible; Googlebot/2.1; +http://www.google.com/bot.html)"
54.36.148.124 - - [04/Dec/2019:03:59:55 +0800] "GET /576.html HTTP/1.0" 200 13460 "-" "Mozilla/5.0 (compatible; AhrefsBot/6.1; +http://ahrefs.com/robot/)"
66.249.79.25 - - [04/Dec/2019:03:59:59 +0800] "GET /wp-content/uploads/2011/10/3.png HTTP/1.0" 200 36800 "-" "Googlebot-Image/1.0"
157.55.39.98 - - [04/Dec/2019:04:00:04 +0800] "GET / HTTP/1.0" 200 10415 "-" "Mozilla/5.0 (compatible; bingbot/2.0; +http://www.bing.com/bingbot.htm)"
54.36.148.20 - - [04/Dec/2019:04:00:19 +0800] "GET /251.html HTTP/1.0" 200 11516 "-" "Mozilla/5.0 (compatible; AhrefsBot/6.1; +http://ahrefs.com/robot/)"
220.181.108.100 - - [04/Dec/2019:04:01:26 +0800] "GET /1858.html HTTP/1.1" 444 0 "-" "Mozilla/5.0 (compatible; Baiduspider/2.0; +http://www.baidu.com/search/spider.html)"
66.249.79.187 - - [04/Dec/2019:04:01:37 +0800] "GET /1895.html?lcz HTTP/1.0" 301 - "-" "Mozilla/5.0 (Linux; Android 6.0.1; Nexus 5X Build/MMB29P) AppleWebKit/537.36 (KHTML, like Gecko) Chrome/41.0.2272.96 Mobile Safari/537.36 (compatible; Googlebot/2.1; +http://www.google.com/bot.html)"
66.249.79.29 - - [04/Dec/2019:04:01:38 +0800] "GET /1895.html?lcz HTTP/1.0" 200 11037 "-" "Mozilla/5.0 (Linux; Android 6.0.1; Nexus 5X Build/MMB29P) AppleWebKit/537.36 (KHTML, like Gecko) Chrome/41.0.2272.96 Mobile Safari/537.36 (compatible; Googlebot/2.1; +http://www.google.com/bot.html)"
66.249.79.29 - - [04/Dec/2019:04:01:40 +0800] "GET /category/c-plus-plus HTTP/1.0" 200 10665 "-" "Mozilla/5.0 (compatible; Googlebot/2.1; +http://www.google.com/bot.html)"
66.249.79.25 - - [04/Dec/2019:04:01:41 +0800] "GET /1895.html?oqfkpc=c1tvx HTTP/1.0" 200 11044 "-" "Mozilla/5.0 (Linux; Android 6.0.1; Nexus 5X Build/MMB29P) AppleWebKit/537.36 (KHTML, like Gecko) Chrome/41.0.2272.96 Mobile Safari/537.36 (compatible; Googlebot/2.1; +http://www.google.com/bot.html)"
66.249.79.27 - - [04/Dec/2019:04:01:46 +0800] "GET /1898.html HTTP/1.0" 200 12038 "-" "Mozilla/5.0 (compatible; Googlebot/2.1; +http://www.google.com/bot.html)"
66.249.79.27 - - [04/Dec/2019:04:01:48 +0800] "GET /1319.html?replytocom=10914 HTTP/1.0" 200 12115 "-" "Mozilla/5.0 (Linux; Android 6.0.1; Nexus 5X Build/MMB29P) AppleWebKit/537.36 (KHTML, like Gecko) Chrome/41.0.2272.96 Mobile Safari/537.36 (compatible; Googlebot/2.1; +http://www.google.com/bot.html)"
66.249.79.27 - - [04/Dec/2019:04:01:49 +0800] "GET /1423.html HTTP/1.0" 200 10987 "-" "Mozilla/5.0 (compatible; Googlebot/2.1; +http://www.google.com/bot.html)"
66.249.79.27 - - [04/Dec/2019:04:01:49 +0800] "GET /790.html HTTP/1.0" 200 10642 "-" "Mozilla/5.0 (compatible; Googlebot/2.1; +http://www.google.com/bot.html)"
66.249.79.25 - - [04/Dec/2019:04:01:51 +0800] "GET /1094.html HTTP/1.0" 200 12854 "-" "Mozilla/5.0 (compatible; Googlebot/2.1; +http://www.google.com/bot.html)"
66.249.79.25 - - [04/Dec/2019:04:01:52 +0800] "GET /1214.html HTTP/1.0" 200 15771 "-" "Mozilla/5.0 (Linux; Android 6.0.1; Nexus 5X Build/MMB29P) AppleWebKit/537.36 (KHTML, like Gecko) Chrome/41.0.2272.96 Mobile Safari/537.36 (compatible; Googlebot/2.1; +http://www.google.com/bot.html)"
66.249.79.25 - - [04/Dec/2019:04:01:52 +0800] "GET /251.html HTTP/1.0" 200 11517 "-" "Mozilla/5.0 (compatible; Googlebot/2.1; +http://www.google.com/bot.html)"
66.249.79.25 - - [04/Dec/2019:04:01:53 +0800] "GET /1898.html?jdf HTTP/1.0" 200 12040 "-" "Mozilla/5.0 (Linux; Android 6.0.1; Nexus 5X Build/MMB29P) AppleWebKit/537.36 (KHTML, like Gecko) Chrome/41.0.2272.96 Mobile Safari/537.36 (compatible; Googlebot/2.1; +http://www.google.com/bot.html)"
66.249.79.25 - - [04/Dec/2019:04:01:56 +0800] "GET /781.html?replytocom=10551 HTTP/1.0" 200 13524 "-" "Mozilla/5.0 (Linux; Android 6.0.1; Nexus 5X Build/MMB29P) AppleWebKit/537.36 (KHTML, like Gecko) Chrome/41.0.2272.96 Mobile Safari/537.36 (compatible; Googlebot/2.1; +http://www.google.com/bot.html)"
66.249.79.25 - - [04/Dec/2019:04:01:59 +0800] "GET /1044.html HTTP/1.0" 200 10873 "-" "Mozilla/5.0 (Linux; Android 6.0.1; Nexus 5X Build/MMB29P) AppleWebKit/537.36 (KHTML, like Gecko) Chrome/41.0.2272.96 Mobile Safari/537.36 (compatible; Googlebot/2.1; +http://www.google.com/bot.html)"
66.249.79.25 - - [04/Dec/2019:04:02:00 +0800] "GET /1216.html?utm_source=tuicool&utm_medium=referral HTTP/1.0" 200 11001 "-" "Mozilla/5.0 (Linux; Android 6.0.1; Nexus 5X Build/MMB29P) AppleWebKit/537.36 (KHTML, like Gecko) Chrome/41.0.2272.96 Mobile Safari/537.36 (compatible; Googlebot/2.1; +http://www.google.com/bot.html)"
66.249.79.25 - - [04/Dec/2019:04:02:00 +0800] "GET /2434.html HTTP/1.0" 200 11274 "-" "Mozilla/5.0 (compatible; Googlebot/2.1; +http://www.google.com/bot.html)"
66.249.79.12 - - [04/Dec/2019:04:02:01 +0800] "GET /tag/pyspark HTTP/1.0" 200 8577 "-" "Mozilla/5.0 (Linux; Android 6.0.1; Nexus 5X Build/MMB29P) AppleWebKit/537.36 (KHTML, like Gecko) Chrome/41.0.2272.96 Mobile Safari/537.36 (compatible; Googlebot/2.1; +http://www.google.com/bot.html)"
66.249.79.25 - - [04/Dec/2019:04:02:02 +0800] "GET /920.html?replytocom=10596 HTTP/1.0" 200 12936 "-" "Mozilla/5.0 (Linux; Android 6.0.1; Nexus 5X Build/MMB29P) AppleWebKit/537.36 (KHTML, like Gecko) Chrome/41.0.2272.96 Mobile Safari/537.36 (compatible; Googlebot/2.1; +http://www.google.com/bot.html)"
66.249.79.25 - - [04/Dec/2019:04:02:04 +0800] "POST /wp-json/wordpress-popular-posts/v1/popular-posts HTTP/1.0" 201 55 "http://www.crazyant.net/1898.html?jdf" "Mozilla/5.0 (Linux; Android 6.0.1; Nexus 5X Build/MMB29P) AppleWebKit/537.36 (KHTML, like Gecko) Chrome/41.0.2272.96 Mobile Safari/537.36 (compatible; Googlebot/2.1; +http://www.google.com/bot.html)"
66.249.79.25 - - [04/Dec/2019:04:02:05 +0800] "GET /1216.html?jdf HTTP/1.0" 200 10977 "-" "Mozilla/5.0 (Linux; Android 6.0.1; Nexus 5X Build/MMB29P) AppleWebKit/537.36 (KHTML, like Gecko) Chrome/41.0.2272.96 Mobile Safari/537.36 (compatible; Googlebot/2.1; +http://www.google.com/bot.html)"
66.249.79.27 - - [04/Dec/2019:04:02:05 +0800] "GET /920.html?replytocom=18508 HTTP/1.0" 200 12939 "-" "Mozilla/5.0 (Linux; Android 6.0.1; Nexus 5X Build/MMB29P) AppleWebKit/537.36 (KHTML, like Gecko) Chrome/41.0.2272.96 Mobile Safari/537.36 (compatible; Googlebot/2.1; +http://www.google.com/bot.html)"
66.249.79.25 - - [04/Dec/2019:04:02:06 +0800] "GET /781.html?replytocom=10400 HTTP/1.0" 200 13529 "-" "Mozilla/5.0 (Linux; Android 6.0.1; Nexus 5X Build/MMB29P) AppleWebKit/537.36 (KHTML, like Gecko) Chrome/41.0.2272.96 Mobile Safari/537.36 (compatible; Googlebot/2.1; +http://www.google.com/bot.html)"
66.249.79.25 - - [04/Dec/2019:04:02:07 +0800] "GET /499.html?kklaxm=02dio HTTP/1.0" 200 11598 "-" "Mozilla/5.0 (Linux; Android 6.0.1; Nexus 5X Build/MMB29P) AppleWebKit/537.36 (KHTML, like Gecko) Chrome/41.0.2272.96 Mobile Safari/537.36 (compatible; Googlebot/2.1; +http://www.google.com/bot.html)"
66.249.79.25 - - [04/Dec/2019:04:02:08 +0800] "GET /1216.html?lc HTTP/1.0" 200 10975 "-" "Mozilla/5.0 (Linux; Android 6.0.1; Nexus 5X Build/MMB29P) AppleWebKit/537.36 (KHTML, like Gecko) Chrome/41.0.2272.96 Mobile Safari/537.36 (compatible; Googlebot/2.1; +http://www.google.com/bot.html)"
66.249.79.25 - - [04/Dec/2019:04:02:15 +0800] "GET /920.html?replytocom=10326 HTTP/1.0" 200 12939 "-" "Mozilla/5.0 (Linux; Android 6.0.1; Nexus 5X Build/MMB29P) AppleWebKit/537.36 (KHTML, like Gecko) Chrome/41.0.2272.96 Mobile Safari/537.36 (compatible; Googlebot/2.1; +http://www.google.com/bot.html)"
66.249.79.25 - - [04/Dec/2019:04:02:21 +0800] "POST /wp-json/wordpress-popular-posts/v1/popular-posts HTTP/1.0" 201 55 "http://www.crazyant.net/920.html?replytocom=10596" "Mozilla/5.0 (Linux; Android 6.0.1; Nexus 5X Build/MMB29P) AppleWebKit/537.36 (KHTML, like Gecko) Chrome/41.0.2272.96 Mobile Safari/537.36 (compatible; Googlebot/2.1; +http://www.google.com/bot.html)"
66.249.79.25 - - [04/Dec/2019:04:02:26 +0800] "GET /1810.html HTTP/1.0" 200 13650 "-" "Mozilla/5.0 (compatible; Googlebot/2.1; +http://www.google.com/bot.html)"
92.38.129.153 - - [04/Dec/2019:04:02:29 +0800] "GET /feed/ HTTP/1.0" 301 - "-" "Tiny Tiny RSS/19.02 (http://tt-rss.org/)"
92.38.129.153 - - [04/Dec/2019:04:02:29 +0800] "GET /feed HTTP/1.0" 200 4779 "-" "Tiny Tiny RSS/19.02 (http://tt-rss.org/)"
66.249.79.25 - - [04/Dec/2019:04:02:31 +0800] "GET /1703.html?replytocom=10782 HTTP/1.0" 200 12943 "-" "Mozilla/5.0 (Linux; Android 6.0.1; Nexus 5X Build/MMB29P) AppleWebKit/537.36 (KHTML, like Gecko) Chrome/41.0.2272.96 Mobile Safari/537.36 (compatible; Googlebot/2.1; +http://www.google.com/bot.html)"
106.11.158.235 - - [04/Dec/2019:04:02:33 +0800] "GET /?s=%E6%80%8E%E4%B9%88%E9%80%80%E5%87%BA%E5%A5%BD%E7%9C%81app[VX%EF%BC%9Agylm013] HTTP/1.0" 200 8309 "-" "YisouSpider"
111.202.100.137 - - [04/Dec/2019:04:02:40 +0800] "GET /1185.html/feed HTTP/1.0" 200 514 "-" "Sogou web spider/4.0(+http://www.sogou.com/docs/help/webmasters.htm#07)"
106.11.152.90 - - [04/Dec/2019:04:02:50 +0800] "POST /wp-json/wordpress-popular-posts/v1/popular-posts HTTP/1.0" 201 55 "http://www.crazyant.net/1861.html?replytocom=20977" "Mozilla/5.0 (Windows NT 6.1; Win64; x64) AppleWebKit/537.36 (KHTML, like Gecko) Chrome/69.0.3497.81 YisouSpider/5.0 Safari/537.36"
47.93.50.126 - - [04/Dec/2019:04:03:37 +0800] "GET /feed/ HTTP/1.0" 301 - "-" "Mozilla/5.0 (Ubuntu; X11; Linux x86_64; rv:8.0) Gecko/20100101 Firefox/8.0"
47.93.50.126 - - [04/Dec/2019:04:03:38 +0800] "GET /feed HTTP/1.0" 200 28674 "-" "Mozilla/5.0 (Ubuntu; X11; Linux x86_64; rv:8.0) Gecko/20100101 Firefox/8.0"
42.101.64.109 - - [04/Dec/2019:04:03:58 +0800] "GET /favicon.ico HTTP/1.0" 200 - "-" "Mozilla/5.0 (Windows NT 10.0; WOW64) AppleWebKit/537.36 (KHTML, like Gecko) Chrome/63.0.3239.132 Safari/537.36"
111.202.100.137 - - [04/Dec/2019:04:04:27 +0800] "GET /?s=%E3%80%90%E8%80%81%E5%B8%88%E5%BE%AEgylm555%E4%BA%AC%E4%B8%9C%E8%81%94%E7%9B%9F%E7%9A%84%E7%BD%91%E7%AB%99 HTTP/1.0" 200 8325 "-" "Sogou web spider/4.0(+http://www.sogou.com/docs/help/webmasters.htm#07)"
123.125.71.32 - - [04/Dec/2019:04:04:40 +0800] "GET /2261.html?oshclq=uj2xu1 HTTP/1.1" 444 0 "-" "Mozilla/5.0 (compatible; Baiduspider/2.0; +http://www.baidu.com/search/spider.html)"
111.202.100.137 - - [04/Dec/2019:04:05:47 +0800] "GET /category/mysql/ HTTP/1.0" 301 - "-" "Sogou web spider/4.0(+http://www.sogou.com/docs/help/webmasters.htm#07)"
54.36.150.26 - - [04/Dec/2019:04:06:05 +0800] "GET /678.html/feed HTTP/1.0" 200 855 "-" "Mozilla/5.0 (compatible; AhrefsBot/6.1; +http://ahrefs.com/robot/)"
66.249.79.27 - - [04/Dec/2019:04:06:11 +0800] "POST /wp-json/wordpress-popular-posts/v1/popular-posts HTTP/1.0" 201 55 "http://www.crazyant.net/1303.html" "Mozilla/5.0 AppleWebKit/537.36 (KHTML, like Gecko; compatible; Googlebot/2.1; +http://www.google.com/bot.html) Safari/537.36"
66.249.79.27 - - [04/Dec/2019:04:06:20 +0800] "POST /wp-json/wordpress-popular-posts/v1/popular-posts HTTP/1.0" 201 55 "http://www.crazyant.net/1088.html" "Mozilla/5.0 (Linux; Android 6.0.1; Nexus 5X Build/MMB29P) AppleWebKit/537.36 (KHTML, like Gecko) Chrome/41.0.2272.96 Mobile Safari/537.36 (compatible; Googlebot/2.1; +http://www.google.com/bot.html)"
111.202.100.137 - - [04/Dec/2019:04:06:28 +0800] "GET /?s=%E3%80%90%E5%8A%A0%E7%81%B0%E4%BF%A1gylm013%E3%80%91%E8%8A%B1%E7%94%9F%E6%97%A5%E8%AE%B0%E4%BD%A3%E9%87%91 HTTP/1.0" 200 8327 "-" "Sogou web spider/4.0(+http://www.sogou.com/docs/help/webmasters.htm#07)"
146.66.92.61 - - [04/Dec/2019:04:06:47 +0800] "POST /wp-cron.php?doing_wp_cron=1575403607.7359929084777832031250 HTTP/1.0" 200 - "https://www.crazyant.net/wp-cron.php?doing_wp_cron=1575403607.7359929084777832031250" "WordPress/5.3; https://www.crazyant.net"
111.202.100.137 - - [04/Dec/2019:04:06:47 +0800] "GET /category/tensorflow HTTP/1.0" 200 9002 "-" "Sogou web spider/4.0(+http://www.sogou.com/docs/help/webmasters.htm#07)"
66.249.79.29 - - [04/Dec/2019:04:07:08 +0800] "POST /wp-json/wordpress-popular-posts/v1/popular-posts HTTP/1.0" 201 55 "http://www.crazyant.net/1355.html" "Mozilla/5.0 (Linux; Android 6.0.1; Nexus 5X Build/MMB29P) AppleWebKit/537.36 (KHTML, like Gecko) Chrome/41.0.2272.96 Mobile Safari/537.36 (compatible; Googlebot/2.1; +http://www.google.com/bot.html)"
66.249.79.27 - - [04/Dec/2019:04:07:28 +0800] "GET /2525.html HTTP/1.0" 200 12651 "-" "Mozilla/5.0 (Linux; Android 6.0.1; Nexus 5X Build/MMB29P) AppleWebKit/537.36 (KHTML, like Gecko) Chrome/41.0.2272.96 Mobile Safari/537.36 (compatible; Googlebot/2.1; +http://www.google.com/bot.html)"
137.74.38.160 - - [04/Dec/2019:04:07:46 +0800] "GET /feed/ HTTP/1.0" 301 - "-" "Tiny Tiny RSS/19.8 (f609065) (http://tt-rss.org/)"
137.74.38.160 - - [04/Dec/2019:04:07:46 +0800] "GET /feed HTTP/1.0" 200 4779 "-" "Tiny Tiny RSS/19.8 (f609065) (http://tt-rss.org/)"
54.36.149.82 - - [04/Dec/2019:04:07:53 +0800] "GET /717.html HTTP/1.0" 200 13049 "-" "Mozilla/5.0 (compatible; AhrefsBot/6.1; +http://ahrefs.com/robot/)"
220.181.108.97 - - [04/Dec/2019:04:07:54 +0800] "GET /2194.html HTTP/1.1" 444 0 "-" "Mozilla/5.0 (compatible; Baiduspider/2.0; +http://www.baidu.com/search/spider.html)"
66.249.79.25 - - [04/Dec/2019:04:09:27 +0800] "POST /wp-json/wordpress-popular-posts/v1/popular-posts HTTP/1.0" 201 55 "http://www.crazyant.net/1209.html" "Mozilla/5.0 (Linux; Android 6.0.1; Nexus 5X Build/MMB29P) AppleWebKit/537.36 (KHTML, like Gecko) Chrome/41.0.2272.96 Mobile Safari/537.36 (compatible; Googlebot/2.1; +http://www.google.com/bot.html)"
103.36.100.234 - - [04/Dec/2019:04:09:35 +0800] "POST /wp-login.php HTTP/1.0" 200 2155 "http://www.crazyant.net/wp-login.php" "Mozilla/5.0 (Macintosh; U; Intel Mac OS X 10_43_96) AppleWebKit/533.92.55 (KHTML, like Gecko) Chrome/57.5.0349.5611 Safari/530.62 Edge/34.68993"
66.249.79.25 - - [04/Dec/2019:04:09:50 +0800] "POST /wp-json/wordpress-popular-posts/v1/popular-posts HTTP/1.0" 201 55 "http://www.crazyant.net/790.html" "Mozilla/5.0 (Linux; Android 6.0.1; Nexus 5X Build/MMB29P) AppleWebKit/537.36 (KHTML, like Gecko) Chrome/41.0.2272.96 Mobile Safari/537.36 (compatible; Googlebot/2.1; +http://www.google.com/bot.html)"
189.201.213.6 - - [04/Dec/2019:04:09:57 +0800] "POST /wp-login.php HTTP/1.0" 200 2164 "http://www.crazyant.net/wp-login.php" "Mozilla/5.0 (Macintosh; U; Intel Mac OS X 10_43_96) AppleWebKit/533.92.55 (KHTML, like Gecko) Chrome/57.5.0349.5611 Safari/530.62 Edge/34.68993"
13.95.225.232 - - [04/Dec/2019:04:09:59 +0800] "POST /wp-login.php HTTP/1.0" 200 2158 "http://www.crazyant.net/wp-login.php" "Mozilla/5.0 (Macintosh; U; Intel Mac OS X 10_43_96) AppleWebKit/533.92.55 (KHTML, like Gecko) Chrome/57.5.0349.5611 Safari/530.62 Edge/34.68993"
106.11.159.77 - - [04/Dec/2019:04:10:36 +0800] "GET /category/no-category HTTP/1.0" 200 11075 "-" "Mozilla/5.0 (Windows NT 6.1; Win64; x64) AppleWebKit/537.36 (KHTML, like Gecko) Chrome/69.0.3497.81 YisouSpider/5.0 Safari/537.36"
66.249.79.25 - - [04/Dec/2019:04:11:24 +0800] "GET /914.html?replytocom=10320 HTTP/1.0" 200 10981 "-" "Mozilla/5.0 (Linux; Android 6.0.1; Nexus 5X Build/MMB29P) AppleWebKit/537.36 (KHTML, like Gecko) Chrome/41.0.2272.96 Mobile Safari/537.36 (compatible; Googlebot/2.1; +http://www.google.com/bot.html)"
146.66.92.61 - - [04/Dec/2019:04:11:25 +0800] "POST /wp-cron.php?doing_wp_cron=1575403885.0828719139099121093750 HTTP/1.0" 200 - "http://www.crazyant.net/wp-cron.php?doing_wp_cron=1575403885.0828719139099121093750" "WordPress/5.3; http://www.crazyant.net"
66.249.79.25 - - [04/Dec/2019:04:11:36 +0800] "GET /1203.html?replytocom=16843 HTTP/1.0" 200 13251 "-" "Mozilla/5.0 (Linux; Android 6.0.1; Nexus 5X Build/MMB29P) AppleWebKit/537.36 (KHTML, like Gecko) Chrome/41.0.2272.96 Mobile Safari/537.36 (compatible; Googlebot/2.1; +http://www.google.com/bot.html)"
66.249.79.25 - - [04/Dec/2019:04:11:43 +0800] "GET /?iapolo_c HTTP/1.0" 200 10423 "-" "Mozilla/5.0 (Linux; Android 6.0.1; Nexus 5X Build/MMB29P) AppleWebKit/537.36 (KHTML, like Gecko) Chrome/41.0.2272.96 Mobile Safari/537.36 (compatible; Googlebot/2.1; +http://www.google.com/bot.html)"
66.249.79.25 - - [04/Dec/2019:04:11:52 +0800] "GET /1722.html HTTP/1.0" 200 12092 "-" "Mozilla/5.0 (compatible; Googlebot/2.1; +http://www.google.com/bot.html)"
66.249.79.25 - - [04/Dec/2019:04:12:08 +0800] "GET /1214.html?replytocom=10632 HTTP/1.0" 200 15802 "-" "Mozilla/5.0 (Linux; Android 6.0.1; Nexus 5X Build/MMB29P) AppleWebKit/537.36 (KHTML, like Gecko) Chrome/41.0.2272.96 Mobile Safari/537.36 (compatible; Googlebot/2.1; +http://www.google.com/bot.html)"
66.249.79.27 - - [04/Dec/2019:04:12:21 +0800] "GET /1607.html?hwbads=foo6o3 HTTP/1.0" 200 12045 "-" "Mozilla/5.0 (Linux; Android 6.0.1; Nexus 5X Build/MMB29P) AppleWebKit/537.36 (KHTML, like Gecko) Chrome/41.0.2272.96 Mobile Safari/537.36 (compatible; Googlebot/2.1; +http://www.google.com/bot.html)"
66.249.79.25 - - [04/Dec/2019:04:12:26 +0800] "GET /1607.html?tol HTTP/1.0" 200 12034 "-" "Mozilla/5.0 (Linux; Android 6.0.1; Nexus 5X Build/MMB29P) AppleWebKit/537.36 (KHTML, like Gecko) Chrome/41.0.2272.96 Mobile Safari/537.36 (compatible; Googlebot/2.1; +http://www.google.com/bot.html)"
66.249.79.25 - - [04/Dec/2019:04:12:50 +0800] "GET /611.html HTTP/1.0" 200 14239 "-" "Mozilla/5.0 (compatible; Googlebot/2.1; +http://www.google.com/bot.html)"
66.249.79.25 - - [04/Dec/2019:04:12:52 +0800] "GET /2343.html HTTP/1.0" 200 10660 "-" "Mozilla/5.0 (compatible; Googlebot/2.1; +http://www.google.com/bot.html)"
66.249.79.25 - - [04/Dec/2019:04:12:54 +0800] "GET /2506.html HTTP/1.0" 200 13136 "-" "Mozilla/5.0 (compatible; Googlebot/2.1; +http://www.google.com/bot.html)"
66.249.79.25 - - [04/Dec/2019:04:13:01 +0800] "GET /749.html?jdf HTTP/1.0" 200 10958 "-" "Mozilla/5.0 (Linux; Android 6.0.1; Nexus 5X Build/MMB29P) AppleWebKit/537.36 (KHTML, like Gecko) Chrome/41.0.2272.96 Mobile Safari/537.36 (compatible; Googlebot/2.1; +http://www.google.com/bot.html)"
66.249.79.27 - - [04/Dec/2019:04:13:05 +0800] "GET /749.html?replytocom=10659 HTTP/1.0" 200 10994 "-" "Mozilla/5.0 (Linux; Android 6.0.1; Nexus 5X Build/MMB29P) AppleWebKit/537.36 (KHTML, like Gecko) Chrome/41.0.2272.96 Mobile Safari/537.36 (compatible; Googlebot/2.1; +http://www.google.com/bot.html)"
222.129.54.23 - - [04/Dec/2019:04:13:08 +0800] "GET /feed HTTP/1.0" 200 4779 "-" "ReadKit/2.4.3 (Mac OS X Version 10.15.1 (Build 19B88))"
54.36.148.142 - - [04/Dec/2019:04:13:26 +0800] "GET /category/python-data-analysis/feed HTTP/1.0" 200 535 "-" "Mozilla/5.0 (compatible; AhrefsBot/6.1; +http://ahrefs.com/robot/)"
220.181.108.115 - - [04/Dec/2019:04:14:23 +0800] "GET /1600.html?replytocom=20752 HTTP/1.1" 444 0 "-" "Mozilla/5.0 (compatible; Baiduspider/2.0; +http://www.baidu.com/search/spider.html)"
3.81.148.18 - - [04/Dec/2019:04:14:25 +0800] "GET /category/web-development/feed HTTP/1.0" 200 2313 "https://www.google.com/" "Mozilla/5.0 (Windows; U; Win 9x 4.90; SG; rv:1.9.2.4) Gecko/20101104 Netscape/9.1.0285"
123.56.132.140 - - [04/Dec/2019:04:14:26 +0800] "GET /1901.html HTTP/1.0" 200 12928 "-" "Mozilla/5.0 (Linux; Android 6.0; Nexus 5 Build/MRA58N) AppleWebKit/537.36 (KHTML, like Gecko) Chrome/70.0.3538.110 Mobile Safari/537.36"
54.36.150.60 - - [04/Dec/2019:04:14:26 +0800] "GET /author/peishuai1987/page/4 HTTP/1.0" 200 11094 "-" "Mozilla/5.0 (compatible; AhrefsBot/6.1; +http://ahrefs.com/robot/)"
66.249.79.29 - - [04/Dec/2019:04:15:08 +0800] "POST /wp-json/wordpress-popular-posts/v1/popular-posts HTTP/1.0" 201 55 "http://www.crazyant.net/731.html" "Mozilla/5.0 (Linux; Android 6.0.1; Nexus 5X Build/MMB29P) AppleWebKit/537.36 (KHTML, like Gecko) Chrome/41.0.2272.96 Mobile Safari/537.36 (compatible; Googlebot/2.1; +http://www.google.com/bot.html)"
42.156.137.29 - - [04/Dec/2019:04:15:10 +0800] "POST /wp-json/wordpress-popular-posts/v1/popular-posts HTTP/1.0" 201 55 "http://www.crazyant.net/%E3%80%90%E8%A7%86%E9%A2%91%E3%80%91%E4%B8%BA%E4%BB%80%E4%B9%88%E9%80%89%E6%8B%A9%E5%AD%A6%E4%B9%A0python%EF%BC%9F" "Mozilla/5.0 (Windows NT 6.1; Win64; x64) AppleWebKit/537.36 (KHTML, like Gecko) Chrome/69.0.3497.81 YisouSpider/5.0 Safari/537.36"
141.8.132.24 - - [04/Dec/2019:04:15:11 +0800] "GET /tag/redis HTTP/1.0" 200 9179 "-" "Mozilla/5.0 (compatible; YandexBot/3.0; +http://yandex.com/bots)"
40.77.167.39 - - [04/Dec/2019:04:15:20 +0800] "GET /page/20 HTTP/1.0" 200 11135 "-" "Mozilla/5.0 (compatible; bingbot/2.0; +http://www.bing.com/bingbot.htm)"
54.36.149.12 - - [04/Dec/2019:04:17:21 +0800] "GET /149.html HTTP/1.0" 200 13066 "-" "Mozilla/5.0 (compatible; AhrefsBot/6.1; +http://ahrefs.com/robot/)"
123.125.71.76 - - [04/Dec/2019:04:17:38 +0800] "GET /1372.html HTTP/1.1" 444 0 "-" "Mozilla/5.0 (compatible; Baiduspider/2.0; +http://www.baidu.com/search/spider.html)"
111.202.100.137 - - [04/Dec/2019:04:18:01 +0800] "GET /?s=%E3%80%90V%E4%BF%A1gylm555%E6%B7%98%E7%B2%89%E5%90%A7%E8%BF%9B%E4%B8%8D%E5%8E%BB%E4%BA%86 HTTP/1.0" 200 8317 "-" "Sogou web spider/4.0(+http://www.sogou.com/docs/help/webmasters.htm#07)"
66.249.79.27 - - [04/Dec/2019:04:18:06 +0800] "POST /wp-json/wordpress-popular-posts/v1/popular-posts HTTP/1.0" 201 54 "http://www.crazyant.net/130.html" "Mozilla/5.0 (Linux; Android 6.0.1; Nexus 5X Build/MMB29P) AppleWebKit/537.36 (KHTML, like Gecko) Chrome/41.0.2272.96 Mobile Safari/537.36 (compatible; Googlebot/2.1; +http://www.google.com/bot.html)"
111.202.100.137 - - [04/Dec/2019:04:18:31 +0800] "GET /category/mysql HTTP/1.0" 200 10906 "-" "Sogou web spider/4.0(+http://www.sogou.com/docs/help/webmasters.htm#07)"
92.38.129.153 - - [04/Dec/2019:04:18:35 +0800] "GET /feed/ HTTP/1.0" 301 - "-" "Tiny Tiny RSS/19.02 (http://tt-rss.org/)"
92.38.129.153 - - [04/Dec/2019:04:18:36 +0800] "GET /feed HTTP/1.0" 200 4779 "-" "Tiny Tiny RSS/19.02 (http://tt-rss.org/)"
111.202.100.137 - - [04/Dec/2019:04:19:26 +0800] "GET /?s=V%E4%BF%A1gylm555%E3%80%91%E5%BC%A0%E6%99%93%E6%96%87%E7%BA%A2%E4%BA%BA%E8%A3%85 HTTP/1.0" 200 8301 "-" "Sogou web spider/4.0(+http://www.sogou.com/docs/help/webmasters.htm#07)"
111.202.100.137 - - [04/Dec/2019:04:19:41 +0800] "GET /category/python-pandas%e7%b3%bb%e5%88%97/page/2 HTTP/1.0" 200 10211 "-" "Sogou web spider/4.0(+http://www.sogou.com/docs/help/webmasters.htm#07)"
111.202.100.137 - - [04/Dec/2019:04:20:22 +0800] "GET /page/2?aebohu=u7e532 HTTP/1.0" 200 10693 "-" "Sogou web spider/4.0(+http://www.sogou.com/docs/help/webmasters.htm#07)"
111.202.100.137 - - [04/Dec/2019:04:20:35 +0800] "GET /category/python-pandas%e7%b3%bb%e5%88%97/ HTTP/1.0" 301 - "-" "Sogou web spider/4.0(+http://www.sogou.com/docs/help/webmasters.htm#07)"
123.125.71.100 - - [04/Dec/2019:04:20:52 +0800] "GET /1193.html?replytocom=10796 HTTP/1.1" 444 0 "-" "Mozilla/5.0 (compatible; Baiduspider/2.0; +http://www.baidu.com/search/spider.html)"
54.36.149.28 - - [04/Dec/2019:04:20:57 +0800] "GET /page/15 HTTP/1.0" 200 10949 "-" "Mozilla/5.0 (compatible; AhrefsBot/6.1; +http://ahrefs.com/robot/)"
111.202.100.137 - - [04/Dec/2019:04:21:18 +0800] "GET /?p=1044 HTTP/1.0" 301 - "-" "Sogou web spider/4.0(+http://www.sogou.com/docs/help/webmasters.htm#07)"
66.249.79.25 - - [04/Dec/2019:04:21:21 +0800] "GET /678.html HTTP/1.0" 200 10580 "-" "Mozilla/5.0 (compatible; Googlebot/2.1; +http://www.google.com/bot.html)"
46.119.179.161 - - [04/Dec/2019:04:21:25 +0800] "GET / HTTP/1.0" 200 54276 "https://shpora.org/" "Mozilla/4.0 (compatible; MSIE 6.0; Windows NT 5.1; ru) Opera 8.01"
46.119.179.161 - - [04/Dec/2019:04:21:27 +0800] "GET / HTTP/1.0" 200 54276 "https://shpora.org/" "Mozilla/4.0 (compatible; MSIE 6.0; Windows NT 5.1; ru) Opera 8.01"
46.119.179.161 - - [04/Dec/2019:04:21:28 +0800] "GET / HTTP/1.0" 200 54276 "https://shpora.org/" "Mozilla/4.0 (compatible; MSIE 6.0; Windows NT 5.1; ru) Opera 8.01"
66.249.79.27 - - [04/Dec/2019:04:21:31 +0800] "GET /1214.html?replytocom=10634 HTTP/1.0" 200 15800 "-" "Mozilla/5.0 (Linux; Android 6.0.1; Nexus 5X Build/MMB29P) AppleWebKit/537.36 (KHTML, like Gecko) Chrome/41.0.2272.96 Mobile Safari/537.36 (compatible; Googlebot/2.1; +http://www.google.com/bot.html)"
66.249.79.27 - - [04/Dec/2019:04:21:34 +0800] "GET /?p=1931 HTTP/1.0" 301 - "-" "Mozilla/5.0 (Linux; Android 6.0.1; Nexus 5X Build/MMB29P) AppleWebKit/537.36 (KHTML, like Gecko) Chrome/41.0.2272.96 Mobile Safari/537.36 (compatible; Googlebot/2.1; +http://www.google.com/bot.html)"
111.202.100.137 - - [04/Dec/2019:04:21:35 +0800] "GET /category/python-pandas%e7%b3%bb%e5%88%97 HTTP/1.0" 200 10309 "-" "Sogou web spider/4.0(+http://www.sogou.com/docs/help/webmasters.htm#07)"
66.249.79.25 - - [04/Dec/2019:04:21:37 +0800] "GET /2012/04/25/dedecms HTTP/1.0" 301 - "-" "Mozilla/5.0 (Linux; Android 6.0.1; Nexus 5X Build/MMB29P) AppleWebKit/537.36 (KHTML, like Gecko) Chrome/41.0.2272.96 Mobile Safari/537.36 (compatible; Googlebot/2.1; +http://www.google.com/bot.html)"
66.249.79.25 - - [04/Dec/2019:04:21:40 +0800] "GET /499.html?jdf HTTP/1.0" 200 11592 "-" "Mozilla/5.0 (Linux; Android 6.0.1; Nexus 5X Build/MMB29P) AppleWebKit/537.36 (KHTML, like Gecko) Chrome/41.0.2272.96 Mobile Safari/537.36 (compatible; Googlebot/2.1; +http://www.google.com/bot.html)"
66.249.79.25 - - [04/Dec/2019:04:21:41 +0800] "GET /647.html HTTP/1.0" 200 12791 "-" "Mozilla/5.0 (compatible; Googlebot/2.1; +http://www.google.com/bot.html)"
66.249.79.25 - - [04/Dec/2019:04:21:55 +0800] "GET /1112.html?replytocom=10815 HTTP/1.0" 200 15282 "-" "Mozilla/5.0 (Linux; Android 6.0.1; Nexus 5X Build/MMB29P) AppleWebKit/537.36 (KHTML, like Gecko) Chrome/41.0.2272.96 Mobile Safari/537.36 (compatible; Googlebot/2.1; +http://www.google.com/bot.html)"
111.202.100.137 - - [04/Dec/2019:04:22:04 +0800] "GET /?s=%E4%BA%91%E4%BB%98%E6%B3%A8%E5%86%8C%E6%8E%A8%E8%8D%90%E4%BA%BA18007755061%E6%B2%A1%E6%9C%89%E4%BA%91%E4%BB%98%E6%8E%A8%E8%8D%90%E4%BA%BA%E6%89%8B%E6%9C%BA%E5%8F%B7 HTTP/1.0" 200 8333 "-" "Sogou web spider/4.0(+http://www.sogou.com/docs/help/webmasters.htm#07)"
111.202.100.137 - - [04/Dec/2019:04:22:51 +0800] "GET /1044.html HTTP/1.0" 200 10871 "-" "Sogou web spider/4.0(+http://www.sogou.com/docs/help/webmasters.htm#07)"
54.36.148.194 - - [04/Dec/2019:04:23:37 +0800] "GET /category/python-machinelearning HTTP/1.0" 200 8547 "-" "Mozilla/5.0 (compatible; AhrefsBot/6.1; +http://ahrefs.com/robot/)"
111.202.100.137 - - [04/Dec/2019:04:23:38 +0800] "GET /1625.html%20 HTTP/1.0" 301 - "-" "Sogou web spider/4.0(+http://www.sogou.com/docs/help/webmasters.htm#07)"
123.125.71.45 - - [04/Dec/2019:04:24:06 +0800] "GET /1470.html?swxihk=myu223 HTTP/1.1" 444 0 "-" "Mozilla/5.0 (compatible; Baiduspider/2.0; +http://www.baidu.com/search/spider.html)"
111.202.100.137 - - [04/Dec/2019:04:24:20 +0800] "GET /?s=%E3%80%90%E5%8A%A0%E7%BB%B4%E4%BF%A1gylm555%E3%80%91%E8%B4%9D%E5%BA%97%E4%B8%80%E4%B8%AA%E6%9C%88%E8%83%BD%E8%B5%9A%E5%A4%9A%E5%B0%91%E9%92%B1 HTTP/1.0" 200 8362 "-" "Sogou web spider/4.0(+http://www.sogou.com/docs/help/webmasters.htm#07)"
185.229.144.22 - - [04/Dec/2019:04:24:55 +0800] "GET / HTTP/1.0" 301 - "-" "Mozilla/4.0 (compatible; MSIE 7.0; Windows NT 5.0) Match by Siteimprove.com"
185.229.144.22 - - [04/Dec/2019:04:24:56 +0800] "GET / HTTP/1.0" 200 54479 "-" "Mozilla/4.0 (compatible; MSIE 7.0; Windows NT 5.0) Match by Siteimprove.com"
111.202.100.137 - - [04/Dec/2019:04:25:07 +0800] "GET /1625.html HTTP/1.0" 200 21218 "-" "Sogou web spider/4.0(+http://www.sogou.com/docs/help/webmasters.htm#07)"
111.202.100.137 - - [04/Dec/2019:04:25:50 +0800] "GET /?p=204 HTTP/1.0" 301 - "-" "Sogou web spider/4.0(+http://www.sogou.com/docs/help/webmasters.htm#07)"
123.56.71.99 - - [04/Dec/2019:04:25:51 +0800] "GET /2089.html HTTP/1.0" 200 21727 "-" "Mozilla/5.0 (Linux; Android 6.0; Nexus 5 Build/MRA58N) AppleWebKit/537.36 (KHTML, like Gecko) Chrome/70.0.3538.110 Mobile Safari/537.36"
111.202.100.137 - - [04/Dec/2019:04:26:34 +0800] "GET /?p=119 HTTP/1.0" 301 - "-" "Sogou web spider/4.0(+http://www.sogou.com/docs/help/webmasters.htm#07)"
222.129.54.23 - - [04/Dec/2019:04:27:08 +0800] "GET /feed HTTP/1.0" 200 4779 "-" "ReadKit/2.4.3 (Mac OS X Version 10.15.1 (Build 19B88))"
111.202.100.137 - - [04/Dec/2019:04:27:15 +0800] "GET /204.html HTTP/1.0" 200 10412 "-" "Sogou web spider/4.0(+http://www.sogou.com/docs/help/webmasters.htm#07)"
220.181.108.146 - - [04/Dec/2019:04:27:21 +0800] "GET /1122.html HTTP/1.1" 444 0 "-" "Mozilla/5.0 (compatible; Baiduspider/2.0; +http://www.baidu.com/search/spider.html)"
40.77.167.39 - - [04/Dec/2019:04:27:53 +0800] "GET /2012.html HTTP/1.0" 200 13064 "-" "Mozilla/5.0 (compatible; bingbot/2.0; +http://www.bing.com/bingbot.htm)"
111.202.100.137 - - [04/Dec/2019:04:27:57 +0800] "GET /119.html HTTP/1.0" 200 10218 "-" "Sogou web spider/4.0(+http://www.sogou.com/docs/help/webmasters.htm#07)"
54.36.150.71 - - [04/Dec/2019:04:28:08 +0800] "GET /1437.html HTTP/1.0" 200 11936 "-" "Mozilla/5.0 (compatible; AhrefsBot/6.1; +http://ahrefs.com/robot/)"
111.202.100.137 - - [04/Dec/2019:04:28:42 +0800] "GET /?s=%E6%9D%8F%E5%BD%A9%E5%B9%B3%E5%8F%B0%E6%97%B6%E6%97%B6%E5%BD%A9%E8%AE%A1%E5%88%92%E3%80%90%E2%94%8B%E7%89%9B%E4%BB%A32%E2%85%A07431[%E6%89%A3]%E3%80%93%E3%80%91 HTTP/1.0" 200 8375 "-" "Sogou web spider/4.0(+http://www.sogou.com/docs/help/webmasters.htm#07)"
111.202.100.137 - - [04/Dec/2019:04:29:25 +0800] "GET /?s=%E6%9D%8F%E5%BD%A9%E5%BD%A9%E7%A5%A8%E5%B9%B3%E5%8F%B0%E5%AE%89%E5%85%A8%E4%B8%8D%E3%80%90%E2%94%8B%E5%B8%82%E5%9C%BA%E9%83%A846416%E2%92%8F5[%E6%89%A3]%E3%80%93%E3%80%91 HTTP/1.0" 200 8385 "-" "Sogou web spider/4.0(+http://www.sogou.com/docs/help/webmasters.htm#07)"
111.202.100.137 - - [04/Dec/2019:04:30:11 +0800] "GET /?s=%E6%9D%8F%E5%BD%A9%E5%9B%BD%E9%99%85%E5%B9%B3%E5%8F%B0%E5%AE%89%E5%85%A8%E5%90%97%E3%80%90%E2%94%8B%E7%89%9B%E4%BB%A3217%E2%92%8B31[%E6%89%A3]%E3%80%93%E3%80%91 HTTP/1.0" 200 8382 "-" "Sogou web spider/4.0(+http://www.sogou.com/docs/help/webmasters.htm#07)"
3.92.162.53 - - [04/Dec/2019:04:30:25 +0800] "GET /1625.html/feed HTTP/1.1" 444 0 "https://www.google.com/" "Mozilla/5.0 (Windows NT 10.0; Win64; x64) AppleWebKit/537.36 (KHTML, like Gecko) Chrome/60.0.3112.113 Safari/537.36"
66.249.79.27 - - [04/Dec/2019:04:30:26 +0800] "GET /1946.html HTTP/1.0" 200 11074 "-" "Mozilla/5.0 (Linux; Android 6.0.1; Nexus 5X Build/MMB29P) AppleWebKit/537.36 (KHTML, like Gecko) Chrome/41.0.2272.96 Mobile Safari/537.36 (compatible; Googlebot/2.1; +http://www.google.com/bot.html)"
3.92.162.53 - - [04/Dec/2019:04:30:27 +0800] "GET /1625.html/feed HTTP/1.1" 444 0 "https://www.google.com/" "Mozilla/5.0 (Windows NT 10.0; Win64; x64) AppleWebKit/537.36 (KHTML, like Gecko) Chrome/60.0.3112.113 Safari/537.36"
66.249.79.10 - - [04/Dec/2019:04:30:28 +0800] "GET / HTTP/1.0" 200 10422 "-" "Mozilla/5.0 (Linux; Android 6.0.1; Nexus 5X Build/MMB29P) AppleWebKit/537.36 (KHTML, like Gecko) Chrome/41.0.2272.96 Mobile Safari/537.36 (compatible; Googlebot/2.1; +http://www.google.com/bot.html)"
66.249.79.25 - - [04/Dec/2019:04:30:29 +0800] "GET /2564.html HTTP/1.0" 200 10636 "-" "Mozilla/5.0 (Linux; Android 6.0.1; Nexus 5X Build/MMB29P) AppleWebKit/537.36 (KHTML, like Gecko) Chrome/41.0.2272.96 Mobile Safari/537.36 (compatible; Googlebot/2.1; +http://www.google.com/bot.html)"
220.181.108.104 - - [04/Dec/2019:04:30:36 +0800] "GET /381.html HTTP/1.1" 444 0 "-" "Mozilla/5.0 (compatible; Baiduspider/2.0; +http://www.baidu.com/search/spider.html)"
111.202.100.137 - - [04/Dec/2019:04:30:51 +0800] "GET /?s=[%E5%8A%A0V%E4%BF%A1gylm013]%E7%BE%8E%E9%80%9B%E5%A5%BD%E8%BF%98%E6%98%AF%E8%8A%B1%E7%94%9F%E6%97%A5%E8%AE%B0%E5%A5%BD HTTP/1.0" 200 8345 "-" "Sogou web spider/4.0(+http://www.sogou.com/docs/help/webmasters.htm#07)"
66.249.79.29 - - [04/Dec/2019:04:31:21 +0800] "GET /2167.html HTTP/1.0" 200 11914 "-" "Mozilla/5.0 (Linux; Android 6.0.1; Nexus 5X Build/MMB29P) AppleWebKit/537.36 (KHTML, like Gecko) Chrome/41.0.2272.96 Mobile Safari/537.36 (compatible; Googlebot/2.1; +http://www.google.com/bot.html)"
66.249.79.27 - - [04/Dec/2019:04:31:23 +0800] "GET /2528.html HTTP/1.0" 200 11854 "-" "Mozilla/5.0 (compatible; Googlebot/2.1; +http://www.google.com/bot.html)"
111.202.100.137 - - [04/Dec/2019:04:31:28 +0800] "GET /?s=%E5%B9%BF%E5%B7%9E%E8%8A%B1%E7%94%9F%E6%97%A5%E8%AE%B0%E7%BD%91%E7%BB%9C%E6%9C%89%E9%99%90%E5%85%AC%E5%8F%B8%E3%80%90%E5%BE%AE%E4%BF%A1gylm555%E3%80%91 HTTP/1.0" 200 8366 "-" "Sogou web spider/4.0(+http://www.sogou.com/docs/help/webmasters.htm#07)"
66.249.79.27 - - [04/Dec/2019:04:31:28 +0800] "GET /144.html?replytocom=1198 HTTP/1.0" 200 13933 "-" "Mozilla/5.0 (Linux; Android 6.0.1; Nexus 5X Build/MMB29P) AppleWebKit/537.36 (KHTML, like Gecko) Chrome/41.0.2272.96 Mobile Safari/537.36 (compatible; Googlebot/2.1; +http://www.google.com/bot.html)"
66.249.79.8 - - [04/Dec/2019:04:31:30 +0800] "GET /2447.html HTTP/1.0" 200 12047 "-" "Mozilla/5.0 (compatible; Googlebot/2.1; +http://www.google.com/bot.html)"
66.249.79.27 - - [04/Dec/2019:04:31:31 +0800] "GET /1203.html HTTP/1.0" 200 13214 "-" "Mozilla/5.0 (Linux; Android 6.0.1; Nexus 5X Build/MMB29P) AppleWebKit/537.36 (KHTML, like Gecko) Chrome/41.0.2272.96 Mobile Safari/537.36 (compatible; Googlebot/2.1; +http://www.google.com/bot.html)"
66.249.79.25 - - [04/Dec/2019:04:31:32 +0800] "GET /category/python-tensorflow HTTP/1.0" 200 8698 "-" "Mozilla/5.0 (Linux; Android 6.0.1; Nexus 5X Build/MMB29P) AppleWebKit/537.36 (KHTML, like Gecko) Chrome/41.0.2272.96 Mobile Safari/537.36 (compatible; Googlebot/2.1; +http://www.google.com/bot.html)"
66.249.79.25 - - [04/Dec/2019:04:31:33 +0800] "GET /478.html HTTP/1.0" 200 11161 "-" "Mozilla/5.0 (Linux; Android 6.0.1; Nexus 5X Build/MMB29P) AppleWebKit/537.36 (KHTML, like Gecko) Chrome/41.0.2272.96 Mobile Safari/537.36 (compatible; Googlebot/2.1; +http://www.google.com/bot.html)"
66.249.79.8 - - [04/Dec/2019:04:31:44 +0800] "GET /2447.html HTTP/1.0" 200 12048 "-" "Mozilla/5.0 (Linux; Android 6.0.1; Nexus 5X Build/MMB29P) AppleWebKit/537.36 (KHTML, like Gecko) Chrome/41.0.2272.96 Mobile Safari/537.36 (compatible; Googlebot/2.1; +http://www.google.com/bot.html)"
66.249.79.25 - - [04/Dec/2019:04:31:44 +0800] "GET /2594.html HTTP/1.0" 200 13459 "-" "Mozilla/5.0 (compatible; Googlebot/2.1; +http://www.google.com/bot.html)"
66.249.79.25 - - [04/Dec/2019:04:31:48 +0800] "GET /1470.html?replytocom=25250 HTTP/1.0" 200 12302 "-" "Mozilla/5.0 (Linux; Android 6.0.1; Nexus 5X Build/MMB29P) AppleWebKit/537.36 (KHTML, like Gecko) Chrome/41.0.2272.96 Mobile Safari/537.36 (compatible; Googlebot/2.1; +http://www.google.com/bot.html)"
111.202.100.137 - - [04/Dec/2019:04:32:09 +0800] "GET /?s=%E3%80%90%E2%94%8B%E7%89%9B%E4%BB%A346416%E2%92%8F5[%E6%89%A3]%E3%80%93%E3%80%91%E6%9D%8F%E5%BD%A9%E6%97%B6%E6%97%B6%E5%BD%A9%E5%B9%B3%E5%8F%B0%E5%9C%B0%E5%9D%80 HTTP/1.0" 200 8368 "-" "Sogou web spider/4.0(+http://www.sogou.com/docs/help/webmasters.htm#07)"
111.202.100.137 - - [04/Dec/2019:04:32:51 +0800] "GET /?s=%E6%9D%8F%E5%BD%A9%E6%B3%A8%E5%86%8C%E4%B8%BB%E7%AE%A1%E3%80%90%E2%94%83%E7%BB%99%E5%8A%9B4641%E2%92%8D%E2%92%8F5[%EF%BC%B1%E3%80%91%E3%80%91 HTTP/1.0" 200 8365 "-" "Sogou web spider/4.0(+http://www.sogou.com/docs/help/webmasters.htm#07)"
66.249.79.25 - - [04/Dec/2019:04:33:26 +0800] "POST /wp-json/wordpress-popular-posts/v1/popular-posts HTTP/1.0" 201 55 "http://www.crazyant.net/2351.html" "Mozilla/5.0 (Linux; Android 6.0.1; Nexus 5X Build/MMB29P) AppleWebKit/537.36 (KHTML, like Gecko) Chrome/41.0.2272.96 Mobile Safari/537.36 (compatible; Googlebot/2.1; +http://www.google.com/bot.html)"
111.202.100.137 - - [04/Dec/2019:04:33:29 +0800] "GET /?s=%E6%9D%8F%E5%BD%A9%E7%99%BB%E5%BD%95%E7%94%A8%E6%88%B7%E3%80%90%E2%94%83%E5%A5%BD%E8%AE%A1%E5%88%9246416%E2%92%8F5{%EF%BC%B1%E3%80%91%E3%80%91 HTTP/1.0" 200 8354 "-" "Sogou web spider/4.0(+http://www.sogou.com/docs/help/webmasters.htm#07)"
104.248.68.63 - - [04/Dec/2019:04:33:45 +0800] "HEAD / HTTP/1.0" 301 - "http://www.google.com" "Mozilla/4.0 (compatible; MSIE 8.0; Windows NT 6.1; WOW64; Trident/4.0; SLCC2; .NET CLR 2.0.50727; .NET CLR 3.5.30729; .NET CLR 3.0.30729; Media Center PC 6.0; .NET4.0C; .NET4.0E)"
104.248.68.63 - - [04/Dec/2019:04:33:47 +0800] "HEAD / HTTP/1.0" 200 - "http://www.google.com" "Mozilla/4.0 (compatible; MSIE 8.0; Windows NT 6.1; WOW64; Trident/4.0; SLCC2; .NET CLR 2.0.50727; .NET CLR 3.5.30729; .NET CLR 3.0.30729; Media Center PC 6.0; .NET4.0C; .NET4.0E)"
40.77.167.39 - - [04/Dec/2019:04:33:47 +0800] "GET /629.html HTTP/1.0" 200 12778 "-" "Mozilla/5.0 (compatible; bingbot/2.0; +http://www.bing.com/bingbot.htm)"
123.125.71.49 - - [04/Dec/2019:04:33:50 +0800] "GET /2145.html HTTP/1.1" 444 0 "-" "Mozilla/5.0 (compatible; Baiduspider/2.0; +http://www.baidu.com/search/spider.html)"
111.202.100.137 - - [04/Dec/2019:04:34:08 +0800] "GET /?s=%E6%9D%8F%E5%BD%A9%E5%9B%BD%E9%99%85%E5%AE%89%E5%8D%93%E7%89%88%E3%80%90%E2%94%8B%E6%80%BB%E4%BB%A346416%E2%92%8F5[%E6%89%A3]%E3%80%93%E3%80%91 HTTP/1.0" 200 8361 "-" "Sogou web spider/4.0(+http://www.sogou.com/docs/help/webmasters.htm#07)"
92.38.129.153 - - [04/Dec/2019:04:34:48 +0800] "GET /feed/ HTTP/1.0" 301 - "-" "Tiny Tiny RSS/19.02 (http://tt-rss.org/)"
92.38.129.153 - - [04/Dec/2019:04:34:49 +0800] "GET /feed HTTP/1.0" 200 4779 "-" "Tiny Tiny RSS/19.02 (http://tt-rss.org/)"
111.202.100.137 - - [04/Dec/2019:04:34:50 +0800] "GET /?s=%E5%AE%9D%E8%B4%9D%E5%BA%97%E9%93%BA%E6%90%9C%E7%B4%A2%E4%B8%8D%E5%88%B0%E4%BA%86%E6%80%8E%E4%B9%88%E5%8A%9E[%E7%81%B0%E4%BF%A1gylm555] HTTP/1.0" 200 8350 "-" "Sogou web spider/4.0(+http://www.sogou.com/docs/help/webmasters.htm#07)"
111.202.100.137 - - [04/Dec/2019:04:35:30 +0800] "GET /?s=%E9%AB%98%E4%BD%A3%E8%81%94%E7%9B%9F%20%E9%82%80%E8%AF%B7%E3%80%90%E5%8A%A0%E7%BB%B4%E4%BF%A1gylm555 HTTP/1.0" 200 8324 "-" "Sogou web spider/4.0(+http://www.sogou.com/docs/help/webmasters.htm#07)"
111.202.100.137 - - [04/Dec/2019:04:36:08 +0800] "GET /?s=%E8%B4%9D%E5%BA%97%E6%80%8E%E4%B9%88%E6%B3%A8%E9%94%80%E3%80%90%E5%8A%A0%E8%96%87%E4%BF%A1gylm013%E3%80%91 HTTP/1.0" 200 8327 "-" "Sogou web spider/4.0(+http://www.sogou.com/docs/help/webmasters.htm#07)"
54.36.150.19 - - [04/Dec/2019:04:36:13 +0800] "GET /page/15 HTTP/1.0" 200 10948 "-" "Mozilla/5.0 (compatible; AhrefsBot/6.1; +http://ahrefs.com/robot/)"
106.11.156.234 - - [04/Dec/2019:04:36:25 +0800] "GET /707.html?replytocom=1170&wptouch_switch=desktop HTTP/1.0" 200 13974 "-" "YisouSpider"
106.11.153.226 - - [04/Dec/2019:04:36:33 +0800] "GET /796.html?replytocom=10540&wptouch_switch=desktop HTTP/1.0" 200 20159 "-" "YisouSpider"
111.202.100.137 - - [04/Dec/2019:04:36:46 +0800] "GET /?s=%E9%AB%98%E4%BD%A3%E8%81%94%E7%9B%9F%E9%87%8C%E9%A2%84%E4%BC%B0%E6%94%B6%E5%85%A5%E3%80%90www.858981.vip%E3%80%91 HTTP/1.0" 200 8337 "-" "Sogou web spider/4.0(+http://www.sogou.com/docs/help/webmasters.htm#07)"
66.249.79.25 - - [04/Dec/2019:04:36:54 +0800] "GET /99.html?ier&sgtgda=gmbxl3&fgdgto=hxaml3 HTTP/1.0" 200 11568 "-" "Mozilla/5.0 (Linux; Android 6.0.1; Nexus 5X Build/MMB29P) AppleWebKit/537.36 (KHTML, like Gecko) Chrome/41.0.2272.96 Mobile Safari/537.36 (compatible; Googlebot/2.1; +http://www.google.com/bot.html)"
54.36.150.34 - - [04/Dec/2019:04:37:03 +0800] "GET /tag/php HTTP/1.0" 200 11153 "-" "Mozilla/5.0 (compatible; AhrefsBot/6.1; +http://ahrefs.com/robot/)"
123.125.71.75 - - [04/Dec/2019:04:37:04 +0800] "GET /1470.html HTTP/1.1" 444 0 "-" "Mozilla/5.0 (compatible; Baiduspider/2.0; +http://www.baidu.com/search/spider.html)"
111.202.100.137 - - [04/Dec/2019:04:37:24 +0800] "GET /?s=%E6%B7%98%E5%AE%9D%E8%81%94%E7%9B%9F%E6%80%8E%20%E4%B9%88%E6%8E%A8%20%E5%B9%BF%E5%8A%A0V%E4%BF%A1gylm013 HTTP/1.0" 200 8326 "-" "Sogou web spider/4.0(+http://www.sogou.com/docs/help/webmasters.htm#07)"
69.165.65.171 - - [04/Dec/2019:04:37:34 +0800] "GET / HTTP/1.0" 200 54276 "-" "Mozilla/5.0 (compatible; MSIE 10.0; Windows NT 6.2)"
69.165.65.171 - - [04/Dec/2019:04:37:36 +0800] "GET / HTTP/1.0" 200 54276 "-" "Mozilla/5.0 (compatible; MSIE 10.0; Windows NT 6.2)"
69.165.65.171 - - [04/Dec/2019:04:37:37 +0800] "GET //dede/tpl.php HTTP/1.0" 301 - "-" "Mozilla/5.0 (compatible; MSIE 10.0; Windows NT 6.2)"
69.165.65.171 - - [04/Dec/2019:04:37:38 +0800] "GET /dede/tpl.php HTTP/1.0" 404 35012 "-" "Mozilla/5.0 (compatible; MSIE 10.0; Windows NT 6.2)"
69.165.65.171 - - [04/Dec/2019:04:37:38 +0800] "GET //console/login/LoginForm.jsp HTTP/1.0" 301 - "-" "Mozilla/5.0 (compatible; MSIE 10.0; Windows NT 6.2)"
69.165.65.171 - - [04/Dec/2019:04:37:39 +0800] "GET /console/login/LoginForm.jsp HTTP/1.0" 404 35012 "-" "Mozilla/5.0 (compatible; MSIE 10.0; Windows NT 6.2)"
137.74.38.160 - - [04/Dec/2019:04:37:53 +0800] "GET /feed/ HTTP/1.0" 301 - "-" "Tiny Tiny RSS/19.8 (f609065) (http://tt-rss.org/)"
137.74.38.160 - - [04/Dec/2019:04:37:54 +0800] "GET /feed HTTP/1.0" 200 4779 "-" "Tiny Tiny RSS/19.8 (f609065) (http://tt-rss.org/)"
111.202.100.137 - - [04/Dec/2019:04:37:58 +0800] "GET /?s=%E5%8A%A0%E5%9B%9E%E4%BF%A1gylm013%E3%80%91%E9%AB%98%E4%BD%A3%E8%81%94%E7%9B%9F%E6%8E%A8%E5%B9%BF%E6%96%B9%E6%A1%88 HTTP/1.0" 200 8343 "-" "Sogou web spider/4.0(+http://www.sogou.com/docs/help/webmasters.htm#07)"
111.202.100.137 - - [04/Dec/2019:04:38:36 +0800] "GET /?s=%E5%A4%9A%E5%BF%AB%E5%A5%BD%E7%9C%81%E5%AE%B6%E5%85%B7[%E6%80%BB%E7%9B%91%E5%BE%AE%E4%BF%A1gylm555] HTTP/1.0" 200 8312 "-" "Sogou web spider/4.0(+http://www.sogou.com/docs/help/webmasters.htm#07)"
157.55.39.98 - - [04/Dec/2019:04:38:48 +0800] "GET /245.html/feed HTTP/1.0" 200 958 "-" "msnbot/2.0b (+http://search.msn.com/msnbot.htm)"
111.202.100.137 - - [04/Dec/2019:04:39:11 +0800] "GET /?s=[%E5%8A%A0%E5%AF%BC%E5%B8%88%E5%BE%AEgylm013]%E7%BA%A2%E4%BA%BA%E8%A3%85%E5%AE%9A%E5%88%B6%E8%A1%A3%E6%9C%8D HTTP/1.0" 200 8330 "-" "Sogou web spider/4.0(+http://www.sogou.com/docs/help/webmasters.htm#07)"
66.249.79.27 - - [04/Dec/2019:04:39:24 +0800] "POST /wp-json/wordpress-popular-posts/v1/popular-posts HTTP/1.0" 201 54 "http://www.crazyant.net/410.html" "Mozilla/5.0 (Linux; Android 6.0.1; Nexus 5X Build/MMB29P) AppleWebKit/537.36 (KHTML, like Gecko) Chrome/41.0.2272.96 Mobile Safari/537.36 (compatible; Googlebot/2.1; +http://www.google.com/bot.html)"
111.202.100.137 - - [04/Dec/2019:04:39:45 +0800] "GET /?s=%E6%9D%8F%E5%BD%A9%E8%83%BD%E9%95%BF%E4%B9%85%E5%90%97%E3%80%90%E2%94%83%E6%80%BB%E4%BB%A3%EF%BC%9217431[%EF%BC%B1]%E3%80%91%E3%80%91 HTTP/1.0" 200 8353 "-" "Sogou web spider/4.0(+http://www.sogou.com/docs/help/webmasters.htm#07)"
66.249.79.27 - - [04/Dec/2019:04:39:47 +0800] "POST /wp-json/wordpress-popular-posts/v1/popular-posts HTTP/1.0" 201 55 "http://www.crazyant.net/1470.html" "Mozilla/5.0 AppleWebKit/537.36 (KHTML, like Gecko; compatible; Googlebot/2.1; +http://www.google.com/bot.html) Safari/537.36"
66.249.79.27 - - [04/Dec/2019:04:39:48 +0800] "POST /wp-json/wordpress-popular-posts/v1/popular-posts HTTP/1.0" 201 55 "http://www.crazyant.net/499.html" "Mozilla/5.0 (Linux; Android 6.0.1; Nexus 5X Build/MMB29P) AppleWebKit/537.36 (KHTML, like Gecko) Chrome/41.0.2272.96 Mobile Safari/537.36 (compatible; Googlebot/2.1; +http://www.google.com/bot.html)"
