124.251.57.67 - - [05/Dec/2019:23:48:38 +0800] "GET /119.html HTTP/1.0" 200 10220 "-" "Mozilla/5.0 (Linux; Android 7.0; SM-A310F Build/NRD90M) AppleWebKit/537.36 (KHTML, like Gecko) Chrome/55.0.2883.91 Mobile Safari/537.36 OPR/42.7.2246.114996"
124.64.18.186 - - [05/Dec/2019:23:48:56 +0800] "GET /1112.html HTTP/1.0" 200 15247 "-" "Mozilla/5.0 (iPhone; CPU iPhone OS 12_4 like Mac OS X) AppleWebKit/605.1.15 (KHTML, like Gecko) Version/12.1.2 Mobile/15E148 Safari/604.1"
124.64.18.186 - - [05/Dec/2019:23:48:59 +0800] "GET /apple-touch-icon-120x120-precomposed.png HTTP/1.0" 404 35012 "-" "MobileSafari/604.1 CFNetwork/978.0.7 Darwin/18.7.0"
124.64.18.186 - - [05/Dec/2019:23:49:02 +0800] "GET /apple-touch-icon-120x120.png HTTP/1.0" 404 35012 "-" "MobileSafari/604.1 CFNetwork/978.0.7 Darwin/18.7.0"
124.64.18.186 - - [05/Dec/2019:23:49:03 +0800] "GET /apple-touch-icon-precomposed.png HTTP/1.0" 404 35012 "-" "MobileSafari/604.1 CFNetwork/978.0.7 Darwin/18.7.0"
124.64.18.186 - - [05/Dec/2019:23:49:06 +0800] "GET /apple-touch-icon.png HTTP/1.0" 404 35012 "-" "MobileSafari/604.1 CFNetwork/978.0.7 Darwin/18.7.0"
106.11.159.254 - - [05/Dec/2019:23:49:09 +0800] "GET /page/24?cyvsxg=atp8r2&lwtufc=xpr0j3&oulink=ozi3j3 HTTP/1.0" 200 10713 "-" "YisouSpider"
124.64.18.186 - - [05/Dec/2019:23:49:09 +0800] "GET /favicon.ico HTTP/1.1" 200 0 "-" "MobileSafari/604.1 CFNetwork/978.0.7 Darwin/18.7.0"
124.64.18.186 - - [05/Dec/2019:23:49:09 +0800] "GET /apple-touch-icon-120x120-precomposed.png HTTP/1.0" 404 35012 "-" "MobileSafari/604.1 CFNetwork/978.0.7 Darwin/18.7.0"
124.64.18.186 - - [05/Dec/2019:23:49:11 +0800] "GET /apple-touch-icon-120x120.png HTTP/1.0" 404 35012 "-" "MobileSafari/604.1 CFNetwork/978.0.7 Darwin/18.7.0"
124.64.18.186 - - [05/Dec/2019:23:49:13 +0800] "GET /apple-touch-icon-precomposed.png HTTP/1.0" 404 35012 "-" "MobileSafari/604.1 CFNetwork/978.0.7 Darwin/18.7.0"
106.11.152.246 - - [05/Dec/2019:23:49:17 +0800] "GET /category/mysql?wptouch_switch=desktop HTTP/1.0" 200 10929 "-" "YisouSpider"
124.64.18.186 - - [05/Dec/2019:23:49:18 +0800] "GET /apple-touch-icon.png HTTP/1.0" 404 35012 "-" "MobileSafari/604.1 CFNetwork/978.0.7 Darwin/18.7.0"
124.64.18.186 - - [05/Dec/2019:23:49:21 +0800] "GET /favicon.ico HTTP/1.1" 200 0 "-" "MobileSafari/604.1 CFNetwork/978.0.7 Darwin/18.7.0"
113.65.102.156 - - [05/Dec/2019:23:50:30 +0800] "GET / HTTP/1.0" 200 10415 "-" "Mozilla/5.0 (Windows NT 10.0; Win64; x64) AppleWebKit/537.36 (KHTML, like Gecko) Chrome/78.0.3904.108 Safari/537.36"
113.65.102.156 - - [05/Dec/2019:23:50:31 +0800] "GET /wp-includes/css/dist/block-library/style.min.css HTTP/1.0" 200 6163 "http://www.crazyant.net/" "Mozilla/5.0 (Windows NT 10.0; Win64; x64) AppleWebKit/537.36 (KHTML, like Gecko) Chrome/78.0.3904.108 Safari/537.36"
113.65.102.156 - - [05/Dec/2019:23:50:31 +0800] "GET /wp-includes/css/dist/block-library/theme.min.css HTTP/1.0" 200 639 "http://www.crazyant.net/" "Mozilla/5.0 (Windows NT 10.0; Win64; x64) AppleWebKit/537.36 (KHTML, like Gecko) Chrome/78.0.3904.108 Safari/537.36"
113.65.102.156 - - [05/Dec/2019:23:50:31 +0800] "GET /wp-content/plugins/table-of-contents-plus/screen.min.css HTTP/1.0" 200 456 "http://www.crazyant.net/" "Mozilla/5.0 (Windows NT 10.0; Win64; x64) AppleWebKit/537.36 (KHTML, like Gecko) Chrome/78.0.3904.108 Safari/537.36"
113.65.102.156 - - [05/Dec/2019:23:50:31 +0800] "GET /wp-content/plugins/cardoza-3d-tag-cloud//public/css/my-style.min.css HTTP/1.0" 200 218 "http://www.crazyant.net/" "Mozilla/5.0 (Windows NT 10.0; Win64; x64) AppleWebKit/537.36 (KHTML, like Gecko) Chrome/78.0.3904.108 Safari/537.36"
113.65.102.156 - - [05/Dec/2019:23:50:31 +0800] "GET /wp-content/plugins/bibblio-related-posts/public/css/bibblio_related_posts.min.css HTTP/1.0" 200 42 "http://www.crazyant.net/" "Mozilla/5.0 (Windows NT 10.0; Win64; x64) AppleWebKit/537.36 (KHTML, like Gecko) Chrome/78.0.3904.108 Safari/537.36"
113.65.102.156 - - [05/Dec/2019:23:50:31 +0800] "GET /wp-content/plugins/wordpress-popular-posts/assets/css/wordpress-popular-posts-css.min.css HTTP/1.0" 200 229 "http://www.crazyant.net/" "Mozilla/5.0 (Windows NT 10.0; Win64; x64) AppleWebKit/537.36 (KHTML, like Gecko) Chrome/78.0.3904.108 Safari/537.36"
113.65.102.156 - - [05/Dec/2019:23:50:31 +0800] "GET /wp-content/themes/twentyfifteen/genericons/genericons.min.css HTTP/1.0" 200 16232 "http://www.crazyant.net/" "Mozilla/5.0 (Windows NT 10.0; Win64; x64) AppleWebKit/537.36 (KHTML, like Gecko) Chrome/78.0.3904.108 Safari/537.36"
113.65.102.156 - - [05/Dec/2019:23:50:31 +0800] "GET /wp-content/themes/twentyfifteen/twentyfifteen-style.min.css HTTP/1.0" 200 11037 "http://www.crazyant.net/" "Mozilla/5.0 (Windows NT 10.0; Win64; x64) AppleWebKit/537.36 (KHTML, like Gecko) Chrome/78.0.3904.108 Safari/537.36"
113.65.102.156 - - [05/Dec/2019:23:50:31 +0800] "GET /wp-content/themes/twentyfifteen/css/twentyfifteen-block-style.min.css HTTP/1.0" 200 1596 "http://www.crazyant.net/" "Mozilla/5.0 (Windows NT 10.0; Win64; x64) AppleWebKit/537.36 (KHTML, like Gecko) Chrome/78.0.3904.108 Safari/537.36"
113.65.102.156 - - [05/Dec/2019:23:50:31 +0800] "GET /wp-content/plugins/easy-fancybox/css/jquery.fancybox.min.css HTTP/1.0" 200 1111 "http://www.crazyant.net/" "Mozilla/5.0 (Windows NT 10.0; Win64; x64) AppleWebKit/537.36 (KHTML, like Gecko) Chrome/78.0.3904.108 Safari/537.36"
113.65.102.156 - - [05/Dec/2019:23:50:32 +0800] "GET /wp-includes/js/jquery/jquery.js HTTP/1.0" 200 33776 "http://www.crazyant.net/" "Mozilla/5.0 (Windows NT 10.0; Win64; x64) AppleWebKit/537.36 (KHTML, like Gecko) Chrome/78.0.3904.108 Safari/537.36"
113.65.102.156 - - [05/Dec/2019:23:50:32 +0800] "GET /wp-includes/js/jquery/jquery-migrate.min.js HTTP/1.0" 200 4014 "http://www.crazyant.net/" "Mozilla/5.0 (Windows NT 10.0; Win64; x64) AppleWebKit/537.36 (KHTML, like Gecko) Chrome/78.0.3904.108 Safari/537.36"
113.65.102.156 - - [05/Dec/2019:23:50:32 +0800] "GET /wp-content/uploads/siteground-optimizer-assets/bibblio_related_posts.min.js HTTP/1.0" 200 37 "http://www.crazyant.net/" "Mozilla/5.0 (Windows NT 10.0; Win64; x64) AppleWebKit/537.36 (KHTML, like Gecko) Chrome/78.0.3904.108 Safari/537.36"
113.65.102.156 - - [05/Dec/2019:23:50:33 +0800] "GET /wp-content/plugins/cardoza-3d-tag-cloud/jquery.tagcanvas.min.js HTTP/1.0" 200 8629 "http://www.crazyant.net/" "Mozilla/5.0 (Windows NT 10.0; Win64; x64) AppleWebKit/537.36 (KHTML, like Gecko) Chrome/78.0.3904.108 Safari/537.36"
113.65.102.156 - - [05/Dec/2019:23:50:33 +0800] "GET /wp-content/plugins/wordpress-popular-posts/assets/js/wpp-5.0.0.min.js HTTP/1.0" 200 744 "http://www.crazyant.net/" "Mozilla/5.0 (Windows NT 10.0; Win64; x64) AppleWebKit/537.36 (KHTML, like Gecko) Chrome/78.0.3904.108 Safari/537.36"
113.65.102.156 - - [05/Dec/2019:23:50:33 +0800] "GET /wp-includes/js/wp-embed.min.js HTTP/1.0" 200 740 "http://www.crazyant.net/" "Mozilla/5.0 (Windows NT 10.0; Win64; x64) AppleWebKit/537.36 (KHTML, like Gecko) Chrome/78.0.3904.108 Safari/537.36"
113.65.102.156 - - [05/Dec/2019:23:50:34 +0800] "GET /wp-content/uploads/2019/08/%E5%B0%8F%E5%9B%BE.jpg HTTP/1.0" 200 5582 "http://www.crazyant.net/" "Mozilla/5.0 (Windows NT 10.0; Win64; x64) AppleWebKit/537.36 (KHTML, like Gecko) Chrome/78.0.3904.108 Safari/537.36"
113.65.102.156 - - [05/Dec/2019:23:50:34 +0800] "GET /wp-content/plugins/table-of-contents-plus/front.min.js HTTP/1.0" 200 2349 "http://www.crazyant.net/" "Mozilla/5.0 (Windows NT 10.0; Win64; x64) AppleWebKit/537.36 (KHTML, like Gecko) Chrome/78.0.3904.108 Safari/537.36"
113.65.102.156 - - [05/Dec/2019:23:50:34 +0800] "GET /wp-content/uploads/siteground-optimizer-assets/twentyfifteen-skip-link-focus-fix.min.js HTTP/1.0" 200 275 "http://www.crazyant.net/" "Mozilla/5.0 (Windows NT 10.0; Win64; x64) AppleWebKit/537.36 (KHTML, like Gecko) Chrome/78.0.3904.108 Safari/537.36"
113.65.102.156 - - [05/Dec/2019:23:50:34 +0800] "GET /wp-content/uploads/siteground-optimizer-assets/twentyfifteen-script.min.js HTTP/1.0" 200 1331 "http://www.crazyant.net/" "Mozilla/5.0 (Windows NT 10.0; Win64; x64) AppleWebKit/537.36 (KHTML, like Gecko) Chrome/78.0.3904.108 Safari/537.36"
113.65.102.156 - - [05/Dec/2019:23:50:35 +0800] "GET /wp-content/plugins/easy-fancybox/js/jquery.fancybox.min.js HTTP/1.0" 200 6330 "http://www.crazyant.net/" "Mozilla/5.0 (Windows NT 10.0; Win64; x64) AppleWebKit/537.36 (KHTML, like Gecko) Chrome/78.0.3904.108 Safari/537.36"
113.65.102.156 - - [05/Dec/2019:23:50:35 +0800] "GET /wp-content/plugins/easy-fancybox/js/jquery.easing.min.js HTTP/1.0" 200 767 "http://www.crazyant.net/" "Mozilla/5.0 (Windows NT 10.0; Win64; x64) AppleWebKit/537.36 (KHTML, like Gecko) Chrome/78.0.3904.108 Safari/537.36"
113.65.102.156 - - [05/Dec/2019:23:50:35 +0800] "GET /wp-content/plugins/easy-fancybox/js/jquery.mousewheel.min.js HTTP/1.0" 200 1145 "http://www.crazyant.net/" "Mozilla/5.0 (Windows NT 10.0; Win64; x64) AppleWebKit/537.36 (KHTML, like Gecko) Chrome/78.0.3904.108 Safari/537.36"
113.65.102.156 - - [05/Dec/2019:23:50:38 +0800] "GET /favicon.ico HTTP/1.1" 200 0 "http://www.crazyant.net/" "Mozilla/5.0 (Windows NT 10.0; Win64; x64) AppleWebKit/537.36 (KHTML, like Gecko) Chrome/78.0.3904.108 Safari/537.36"
66.249.79.183 - - [05/Dec/2019:23:51:59 +0800] "GET /wp-content/uploads/2015/03/4.png HTTP/1.0" 200 91430 "-" "Googlebot-Image/1.0"
92.38.129.153 - - [05/Dec/2019:23:52:25 +0800] "GET /feed/ HTTP/1.0" 301 - "-" "Tiny Tiny RSS/19.02 (http://tt-rss.org/)"
92.38.129.153 - - [05/Dec/2019:23:52:25 +0800] "GET /feed HTTP/1.0" 200 4779 "-" "Tiny Tiny RSS/19.02 (http://tt-rss.org/)"
207.46.13.28 - - [05/Dec/2019:23:52:51 +0800] "GET /page/1?iapolo_com HTTP/1.0" 200 10423 "-" "Mozilla/5.0 (compatible; bingbot/2.0; +http://www.bing.com/bingbot.htm)"
222.129.54.23 - - [05/Dec/2019:23:53:09 +0800] "GET /feed HTTP/1.0" 200 4779 "-" "ReadKit/2.4.3 (Mac OS X Version 10.15.1 (Build 19B88))"
123.125.71.82 - - [05/Dec/2019:23:53:37 +0800] "GET /1625.html HTTP/1.1" 444 0 "-" "Mozilla/5.0 (compatible; Baiduspider/2.0; +http://www.baidu.com/search/spider.html)"
40.77.188.203 - - [05/Dec/2019:23:53:59 +0800] "GET /wp-content/plugins/cardoza-3d-tag-cloud//public/css/my-style.min.css HTTP/1.0" 200 318 "-" "Mozilla/5.0 (Windows NT 6.1; WOW64) AppleWebKit/534+ (KHTML, like Gecko) BingPreview/1.0b"
40.77.188.228 - - [05/Dec/2019:23:54:03 +0800] "GET /wp-includes/js/jquery/jquery.js HTTP/1.0" 200 96873 "-" "Mozilla/5.0 (Windows NT 6.1; WOW64) AppleWebKit/534+ (KHTML, like Gecko) BingPreview/1.0b"
47.96.97.24 - - [05/Dec/2019:23:54:15 +0800] "GET /?p=859 HTTP/1.0" 301 - "-" "Bot/Nutch-1.16"
110.52.76.112 - - [05/Dec/2019:23:54:16 +0800] "GET /wp-content/uploads/ftp_img/8e3011d4e056_A172/image_thumb_8.png HTTP/1.0" 200 87931 "-" "Mozilla/5.0 (X11; Linux x86_64; rv:68.0) Gecko/20100101 Firefox/68.0"
110.52.76.112 - - [05/Dec/2019:23:54:16 +0800] "GET /wp-content/uploads/ftp_img/8e3011d4e056_A172/image_thumb_10.png HTTP/1.0" 200 45253 "-" "Mozilla/5.0 (X11; Linux x86_64; rv:68.0) Gecko/20100101 Firefox/68.0"
110.52.76.112 - - [05/Dec/2019:23:54:16 +0800] "GET /wp-content/uploads/ftp_img/8e3011d4e056_A172/image_thumb_9.png HTTP/1.0" 200 76946 "-" "Mozilla/5.0 (X11; Linux x86_64; rv:68.0) Gecko/20100101 Firefox/68.0"
110.52.76.112 - - [05/Dec/2019:23:54:16 +0800] "GET /wp-content/uploads/ftp_img/8e3011d4e056_A172/image_thumb_11.png HTTP/1.0" 200 82131 "-" "Mozilla/5.0 (X11; Linux x86_64; rv:68.0) Gecko/20100101 Firefox/68.0"
110.52.76.112 - - [05/Dec/2019:23:54:16 +0800] "GET /wp-content/uploads/ftp_img/8e3011d4e056_A172/image_thumb_7.png HTTP/1.0" 200 4581 "-" "Mozilla/5.0 (X11; Linux x86_64; rv:68.0) Gecko/20100101 Firefox/68.0"
110.52.76.112 - - [05/Dec/2019:23:54:16 +0800] "GET /wp-content/uploads/ftp_img/8e3011d4e056_A172/image_thumb_6.png HTTP/1.0" 200 117385 "-" "Mozilla/5.0 (X11; Linux x86_64; rv:68.0) Gecko/20100101 Firefox/68.0"
110.52.76.112 - - [05/Dec/2019:23:54:16 +0800] "GET /wp-content/uploads/ftp_img/8e3011d4e056_A172/image_thumb_12.png HTTP/1.0" 200 73784 "-" "Mozilla/5.0 (X11; Linux x86_64; rv:68.0) Gecko/20100101 Firefox/68.0"
110.52.76.112 - - [05/Dec/2019:23:54:17 +0800] "GET /wp-content/uploads/ftp_img/8e3011d4e056_A172/image_thumb_13.png HTTP/1.0" 200 42872 "-" "Mozilla/5.0 (X11; Linux x86_64; rv:68.0) Gecko/20100101 Firefox/68.0"
42.200.244.55 - - [05/Dec/2019:23:54:41 +0800] "GET /1858.html HTTP/1.0" 200 11371 "https://www.google.com/" "Mozilla/5.0 (Windows NT 10.0; Win64; x64) AppleWebKit/537.36 (KHTML, like Gecko) Chrome/78.0.3904.108 Safari/537.36"
42.200.244.55 - - [05/Dec/2019:23:54:41 +0800] "GET /wp-includes/css/dist/block-library/style.min.css HTTP/1.1" 200 6163 "http://www.crazyant.net/1858.html" "Mozilla/5.0 (Windows NT 10.0; Win64; x64) AppleWebKit/537.36 (KHTML, like Gecko) Chrome/78.0.3904.108 Safari/537.36"
42.200.244.55 - - [05/Dec/2019:23:54:42 +0800] "GET /wp-content/plugins/bibblio-related-posts/public/css/bibblio_related_posts.min.css HTTP/1.1" 200 42 "http://www.crazyant.net/1858.html" "Mozilla/5.0 (Windows NT 10.0; Win64; x64) AppleWebKit/537.36 (KHTML, like Gecko) Chrome/78.0.3904.108 Safari/537.36"
42.200.244.55 - - [05/Dec/2019:23:54:42 +0800] "GET /wp-includes/css/dist/block-library/theme.min.css HTTP/1.1" 200 639 "http://www.crazyant.net/1858.html" "Mozilla/5.0 (Windows NT 10.0; Win64; x64) AppleWebKit/537.36 (KHTML, like Gecko) Chrome/78.0.3904.108 Safari/537.36"
42.200.244.55 - - [05/Dec/2019:23:54:42 +0800] "GET /wp-content/plugins/cardoza-3d-tag-cloud//public/css/my-style.min.css HTTP/1.1" 200 218 "http://www.crazyant.net/1858.html" "Mozilla/5.0 (Windows NT 10.0; Win64; x64) AppleWebKit/537.36 (KHTML, like Gecko) Chrome/78.0.3904.108 Safari/537.36"
42.200.244.55 - - [05/Dec/2019:23:54:42 +0800] "GET /wp-content/themes/twentyfifteen/genericons/genericons.min.css HTTP/1.1" 200 16232 "http://www.crazyant.net/1858.html" "Mozilla/5.0 (Windows NT 10.0; Win64; x64) AppleWebKit/537.36 (KHTML, like Gecko) Chrome/78.0.3904.108 Safari/537.36"
42.200.244.55 - - [05/Dec/2019:23:54:42 +0800] "GET /wp-content/themes/twentyfifteen/css/twentyfifteen-block-style.min.css HTTP/1.1" 200 1596 "http://www.crazyant.net/1858.html" "Mozilla/5.0 (Windows NT 10.0; Win64; x64) AppleWebKit/537.36 (KHTML, like Gecko) Chrome/78.0.3904.108 Safari/537.36"
42.200.244.55 - - [05/Dec/2019:23:54:42 +0800] "GET /wp-content/plugins/wordpress-popular-posts/assets/css/wordpress-popular-posts-css.min.css HTTP/1.1" 200 229 "http://www.crazyant.net/1858.html" "Mozilla/5.0 (Windows NT 10.0; Win64; x64) AppleWebKit/537.36 (KHTML, like Gecko) Chrome/78.0.3904.108 Safari/537.36"
42.200.244.55 - - [05/Dec/2019:23:54:42 +0800] "GET /wp-content/plugins/easy-fancybox/css/jquery.fancybox.min.css HTTP/1.1" 200 1111 "http://www.crazyant.net/1858.html" "Mozilla/5.0 (Windows NT 10.0; Win64; x64) AppleWebKit/537.36 (KHTML, like Gecko) Chrome/78.0.3904.108 Safari/537.36"
42.200.244.55 - - [05/Dec/2019:23:54:42 +0800] "GET /wp-includes/js/jquery/jquery.js HTTP/1.1" 200 33776 "http://www.crazyant.net/1858.html" "Mozilla/5.0 (Windows NT 10.0; Win64; x64) AppleWebKit/537.36 (KHTML, like Gecko) Chrome/78.0.3904.108 Safari/537.36"
42.200.244.55 - - [05/Dec/2019:23:54:42 +0800] "GET /wp-content/themes/twentyfifteen/twentyfifteen-style.min.css HTTP/1.1" 200 11037 "http://www.crazyant.net/1858.html" "Mozilla/5.0 (Windows NT 10.0; Win64; x64) AppleWebKit/537.36 (KHTML, like Gecko) Chrome/78.0.3904.108 Safari/537.36"
42.200.244.55 - - [05/Dec/2019:23:54:42 +0800] "GET /wp-includes/js/jquery/jquery-migrate.min.js HTTP/1.1" 200 4014 "http://www.crazyant.net/1858.html" "Mozilla/5.0 (Windows NT 10.0; Win64; x64) AppleWebKit/537.36 (KHTML, like Gecko) Chrome/78.0.3904.108 Safari/537.36"
42.200.244.55 - - [05/Dec/2019:23:54:42 +0800] "GET /wp-content/uploads/siteground-optimizer-assets/bibblio_related_posts.min.js HTTP/1.1" 200 37 "http://www.crazyant.net/1858.html" "Mozilla/5.0 (Windows NT 10.0; Win64; x64) AppleWebKit/537.36 (KHTML, like Gecko) Chrome/78.0.3904.108 Safari/537.36"
42.200.244.55 - - [05/Dec/2019:23:54:42 +0800] "GET /wp-content/plugins/cardoza-3d-tag-cloud/jquery.tagcanvas.min.js HTTP/1.1" 200 8629 "http://www.crazyant.net/1858.html" "Mozilla/5.0 (Windows NT 10.0; Win64; x64) AppleWebKit/537.36 (KHTML, like Gecko) Chrome/78.0.3904.108 Safari/537.36"
42.200.244.55 - - [05/Dec/2019:23:54:42 +0800] "GET /wp-includes/js/wp-embed.min.js HTTP/1.1" 200 740 "http://www.crazyant.net/1858.html" "Mozilla/5.0 (Windows NT 10.0; Win64; x64) AppleWebKit/537.36 (KHTML, like Gecko) Chrome/78.0.3904.108 Safari/537.36"
42.200.244.55 - - [05/Dec/2019:23:54:42 +0800] "GET /wp-content/plugins/wordpress-popular-posts/assets/js/wpp-5.0.0.min.js HTTP/1.1" 200 744 "http://www.crazyant.net/1858.html" "Mozilla/5.0 (Windows NT 10.0; Win64; x64) AppleWebKit/537.36 (KHTML, like Gecko) Chrome/78.0.3904.108 Safari/537.36"
42.200.244.55 - - [05/Dec/2019:23:54:42 +0800] "GET /wp-content/uploads/2019/08/%E5%B0%8F%E5%9B%BE.jpg HTTP/1.1" 200 5582 "http://www.crazyant.net/1858.html" "Mozilla/5.0 (Windows NT 10.0; Win64; x64) AppleWebKit/537.36 (KHTML, like Gecko) Chrome/78.0.3904.108 Safari/537.36"
42.200.244.55 - - [05/Dec/2019:23:54:43 +0800] "GET /wp-content/plugins/table-of-contents-plus/screen.min.css HTTP/1.1" 200 456 "http://www.crazyant.net/1858.html" "Mozilla/5.0 (Windows NT 10.0; Win64; x64) AppleWebKit/537.36 (KHTML, like Gecko) Chrome/78.0.3904.108 Safari/537.36"
42.200.244.55 - - [05/Dec/2019:23:54:43 +0800] "GET /wp-includes/js/comment-reply.min.js HTTP/1.0" 200 1131 "http://www.crazyant.net/1858.html" "Mozilla/5.0 (Windows NT 10.0; Win64; x64) AppleWebKit/537.36 (KHTML, like Gecko) Chrome/78.0.3904.108 Safari/537.36"
42.200.244.55 - - [05/Dec/2019:23:54:43 +0800] "GET /wp-content/uploads/siteground-optimizer-assets/twentyfifteen-skip-link-focus-fix.min.js HTTP/1.1" 200 275 "http://www.crazyant.net/1858.html" "Mozilla/5.0 (Windows NT 10.0; Win64; x64) AppleWebKit/537.36 (KHTML, like Gecko) Chrome/78.0.3904.108 Safari/537.36"
42.200.244.55 - - [05/Dec/2019:23:54:43 +0800] "GET /wp-content/uploads/siteground-optimizer-assets/twentyfifteen-script.min.js HTTP/1.1" 200 1331 "http://www.crazyant.net/1858.html" "Mozilla/5.0 (Windows NT 10.0; Win64; x64) AppleWebKit/537.36 (KHTML, like Gecko) Chrome/78.0.3904.108 Safari/537.36"
42.200.244.55 - - [05/Dec/2019:23:54:43 +0800] "GET /wp-content/plugins/table-of-contents-plus/front.min.js HTTP/1.1" 200 2349 "http://www.crazyant.net/1858.html" "Mozilla/5.0 (Windows NT 10.0; Win64; x64) AppleWebKit/537.36 (KHTML, like Gecko) Chrome/78.0.3904.108 Safari/537.36"
42.200.244.55 - - [05/Dec/2019:23:54:43 +0800] "GET /wp-content/plugins/easy-fancybox/js/jquery.mousewheel.min.js HTTP/1.1" 200 1145 "http://www.crazyant.net/1858.html" "Mozilla/5.0 (Windows NT 10.0; Win64; x64) AppleWebKit/537.36 (KHTML, like Gecko) Chrome/78.0.3904.108 Safari/537.36"
42.200.244.55 - - [05/Dec/2019:23:54:43 +0800] "GET /wp-content/uploads/siteground-optimizer-assets/akismet-form.min.js HTTP/1.0" 200 288 "http://www.crazyant.net/1858.html" "Mozilla/5.0 (Windows NT 10.0; Win64; x64) AppleWebKit/537.36 (KHTML, like Gecko) Chrome/78.0.3904.108 Safari/537.36"
42.200.244.55 - - [05/Dec/2019:23:54:43 +0800] "POST /wp-json/wordpress-popular-posts/v1/popular-posts HTTP/1.0" 201 55 "http://www.crazyant.net/1858.html" "Mozilla/5.0 (Windows NT 10.0; Win64; x64) AppleWebKit/537.36 (KHTML, like Gecko) Chrome/78.0.3904.108 Safari/537.36"
42.200.244.55 - - [05/Dec/2019:23:54:44 +0800] "GET /wp-content/plugins/easy-fancybox/js/jquery.easing.min.js HTTP/1.1" 200 767 "http://www.crazyant.net/1858.html" "Mozilla/5.0 (Windows NT 10.0; Win64; x64) AppleWebKit/537.36 (KHTML, like Gecko) Chrome/78.0.3904.108 Safari/537.36"
42.200.244.55 - - [05/Dec/2019:23:54:44 +0800] "GET /wp-content/plugins/easy-fancybox/js/jquery.fancybox.min.js HTTP/1.1" 200 6330 "http://www.crazyant.net/1858.html" "Mozilla/5.0 (Windows NT 10.0; Win64; x64) AppleWebKit/537.36 (KHTML, like Gecko) Chrome/78.0.3904.108 Safari/537.36"
42.200.244.55 - - [05/Dec/2019:23:54:44 +0800] "GET /favicon.ico HTTP/1.1" 200 0 "http://www.crazyant.net/1858.html" "Mozilla/5.0 (Windows NT 10.0; Win64; x64) AppleWebKit/537.36 (KHTML, like Gecko) Chrome/78.0.3904.108 Safari/537.36"
137.74.38.160 - - [05/Dec/2019:23:55:42 +0800] "GET /feed/ HTTP/1.0" 301 - "-" "Tiny Tiny RSS/19.8 (f609065) (http://tt-rss.org/)"
137.74.38.160 - - [05/Dec/2019:23:55:42 +0800] "GET /feed HTTP/1.0" 200 4779 "-" "Tiny Tiny RSS/19.8 (f609065) (http://tt-rss.org/)"
66.249.79.27 - - [05/Dec/2019:23:56:12 +0800] "GET /2525.html HTTP/1.0" 200 12650 "-" "Mozilla/5.0 (Linux; Android 6.0.1; Nexus 5X Build/MMB29P) AppleWebKit/537.36 (KHTML, like Gecko) Chrome/41.0.2272.96 Mobile Safari/537.36 (compatible; Googlebot/2.1; +http://www.google.com/bot.html)"
52.90.64.55 - - [05/Dec/2019:23:57:39 +0800] "GET /feed HTTP/1.0" 200 4779 "https://www.google.com/" "Mozilla/5.0 (Windows NT 6.1; WOW64; Trident/7.0; rv:11.0) like Gecko"
106.11.158.235 - - [05/Dec/2019:23:58:10 +0800] "GET /?s=%E3%80%90%E2%94%83%E5%92%A8%E8%AF%A2%EF%BC%B12%E2%92%8F7%E2%92%8F01705%E3%80%91%E3%80%91www.458swzl.com HTTP/1.0" 200 8312 "-" "YisouSpider"
106.11.156.234 - - [05/Dec/2019:23:58:18 +0800] "GET /page/5?kofkns=skteo3&qkzwhc=ktoyg2&wghory=ezrjd2&wgzode=iclut2 HTTP/1.0" 200 11097 "-" "YisouSpider"
8.29.198.25 - - [06/Dec/2019:00:00:15 +0800] "GET /feed HTTP/1.0" 200 4779 "-" "Feedly/1.0 (+http://www.feedly.com/fetcher.html; 69 subscribers; like FeedFetcher-Google)"
184.94.240.92 - - [06/Dec/2019:00:00:16 +0800] "GET / HTTP/1.0" 200 54276 "-" "Mozilla/5.0 (Windows NT 10.0; Win64; x64; rv:65.0) Gecko/20100101 Firefox/65.0"
219.138.168.102 - - [06/Dec/2019:00:00:33 +0800] "GET /favicon.ico HTTP/1.1" 200 0 "-" "Mozilla/5.0 (Windows NT 10.0; WOW64) AppleWebKit/537.36 (KHTML, like Gecko) Chrome/63.0.3239.132 Safari/537.36"
18.185.68.69 - - [06/Dec/2019:00:01:30 +0800] "GET /robots.txt HTTP/1.0" 200 66 "-" "Mozilla/5.0 (compatible; Cliqzbot/3.0; +http://cliqz.com/company/cliqzbot)"
18.185.68.69 - - [06/Dec/2019:00:01:31 +0800] "GET /1961.html HTTP/1.0" 200 11275 "-" "Mozilla/5.0 (compatible; Cliqzbot/3.0; +http://cliqz.com/company/cliqzbot)"
66.249.79.25 - - [06/Dec/2019:00:03:14 +0800] "POST /wp-json/wordpress-popular-posts/v1/popular-posts HTTP/1.0" 403 95 "http://www.crazyant.net/2273.html?nslkti=nuhbo3&zkfazk=ptulo3&hwpahg=py0sl3&nsfozg=bptsn3" "Mozilla/5.0 (Linux; Android 6.0.1; Nexus 5X Build/MMB29P) AppleWebKit/537.36 (KHTML, like Gecko) Chrome/41.0.2272.96 Mobile Safari/537.36 (compatible; Googlebot/2.1; +http://www.google.com/bot.html)"
117.78.31.247 - - [06/Dec/2019:00:05:25 +0800] "GET /2012/06/08/python%E6%93%8D%E4%BD%9Cmysql%E5%AE%9E%E4%BE%8B%E4%BB%A3%E7%A0... HTTP/1.0" 301 - "-" "Mozilla/5.0 (Windows NT 6.1; Win64; x64) AppleWebKit/537.36 (KHTML, like Gecko) Chrome/61.0.3163.100 Safari/537.36"
117.78.31.247 - - [06/Dec/2019:00:05:25 +0800] "GET /2012/06/08/mysql-python-windows%E4%B8%8Bexe%E5%AE%89%E8%A3%85%E6%96%87%E4%BB%B6%E4%B8%8B%E8%BD%BD/ HTTP/1.0" 301 - "-" "Mozilla/5.0 (Windows NT 6.1; Win64; x64) AppleWebKit/537.36 (KHTML, like Gecko) Chrome/61.0.3163.100 Safari/537.36"
146.66.92.61 - - [06/Dec/2019:00:07:13 +0800] "POST /wp-cron.php?doing_wp_cron=1575562033.0109410285949707031250 HTTP/1.0" 200 - "http://www.crazyant.net/wp-cron.php?doing_wp_cron=1575562033.0109410285949707031250" "WordPress/5.3; http://www.crazyant.net"
222.129.54.23 - - [06/Dec/2019:00:07:12 +0800] "GET /feed HTTP/1.0" 200 4779 "-" "ReadKit/2.4.3 (Mac OS X Version 10.15.1 (Build 19B88))"
114.67.104.99 - - [06/Dec/2019:00:08:08 +0800] "GET /feed HTTP/1.0" 200 4779 "-" "Mozilla/5.0 (Linux; Android 8.0.0; TA-1053 Build/OPR1.170623.026) AppleWebKit/537.36 (KHTML, like Gecko) Chrome/67.0.3368.0 Mobile Safari/537.36"
92.38.129.153 - - [06/Dec/2019:00:08:31 +0800] "GET /feed/ HTTP/1.0" 301 - "-" "Tiny Tiny RSS/19.02 (http://tt-rss.org/)"
92.38.129.153 - - [06/Dec/2019:00:08:31 +0800] "GET /feed HTTP/1.0" 200 4779 "-" "Tiny Tiny RSS/19.02 (http://tt-rss.org/)"
207.46.13.28 - - [06/Dec/2019:00:08:35 +0800] "GET /113.html/feed HTTP/1.0" 200 500 "-" "msnbot/2.0b (+http://search.msn.com/msnbot.htm)"
49.74.156.114 - - [06/Dec/2019:00:09:33 +0800] "GET /page/1 HTTP/1.0" 200 10415 "-" "python-requests/2.22.0"
49.74.156.114 - - [06/Dec/2019:00:09:39 +0800] "GET /page/2 HTTP/1.0" 200 10666 "-" "python-requests/2.22.0"
49.74.156.114 - - [06/Dec/2019:00:09:44 +0800] "GET /page/3 HTTP/1.0" 200 10726 "-" "python-requests/2.22.0"
42.236.99.154 - - [06/Dec/2019:00:09:44 +0800] "GET /1409.html HTTP/1.0" 200 12817 "http://www.crazyant.net/1409.html" "Mozilla/5.0 (Linux; U; Android 4.0.2; en-us; Galaxy Nexus Build/ICL53F) AppleWebKit/534.30 (KHTML, like Gecko) Version/4.0 Mobile Safari/534.30"
42.236.99.65 - - [06/Dec/2019:00:09:45 +0800] "GET /1409.html HTTP/1.0" 200 12818 "http://www.crazyant.net/1409.html" "Mozilla/5.0 (Linux; U; Android 4.0.2; en-us; Galaxy Nexus Build/ICL53F) AppleWebKit/534.30 (KHTML, like Gecko) Version/4.0 Mobile Safari/534.30"
49.74.156.114 - - [06/Dec/2019:00:09:48 +0800] "GET /page/4 HTTP/1.0" 200 11017 "-" "python-requests/2.22.0"
220.181.108.185 - - [06/Dec/2019:00:10:14 +0800] "GET /2261.html?oshclq=uj2xu1 HTTP/1.1" 444 0 "-" "Mozilla/5.0 (compatible; Baiduspider/2.0; +http://www.baidu.com/search/spider.html)"
207.46.13.143 - - [06/Dec/2019:00:10:22 +0800] "GET /1072.html HTTP/1.0" 200 10819 "-" "Mozilla/5.0 (compatible; bingbot/2.0; +http://www.bing.com/bingbot.htm)"
207.46.13.143 - - [06/Dec/2019:00:10:24 +0800] "GET /2012/07/04/python%E4%BD%BF%E7%94%A8cookielib%E5%92%8Curllib2%E6%A8%A1%E6%8B%9F%E7%99%BB%E9%99%86%E6%96%B0%E6%B5%AA%E5%BE%AE%E5%8D%9A%E5%B9%B6%E6%8A%93%E5%8F%96%E6%95%B0%E6%8D%AE/ HTTP/1.0" 301 - "-" "Mozilla/5.0 (compatible; bingbot/2.0; +http://www.bing.com/bingbot.htm)"
106.11.153.226 - - [06/Dec/2019:00:13:15 +0800] "GET /245.html HTTP/1.0" 200 11573 "-" "YisouSpider"
106.11.157.254 - - [06/Dec/2019:00:13:24 +0800] "GET /512.html?replytocom=10471 HTTP/1.0" 200 15550 "-" "YisouSpider"
207.46.13.143 - - [06/Dec/2019:00:14:49 +0800] "GET /2419.html HTTP/1.0" 200 12279 "-" "Mozilla/5.0 (compatible; bingbot/2.0; +http://www.bing.com/bingbot.htm)"
66.249.79.27 - - [06/Dec/2019:00:16:14 +0800] "GET /2261.html HTTP/1.0" 200 10357 "-" "Mozilla/5.0 (Linux; Android 6.0.1; Nexus 5X Build/MMB29P) AppleWebKit/537.36 (KHTML, like Gecko) Chrome/41.0.2272.96 Mobile Safari/537.36 (compatible; Googlebot/2.1; +http://www.google.com/bot.html)"
66.249.79.25 - - [06/Dec/2019:00:16:17 +0800] "POST /wp-json/wordpress-popular-posts/v1/popular-posts HTTP/1.0" 201 54 "http://www.crazyant.net/2261.html" "Mozilla/5.0 (Linux; Android 6.0.1; Nexus 5X Build/MMB29P) AppleWebKit/537.36 (KHTML, like Gecko) Chrome/41.0.2272.96 Mobile Safari/537.36 (compatible; Googlebot/2.1; +http://www.google.com/bot.html)"
47.96.97.24 - - [06/Dec/2019:00:16:54 +0800] "GET /wp-json/oembed/1.0/embed?url=http%3A%2F%2Fwww.crazyant.net%2Fmeditation-resource&format=xml HTTP/1.0" 200 1180 "-" "Bot/Nutch-1.16"
66.249.79.27 - - [06/Dec/2019:00:17:08 +0800] "GET /wp-content/uploads/2014/06/clip_image002_thumb.jpg HTTP/1.0" 200 11547 "-" "Googlebot-Image/1.0"
61.140.162.251 - - [06/Dec/2019:00:18:12 +0800] "GET /favicon.ico HTTP/1.0" 200 - "-" "Mozilla/5.0 (Windows NT 10.0; WOW64) AppleWebKit/537.36 (KHTML, like Gecko) Chrome/63.0.3239.132 Safari/537.36"
207.46.13.143 - - [06/Dec/2019:00:19:39 +0800] "GET /2604.html HTTP/1.0" 200 11875 "-" "Mozilla/5.0 (compatible; bingbot/2.0; +http://www.bing.com/bingbot.htm)"
222.129.54.23 - - [06/Dec/2019:00:21:11 +0800] "GET /feed HTTP/1.0" 200 4779 "-" "ReadKit/2.4.3 (Mac OS X Version 10.15.1 (Build 19B88))"
47.96.97.24 - - [06/Dec/2019:00:21:12 +0800] "GET /408.html HTTP/1.0" 200 9529 "-" "Bot/Nutch-1.16"
106.11.159.254 - - [06/Dec/2019:00:22:10 +0800] "GET /page/5?jgrobi=buq2z3 HTTP/1.0" 200 11054 "-" "YisouSpider"
106.11.152.246 - - [06/Dec/2019:00:22:14 +0800] "GET /?s=%E5%8D%8E%E5%AE%87%E5%A8%B1%E4%B9%90%E5%B9%B3%E5%8F%B0%E9%AA%97%E5%B1%80%E3%80%90%E2%94%8B%E8%81%94%E7%B3%BB2%E2%92%8F7%E2%92%8F01705(%E6%89%A3)%E3%80%93%E3%80%91 HTTP/1.0" 200 8377 "-" "YisouSpider"
106.11.158.235 - - [06/Dec/2019:00:22:22 +0800] "GET /?s=%E3%80%90%E2%94%83%E8%81%94%E7%B3%BB2%E2%92%8F7%E2%92%8F01705(%E6%89%A3)%E3%80%91%E3%80%91%E5%8D%8E%E5%AE%87%E6%98%AF%E7%9C%9F%E7%9A%84%E8%BF%98%E6%98%AF%E5%81%87%E7%9A%84 HTTP/1.0" 200 8378 "-" "YisouSpider"
92.38.129.153 - - [06/Dec/2019:00:24:40 +0800] "GET /feed/ HTTP/1.0" 301 - "-" "Tiny Tiny RSS/19.02 (http://tt-rss.org/)"
92.38.129.153 - - [06/Dec/2019:00:24:41 +0800] "GET /feed HTTP/1.0" 200 4779 "-" "Tiny Tiny RSS/19.02 (http://tt-rss.org/)"
66.249.79.25 - - [06/Dec/2019:00:25:30 +0800] "GET /144.html HTTP/1.0" 200 13896 "-" "Mozilla/5.0 (Linux; Android 6.0.1; Nexus 5X Build/MMB29P) AppleWebKit/537.36 (KHTML, like Gecko) Chrome/41.0.2272.96 Mobile Safari/537.36 (compatible; Googlebot/2.1; +http://www.google.com/bot.html)"
66.249.79.27 - - [06/Dec/2019:00:25:36 +0800] "POST /wp-json/wordpress-popular-posts/v1/popular-posts HTTP/1.0" 201 55 "http://www.crazyant.net/144.html" "Mozilla/5.0 (Linux; Android 6.0.1; Nexus 5X Build/MMB29P) AppleWebKit/537.36 (KHTML, like Gecko) Chrome/41.0.2272.96 Mobile Safari/537.36 (compatible; Googlebot/2.1; +http://www.google.com/bot.html)"
8.29.198.25 - - [06/Dec/2019:00:26:13 +0800] "GET /feed HTTP/1.0" 200 4779 "-" "Feedly/1.0 (+http://www.feedly.com/fetcher.html; 12 subscribers; like FeedFetcher-Google)"
123.125.71.36 - - [06/Dec/2019:00:26:51 +0800] "GET /author/peishuai1987 HTTP/1.1" 444 0 "-" "Mozilla/5.0 (compatible; Baiduspider/2.0; +http://www.baidu.com/search/spider.html)"
137.74.38.160 - - [06/Dec/2019:00:27:30 +0800] "GET /feed/ HTTP/1.0" 301 - "-" "Tiny Tiny RSS/19.8 (f609065) (http://tt-rss.org/)"
137.74.38.160 - - [06/Dec/2019:00:27:30 +0800] "GET /feed HTTP/1.0" 200 4779 "-" "Tiny Tiny RSS/19.8 (f609065) (http://tt-rss.org/)"
47.96.97.24 - - [06/Dec/2019:00:27:43 +0800] "GET /tag/%E6%95%B0%E6%8D%AE%E5%88%86%E6%9E%90/feed HTTP/1.0" 200 2894 "-" "Bot/Nutch-1.16"
207.46.13.34 - - [06/Dec/2019:00:29:41 +0800] "GET /99.html HTTP/1.0" 200 11538 "-" "Mozilla/5.0 (compatible; bingbot/2.0; +http://www.bing.com/bingbot.htm)"
40.77.189.47 - - [06/Dec/2019:00:29:44 +0800] "GET /js/code/shCore.js HTTP/1.0" 301 - "-" "Mozilla/5.0 (Windows NT 6.1; WOW64) AppleWebKit/534+ (KHTML, like Gecko) BingPreview/1.0b"
40.77.189.47 - - [06/Dec/2019:00:29:45 +0800] "GET /js/code/shCore.js HTTP/1.0" 404 35012 "http://crazyant.net/js/code/shCore.js" "Mozilla/5.0 (Windows NT 6.1; WOW64) AppleWebKit/534+ (KHTML, like Gecko) BingPreview/1.0b"
40.77.189.47 - - [06/Dec/2019:00:29:46 +0800] "GET /js/code/shBrushPhp.js HTTP/1.0" 301 - "-" "Mozilla/5.0 (Windows NT 6.1; WOW64) AppleWebKit/534+ (KHTML, like Gecko) BingPreview/1.0b"
40.77.189.47 - - [06/Dec/2019:00:29:46 +0800] "GET /js/code/shBrushPhp.js HTTP/1.0" 404 35012 "http://crazyant.net/js/code/shBrushPhp.js" "Mozilla/5.0 (Windows NT 6.1; WOW64) AppleWebKit/534+ (KHTML, like Gecko) BingPreview/1.0b"
40.77.189.47 - - [06/Dec/2019:00:29:48 +0800] "GET /wp-includes/js/comment-reply.min.js HTTP/1.0" 200 1131 "https://www.crazyant.net/99.html" "Mozilla/5.0 (Windows NT 6.1; WOW64) AppleWebKit/534+ (KHTML, like Gecko) BingPreview/1.0b"
40.77.189.47 - - [06/Dec/2019:00:29:48 +0800] "GET /wp-content/plugins/easy-fancybox/js/jquery.mousewheel.min.js HTTP/1.0" 200 1145 "https://www.crazyant.net/99.html" "Mozilla/5.0 (Windows NT 6.1; WOW64) AppleWebKit/534+ (KHTML, like Gecko) BingPreview/1.0b"
47.96.97.24 - - [06/Dec/2019:00:30:33 +0800] "GET /1735.html HTTP/1.0" 200 12573 "-" "Bot/Nutch-1.16"
207.46.13.143 - - [06/Dec/2019:00:30:47 +0800] "GET /robots.txt HTTP/1.0" 200 66 "-" "msnbot/2.0b (+http://search.msn.com/msnbot.htm)"
66.249.79.25 - - [06/Dec/2019:00:31:02 +0800] "GET /1600.html HTTP/1.0" 200 11252 "-" "Mozilla/5.0 (Linux; Android 6.0.1; Nexus 5X Build/MMB29P) AppleWebKit/537.36 (KHTML, like Gecko) Chrome/41.0.2272.96 Mobile Safari/537.36 (compatible; Googlebot/2.1; +http://www.google.com/bot.html)"
66.249.79.27 - - [06/Dec/2019:00:31:06 +0800] "POST /wp-json/wordpress-popular-posts/v1/popular-posts HTTP/1.0" 201 55 "http://www.crazyant.net/1600.html" "Mozilla/5.0 (Linux; Android 6.0.1; Nexus 5X Build/MMB29P) AppleWebKit/537.36 (KHTML, like Gecko) Chrome/41.0.2272.96 Mobile Safari/537.36 (compatible; Googlebot/2.1; +http://www.google.com/bot.html)"
180.121.77.93 - - [06/Dec/2019:00:31:19 +0800] "GET /1437.html HTTP/1.0" 200 11931 "-" "Mozilla/5.0 (Windows NT 6.1; Trident/7.0; rv:11.0) like Gecko"
66.249.79.27 - - [06/Dec/2019:00:31:42 +0800] "POST /wp-json/wordpress-popular-posts/v1/popular-posts HTTP/1.0" 403 95 "http://www.crazyant.net/251.html?ycd" "Mozilla/5.0 (Linux; Android 6.0.1; Nexus 5X Build/MMB29P) AppleWebKit/537.36 (KHTML, like Gecko) Chrome/41.0.2272.96 Mobile Safari/537.36 (compatible; Googlebot/2.1; +http://www.google.com/bot.html)"
47.96.97.24 - - [06/Dec/2019:00:32:22 +0800] "GET /2517.html HTTP/1.0" 200 10139 "-" "Bot/Nutch-1.16"
52.59.255.139 - - [06/Dec/2019:00:32:30 +0800] "GET /robots.txt HTTP/1.0" 200 66 "-" "Mozilla/5.0 (compatible; Cliqzbot/3.0; +http://cliqz.com/company/cliqzbot)"
52.59.255.139 - - [06/Dec/2019:00:32:31 +0800] "GET /1470.html HTTP/1.0" 200 12268 "-" "Mozilla/5.0 (compatible; Cliqzbot/3.0; +http://cliqz.com/company/cliqzbot)"
154.209.253.141 - - [06/Dec/2019:00:32:43 +0800] "HEAD /admin/login.php HTTP/1.0" 404 - "-" "-"
154.209.253.141 - - [06/Dec/2019:00:32:43 +0800] "HEAD /htadmin/login.php HTTP/1.0" 404 - "-" "-"
154.209.253.141 - - [06/Dec/2019:00:32:43 +0800] "HEAD /manager/login.php HTTP/1.0" 404 - "-" "-"
154.209.253.141 - - [06/Dec/2019:00:32:43 +0800] "HEAD /dede/login.php HTTP/1.0" 404 - "-" "-"
154.209.253.141 - - [06/Dec/2019:00:32:43 +0800] "HEAD /admindede/login.php HTTP/1.0" 404 - "-" "-"
154.209.253.141 - - [06/Dec/2019:00:32:43 +0800] "HEAD /manage/login.php HTTP/1.0" 404 - "-" "-"
207.46.13.28 - - [06/Dec/2019:00:32:51 +0800] "GET /1437.html HTTP/1.0" 200 11933 "-" "Mozilla/5.0 (compatible; bingbot/2.0; +http://www.bing.com/bingbot.htm)"
174.138.49.150 - - [06/Dec/2019:00:33:20 +0800] "GET /feed HTTP/1.0" 200 4779 "-" "Mozilla/5.0 (Macintosh; Intel Mac OS X 10_13_6; +feeder.co) AppleWebKit/537.36 (KHTML, like Gecko) Chrome/67.0.3396.99 Safari/537.36"
222.129.54.23 - - [06/Dec/2019:00:35:10 +0800] "GET /feed HTTP/1.0" 200 4779 "-" "ReadKit/2.4.3 (Mac OS X Version 10.15.1 (Build 19B88))"
142.112.104.241 - - [06/Dec/2019:00:35:55 +0800] "GET / HTTP/1.0" 301 - "-" "Mozilla/5.0 (X11; Ubuntu; Linux x86_64; rv:70.0) Gecko/20100101 Firefox/70.0"
66.249.79.27 - - [06/Dec/2019:00:36:34 +0800] "GET /2303.html HTTP/1.0" 200 11592 "-" "Mozilla/5.0 (Linux; Android 6.0.1; Nexus 5X Build/MMB29P) AppleWebKit/537.36 (KHTML, like Gecko) Chrome/41.0.2272.96 Mobile Safari/537.36 (compatible; Googlebot/2.1; +http://www.google.com/bot.html)"
66.249.79.27 - - [06/Dec/2019:00:36:39 +0800] "POST /wp-json/wordpress-popular-posts/v1/popular-posts HTTP/1.0" 201 55 "http://www.crazyant.net/2303.html" "Mozilla/5.0 (Linux; Android 6.0.1; Nexus 5X Build/MMB29P) AppleWebKit/537.36 (KHTML, like Gecko) Chrome/41.0.2272.96 Mobile Safari/537.36 (compatible; Googlebot/2.1; +http://www.google.com/bot.html)"
141.8.132.24 - - [06/Dec/2019:00:40:01 +0800] "GET /robots.txt HTTP/1.0" 200 66 "-" "Mozilla/5.0 (compatible; YandexBot/3.0; +http://yandex.com/bots)"
141.8.132.24 - - [06/Dec/2019:00:40:04 +0800] "GET /xmlrpc.php?rsd HTTP/1.0" 200 296 "-" "Mozilla/5.0 (compatible; YandexBot/3.0; +http://yandex.com/bots)"
106.11.156.234 - - [06/Dec/2019:00:40:16 +0800] "GET /?s=%E3%80%90%E2%94%83%E7%A8%B3%E5%AE%9A2%E2%92%8F7%E2%92%8F01705%E2%94%83%E6%89%A3%E3%80%91%E3%80%91%E5%8D%8E%E5%AE%87%E9%87%8D%E5%BA%86%E6%97%B6%E6%97%B6%E5%BD%A9%E5%B9%B3%E5%8F%B0 HTTP/1.0" 200 8373 "-" "YisouSpider"
106.11.153.226 - - [06/Dec/2019:00:40:19 +0800] "GET /1216.html?wptouch_switch=desktop HTTP/1.0" 200 10994 "-" "YisouSpider"
92.38.129.153 - - [06/Dec/2019:00:40:46 +0800] "GET /feed/ HTTP/1.0" 301 - "-" "Tiny Tiny RSS/19.02 (http://tt-rss.org/)"
92.38.129.153 - - [06/Dec/2019:00:40:46 +0800] "GET /feed HTTP/1.0" 200 4779 "-" "Tiny Tiny RSS/19.02 (http://tt-rss.org/)"
42.120.161.7 - - [06/Dec/2019:00:41:39 +0800] "POST /wp-json/wordpress-popular-posts/v1/popular-posts HTTP/1.0" 201 55 "http://www.crazyant.net/1122.html?replytocom=10586" "Mozilla/5.0 (Windows NT 6.1; Win64; x64) AppleWebKit/537.36 (KHTML, like Gecko) Chrome/69.0.3497.81 YisouSpider/5.0 Safari/537.36"
146.66.92.61 - - [06/Dec/2019:00:42:27 +0800] "POST /wp-cron.php?doing_wp_cron=1575564147.5367770195007324218750 HTTP/1.0" 200 - "http://www.crazyant.net/wp-cron.php?doing_wp_cron=1575564147.5367770195007324218750" "WordPress/5.3; http://www.crazyant.net"
35.174.16.75 - - [06/Dec/2019:00:42:27 +0800] "GET /2012/08/15/php%E9%AA%8C%E8%AF%81%E7%A0%81%E6%95%99%E7%A8%8B%EF%BC%88w3schools%E6%8E%A8%E8%8D%90%EF%BC%89 HTTP/1.0" 301 - "-" "Mozilla/5.0 (Windows NT 6.1; Win64; x64) AppleWebKit/537.36 (KHTML, like Gecko) Chrome/72.0.3626.109 Safari/537.36"
35.174.16.75 - - [06/Dec/2019:00:42:28 +0800] "GET /912.html HTTP/1.0" 200 55451 "-" "Mozilla/5.0 (Windows NT 6.1; Win64; x64) AppleWebKit/537.36 (KHTML, like Gecko) Chrome/72.0.3626.109 Safari/537.36"
92.247.181.58 - - [06/Dec/2019:00:43:03 +0800] "GET /feed HTTP/1.0" 200 4779 "http://www.crazyant.net/" "Mozilla/5.0 (compatible; inoreader.com; 10 subscribers)"
123.125.71.95 - - [06/Dec/2019:00:43:28 +0800] "GET /886.html HTTP/1.1" 444 0 "-" "Mozilla/5.0 (compatible; Baiduspider/2.0; +http://www.baidu.com/search/spider.html)"
212.64.5.64 - - [06/Dec/2019:00:43:44 +0800] "GET /feed HTTP/1.0" 200 4779 "-" "Mozilla/5.0 (Windows NT 6.1) AppleWebKit/537.31 (KHTML, like Gecko) Chrome/26.0.1410.43 Safari/537.31"
144.76.90.37 - - [06/Dec/2019:00:45:02 +0800] "GET /feed HTTP/1.0" 200 4779 "-" "Mozilla/5.0 (compatible; BazQux/2.4; +https://bazqux.com/fetcher; 1 subscribers)"
180.167.238.138 - - [06/Dec/2019:00:47:13 +0800] "GET / HTTP/1.0" 200 10415 "-" "Mozilla/5.0 (Windows NT 10.0; Win64; x64) AppleWebKit/537.36 (KHTML, like Gecko) Chrome/71.0.3578.98 Safari/537.36"
42.156.136.124 - - [06/Dec/2019:00:48:31 +0800] "GET /1861.html?replytocom=21029 HTTP/1.0" 200 11948 "-" "Mozilla/5.0 (Windows NT 6.1; Win64; x64) AppleWebKit/537.36 (KHTML, like Gecko) Chrome/69.0.3497.81 YisouSpider/5.0 Safari/537.36"
42.156.254.43 - - [06/Dec/2019:00:48:40 +0800] "GET /category/flask HTTP/1.0" 200 8892 "-" "Mozilla/5.0 (Windows NT 6.1; Win64; x64) AppleWebKit/537.36 (KHTML, like Gecko) Chrome/69.0.3497.81 YisouSpider/5.0 Safari/537.36"
54.36.150.90 - - [06/Dec/2019:00:48:45 +0800] "GET /category/c-plus-plus/page/2 HTTP/1.0" 200 8771 "-" "Mozilla/5.0 (compatible; AhrefsBot/6.1; +http://ahrefs.com/robot/)"
222.129.54.23 - - [06/Dec/2019:00:49:08 +0800] "GET /feed HTTP/1.0" 200 4779 "-" "ReadKit/2.4.3 (Mac OS X Version 10.15.1 (Build 19B88))"
106.11.157.254 - - [06/Dec/2019:00:49:13 +0800] "GET /796.html?replytocom=10573&wptouch_switch=desktop HTTP/1.0" 200 20181 "-" "YisouSpider"
125.230.248.32 - - [06/Dec/2019:00:50:20 +0800] "GET /favicon.ico HTTP/1.0" 200 - "-" "Mozilla/5.0 (Windows NT 10.0; WOW64) AppleWebKit/537.36 (KHTML, like Gecko) Chrome/69.0.3497.100 Safari/537.36"
157.55.39.147 - - [06/Dec/2019:00:50:35 +0800] "GET /page/19 HTTP/1.0" 200 10870 "-" "Mozilla/5.0 (compatible; bingbot/2.0; +http://www.bing.com/bingbot.htm)"
49.7.3.75 - - [06/Dec/2019:00:52:04 +0800] "GET /1203.html HTTP/1.0" 200 13214 "https://yz.m.sm.cn/s?q=python%20%E8%9A%82%E8%9A%81%E6%A3%AE%E6%9E%97&uc_param_str=dnntnwvepffrgibijbprsvdseilood&from=wy878378&by=submit&snum=0" "Mozilla/5.0 (Linux; Android 7.0; HUAWEI MLA-AL10 Build/HUAWEIMLA-AL10) AppleWebKit/537.36 (KHTML, like Gecko) Version/4.0 Mobile Safari/537.36"
49.7.3.75 - - [06/Dec/2019:00:52:07 +0800] "GET /wp-includes/css/dist/block-library/theme.min.css HTTP/1.0" 200 639 "http://www.crazyant.net/1203.html" "Mozilla/5.0 (Linux; Android 7.0; HUAWEI MLA-AL10 Build/HUAWEIMLA-AL10) AppleWebKit/537.36 (KHTML, like Gecko) Version/4.0 Mobile Safari/537.36"
49.7.3.75 - - [06/Dec/2019:00:52:07 +0800] "GET /wp-includes/css/dist/block-library/style.min.css HTTP/1.0" 200 6163 "http://www.crazyant.net/1203.html" "Mozilla/5.0 (Linux; Android 7.0; HUAWEI MLA-AL10 Build/HUAWEIMLA-AL10) AppleWebKit/537.36 (KHTML, like Gecko) Version/4.0 Mobile Safari/537.36"
49.7.3.75 - - [06/Dec/2019:00:52:07 +0800] "GET /wp-content/plugins/wordpress-popular-posts/assets/css/wordpress-popular-posts-css.min.css HTTP/1.0" 200 229 "http://www.crazyant.net/1203.html" "Mozilla/5.0 (Linux; Android 7.0; HUAWEI MLA-AL10 Build/HUAWEIMLA-AL10) AppleWebKit/537.36 (KHTML, like Gecko) Version/4.0 Mobile Safari/537.36"
49.7.3.75 - - [06/Dec/2019:00:52:07 +0800] "GET /wp-content/plugins/table-of-contents-plus/front.min.js HTTP/1.0" 200 2349 "http://www.crazyant.net/1203.html" "Mozilla/5.0 (Linux; Android 7.0; HUAWEI MLA-AL10 Build/HUAWEIMLA-AL10) AppleWebKit/537.36 (KHTML, like Gecko) Version/4.0 Mobile Safari/537.36"
49.7.3.75 - - [06/Dec/2019:00:52:07 +0800] "GET /wp-includes/js/jquery/jquery-migrate.min.js HTTP/1.0" 200 4014 "http://www.crazyant.net/1203.html" "Mozilla/5.0 (Linux; Android 7.0; HUAWEI MLA-AL10 Build/HUAWEIMLA-AL10) AppleWebKit/537.36 (KHTML, like Gecko) Version/4.0 Mobile Safari/537.36"
49.7.3.75 - - [06/Dec/2019:00:52:07 +0800] "GET /wp-content/themes/twentyfifteen/genericons/genericons.min.css HTTP/1.0" 200 16232 "http://www.crazyant.net/1203.html" "Mozilla/5.0 (Linux; Android 7.0; HUAWEI MLA-AL10 Build/HUAWEIMLA-AL10) AppleWebKit/537.36 (KHTML, like Gecko) Version/4.0 Mobile Safari/537.36"
49.7.3.75 - - [06/Dec/2019:00:52:07 +0800] "GET /wp-content/plugins/easy-fancybox/css/jquery.fancybox.min.css HTTP/1.0" 200 1111 "http://www.crazyant.net/1203.html" "Mozilla/5.0 (Linux; Android 7.0; HUAWEI MLA-AL10 Build/HUAWEIMLA-AL10) AppleWebKit/537.36 (KHTML, like Gecko) Version/4.0 Mobile Safari/537.36"
49.7.3.75 - - [06/Dec/2019:00:52:07 +0800] "GET /wp-includes/js/wp-embed.min.js HTTP/1.0" 200 740 "http://www.crazyant.net/1203.html" "Mozilla/5.0 (Linux; Android 7.0; HUAWEI MLA-AL10 Build/HUAWEIMLA-AL10) AppleWebKit/537.36 (KHTML, like Gecko) Version/4.0 Mobile Safari/537.36"
49.7.3.75 - - [06/Dec/2019:00:52:07 +0800] "GET /wp-content/plugins/cardoza-3d-tag-cloud//public/css/my-style.min.css HTTP/1.0" 200 218 "http://www.crazyant.net/1203.html" "Mozilla/5.0 (Linux; Android 7.0; HUAWEI MLA-AL10 Build/HUAWEIMLA-AL10) AppleWebKit/537.36 (KHTML, like Gecko) Version/4.0 Mobile Safari/537.36"
49.7.3.75 - - [06/Dec/2019:00:52:07 +0800] "GET /wp-content/plugins/easy-fancybox/js/jquery.mousewheel.min.js HTTP/1.0" 200 1145 "http://www.crazyant.net/1203.html" "Mozilla/5.0 (Linux; Android 7.0; HUAWEI MLA-AL10 Build/HUAWEIMLA-AL10) AppleWebKit/537.36 (KHTML, like Gecko) Version/4.0 Mobile Safari/537.36"
49.7.3.75 - - [06/Dec/2019:00:52:07 +0800] "GET /wp-content/uploads/siteground-optimizer-assets/akismet-form.min.js HTTP/1.0" 200 288 "http://www.crazyant.net/1203.html" "Mozilla/5.0 (Linux; Android 7.0; HUAWEI MLA-AL10 Build/HUAWEIMLA-AL10) AppleWebKit/537.36 (KHTML, like Gecko) Version/4.0 Mobile Safari/537.36"
49.7.3.75 - - [06/Dec/2019:00:52:07 +0800] "GET /wp-content/themes/twentyfifteen/twentyfifteen-style.min.css HTTP/1.0" 200 11037 "http://www.crazyant.net/1203.html" "Mozilla/5.0 (Linux; Android 7.0; HUAWEI MLA-AL10 Build/HUAWEIMLA-AL10) AppleWebKit/537.36 (KHTML, like Gecko) Version/4.0 Mobile Safari/537.36"
49.7.3.75 - - [06/Dec/2019:00:52:07 +0800] "GET /wp-includes/js/jquery/jquery.js HTTP/1.0" 200 33776 "http://www.crazyant.net/1203.html" "Mozilla/5.0 (Linux; Android 7.0; HUAWEI MLA-AL10 Build/HUAWEIMLA-AL10) AppleWebKit/537.36 (KHTML, like Gecko) Version/4.0 Mobile Safari/537.36"
49.7.3.75 - - [06/Dec/2019:00:52:07 +0800] "GET /wp-content/uploads/siteground-optimizer-assets/twentyfifteen-skip-link-focus-fix.min.js HTTP/1.0" 200 275 "http://www.crazyant.net/1203.html" "Mozilla/5.0 (Linux; Android 7.0; HUAWEI MLA-AL10 Build/HUAWEIMLA-AL10) AppleWebKit/537.36 (KHTML, like Gecko) Version/4.0 Mobile Safari/537.36"
49.7.3.75 - - [06/Dec/2019:00:52:07 +0800] "GET /wp-content/plugins/easy-fancybox/js/jquery.fancybox.min.js HTTP/1.0" 200 6330 "http://www.crazyant.net/1203.html" "Mozilla/5.0 (Linux; Android 7.0; HUAWEI MLA-AL10 Build/HUAWEIMLA-AL10) AppleWebKit/537.36 (KHTML, like Gecko) Version/4.0 Mobile Safari/537.36"
49.7.3.75 - - [06/Dec/2019:00:52:08 +0800] "GET /wp-content/themes/twentyfifteen/css/twentyfifteen-block-style.min.css HTTP/1.0" 200 1596 "http://www.crazyant.net/1203.html" "Mozilla/5.0 (Linux; Android 7.0; HUAWEI MLA-AL10 Build/HUAWEIMLA-AL10) AppleWebKit/537.36 (KHTML, like Gecko) Version/4.0 Mobile Safari/537.36"
49.7.3.75 - - [06/Dec/2019:00:52:08 +0800] "GET /wp-content/plugins/easy-fancybox/js/jquery.easing.min.js HTTP/1.0" 200 767 "http://www.crazyant.net/1203.html" "Mozilla/5.0 (Linux; Android 7.0; HUAWEI MLA-AL10 Build/HUAWEIMLA-AL10) AppleWebKit/537.36 (KHTML, like Gecko) Version/4.0 Mobile Safari/537.36"
49.7.3.75 - - [06/Dec/2019:00:52:09 +0800] "GET /wp-includes/js/comment-reply.min.js HTTP/1.0" 200 1131 "http://www.crazyant.net/1203.html" "Mozilla/5.0 (Linux; Android 7.0; HUAWEI MLA-AL10 Build/HUAWEIMLA-AL10) AppleWebKit/537.36 (KHTML, like Gecko) Version/4.0 Mobile Safari/537.36"
123.139.83.3 - - [06/Dec/2019:00:52:11 +0800] "GET /wp-content/uploads/2019/08/%E5%B0%8F%E5%9B%BE.jpg HTTP/1.0" 200 5582 "http://www.crazyant.net/1203.html" "Mozilla/5.0 (Linux; Android 7.0; HUAWEI MLA-AL10 Build/HUAWEIMLA-AL10) AppleWebKit/537.36 (KHTML, like Gecko) Version/4.0 Mobile Safari/537.36"
49.7.3.101 - - [06/Dec/2019:00:52:13 +0800] "POST /wp-json/wordpress-popular-posts/v1/popular-posts HTTP/1.0" 201 55 "http://www.crazyant.net/1203.html" "Mozilla/5.0 (Linux; Android 7.0; HUAWEI MLA-AL10 Build/HUAWEIMLA-AL10) AppleWebKit/537.36 (KHTML, like Gecko) Version/4.0 Mobile Safari/537.36"
123.139.83.3 - - [06/Dec/2019:00:52:15 +0800] "GET /favicon.ico HTTP/1.1" 200 0 "http://www.crazyant.net/1203.html" "Mozilla/5.0 (Linux; Android 7.0; HUAWEI MLA-AL10 Build/HUAWEIMLA-AL10) AppleWebKit/537.36 (KHTML, like Gecko) Version/4.0 Mobile Safari/537.36"
66.249.79.27 - - [06/Dec/2019:00:56:12 +0800] "GET /2525.html HTTP/1.0" 200 12649 "-" "Mozilla/5.0 (Linux; Android 6.0.1; Nexus 5X Build/MMB29P) AppleWebKit/537.36 (KHTML, like Gecko) Chrome/41.0.2272.96 Mobile Safari/537.36 (compatible; Googlebot/2.1; +http://www.google.com/bot.html)"
92.38.129.153 - - [06/Dec/2019:00:56:51 +0800] "GET /feed/ HTTP/1.0" 301 - "-" "Tiny Tiny RSS/19.02 (http://tt-rss.org/)"
92.38.129.153 - - [06/Dec/2019:00:56:52 +0800] "GET /feed HTTP/1.0" 200 4779 "-" "Tiny Tiny RSS/19.02 (http://tt-rss.org/)"
124.236.115.101 - - [06/Dec/2019:00:57:18 +0800] "GET /wp-content/uploads/2015/06/transaction-lock.png HTTP/1.0" 200 1334 "https://blog.csdn.net/peishuai1987/article/details/89882912" "Mozilla/5.0 (Windows NT 10.0; WOW64) AppleWebKit/537.36 (KHTML, like Gecko) Chrome/72.0.3626.81 Safari/537.36 SE 2.X MetaSr 1.0"
137.74.38.160 - - [06/Dec/2019:00:57:48 +0800] "GET /feed/ HTTP/1.0" 301 - "-" "Tiny Tiny RSS/19.8 (f609065) (http://tt-rss.org/)"
137.74.38.160 - - [06/Dec/2019:00:57:49 +0800] "GET /feed HTTP/1.0" 200 4779 "-" "Tiny Tiny RSS/19.8 (f609065) (http://tt-rss.org/)"
137.74.38.160 - - [06/Dec/2019:00:57:50 +0800] "GET / HTTP/1.0" 200 10415 "-" "Tiny Tiny RSS/19.8 (f609065) (http://tt-rss.org/)"
137.74.38.160 - - [06/Dec/2019:00:57:50 +0800] "GET /favicon.ico HTTP/1.1" 200 0 "-" "Tiny Tiny RSS/19.8 (f609065) (http://tt-rss.org/)"
42.156.139.117 - - [06/Dec/2019:00:58:15 +0800] "GET /2351.html?replytocom=28369 HTTP/1.0" 200 12981 "-" "Mozilla/5.0 (Windows NT 6.1; Win64; x64) AppleWebKit/537.36 (KHTML, like Gecko) Chrome/69.0.3497.81 YisouSpider/5.0 Safari/537.36"
66.249.79.29 - - [06/Dec/2019:00:58:43 +0800] "GET /2585.html HTTP/1.0" 200 11133 "-" "Mozilla/5.0 (Linux; Android 6.0.1; Nexus 5X Build/MMB29P) AppleWebKit/537.36 (KHTML, like Gecko) Chrome/41.0.2272.96 Mobile Safari/537.36 (compatible; Googlebot/2.1; +http://www.google.com/bot.html)"
66.249.79.27 - - [06/Dec/2019:00:58:48 +0800] "POST /wp-json/wordpress-popular-posts/v1/popular-posts HTTP/1.0" 201 55 "http://www.crazyant.net/2585.html" "Mozilla/5.0 (Linux; Android 6.0.1; Nexus 5X Build/MMB29P) AppleWebKit/537.36 (KHTML, like Gecko) Chrome/41.0.2272.96 Mobile Safari/537.36 (compatible; Googlebot/2.1; +http://www.google.com/bot.html)"
106.11.159.254 - - [06/Dec/2019:00:58:52 +0800] "GET /?s=%E3%80%90%E2%94%8B%E6%80%BB%E4%BB%A32%E2%92%8F7%E2%92%8F01705[%E6%89%A3]%E3%80%93%E3%80%91%E5%8D%8E%E5%AE%87%E5%A8%B1%E4%B9%90%E5%B9%B3%E5%8F%B0%E6%80%8E%E4%B9%88%E6%B3%A8%E5%86%8C HTTP/1.0" 200 8383 "-" "YisouSpider"
220.181.108.100 - - [06/Dec/2019:01:00:05 +0800] "GET /2145.html HTTP/1.1" 444 0 "-" "Mozilla/5.0 (compatible; Baiduspider/2.0; +http://www.baidu.com/search/spider.html)"
54.36.148.164 - - [06/Dec/2019:01:01:06 +0800] "GET /2012/04/25/win7%E4%B8%8B%E7%A1%AC%E7%9B%98%E5%AE%89%E8%A3%85ubuntu-11-10%E7%B3%BB%E7%BB%9F%E6%88%90%E5%8A%9F/ HTTP/1.0" 301 - "-" "Mozilla/5.0 (compatible; AhrefsBot/6.1; +http://ahrefs.com/robot/)"
47.96.97.24 - - [06/Dec/2019:01:01:38 +0800] "GET /2022.html HTTP/1.0" 200 20828 "-" "Bot/Nutch-1.16"
222.129.54.23 - - [06/Dec/2019:01:03:08 +0800] "GET /feed HTTP/1.0" 200 4779 "-" "ReadKit/2.4.3 (Mac OS X Version 10.15.1 (Build 19B88))"
92.247.181.12 - - [06/Dec/2019:01:03:45 +0800] "GET /feed/ HTTP/1.0" 301 - "http://www.crazyant.net/" "Mozilla/5.0 (compatible; inoreader.com; 24 subscribers)"
92.247.181.12 - - [06/Dec/2019:01:03:46 +0800] "GET /feed HTTP/1.0" 200 4779 "http://www.crazyant.net/" "Mozilla/5.0 (compatible; inoreader.com; 24 subscribers)"
106.11.152.246 - - [06/Dec/2019:01:04:43 +0800] "GET /page/18 HTTP/1.0" 200 11082 "-" "YisouSpider"
106.11.158.235 - - [06/Dec/2019:01:04:46 +0800] "GET /?sadgzc=czz6j3 HTTP/1.0" 200 10428 "-" "YisouSpider"
47.96.97.24 - - [06/Dec/2019:01:06:09 +0800] "GET /tag/java/feed HTTP/1.0" 200 4780 "-" "Bot/Nutch-1.16"
