66.249.79.25 - - [04/Dec/2019:22:31:10 +0800] "POST /wp-json/wordpress-popular-posts/v1/popular-posts HTTP/1.0" 201 55 "http://www.crazyant.net/1901.html?replytocom=10930" "Mozilla/5.0 (Linux; Android 6.0.1; Nexus 5X Build/MMB29P) AppleWebKit/537.36 (KHTML, like Gecko) Chrome/41.0.2272.96 Mobile Safari/537.36 (compatible; Googlebot/2.1; +http://www.google.com/bot.html)"
101.83.245.227 - - [04/Dec/2019:22:31:43 +0800] "GET /2089.html HTTP/1.0" 200 21728 "-" "Mozilla/5.0 (iPad; CPU OS 12_4_1 like Mac OS X) AppleWebKit/605.1.15 (KHTML, like Gecko) Version/12.1.2 Mobile/15E148 Safari/604.1"
101.83.245.227 - - [04/Dec/2019:22:31:48 +0800] "GET /apple-touch-icon-152x152-precomposed.png HTTP/1.0" 404 35012 "-" "MobileSafari/604.1 CFNetwork/978.0.7 Darwin/18.7.0"
101.83.245.227 - - [04/Dec/2019:22:31:51 +0800] "GET /apple-touch-icon-152x152.png HTTP/1.0" 404 35012 "-" "MobileSafari/604.1 CFNetwork/978.0.7 Darwin/18.7.0"
66.249.79.29 - - [04/Dec/2019:22:32:03 +0800] "GET /author/peishuai1987/page/9?telgrs=pcay0 HTTP/1.0" 200 11140 "-" "Mozilla/5.0 (Linux; Android 6.0.1; Nexus 5X Build/MMB29P) AppleWebKit/537.36 (KHTML, like Gecko) Chrome/41.0.2272.96 Mobile Safari/537.36 (compatible; Googlebot/2.1; +http://www.google.com/bot.html)"
66.249.79.27 - - [04/Dec/2019:22:32:23 +0800] "GET /author/peishuai1987/page/24?jdfwkey=jft7y&fgjovy=lu95o3 HTTP/1.0" 200 10661 "-" "Mozilla/5.0 (Linux; Android 6.0.1; Nexus 5X Build/MMB29P) AppleWebKit/537.36 (KHTML, like Gecko) Chrome/41.0.2272.96 Mobile Safari/537.36 (compatible; Googlebot/2.1; +http://www.google.com/bot.html)"
66.249.79.25 - - [04/Dec/2019:22:32:40 +0800] "GET /tag/dreamweaver HTTP/1.0" 200 8677 "-" "Mozilla/5.0 (compatible; Googlebot/2.1; +http://www.google.com/bot.html)"
101.83.245.227 - - [04/Dec/2019:22:33:02 +0800] "GET /apple-touch-icon-precomposed.png HTTP/1.0" 404 35012 "-" "MobileSafari/604.1 CFNetwork/978.0.7 Darwin/18.7.0"
101.83.245.227 - - [04/Dec/2019:22:33:04 +0800] "GET /apple-touch-icon.png HTTP/1.0" 404 35012 "-" "MobileSafari/604.1 CFNetwork/978.0.7 Darwin/18.7.0"
101.83.245.227 - - [04/Dec/2019:22:33:08 +0800] "GET /favicon.ico HTTP/1.0" 200 - "-" "MobileSafari/604.1 CFNetwork/978.0.7 Darwin/18.7.0"
101.83.245.227 - - [04/Dec/2019:22:33:08 +0800] "GET /apple-touch-icon-152x152-precomposed.png HTTP/1.0" 404 35012 "-" "MobileSafari/604.1 CFNetwork/978.0.7 Darwin/18.7.0"
207.46.13.93 - - [04/Dec/2019:22:33:10 +0800] "GET /1901.html?wptouch_switch=desktop HTTP/1.0" 200 12945 "-" "Mozilla/5.0 (compatible; bingbot/2.0; +http://www.bing.com/bingbot.htm)"
101.83.245.227 - - [04/Dec/2019:22:33:17 +0800] "GET /apple-touch-icon-152x152.png HTTP/1.0" 404 35012 "-" "MobileSafari/604.1 CFNetwork/978.0.7 Darwin/18.7.0"
101.83.245.227 - - [04/Dec/2019:22:33:21 +0800] "GET /apple-touch-icon-precomposed.png HTTP/1.0" 404 35012 "-" "MobileSafari/604.1 CFNetwork/978.0.7 Darwin/18.7.0"
101.83.245.227 - - [04/Dec/2019:22:33:24 +0800] "GET /apple-touch-icon.png HTTP/1.0" 404 35012 "-" "MobileSafari/604.1 CFNetwork/978.0.7 Darwin/18.7.0"
66.249.79.27 - - [04/Dec/2019:22:33:25 +0800] "GET /author/peishuai1987/page/18?pibovs=p0lul3&hwpahg=py0sl3&todytg=33zhl3&xuxoza=fx2gl3&rohyrw=dszvk2&zknejw=nysml3&mktyls=4ccbn3&nsvcjk=9nwwo3&iuvapo=usrsn2&fgzwbw=zpxln3&xkbabk=jq5kl2&zktady=z1hhl3&bqjgta=ll82l2&uwvwji=2epho3 HTTP/1.0" 200 11477 "-" "Mozilla/5.0 (Linux; Android 6.0.1; Nexus 5X Build/MMB29P) AppleWebKit/537.36 (KHTML, like Gecko) Chrome/41.0.2272.96 Mobile Safari/537.36 (compatible; Googlebot/2.1; +http://www.google.com/bot.html)"
101.83.245.227 - - [04/Dec/2019:22:33:29 +0800] "GET /favicon.ico HTTP/1.1" 200 0 "-" "MobileSafari/604.1 CFNetwork/978.0.7 Darwin/18.7.0"
66.249.79.27 - - [04/Dec/2019:22:33:29 +0800] "GET /tag/tensorflow HTTP/1.0" 200 9362 "-" "Mozilla/5.0 (compatible; Googlebot/2.1; +http://www.google.com/bot.html)"
66.249.79.25 - - [04/Dec/2019:22:33:57 +0800] "GET /tag/django HTTP/1.0" 200 9913 "-" "Mozilla/5.0 (compatible; Googlebot/2.1; +http://www.google.com/bot.html)"
66.249.79.29 - - [04/Dec/2019:22:34:01 +0800] "GET /?s=%E3%80%90%E2%94%83%E5%B8%82%E5%9C%BA%E9%83%A82%E2%92%8F7%E2%92%8F01705[%E6%89%A3]%E3%80%91%E3%80%91%E5%8D%8E%E5%AE%87%E5%A8%B1%E4%B9%90%E6%98%AF%E5%81%9A%E4%BB%80%E4%B9%88%E7%9A%84 HTTP/1.0" 200 8395 "-" "Mozilla/5.0 (Linux; Android 6.0.1; Nexus 5X Build/MMB29P) AppleWebKit/537.36 (KHTML, like Gecko) Chrome/41.0.2272.96 Mobile Safari/537.36 (compatible; Googlebot/2.1; +http://www.google.com/bot.html)"
66.249.79.10 - - [04/Dec/2019:22:34:08 +0800] "GET /2273.html HTTP/1.0" 200 9468 "-" "Mozilla/5.0 (compatible; Googlebot/2.1; +http://www.google.com/bot.html)"
123.115.70.109 - - [04/Dec/2019:22:34:09 +0800] "GET /wp-content/uploads/2018/05/kmeans-k-wsse.png HTTP/1.0" 200 22104 "https://blog.csdn.net/cpongo3/article/details/89882240" "Mozilla/5.0 (Windows NT 10.0; WOW64) AppleWebKit/537.36 (KHTML, like Gecko) Chrome/63.0.3239.26 Safari/537.36 Core/1.63.5977.400 LBBROWSER/10.1.3752.400"
54.36.149.21 - - [04/Dec/2019:22:34:10 +0800] "GET /2517.html HTTP/1.0" 200 10141 "-" "Mozilla/5.0 (compatible; AhrefsBot/6.1; +http://ahrefs.com/robot/)"
66.249.79.25 - - [04/Dec/2019:22:34:13 +0800] "GET /2561.html HTTP/1.0" 200 10496 "-" "Mozilla/5.0 (compatible; Googlebot/2.1; +http://www.google.com/bot.html)"
66.249.79.25 - - [04/Dec/2019:22:34:23 +0800] "GET /1957.html HTTP/1.0" 200 12913 "-" "Mozilla/5.0 (compatible; Googlebot/2.1; +http://www.google.com/bot.html)"
66.249.79.25 - - [04/Dec/2019:22:34:27 +0800] "POST /wp-json/wordpress-popular-posts/v1/popular-posts HTTP/1.0" 201 55 "http://www.crazyant.net/1957.html" "Mozilla/5.0 AppleWebKit/537.36 (KHTML, like Gecko; compatible; Googlebot/2.1; +http://www.google.com/bot.html) Safari/537.36"
66.249.79.25 - - [04/Dec/2019:22:34:30 +0800] "GET /category/tensorflow HTTP/1.0" 200 9005 "-" "Mozilla/5.0 (compatible; Googlebot/2.1; +http://www.google.com/bot.html)"
66.249.79.25 - - [04/Dec/2019:22:34:33 +0800] "POST /wp-json/wordpress-popular-posts/v1/popular-posts HTTP/1.0" 201 55 "http://www.crazyant.net/2561.html" "Mozilla/5.0 AppleWebKit/537.36 (KHTML, like Gecko; compatible; Googlebot/2.1; +http://www.google.com/bot.html) Safari/537.36"
66.249.79.25 - - [04/Dec/2019:22:34:37 +0800] "GET /576.html HTTP/1.0" 200 13461 "-" "Mozilla/5.0 (compatible; Googlebot/2.1; +http://www.google.com/bot.html)"
66.249.79.25 - - [04/Dec/2019:22:34:44 +0800] "POST /wp-json/wordpress-popular-posts/v1/popular-posts HTTP/1.0" 201 55 "http://www.crazyant.net/576.html" "Mozilla/5.0 AppleWebKit/537.36 (KHTML, like Gecko; compatible; Googlebot/2.1; +http://www.google.com/bot.html) Safari/537.36"
66.249.79.25 - - [04/Dec/2019:22:34:50 +0800] "GET /?s=%E9%AB%98%E4%BD%A3%E8%81%94%E7%9B%9F%E6%95%B0%E6%8D%AE%E6%98%AF%E5%90%97%E5%BE HTTP/1.0" 200 8252 "-" "Mozilla/5.0 (Linux; Android 6.0.1; Nexus 5X Build/MMB29P) AppleWebKit/537.36 (KHTML, like Gecko) Chrome/41.0.2272.96 Mobile Safari/537.36 (compatible; Googlebot/2.1; +http://www.google.com/bot.html)"
66.249.79.25 - - [04/Dec/2019:22:34:54 +0800] "GET /date/2019/07 HTTP/1.0" 200 10302 "-" "Mozilla/5.0 (Linux; Android 6.0.1; Nexus 5X Build/MMB29P) AppleWebKit/537.36 (KHTML, like Gecko) Chrome/41.0.2272.96 Mobile Safari/537.36 (compatible; Googlebot/2.1; +http://www.google.com/bot.html)"
66.249.79.25 - - [04/Dec/2019:22:34:57 +0800] "GET /tag/redis HTTP/1.0" 200 9169 "-" "Mozilla/5.0 (compatible; Googlebot/2.1; +http://www.google.com/bot.html)"
66.249.79.27 - - [04/Dec/2019:22:35:02 +0800] "GET /tag/mysql?jdfw&dqrqfs=9wa4m3 HTTP/1.0" 200 10894 "-" "Mozilla/5.0 (compatible; Googlebot/2.1; +http://www.google.com/bot.html)"
66.249.79.25 - - [04/Dec/2019:22:35:07 +0800] "GET /740.html HTTP/1.0" 200 13413 "-" "Mozilla/5.0 (compatible; Googlebot/2.1; +http://www.google.com/bot.html)"
66.249.79.25 - - [04/Dec/2019:22:35:17 +0800] "POST /wp-json/wordpress-popular-posts/v1/popular-posts HTTP/1.0" 201 55 "http://www.crazyant.net/740.html" "Mozilla/5.0 AppleWebKit/537.36 (KHTML, like Gecko; compatible; Googlebot/2.1; +http://www.google.com/bot.html) Safari/537.36"
66.249.79.25 - - [04/Dec/2019:22:35:20 +0800] "GET /?vep HTTP/1.0" 200 10419 "-" "Mozilla/5.0 (compatible; Googlebot/2.1; +http://www.google.com/bot.html)"
222.129.54.23 - - [04/Dec/2019:22:35:30 +0800] "GET /feed HTTP/1.0" 200 4779 "-" "ReadKit/2.4.3 (Mac OS X Version 10.15.1 (Build 19B88))"
66.249.79.25 - - [04/Dec/2019:22:35:32 +0800] "GET /author/peishuai1987/page/12?zkfgjc=htiir2&jmt HTTP/1.0" 200 11139 "-" "Mozilla/5.0 (Linux; Android 6.0.1; Nexus 5X Build/MMB29P) AppleWebKit/537.36 (KHTML, like Gecko) Chrome/41.0.2272.96 Mobile Safari/537.36 (compatible; Googlebot/2.1; +http://www.google.com/bot.html)"
92.38.129.153 - - [04/Dec/2019:22:35:42 +0800] "GET /feed/ HTTP/1.0" 301 - "-" "Tiny Tiny RSS/19.02 (http://tt-rss.org/)"
92.38.129.153 - - [04/Dec/2019:22:35:43 +0800] "GET /feed HTTP/1.0" 200 4779 "-" "Tiny Tiny RSS/19.02 (http://tt-rss.org/)"
66.249.79.29 - - [04/Dec/2019:22:36:07 +0800] "GET /1303.html?jdf&mkpepy=qetao3&hwlwtu=rt0so3 HTTP/1.0" 200 12596 "-" "Mozilla/5.0 (Linux; Android 6.0.1; Nexus 5X Build/MMB29P) AppleWebKit/537.36 (KHTML, like Gecko) Chrome/41.0.2272.96 Mobile Safari/537.36 (compatible; Googlebot/2.1; +http://www.google.com/bot.html)"
66.249.79.27 - - [04/Dec/2019:22:36:24 +0800] "GET /author/peishuai1987/page/8?telgrs=pcay0 HTTP/1.0" 200 11197 "-" "Mozilla/5.0 (compatible; Googlebot/2.1; +http://www.google.com/bot.html)"
157.55.39.180 - - [04/Dec/2019:22:37:13 +0800] "GET /97.html HTTP/1.0" 200 10704 "-" "Mozilla/5.0 (compatible; bingbot/2.0; +http://www.bing.com/bingbot.htm)"
95.217.62.108 - - [04/Dec/2019:22:38:15 +0800] "GET /1763.html/feed HTTP/1.0" 200 838 "http://www.crazyant.net/1763.html" "Mozilla/5.0 (compatible; SEOkicks; +https://www.seokicks.de/robot.html)"
95.217.62.108 - - [04/Dec/2019:22:38:18 +0800] "GET /?p=1763 HTTP/1.0" 301 - "http://www.crazyant.net/1763.html" "Mozilla/5.0 (compatible; SEOkicks; +https://www.seokicks.de/robot.html)"
95.217.62.108 - - [04/Dec/2019:22:38:20 +0800] "GET /1664.html HTTP/1.0" 200 12753 "http://www.crazyant.net/tag/mysql" "Mozilla/5.0 (compatible; SEOkicks; +https://www.seokicks.de/robot.html)"
95.217.62.108 - - [04/Dec/2019:22:38:22 +0800] "GET /1664.html/feed HTTP/1.0" 200 1236 "http://www.crazyant.net/1664.html" "Mozilla/5.0 (compatible; SEOkicks; +https://www.seokicks.de/robot.html)"
95.217.62.108 - - [04/Dec/2019:22:38:25 +0800] "GET /?p=1664 HTTP/1.0" 301 - "http://www.crazyant.net/1664.html" "Mozilla/5.0 (compatible; SEOkicks; +https://www.seokicks.de/robot.html)"
95.217.62.108 - - [04/Dec/2019:22:38:27 +0800] "GET /tag/%e8%a7%86%e9%a2%91 HTTP/1.0" 200 8631 "http://www.crazyant.net/tag/mysql" "Mozilla/5.0 (compatible; SEOkicks; +https://www.seokicks.de/robot.html)"
95.217.62.108 - - [04/Dec/2019:22:38:29 +0800] "GET /tag/%e8%a7%86%e9%a2%91/feed HTTP/1.0" 200 911 "http://www.crazyant.net/tag/%e8%a7%86%e9%a2%91" "Mozilla/5.0 (compatible; SEOkicks; +https://www.seokicks.de/robot.html)"
95.217.62.108 - - [04/Dec/2019:22:38:31 +0800] "GET /1587.html HTTP/1.0" 200 11761 "http://www.crazyant.net/tag/mysql" "Mozilla/5.0 (compatible; SEOkicks; +https://www.seokicks.de/robot.html)"
95.217.62.108 - - [04/Dec/2019:22:38:33 +0800] "GET /1587.html/feed HTTP/1.0" 200 851 "http://www.crazyant.net/1587.html" "Mozilla/5.0 (compatible; SEOkicks; +https://www.seokicks.de/robot.html)"
95.217.62.108 - - [04/Dec/2019:22:38:36 +0800] "GET /?p=1587 HTTP/1.0" 301 - "http://www.crazyant.net/1587.html" "Mozilla/5.0 (compatible; SEOkicks; +https://www.seokicks.de/robot.html)"
95.217.62.108 - - [04/Dec/2019:22:38:38 +0800] "GET /1428.html HTTP/1.0" 200 11728 "http://www.crazyant.net/tag/mysql" "Mozilla/5.0 (compatible; SEOkicks; +https://www.seokicks.de/robot.html)"
95.217.62.108 - - [04/Dec/2019:22:38:40 +0800] "GET /1428.html/feed HTTP/1.0" 200 1095 "http://www.crazyant.net/1428.html" "Mozilla/5.0 (compatible; SEOkicks; +https://www.seokicks.de/robot.html)"
95.217.62.108 - - [04/Dec/2019:22:38:42 +0800] "GET /?p=1428 HTTP/1.0" 301 - "http://www.crazyant.net/1428.html" "Mozilla/5.0 (compatible; SEOkicks; +https://www.seokicks.de/robot.html)"
95.217.62.108 - - [04/Dec/2019:22:38:44 +0800] "GET /1355.html HTTP/1.0" 200 12247 "http://www.crazyant.net/tag/mysql" "Mozilla/5.0 (compatible; SEOkicks; +https://www.seokicks.de/robot.html)"
95.217.62.108 - - [04/Dec/2019:22:38:47 +0800] "GET /1355.html/feed HTTP/1.0" 200 994 "http://www.crazyant.net/1355.html" "Mozilla/5.0 (compatible; SEOkicks; +https://www.seokicks.de/robot.html)"
95.217.62.108 - - [04/Dec/2019:22:38:49 +0800] "GET /1372.html HTTP/1.0" 200 10841 "http://www.crazyant.net/1355.html" "Mozilla/5.0 (compatible; SEOkicks; +https://www.seokicks.de/robot.html)"
95.217.62.108 - - [04/Dec/2019:22:38:51 +0800] "GET /?p=1355 HTTP/1.0" 301 - "http://www.crazyant.net/1355.html" "Mozilla/5.0 (compatible; SEOkicks; +https://www.seokicks.de/robot.html)"
95.217.62.108 - - [04/Dec/2019:22:38:53 +0800] "GET /1345.html HTTP/1.0" 200 11287 "http://www.crazyant.net/tag/mysql" "Mozilla/5.0 (compatible; SEOkicks; +https://www.seokicks.de/robot.html)"
95.217.62.108 - - [04/Dec/2019:22:38:55 +0800] "GET /1345.html/feed HTTP/1.0" 200 738 "http://www.crazyant.net/1345.html" "Mozilla/5.0 (compatible; SEOkicks; +https://www.seokicks.de/robot.html)"
104.248.68.63 - - [04/Dec/2019:22:38:57 +0800] "HEAD / HTTP/1.0" 301 - "http://www.google.com" "Mozilla/4.0 (compatible; MSIE 8.0; Windows NT 6.1; WOW64; Trident/4.0; SLCC2; .NET CLR 2.0.50727; .NET CLR 3.5.30729; .NET CLR 3.0.30729; Media Center PC 6.0; .NET4.0C; .NET4.0E)"
95.217.62.108 - - [04/Dec/2019:22:38:58 +0800] "GET /?p=1345 HTTP/1.0" 301 - "http://www.crazyant.net/1345.html" "Mozilla/5.0 (compatible; SEOkicks; +https://www.seokicks.de/robot.html)"
104.248.68.63 - - [04/Dec/2019:22:38:58 +0800] "HEAD / HTTP/1.0" 200 - "http://www.google.com" "Mozilla/4.0 (compatible; MSIE 8.0; Windows NT 6.1; WOW64; Trident/4.0; SLCC2; .NET CLR 2.0.50727; .NET CLR 3.5.30729; .NET CLR 3.0.30729; Media Center PC 6.0; .NET4.0C; .NET4.0E)"
95.217.62.108 - - [04/Dec/2019:22:39:00 +0800] "GET /1337.html HTTP/1.0" 200 11230 "http://www.crazyant.net/tag/mysql" "Mozilla/5.0 (compatible; SEOkicks; +https://www.seokicks.de/robot.html)"
95.217.62.108 - - [04/Dec/2019:22:39:03 +0800] "GET /1337.html/feed HTTP/1.0" 200 761 "http://www.crazyant.net/1337.html" "Mozilla/5.0 (compatible; SEOkicks; +https://www.seokicks.de/robot.html)"
95.217.62.108 - - [04/Dec/2019:22:39:05 +0800] "GET /?p=1337 HTTP/1.0" 301 - "http://www.crazyant.net/1337.html" "Mozilla/5.0 (compatible; SEOkicks; +https://www.seokicks.de/robot.html)"
95.217.62.108 - - [04/Dec/2019:22:39:07 +0800] "GET /1321.html HTTP/1.0" 200 10972 "http://www.crazyant.net/tag/mysql" "Mozilla/5.0 (compatible; SEOkicks; +https://www.seokicks.de/robot.html)"
95.217.62.108 - - [04/Dec/2019:22:39:09 +0800] "GET /1321.html/feed HTTP/1.0" 200 793 "http://www.crazyant.net/1321.html" "Mozilla/5.0 (compatible; SEOkicks; +https://www.seokicks.de/robot.html)"
95.217.62.108 - - [04/Dec/2019:22:39:11 +0800] "GET /?p=1321 HTTP/1.0" 301 - "http://www.crazyant.net/1321.html" "Mozilla/5.0 (compatible; SEOkicks; +https://www.seokicks.de/robot.html)"
95.217.62.108 - - [04/Dec/2019:22:39:13 +0800] "GET /tag/mysql/page/2 HTTP/1.0" 200 11175 "http://www.crazyant.net/tag/mysql" "Mozilla/5.0 (compatible; SEOkicks; +https://www.seokicks.de/robot.html)"
95.217.62.108 - - [04/Dec/2019:22:39:16 +0800] "GET /tag/mysql/page/3 HTTP/1.0" 200 9902 "http://www.crazyant.net/tag/mysql" "Mozilla/5.0 (compatible; SEOkicks; +https://www.seokicks.de/robot.html)"
95.217.62.108 - - [04/Dec/2019:22:39:18 +0800] "GET /tag/pandas/page/2 HTTP/1.0" 200 10506 "http://www.crazyant.net/tag/pandas" "Mozilla/5.0 (compatible; SEOkicks; +https://www.seokicks.de/robot.html)"
95.217.62.108 - - [04/Dec/2019:22:39:20 +0800] "GET /tag/pandas/page/3 HTTP/1.0" 200 8756 "http://www.crazyant.net/tag/pandas" "Mozilla/5.0 (compatible; SEOkicks; +https://www.seokicks.de/robot.html)"
95.217.62.108 - - [04/Dec/2019:22:39:23 +0800] "GET /1898.html HTTP/1.0" 200 12038 "http://www.crazyant.net/tag/php" "Mozilla/5.0 (compatible; SEOkicks; +https://www.seokicks.de/robot.html)"
95.217.62.108 - - [04/Dec/2019:22:39:25 +0800] "GET /1898.html/feed HTTP/1.0" 200 868 "http://www.crazyant.net/1898.html" "Mozilla/5.0 (compatible; SEOkicks; +https://www.seokicks.de/robot.html)"
95.217.62.108 - - [04/Dec/2019:22:39:27 +0800] "GET /?p=1898 HTTP/1.0" 301 - "http://www.crazyant.net/1898.html" "Mozilla/5.0 (compatible; SEOkicks; +https://www.seokicks.de/robot.html)"
95.217.62.108 - - [04/Dec/2019:22:39:29 +0800] "GET /1057.html HTTP/1.0" 200 11040 "http://www.crazyant.net/tag/php" "Mozilla/5.0 (compatible; SEOkicks; +https://www.seokicks.de/robot.html)"
95.217.62.108 - - [04/Dec/2019:22:39:31 +0800] "GET /1057.html/feed HTTP/1.0" 200 513 "http://www.crazyant.net/1057.html" "Mozilla/5.0 (compatible; SEOkicks; +https://www.seokicks.de/robot.html)"
95.217.62.108 - - [04/Dec/2019:22:39:33 +0800] "GET /?p=1057 HTTP/1.0" 301 - "http://www.crazyant.net/1057.html" "Mozilla/5.0 (compatible; SEOkicks; +https://www.seokicks.de/robot.html)"
95.217.62.108 - - [04/Dec/2019:22:39:35 +0800] "GET /tag/magento HTTP/1.0" 200 8674 "http://www.crazyant.net/tag/php" "Mozilla/5.0 (compatible; SEOkicks; +https://www.seokicks.de/robot.html)"
95.217.62.108 - - [04/Dec/2019:22:39:38 +0800] "GET /tag/magento/feed HTTP/1.0" 200 953 "http://www.crazyant.net/tag/magento" "Mozilla/5.0 (compatible; SEOkicks; +https://www.seokicks.de/robot.html)"
95.217.62.108 - - [04/Dec/2019:22:39:40 +0800] "GET /1022.html HTTP/1.0" 200 13867 "http://www.crazyant.net/tag/php" "Mozilla/5.0 (compatible; SEOkicks; +https://www.seokicks.de/robot.html)"
95.217.62.108 - - [04/Dec/2019:22:39:42 +0800] "GET /1022.html/feed HTTP/1.0" 200 997 "http://www.crazyant.net/1022.html" "Mozilla/5.0 (compatible; SEOkicks; +https://www.seokicks.de/robot.html)"
95.217.62.108 - - [04/Dec/2019:22:39:44 +0800] "GET /?p=1022 HTTP/1.0" 301 - "http://www.crazyant.net/1022.html" "Mozilla/5.0 (compatible; SEOkicks; +https://www.seokicks.de/robot.html)"
95.217.62.108 - - [04/Dec/2019:22:39:46 +0800] "GET /1014.html HTTP/1.0" 200 12401 "http://www.crazyant.net/tag/php" "Mozilla/5.0 (compatible; SEOkicks; +https://www.seokicks.de/robot.html)"
95.217.62.108 - - [04/Dec/2019:22:39:49 +0800] "GET /1014.html/feed HTTP/1.0" 200 705 "http://www.crazyant.net/1014.html" "Mozilla/5.0 (compatible; SEOkicks; +https://www.seokicks.de/robot.html)"
95.217.62.108 - - [04/Dec/2019:22:39:51 +0800] "GET /?p=1014 HTTP/1.0" 301 - "http://www.crazyant.net/1014.html" "Mozilla/5.0 (compatible; SEOkicks; +https://www.seokicks.de/robot.html)"
95.217.62.108 - - [04/Dec/2019:22:39:53 +0800] "GET /tag/memcached HTTP/1.0" 200 8684 "http://www.crazyant.net/tag/php" "Mozilla/5.0 (compatible; SEOkicks; +https://www.seokicks.de/robot.html)"
95.217.62.108 - - [04/Dec/2019:22:39:55 +0800] "GET /tag/memcached/feed HTTP/1.0" 200 963 "http://www.crazyant.net/tag/memcached" "Mozilla/5.0 (compatible; SEOkicks; +https://www.seokicks.de/robot.html)"
95.217.62.108 - - [04/Dec/2019:22:39:57 +0800] "GET /970.html HTTP/1.0" 200 11540 "http://www.crazyant.net/tag/php" "Mozilla/5.0 (compatible; SEOkicks; +https://www.seokicks.de/robot.html)"
95.217.62.108 - - [04/Dec/2019:22:39:59 +0800] "GET /970.html/feed HTTP/1.0" 200 865 "http://www.crazyant.net/970.html" "Mozilla/5.0 (compatible; SEOkicks; +https://www.seokicks.de/robot.html)"
95.217.62.108 - - [04/Dec/2019:22:40:02 +0800] "GET /?p=970 HTTP/1.0" 301 - "http://www.crazyant.net/970.html" "Mozilla/5.0 (compatible; SEOkicks; +https://www.seokicks.de/robot.html)"
95.217.62.108 - - [04/Dec/2019:22:40:04 +0800] "GET /930.html HTTP/1.0" 200 15884 "http://www.crazyant.net/tag/php" "Mozilla/5.0 (compatible; SEOkicks; +https://www.seokicks.de/robot.html)"
95.217.62.108 - - [04/Dec/2019:22:40:07 +0800] "GET /930.html/feed HTTP/1.0" 200 1348 "http://www.crazyant.net/930.html" "Mozilla/5.0 (compatible; SEOkicks; +https://www.seokicks.de/robot.html)"
95.217.62.108 - - [04/Dec/2019:22:40:09 +0800] "GET /?p=930 HTTP/1.0" 301 - "http://www.crazyant.net/930.html" "Mozilla/5.0 (compatible; SEOkicks; +https://www.seokicks.de/robot.html)"
95.217.62.108 - - [04/Dec/2019:22:40:11 +0800] "GET /920.html HTTP/1.0" 200 12908 "http://www.crazyant.net/tag/php" "Mozilla/5.0 (compatible; SEOkicks; +https://www.seokicks.de/robot.html)"
95.217.62.108 - - [04/Dec/2019:22:40:14 +0800] "GET /920.html/feed HTTP/1.0" 200 1509 "http://www.crazyant.net/920.html" "Mozilla/5.0 (compatible; SEOkicks; +https://www.seokicks.de/robot.html)"
95.217.62.108 - - [04/Dec/2019:22:40:16 +0800] "GET /914.html HTTP/1.0" 200 10945 "http://www.crazyant.net/920.html" "Mozilla/5.0 (compatible; SEOkicks; +https://www.seokicks.de/robot.html)"
95.217.62.108 - - [04/Dec/2019:22:40:18 +0800] "GET /?p=920 HTTP/1.0" 301 - "http://www.crazyant.net/920.html" "Mozilla/5.0 (compatible; SEOkicks; +https://www.seokicks.de/robot.html)"
95.217.62.108 - - [04/Dec/2019:22:40:20 +0800] "GET /tag/json HTTP/1.0" 200 8615 "http://www.crazyant.net/tag/php" "Mozilla/5.0 (compatible; SEOkicks; +https://www.seokicks.de/robot.html)"
95.217.62.108 - - [04/Dec/2019:22:40:23 +0800] "GET /tag/json/feed HTTP/1.0" 200 897 "http://www.crazyant.net/tag/json" "Mozilla/5.0 (compatible; SEOkicks; +https://www.seokicks.de/robot.html)"
95.217.62.108 - - [04/Dec/2019:22:40:25 +0800] "GET /912.html HTTP/1.0" 200 13884 "http://www.crazyant.net/tag/php" "Mozilla/5.0 (compatible; SEOkicks; +https://www.seokicks.de/robot.html)"
95.217.62.108 - - [04/Dec/2019:22:40:27 +0800] "GET /912.html/feed HTTP/1.0" 200 1505 "http://www.crazyant.net/912.html" "Mozilla/5.0 (compatible; SEOkicks; +https://www.seokicks.de/robot.html)"
95.217.62.108 - - [04/Dec/2019:22:40:29 +0800] "GET /?p=912 HTTP/1.0" 301 - "http://www.crazyant.net/912.html" "Mozilla/5.0 (compatible; SEOkicks; +https://www.seokicks.de/robot.html)"
95.217.62.108 - - [04/Dec/2019:22:40:31 +0800] "GET /tag/%e9%aa%8c%e8%af%81%e7%a0%81 HTTP/1.0" 200 8676 "http://www.crazyant.net/tag/php" "Mozilla/5.0 (compatible; SEOkicks; +https://www.seokicks.de/robot.html)"
95.217.62.108 - - [04/Dec/2019:22:40:33 +0800] "GET /tag/%e9%aa%8c%e8%af%81%e7%a0%81/feed HTTP/1.0" 200 964 "http://www.crazyant.net/tag/%e9%aa%8c%e8%af%81%e7%a0%81" "Mozilla/5.0 (compatible; SEOkicks; +https://www.seokicks.de/robot.html)"
95.217.62.108 - - [04/Dec/2019:22:40:35 +0800] "GET /897.html HTTP/1.0" 200 11937 "http://www.crazyant.net/tag/php" "Mozilla/5.0 (compatible; SEOkicks; +https://www.seokicks.de/robot.html)"
95.217.62.108 - - [04/Dec/2019:22:40:37 +0800] "GET /897.html/feed HTTP/1.0" 200 762 "http://www.crazyant.net/897.html" "Mozilla/5.0 (compatible; SEOkicks; +https://www.seokicks.de/robot.html)"
95.217.62.108 - - [04/Dec/2019:22:40:40 +0800] "GET /?p=897 HTTP/1.0" 301 - "http://www.crazyant.net/897.html" "Mozilla/5.0 (compatible; SEOkicks; +https://www.seokicks.de/robot.html)"
66.249.79.25 - - [04/Dec/2019:22:40:41 +0800] "GET /591.html HTTP/1.0" 200 14877 "-" "Mozilla/5.0 (compatible; Googlebot/2.1; +http://www.google.com/bot.html)"
95.217.62.108 - - [04/Dec/2019:22:40:42 +0800] "GET /tag/php/page/2 HTTP/1.0" 200 10751 "http://www.crazyant.net/tag/php" "Mozilla/5.0 (compatible; SEOkicks; +https://www.seokicks.de/robot.html)"
95.217.62.108 - - [04/Dec/2019:22:40:44 +0800] "GET /tag/php/page/5 HTTP/1.0" 200 10589 "http://www.crazyant.net/tag/php" "Mozilla/5.0 (compatible; SEOkicks; +https://www.seokicks.de/robot.html)"
66.249.79.27 - - [04/Dec/2019:22:40:46 +0800] "GET /2177.html HTTP/1.0" 200 17048 "-" "Mozilla/5.0 (Linux; Android 6.0.1; Nexus 5X Build/MMB29P) AppleWebKit/537.36 (KHTML, like Gecko) Chrome/41.0.2272.96 Mobile Safari/537.36 (compatible; Googlebot/2.1; +http://www.google.com/bot.html)"
66.249.79.25 - - [04/Dec/2019:22:40:46 +0800] "GET /1703.html HTTP/1.0" 200 12905 "-" "Mozilla/5.0 (compatible; Googlebot/2.1; +http://www.google.com/bot.html)"
95.217.62.108 - - [04/Dec/2019:22:40:47 +0800] "GET /tag/python/page/2 HTTP/1.0" 200 10635 "http://www.crazyant.net/tag/python" "Mozilla/5.0 (compatible; SEOkicks; +https://www.seokicks.de/robot.html)"
95.217.62.108 - - [04/Dec/2019:22:40:49 +0800] "GET /tag/python/page/7 HTTP/1.0" 200 9743 "http://www.crazyant.net/tag/python" "Mozilla/5.0 (compatible; SEOkicks; +https://www.seokicks.de/robot.html)"
95.217.62.108 - - [04/Dec/2019:22:40:52 +0800] "GET /410.html HTTP/1.0" 200 9548 "http://www.crazyant.net/tag/qt" "Mozilla/5.0 (compatible; SEOkicks; +https://www.seokicks.de/robot.html)"
95.217.62.108 - - [04/Dec/2019:22:40:54 +0800] "GET /?p=410 HTTP/1.0" 301 - "http://www.crazyant.net/410.html" "Mozilla/5.0 (compatible; SEOkicks; +https://www.seokicks.de/robot.html)"
95.217.62.108 - - [04/Dec/2019:22:40:56 +0800] "GET /408.html HTTP/1.0" 200 9527 "http://www.crazyant.net/tag/qt" "Mozilla/5.0 (compatible; SEOkicks; +https://www.seokicks.de/robot.html)"
95.217.62.108 - - [04/Dec/2019:22:40:59 +0800] "GET /?p=408 HTTP/1.0" 301 - "http://www.crazyant.net/408.html" "Mozilla/5.0 (compatible; SEOkicks; +https://www.seokicks.de/robot.html)"
95.217.62.108 - - [04/Dec/2019:22:41:00 +0800] "GET /2283.html HTTP/1.0" 200 9753 "http://www.crazyant.net/tag/redis" "Mozilla/5.0 (compatible; SEOkicks; +https://www.seokicks.de/robot.html)"
95.217.62.108 - - [04/Dec/2019:22:41:03 +0800] "GET /?p=2283 HTTP/1.0" 301 - "http://www.crazyant.net/2283.html" "Mozilla/5.0 (compatible; SEOkicks; +https://www.seokicks.de/robot.html)"
95.217.62.108 - - [04/Dec/2019:22:41:05 +0800] "GET /629.html HTTP/1.0" 200 12774 "http://www.crazyant.net/tag/redis" "Mozilla/5.0 (compatible; SEOkicks; +https://www.seokicks.de/robot.html)"
95.217.62.108 - - [04/Dec/2019:22:41:07 +0800] "GET /629.html/feed HTTP/1.0" 200 833 "http://www.crazyant.net/629.html" "Mozilla/5.0 (compatible; SEOkicks; +https://www.seokicks.de/robot.html)"
95.217.62.108 - - [04/Dec/2019:22:41:10 +0800] "GET /?p=629 HTTP/1.0" 301 - "http://www.crazyant.net/629.html" "Mozilla/5.0 (compatible; SEOkicks; +https://www.seokicks.de/robot.html)"
95.217.62.108 - - [04/Dec/2019:22:41:12 +0800] "GET /611.html HTTP/1.0" 200 14238 "http://www.crazyant.net/tag/redis" "Mozilla/5.0 (compatible; SEOkicks; +https://www.seokicks.de/robot.html)"
95.217.62.108 - - [04/Dec/2019:22:41:14 +0800] "GET /611.html/feed HTTP/1.0" 200 1280 "http://www.crazyant.net/611.html" "Mozilla/5.0 (compatible; SEOkicks; +https://www.seokicks.de/robot.html)"
95.217.62.108 - - [04/Dec/2019:22:41:16 +0800] "GET /?p=611 HTTP/1.0" 301 - "http://www.crazyant.net/611.html" "Mozilla/5.0 (compatible; SEOkicks; +https://www.seokicks.de/robot.html)"
66.249.79.8 - - [04/Dec/2019:22:41:17 +0800] "GET / HTTP/1.0" 200 10422 "-" "Mozilla/5.0 (Linux; Android 6.0.1; Nexus 5X Build/MMB29P) AppleWebKit/537.36 (KHTML, like Gecko) Chrome/41.0.2272.96 Mobile Safari/537.36 (compatible; Googlebot/2.1; +http://www.google.com/bot.html)"
95.217.62.108 - - [04/Dec/2019:22:41:18 +0800] "GET /790.html HTTP/1.0" 200 10638 "http://www.crazyant.net/tag/seo" "Mozilla/5.0 (compatible; SEOkicks; +https://www.seokicks.de/robot.html)"
66.249.79.12 - - [04/Dec/2019:22:41:20 +0800] "GET /2447.html HTTP/1.0" 200 12046 "-" "Mozilla/5.0 (Linux; Android 6.0.1; Nexus 5X Build/MMB29P) AppleWebKit/537.36 (KHTML, like Gecko) Chrome/41.0.2272.96 Mobile Safari/537.36 (compatible; Googlebot/2.1; +http://www.google.com/bot.html)"
95.217.62.108 - - [04/Dec/2019:22:41:20 +0800] "GET /790.html/feed HTTP/1.0" 200 705 "http://www.crazyant.net/790.html" "Mozilla/5.0 (compatible; SEOkicks; +https://www.seokicks.de/robot.html)"
95.217.62.108 - - [04/Dec/2019:22:41:23 +0800] "GET /?p=790 HTTP/1.0" 301 - "http://www.crazyant.net/790.html" "Mozilla/5.0 (compatible; SEOkicks; +https://www.seokicks.de/robot.html)"
66.249.79.25 - - [04/Dec/2019:22:41:23 +0800] "GET /1203.html HTTP/1.0" 200 13213 "-" "Mozilla/5.0 (Linux; Android 6.0.1; Nexus 5X Build/MMB29P) AppleWebKit/537.36 (KHTML, like Gecko) Chrome/41.0.2272.96 Mobile Safari/537.36 (compatible; Googlebot/2.1; +http://www.google.com/bot.html)"
95.217.62.108 - - [04/Dec/2019:22:41:25 +0800] "GET /category/website HTTP/1.0" 200 10068 "http://www.crazyant.net/tag/seo" "Mozilla/5.0 (compatible; SEOkicks; +https://www.seokicks.de/robot.html)"
66.249.79.27 - - [04/Dec/2019:22:41:26 +0800] "POST /wp-json/wordpress-popular-posts/v1/popular-posts HTTP/1.0" 201 55 "http://www.crazyant.net/1203.html" "Mozilla/5.0 (Linux; Android 6.0.1; Nexus 5X Build/MMB29P) AppleWebKit/537.36 (KHTML, like Gecko) Chrome/41.0.2272.96 Mobile Safari/537.36 (compatible; Googlebot/2.1; +http://www.google.com/bot.html)"
95.217.62.108 - - [04/Dec/2019:22:41:27 +0800] "GET /category/website/feed HTTP/1.0" 200 1968 "http://www.crazyant.net/category/website" "Mozilla/5.0 (compatible; SEOkicks; +https://www.seokicks.de/robot.html)"
66.249.79.8 - - [04/Dec/2019:22:41:27 +0800] "POST /wp-json/wordpress-popular-posts/v1/popular-posts HTTP/1.0" 201 55 "https://www.crazyant.net/2447.html" "Mozilla/5.0 (Linux; Android 6.0.1; Nexus 5X Build/MMB29P) AppleWebKit/537.36 (KHTML, like Gecko) Chrome/41.0.2272.96 Mobile Safari/537.36 (compatible; Googlebot/2.1; +http://www.google.com/bot.html)"
66.249.79.8 - - [04/Dec/2019:22:41:28 +0800] "GET /2447.html HTTP/1.0" 200 12049 "-" "Mozilla/5.0 (compatible; Googlebot/2.1; +http://www.google.com/bot.html)"
95.217.62.108 - - [04/Dec/2019:22:41:29 +0800] "GET /658.html HTTP/1.0" 200 13438 "http://www.crazyant.net/tag/seo" "Mozilla/5.0 (compatible; SEOkicks; +https://www.seokicks.de/robot.html)"
66.249.79.25 - - [04/Dec/2019:22:41:30 +0800] "GET /2167.html HTTP/1.0" 200 11914 "-" "Mozilla/5.0 (compatible; Googlebot/2.1; +http://www.google.com/bot.html)"
66.249.79.25 - - [04/Dec/2019:22:41:30 +0800] "GET /1061.html HTTP/1.0" 200 11720 "-" "Mozilla/5.0 (Linux; Android 6.0.1; Nexus 5X Build/MMB29P) AppleWebKit/537.36 (KHTML, like Gecko) Chrome/41.0.2272.96 Mobile Safari/537.36 (compatible; Googlebot/2.1; +http://www.google.com/bot.html)"
95.217.62.108 - - [04/Dec/2019:22:41:31 +0800] "GET /658.html/feed HTTP/1.0" 200 1863 "http://www.crazyant.net/658.html" "Mozilla/5.0 (compatible; SEOkicks; +https://www.seokicks.de/robot.html)"
95.217.62.108 - - [04/Dec/2019:22:41:33 +0800] "GET /655.html HTTP/1.0" 200 11978 "http://www.crazyant.net/658.html" "Mozilla/5.0 (compatible; SEOkicks; +https://www.seokicks.de/robot.html)"
66.249.79.8 - - [04/Dec/2019:22:41:34 +0800] "POST /wp-json/wordpress-popular-posts/v1/popular-posts HTTP/1.0" 201 54 "https://www.crazyant.net/2447.html" "Mozilla/5.0 AppleWebKit/537.36 (KHTML, like Gecko; compatible; Googlebot/2.1; +http://www.google.com/bot.html) Safari/537.36"
66.249.79.25 - - [04/Dec/2019:22:41:34 +0800] "POST /wp-json/wordpress-popular-posts/v1/popular-posts HTTP/1.0" 201 53 "http://www.crazyant.net/2167.html" "Mozilla/5.0 AppleWebKit/537.36 (KHTML, like Gecko; compatible; Googlebot/2.1; +http://www.google.com/bot.html) Safari/537.36"
95.217.62.108 - - [04/Dec/2019:22:41:36 +0800] "GET /?p=658 HTTP/1.0" 301 - "http://www.crazyant.net/658.html" "Mozilla/5.0 (compatible; SEOkicks; +https://www.seokicks.de/robot.html)"
66.249.79.25 - - [04/Dec/2019:22:41:36 +0800] "GET /1946.html HTTP/1.0" 200 11069 "-" "Mozilla/5.0 (Linux; Android 6.0.1; Nexus 5X Build/MMB29P) AppleWebKit/537.36 (KHTML, like Gecko) Chrome/41.0.2272.96 Mobile Safari/537.36 (compatible; Googlebot/2.1; +http://www.google.com/bot.html)"
66.249.79.25 - - [04/Dec/2019:22:41:38 +0800] "POST /wp-json/wordpress-popular-posts/v1/popular-posts HTTP/1.0" 201 55 "http://www.crazyant.net/1061.html" "Mozilla/5.0 (Linux; Android 6.0.1; Nexus 5X Build/MMB29P) AppleWebKit/537.36 (KHTML, like Gecko) Chrome/41.0.2272.96 Mobile Safari/537.36 (compatible; Googlebot/2.1; +http://www.google.com/bot.html)"
95.217.62.108 - - [04/Dec/2019:22:41:38 +0800] "GET /2273.html HTTP/1.0" 200 9468 "http://www.crazyant.net/tag/shell" "Mozilla/5.0 (compatible; SEOkicks; +https://www.seokicks.de/robot.html)"
66.249.79.25 - - [04/Dec/2019:22:41:38 +0800] "GET /1689.html HTTP/1.0" 200 12447 "-" "Mozilla/5.0 (compatible; Googlebot/2.1; +http://www.google.com/bot.html)"
66.249.79.25 - - [04/Dec/2019:22:41:40 +0800] "GET /2564.html HTTP/1.0" 200 10635 "-" "Mozilla/5.0 (Linux; Android 6.0.1; Nexus 5X Build/MMB29P) AppleWebKit/537.36 (KHTML, like Gecko) Chrome/41.0.2272.96 Mobile Safari/537.36 (compatible; Googlebot/2.1; +http://www.google.com/bot.html)"
95.217.62.108 - - [04/Dec/2019:22:41:40 +0800] "GET /?p=2273 HTTP/1.0" 301 - "http://www.crazyant.net/2273.html" "Mozilla/5.0 (compatible; SEOkicks; +https://www.seokicks.de/robot.html)"
95.217.62.108 - - [04/Dec/2019:22:41:42 +0800] "GET /1319.html HTTP/1.0" 200 12087 "http://www.crazyant.net/tag/shell" "Mozilla/5.0 (compatible; SEOkicks; +https://www.seokicks.de/robot.html)"
66.249.79.25 - - [04/Dec/2019:22:41:43 +0800] "POST /wp-json/wordpress-popular-posts/v1/popular-posts HTTP/1.0" 201 55 "http://www.crazyant.net/1689.html" "Mozilla/5.0 AppleWebKit/537.36 (KHTML, like Gecko; compatible; Googlebot/2.1; +http://www.google.com/bot.html) Safari/537.36"
66.249.79.25 - - [04/Dec/2019:22:41:43 +0800] "POST /wp-json/wordpress-popular-posts/v1/popular-posts HTTP/1.0" 201 55 "http://www.crazyant.net/2564.html" "Mozilla/5.0 (Linux; Android 6.0.1; Nexus 5X Build/MMB29P) AppleWebKit/537.36 (KHTML, like Gecko) Chrome/41.0.2272.96 Mobile Safari/537.36 (compatible; Googlebot/2.1; +http://www.google.com/bot.html)"
66.249.79.25 - - [04/Dec/2019:22:41:44 +0800] "GET /1741.html HTTP/1.0" 200 11244 "-" "Mozilla/5.0 (compatible; Googlebot/2.1; +http://www.google.com/bot.html)"
95.217.62.108 - - [04/Dec/2019:22:41:45 +0800] "GET /1319.html/feed HTTP/1.0" 200 736 "http://www.crazyant.net/1319.html" "Mozilla/5.0 (compatible; SEOkicks; +https://www.seokicks.de/robot.html)"
66.249.79.25 - - [04/Dec/2019:22:41:46 +0800] "GET /747.html HTTP/1.0" 200 11140 "-" "Mozilla/5.0 (compatible; Googlebot/2.1; +http://www.google.com/bot.html)"
95.217.62.108 - - [04/Dec/2019:22:41:47 +0800] "GET /1309.html HTTP/1.0" 200 11947 "http://www.crazyant.net/1319.html" "Mozilla/5.0 (compatible; SEOkicks; +https://www.seokicks.de/robot.html)"
66.249.79.25 - - [04/Dec/2019:22:41:47 +0800] "GET /1214.html?replytocom=10632 HTTP/1.0" 200 15801 "-" "Mozilla/5.0 (Linux; Android 6.0.1; Nexus 5X Build/MMB29P) AppleWebKit/537.36 (KHTML, like Gecko) Chrome/41.0.2272.96 Mobile Safari/537.36 (compatible; Googlebot/2.1; +http://www.google.com/bot.html)"
66.249.79.25 - - [04/Dec/2019:22:41:48 +0800] "GET /478.html HTTP/1.0" 200 11162 "-" "Mozilla/5.0 (Linux; Android 6.0.1; Nexus 5X Build/MMB29P) AppleWebKit/537.36 (KHTML, like Gecko) Chrome/41.0.2272.96 Mobile Safari/537.36 (compatible; Googlebot/2.1; +http://www.google.com/bot.html)"
95.217.62.108 - - [04/Dec/2019:22:41:49 +0800] "GET /?p=1319 HTTP/1.0" 301 - "http://www.crazyant.net/1319.html" "Mozilla/5.0 (compatible; SEOkicks; +https://www.seokicks.de/robot.html)"
66.249.79.25 - - [04/Dec/2019:22:41:50 +0800] "GET /1044.html HTTP/1.0" 200 10872 "-" "Mozilla/5.0 (compatible; Googlebot/2.1; +http://www.google.com/bot.html)"
66.249.79.25 - - [04/Dec/2019:22:41:51 +0800] "GET /category/web-scraping HTTP/1.0" 200 9550 "-" "Mozilla/5.0 (compatible; Googlebot/2.1; +http://www.google.com/bot.html)"
95.217.62.108 - - [04/Dec/2019:22:41:51 +0800] "GET /1185.html HTTP/1.0" 200 12236 "http://www.crazyant.net/tag/shell" "Mozilla/5.0 (compatible; SEOkicks; +https://www.seokicks.de/robot.html)"
66.249.79.25 - - [04/Dec/2019:22:41:53 +0800] "GET /category/python-tensorflow HTTP/1.0" 200 8698 "-" "Mozilla/5.0 (Linux; Android 6.0.1; Nexus 5X Build/MMB29P) AppleWebKit/537.36 (KHTML, like Gecko) Chrome/41.0.2272.96 Mobile Safari/537.36 (compatible; Googlebot/2.1; +http://www.google.com/bot.html)"
66.249.79.25 - - [04/Dec/2019:22:41:53 +0800] "POST /wp-json/wordpress-popular-posts/v1/popular-posts HTTP/1.0" 201 55 "http://www.crazyant.net/1214.html?replytocom=10632" "Mozilla/5.0 (Linux; Android 6.0.1; Nexus 5X Build/MMB29P) AppleWebKit/537.36 (KHTML, like Gecko) Chrome/41.0.2272.96 Mobile Safari/537.36 (compatible; Googlebot/2.1; +http://www.google.com/bot.html)"
95.217.62.108 - - [04/Dec/2019:22:41:54 +0800] "GET /1185.html/feed HTTP/1.0" 200 513 "http://www.crazyant.net/1185.html" "Mozilla/5.0 (compatible; SEOkicks; +https://www.seokicks.de/robot.html)"
66.249.79.8 - - [04/Dec/2019:22:41:56 +0800] "GET /tag/pyspark HTTP/1.0" 200 8578 "-" "Mozilla/5.0 (Linux; Android 6.0.1; Nexus 5X Build/MMB29P) AppleWebKit/537.36 (KHTML, like Gecko) Chrome/41.0.2272.96 Mobile Safari/537.36 (compatible; Googlebot/2.1; +http://www.google.com/bot.html)"
66.249.79.25 - - [04/Dec/2019:22:41:56 +0800] "GET /1777.html?replytocom=10843 HTTP/1.0" 200 11767 "-" "Mozilla/5.0 (Linux; Android 6.0.1; Nexus 5X Build/MMB29P) AppleWebKit/537.36 (KHTML, like Gecko) Chrome/41.0.2272.96 Mobile Safari/537.36 (compatible; Googlebot/2.1; +http://www.google.com/bot.html)"
95.217.62.108 - - [04/Dec/2019:22:41:56 +0800] "GET /?p=1185 HTTP/1.0" 301 - "http://www.crazyant.net/1185.html" "Mozilla/5.0 (compatible; SEOkicks; +https://www.seokicks.de/robot.html)"
66.249.79.25 - - [04/Dec/2019:22:41:56 +0800] "POST /wp-json/wordpress-popular-posts/v1/popular-posts HTTP/1.0" 201 55 "http://www.crazyant.net/747.html" "Mozilla/5.0 AppleWebKit/537.36 (KHTML, like Gecko; compatible; Googlebot/2.1; +http://www.google.com/bot.html) Safari/537.36"
66.249.79.25 - - [04/Dec/2019:22:41:56 +0800] "GET /1044.html HTTP/1.0" 200 10871 "-" "Mozilla/5.0 (Linux; Android 6.0.1; Nexus 5X Build/MMB29P) AppleWebKit/537.36 (KHTML, like Gecko) Chrome/41.0.2272.96 Mobile Safari/537.36 (compatible; Googlebot/2.1; +http://www.google.com/bot.html)"
66.249.79.25 - - [04/Dec/2019:22:41:57 +0800] "GET /1061.html HTTP/1.0" 200 11722 "-" "Mozilla/5.0 (compatible; Googlebot/2.1; +http://www.google.com/bot.html)"
66.249.79.25 - - [04/Dec/2019:22:41:58 +0800] "POST /wp-json/wordpress-popular-posts/v1/popular-posts HTTP/1.0" 201 55 "http://www.crazyant.net/478.html" "Mozilla/5.0 (Linux; Android 6.0.1; Nexus 5X Build/MMB29P) AppleWebKit/537.36 (KHTML, like Gecko) Chrome/41.0.2272.96 Mobile Safari/537.36 (compatible; Googlebot/2.1; +http://www.google.com/bot.html)"
95.217.62.108 - - [04/Dec/2019:22:41:58 +0800] "GET /category/tools-software HTTP/1.0" 200 11151 "http://www.crazyant.net/tag/shell" "Mozilla/5.0 (compatible; SEOkicks; +https://www.seokicks.de/robot.html)"
66.249.79.25 - - [04/Dec/2019:22:41:59 +0800] "GET /category/hive HTTP/1.0" 200 10739 "-" "Mozilla/5.0 (compatible; Googlebot/2.1; +http://www.google.com/bot.html)"
66.249.79.25 - - [04/Dec/2019:22:41:59 +0800] "GET /category/c-plus-plus HTTP/1.0" 200 10665 "-" "Mozilla/5.0 (compatible; Googlebot/2.1; +http://www.google.com/bot.html)"
66.249.79.25 - - [04/Dec/2019:22:42:02 +0800] "GET /1777.html?ycdizc=wpdno2 HTTP/1.0" 200 11741 "-" "Mozilla/5.0 (Linux; Android 6.0.1; Nexus 5X Build/MMB29P) AppleWebKit/537.36 (KHTML, like Gecko) Chrome/41.0.2272.96 Mobile Safari/537.36 (compatible; Googlebot/2.1; +http://www.google.com/bot.html)"
66.249.79.25 - - [04/Dec/2019:22:42:04 +0800] "GET /1703.html?replytocom=10782 HTTP/1.0" 200 12941 "-" "Mozilla/5.0 (Linux; Android 6.0.1; Nexus 5X Build/MMB29P) AppleWebKit/537.36 (KHTML, like Gecko) Chrome/41.0.2272.96 Mobile Safari/537.36 (compatible; Googlebot/2.1; +http://www.google.com/bot.html)"
66.249.79.25 - - [04/Dec/2019:22:42:04 +0800] "POST /wp-json/wordpress-popular-posts/v1/popular-posts HTTP/1.0" 201 55 "http://www.crazyant.net/1777.html?replytocom=10843" "Mozilla/5.0 (Linux; Android 6.0.1; Nexus 5X Build/MMB29P) AppleWebKit/537.36 (KHTML, like Gecko) Chrome/41.0.2272.96 Mobile Safari/537.36 (compatible; Googlebot/2.1; +http://www.google.com/bot.html)"
66.249.79.25 - - [04/Dec/2019:22:42:10 +0800] "POST /wp-json/wordpress-popular-posts/v1/popular-posts HTTP/1.0" 201 54 "http://www.crazyant.net/1777.html?ycdizc=wpdno2" "Mozilla/5.0 (Linux; Android 6.0.1; Nexus 5X Build/MMB29P) AppleWebKit/537.36 (KHTML, like Gecko) Chrome/41.0.2272.96 Mobile Safari/537.36 (compatible; Googlebot/2.1; +http://www.google.com/bot.html)"
66.249.79.25 - - [04/Dec/2019:22:42:10 +0800] "POST /wp-json/wordpress-popular-posts/v1/popular-posts HTTP/1.0" 201 55 "http://www.crazyant.net/1703.html?replytocom=10782" "Mozilla/5.0 (Linux; Android 6.0.1; Nexus 5X Build/MMB29P) AppleWebKit/537.36 (KHTML, like Gecko) Chrome/41.0.2272.96 Mobile Safari/537.36 (compatible; Googlebot/2.1; +http://www.google.com/bot.html)"
146.66.92.61 - - [04/Dec/2019:22:42:28 +0800] "POST /wp-cron.php?doing_wp_cron=1575470548.3169529438018798828125 HTTP/1.0" 200 - "http://www.crazyant.net/wp-cron.php?doing_wp_cron=1575470548.3169529438018798828125" "WordPress/5.3; http://www.crazyant.net"
66.249.79.25 - - [04/Dec/2019:22:42:28 +0800] "GET /502.html?jdfw HTTP/1.0" 200 11226 "-" "Mozilla/5.0 (Linux; Android 6.0.1; Nexus 5X Build/MMB29P) AppleWebKit/537.36 (KHTML, like Gecko) Chrome/41.0.2272.96 Mobile Safari/537.36 (compatible; Googlebot/2.1; +http://www.google.com/bot.html)"
66.249.79.25 - - [04/Dec/2019:22:42:34 +0800] "POST /wp-json/wordpress-popular-posts/v1/popular-posts HTTP/1.0" 201 55 "http://www.crazyant.net/502.html?jdfw" "Mozilla/5.0 (Linux; Android 6.0.1; Nexus 5X Build/MMB29P) AppleWebKit/537.36 (KHTML, like Gecko) Chrome/41.0.2272.96 Mobile Safari/537.36 (compatible; Googlebot/2.1; +http://www.google.com/bot.html)"
66.249.79.25 - - [04/Dec/2019:22:42:39 +0800] "GET /658.html HTTP/1.0" 200 13440 "-" "Mozilla/5.0 (compatible; Googlebot/2.1; +http://www.google.com/bot.html)"
66.249.79.25 - - [04/Dec/2019:22:42:41 +0800] "GET /117.html HTTP/1.0" 200 11156 "-" "Mozilla/5.0 (Linux; Android 6.0.1; Nexus 5X Build/MMB29P) AppleWebKit/537.36 (KHTML, like Gecko) Chrome/41.0.2272.96 Mobile Safari/537.36 (compatible; Googlebot/2.1; +http://www.google.com/bot.html)"
66.249.79.25 - - [04/Dec/2019:22:42:44 +0800] "POST /wp-json/wordpress-popular-posts/v1/popular-posts HTTP/1.0" 201 55 "http://www.crazyant.net/117.html" "Mozilla/5.0 (Linux; Android 6.0.1; Nexus 5X Build/MMB29P) AppleWebKit/537.36 (KHTML, like Gecko) Chrome/41.0.2272.96 Mobile Safari/537.36 (compatible; Googlebot/2.1; +http://www.google.com/bot.html)"
66.249.79.25 - - [04/Dec/2019:22:42:45 +0800] "GET /tag/php HTTP/1.0" 200 11152 "-" "Mozilla/5.0 (compatible; Googlebot/2.1; +http://www.google.com/bot.html)"
66.249.79.25 - - [04/Dec/2019:22:42:56 +0800] "GET /499.html?kklaxm=02dio HTTP/1.0" 200 11598 "-" "Mozilla/5.0 (Linux; Android 6.0.1; Nexus 5X Build/MMB29P) AppleWebKit/537.36 (KHTML, like Gecko) Chrome/41.0.2272.96 Mobile Safari/537.36 (compatible; Googlebot/2.1; +http://www.google.com/bot.html)"
66.249.79.27 - - [04/Dec/2019:22:43:36 +0800] "GET /1214.html HTTP/1.0" 200 15769 "-" "Mozilla/5.0 (Linux; Android 6.0.1; Nexus 5X Build/MMB29P) AppleWebKit/537.36 (KHTML, like Gecko) Chrome/41.0.2272.96 Mobile Safari/537.36 (compatible; Googlebot/2.1; +http://www.google.com/bot.html)"
54.36.148.48 - - [04/Dec/2019:22:43:47 +0800] "GET /tag/pandas/ HTTP/1.0" 301 - "-" "Mozilla/5.0 (compatible; AhrefsBot/6.1; +http://ahrefs.com/robot/)"
123.125.71.32 - - [04/Dec/2019:22:44:21 +0800] "GET /629.html HTTP/1.1" 444 0 "-" "Mozilla/5.0 (compatible; Baiduspider/2.0; +http://www.baidu.com/search/spider.html)"
112.193.146.198 - - [04/Dec/2019:22:49:33 +0800] "GET /2120.html HTTP/1.0" 200 13245 "https://www.google.com/" "Mozilla/5.0 (Windows NT 10.0; WOW64) AppleWebKit/537.36 (KHTML, like Gecko) Chrome/49.0.2623.112 Safari/537.36"
112.193.146.198 - - [04/Dec/2019:22:49:34 +0800] "GET /wp-includes/css/dist/block-library/style.min.css HTTP/1.0" 200 6163 "http://www.crazyant.net/2120.html" "Mozilla/5.0 (Windows NT 10.0; WOW64) AppleWebKit/537.36 (KHTML, like Gecko) Chrome/49.0.2623.112 Safari/537.36"
112.193.146.198 - - [04/Dec/2019:22:49:34 +0800] "GET /wp-includes/css/dist/block-library/theme.min.css HTTP/1.0" 200 639 "http://www.crazyant.net/2120.html" "Mozilla/5.0 (Windows NT 10.0; WOW64) AppleWebKit/537.36 (KHTML, like Gecko) Chrome/49.0.2623.112 Safari/537.36"
112.193.146.198 - - [04/Dec/2019:22:49:34 +0800] "GET /wp-content/plugins/bibblio-related-posts/public/css/bibblio_related_posts.min.css HTTP/1.0" 200 42 "http://www.crazyant.net/2120.html" "Mozilla/5.0 (Windows NT 10.0; WOW64) AppleWebKit/537.36 (KHTML, like Gecko) Chrome/49.0.2623.112 Safari/537.36"
112.193.146.198 - - [04/Dec/2019:22:49:35 +0800] "GET /wp-content/plugins/cardoza-3d-tag-cloud//public/css/my-style.min.css HTTP/1.0" 200 218 "http://www.crazyant.net/2120.html" "Mozilla/5.0 (Windows NT 10.0; WOW64) AppleWebKit/537.36 (KHTML, like Gecko) Chrome/49.0.2623.112 Safari/537.36"
112.193.146.198 - - [04/Dec/2019:22:49:35 +0800] "GET /wp-content/plugins/table-of-contents-plus/screen.min.css HTTP/1.0" 200 456 "http://www.crazyant.net/2120.html" "Mozilla/5.0 (Windows NT 10.0; WOW64) AppleWebKit/537.36 (KHTML, like Gecko) Chrome/49.0.2623.112 Safari/537.36"
112.193.146.198 - - [04/Dec/2019:22:49:35 +0800] "GET /wp-content/plugins/wordpress-popular-posts/assets/css/wordpress-popular-posts-css.min.css HTTP/1.0" 200 229 "http://www.crazyant.net/2120.html" "Mozilla/5.0 (Windows NT 10.0; WOW64) AppleWebKit/537.36 (KHTML, like Gecko) Chrome/49.0.2623.112 Safari/537.36"
112.193.146.198 - - [04/Dec/2019:22:49:35 +0800] "GET /wp-content/themes/twentyfifteen/genericons/genericons.min.css HTTP/1.0" 200 16232 "http://www.crazyant.net/2120.html" "Mozilla/5.0 (Windows NT 10.0; WOW64) AppleWebKit/537.36 (KHTML, like Gecko) Chrome/49.0.2623.112 Safari/537.36"
112.193.146.198 - - [04/Dec/2019:22:49:35 +0800] "GET /wp-content/themes/twentyfifteen/twentyfifteen-style.min.css HTTP/1.0" 200 11037 "http://www.crazyant.net/2120.html" "Mozilla/5.0 (Windows NT 10.0; WOW64) AppleWebKit/537.36 (KHTML, like Gecko) Chrome/49.0.2623.112 Safari/537.36"
112.193.146.198 - - [04/Dec/2019:22:49:36 +0800] "GET /wp-content/plugins/easy-fancybox/css/jquery.fancybox.min.css HTTP/1.0" 200 1111 "http://www.crazyant.net/2120.html" "Mozilla/5.0 (Windows NT 10.0; WOW64) AppleWebKit/537.36 (KHTML, like Gecko) Chrome/49.0.2623.112 Safari/537.36"
112.193.146.198 - - [04/Dec/2019:22:49:36 +0800] "GET /wp-content/themes/twentyfifteen/css/twentyfifteen-block-style.min.css HTTP/1.0" 200 1596 "http://www.crazyant.net/2120.html" "Mozilla/5.0 (Windows NT 10.0; WOW64) AppleWebKit/537.36 (KHTML, like Gecko) Chrome/49.0.2623.112 Safari/537.36"
112.193.146.198 - - [04/Dec/2019:22:49:36 +0800] "GET /wp-includes/js/jquery/jquery.js HTTP/1.0" 200 33776 "http://www.crazyant.net/2120.html" "Mozilla/5.0 (Windows NT 10.0; WOW64) AppleWebKit/537.36 (KHTML, like Gecko) Chrome/49.0.2623.112 Safari/537.36"
112.193.146.198 - - [04/Dec/2019:22:49:36 +0800] "GET /wp-includes/js/jquery/jquery-migrate.min.js HTTP/1.0" 200 4014 "http://www.crazyant.net/2120.html" "Mozilla/5.0 (Windows NT 10.0; WOW64) AppleWebKit/537.36 (KHTML, like Gecko) Chrome/49.0.2623.112 Safari/537.36"
112.193.146.198 - - [04/Dec/2019:22:49:47 +0800] "GET /wp-includes/js/wp-embed.min.js HTTP/1.0" 200 740 "http://www.crazyant.net/2120.html" "Mozilla/5.0 (Windows NT 10.0; WOW64) AppleWebKit/537.36 (KHTML, like Gecko) Chrome/49.0.2623.112 Safari/537.36"
112.193.146.198 - - [04/Dec/2019:22:49:48 +0800] "GET /wp-content/uploads/siteground-optimizer-assets/bibblio_related_posts.min.js HTTP/1.0" 200 37 "http://www.crazyant.net/2120.html" "Mozilla/5.0 (Windows NT 10.0; WOW64) AppleWebKit/537.36 (KHTML, like Gecko) Chrome/49.0.2623.112 Safari/537.36"
112.193.146.198 - - [04/Dec/2019:22:49:48 +0800] "GET /wp-content/plugins/cardoza-3d-tag-cloud/jquery.tagcanvas.min.js HTTP/1.0" 200 8629 "http://www.crazyant.net/2120.html" "Mozilla/5.0 (Windows NT 10.0; WOW64) AppleWebKit/537.36 (KHTML, like Gecko) Chrome/49.0.2623.112 Safari/537.36"
112.193.146.198 - - [04/Dec/2019:22:49:50 +0800] "GET /wp-content/plugins/wordpress-popular-posts/assets/js/wpp-5.0.0.min.js HTTP/1.0" 200 744 "http://www.crazyant.net/2120.html" "Mozilla/5.0 (Windows NT 10.0; WOW64) AppleWebKit/537.36 (KHTML, like Gecko) Chrome/49.0.2623.112 Safari/537.36"
112.193.146.198 - - [04/Dec/2019:22:49:50 +0800] "GET /wp-content/uploads/2019/08/%E5%B0%8F%E5%9B%BE.jpg HTTP/1.0" 200 5582 "http://www.crazyant.net/2120.html" "Mozilla/5.0 (Windows NT 10.0; WOW64) AppleWebKit/537.36 (KHTML, like Gecko) Chrome/49.0.2623.112 Safari/537.36"
112.193.146.198 - - [04/Dec/2019:22:49:50 +0800] "GET /wp-content/uploads/2017/03/D86697CD-58F2-4F44-9522-B80690845FFA.jpg HTTP/1.0" 200 9342 "http://www.crazyant.net/2120.html" "Mozilla/5.0 (Windows NT 10.0; WOW64) AppleWebKit/537.36 (KHTML, like Gecko) Chrome/49.0.2623.112 Safari/537.36"
112.193.146.198 - - [04/Dec/2019:22:49:51 +0800] "GET /wp-content/uploads/siteground-optimizer-assets/twentyfifteen-skip-link-focus-fix.min.js HTTP/1.0" 200 275 "http://www.crazyant.net/2120.html" "Mozilla/5.0 (Windows NT 10.0; WOW64) AppleWebKit/537.36 (KHTML, like Gecko) Chrome/49.0.2623.112 Safari/537.36"
112.193.146.198 - - [04/Dec/2019:22:49:51 +0800] "GET /wp-includes/js/comment-reply.min.js HTTP/1.0" 200 1131 "http://www.crazyant.net/2120.html" "Mozilla/5.0 (Windows NT 10.0; WOW64) AppleWebKit/537.36 (KHTML, like Gecko) Chrome/49.0.2623.112 Safari/537.36"
112.193.146.198 - - [04/Dec/2019:22:49:51 +0800] "GET /wp-content/uploads/siteground-optimizer-assets/twentyfifteen-script.min.js HTTP/1.0" 200 1331 "http://www.crazyant.net/2120.html" "Mozilla/5.0 (Windows NT 10.0; WOW64) AppleWebKit/537.36 (KHTML, like Gecko) Chrome/49.0.2623.112 Safari/537.36"
112.193.146.198 - - [04/Dec/2019:22:49:51 +0800] "GET /wp-content/plugins/table-of-contents-plus/front.min.js HTTP/1.0" 200 2349 "http://www.crazyant.net/2120.html" "Mozilla/5.0 (Windows NT 10.0; WOW64) AppleWebKit/537.36 (KHTML, like Gecko) Chrome/49.0.2623.112 Safari/537.36"
112.193.146.198 - - [04/Dec/2019:22:49:51 +0800] "GET /wp-content/plugins/easy-fancybox/js/jquery.fancybox.min.js HTTP/1.0" 200 6330 "http://www.crazyant.net/2120.html" "Mozilla/5.0 (Windows NT 10.0; WOW64) AppleWebKit/537.36 (KHTML, like Gecko) Chrome/49.0.2623.112 Safari/537.36"
