198.13.54.92 - - [03/Dec/2019:01:38:11 +0800] "GET /wp-content/plugins/wordpress-popular-posts/assets/css/wordpress-popular-posts-css.min.css HTTP/1.0" 200 229 "http://www.crazyant.net/1001.html" "Mozilla/5.0 (X11; Linux x86_64) AppleWebKit/537.36 (KHTML, like Gecko) HeadlessChrome/74.0.3723.0 Safari/537.36"
198.13.54.92 - - [03/Dec/2019:01:38:11 +0800] "GET /wp-content/themes/twentyfifteen/genericons/genericons.min.css HTTP/1.0" 200 16232 "http://www.crazyant.net/1001.html" "Mozilla/5.0 (X11; Linux x86_64) AppleWebKit/537.36 (KHTML, like Gecko) HeadlessChrome/74.0.3723.0 Safari/537.36"
198.13.54.92 - - [03/Dec/2019:01:38:11 +0800] "GET /wp-includes/js/jquery/jquery-migrate.min.js HTTP/1.0" 200 4014 "http://www.crazyant.net/1001.html" "Mozilla/5.0 (X11; Linux x86_64) AppleWebKit/537.36 (KHTML, like Gecko) HeadlessChrome/74.0.3723.0 Safari/537.36"
198.13.54.92 - - [03/Dec/2019:01:38:11 +0800] "GET /wp-content/themes/twentyfifteen/twentyfifteen-style.min.css HTTP/1.0" 200 11037 "http://www.crazyant.net/1001.html" "Mozilla/5.0 (X11; Linux x86_64) AppleWebKit/537.36 (KHTML, like Gecko) HeadlessChrome/74.0.3723.0 Safari/537.36"
198.13.54.92 - - [03/Dec/2019:01:38:11 +0800] "GET /wp-content/themes/twentyfifteen/css/twentyfifteen-block-style.min.css HTTP/1.0" 200 1596 "http://www.crazyant.net/1001.html" "Mozilla/5.0 (X11; Linux x86_64) AppleWebKit/537.36 (KHTML, like Gecko) HeadlessChrome/74.0.3723.0 Safari/537.36"
198.13.54.92 - - [03/Dec/2019:01:38:11 +0800] "GET /wp-content/plugins/easy-fancybox/css/jquery.fancybox.min.css HTTP/1.0" 200 1111 "http://www.crazyant.net/1001.html" "Mozilla/5.0 (X11; Linux x86_64) AppleWebKit/537.36 (KHTML, like Gecko) HeadlessChrome/74.0.3723.0 Safari/537.36"
198.13.54.92 - - [03/Dec/2019:01:38:11 +0800] "GET /wp-includes/js/jquery/jquery.js HTTP/1.0" 200 33776 "http://www.crazyant.net/1001.html" "Mozilla/5.0 (X11; Linux x86_64) AppleWebKit/537.36 (KHTML, like Gecko) HeadlessChrome/74.0.3723.0 Safari/537.36"
198.13.54.92 - - [03/Dec/2019:01:38:11 +0800] "GET /wp-content/uploads/siteground-optimizer-assets/bibblio_related_posts.min.js HTTP/1.0" 200 37 "http://www.crazyant.net/1001.html" "Mozilla/5.0 (X11; Linux x86_64) AppleWebKit/537.36 (KHTML, like Gecko) HeadlessChrome/74.0.3723.0 Safari/537.36"
198.13.54.92 - - [03/Dec/2019:01:38:11 +0800] "GET /wp-content/plugins/cardoza-3d-tag-cloud/jquery.tagcanvas.min.js HTTP/1.0" 200 8629 "http://www.crazyant.net/1001.html" "Mozilla/5.0 (X11; Linux x86_64) AppleWebKit/537.36 (KHTML, like Gecko) HeadlessChrome/74.0.3723.0 Safari/537.36"
198.13.54.92 - - [03/Dec/2019:01:38:11 +0800] "GET /wp-includes/js/wp-embed.min.js HTTP/1.0" 200 740 "http://www.crazyant.net/1001.html" "Mozilla/5.0 (X11; Linux x86_64) AppleWebKit/537.36 (KHTML, like Gecko) HeadlessChrome/74.0.3723.0 Safari/537.36"
198.13.54.92 - - [03/Dec/2019:01:38:11 +0800] "GET /wp-content/uploads/2019/08/%E5%B0%8F%E5%9B%BE.jpg HTTP/1.0" 200 5582 "http://www.crazyant.net/1001.html" "Mozilla/5.0 (X11; Linux x86_64) AppleWebKit/537.36 (KHTML, like Gecko) HeadlessChrome/74.0.3723.0 Safari/537.36"
198.13.54.92 - - [03/Dec/2019:01:38:11 +0800] "GET /wp-content/plugins/wordpress-popular-posts/assets/js/wpp-5.0.0.min.js HTTP/1.0" 200 744 "http://www.crazyant.net/1001.html" "Mozilla/5.0 (X11; Linux x86_64) AppleWebKit/537.36 (KHTML, like Gecko) HeadlessChrome/74.0.3723.0 Safari/537.36"
198.13.54.92 - - [03/Dec/2019:01:38:11 +0800] "GET /wp-content/uploads/2012/08/dsf_thumb.png HTTP/1.0" 200 10098 "http://www.crazyant.net/1001.html" "Mozilla/5.0 (X11; Linux x86_64) AppleWebKit/537.36 (KHTML, like Gecko) HeadlessChrome/74.0.3723.0 Safari/537.36"
198.13.54.92 - - [03/Dec/2019:01:38:11 +0800] "GET /wp-content/uploads/2012/08/thumb.png HTTP/1.0" 200 32170 "http://www.crazyant.net/1001.html" "Mozilla/5.0 (X11; Linux x86_64) AppleWebKit/537.36 (KHTML, like Gecko) HeadlessChrome/74.0.3723.0 Safari/537.36"
198.13.54.92 - - [03/Dec/2019:01:38:11 +0800] "GET /wp-content/uploads/2012/08/django_thumb.png HTTP/1.0" 200 25490 "http://www.crazyant.net/1001.html" "Mozilla/5.0 (X11; Linux x86_64) AppleWebKit/537.36 (KHTML, like Gecko) HeadlessChrome/74.0.3723.0 Safari/537.36"
198.13.54.92 - - [03/Dec/2019:01:38:11 +0800] "GET /wp-content/uploads/2012/08/12_thumb.png HTTP/1.0" 200 43000 "http://www.crazyant.net/1001.html" "Mozilla/5.0 (X11; Linux x86_64) AppleWebKit/537.36 (KHTML, like Gecko) HeadlessChrome/74.0.3723.0 Safari/537.36"
198.13.54.92 - - [03/Dec/2019:01:38:11 +0800] "GET /wp-content/uploads/2012/08/sdf_thumb.png HTTP/1.0" 200 9720 "http://www.crazyant.net/1001.html" "Mozilla/5.0 (X11; Linux x86_64) AppleWebKit/537.36 (KHTML, like Gecko) HeadlessChrome/74.0.3723.0 Safari/537.36"
198.13.54.92 - - [03/Dec/2019:01:38:11 +0800] "GET /wp-content/plugins/table-of-contents-plus/front.min.js HTTP/1.0" 200 2349 "http://www.crazyant.net/1001.html" "Mozilla/5.0 (X11; Linux x86_64) AppleWebKit/537.36 (KHTML, like Gecko) HeadlessChrome/74.0.3723.0 Safari/537.36"
198.13.54.92 - - [03/Dec/2019:01:38:11 +0800] "GET /wp-content/uploads/siteground-optimizer-assets/twentyfifteen-skip-link-focus-fix.min.js HTTP/1.0" 200 275 "http://www.crazyant.net/1001.html" "Mozilla/5.0 (X11; Linux x86_64) AppleWebKit/537.36 (KHTML, like Gecko) HeadlessChrome/74.0.3723.0 Safari/537.36"
198.13.54.92 - - [03/Dec/2019:01:38:11 +0800] "GET /wp-includes/js/comment-reply.min.js HTTP/1.0" 200 1131 "http://www.crazyant.net/1001.html" "Mozilla/5.0 (X11; Linux x86_64) AppleWebKit/537.36 (KHTML, like Gecko) HeadlessChrome/74.0.3723.0 Safari/537.36"
198.13.54.92 - - [03/Dec/2019:01:38:11 +0800] "GET /wp-content/uploads/siteground-optimizer-assets/twentyfifteen-script.min.js HTTP/1.0" 200 1331 "http://www.crazyant.net/1001.html" "Mozilla/5.0 (X11; Linux x86_64) AppleWebKit/537.36 (KHTML, like Gecko) HeadlessChrome/74.0.3723.0 Safari/537.36"
198.13.54.92 - - [03/Dec/2019:01:38:11 +0800] "GET /wp-content/plugins/easy-fancybox/js/jquery.easing.min.js HTTP/1.0" 200 767 "http://www.crazyant.net/1001.html" "Mozilla/5.0 (X11; Linux x86_64) AppleWebKit/537.36 (KHTML, like Gecko) HeadlessChrome/74.0.3723.0 Safari/537.36"
198.13.54.92 - - [03/Dec/2019:01:38:11 +0800] "GET /wp-content/plugins/easy-fancybox/js/jquery.fancybox.min.js HTTP/1.0" 200 6330 "http://www.crazyant.net/1001.html" "Mozilla/5.0 (X11; Linux x86_64) AppleWebKit/537.36 (KHTML, like Gecko) HeadlessChrome/74.0.3723.0 Safari/537.36"
198.13.54.92 - - [03/Dec/2019:01:38:11 +0800] "GET /wp-content/plugins/easy-fancybox/js/jquery.mousewheel.min.js HTTP/1.0" 200 1145 "http://www.crazyant.net/1001.html" "Mozilla/5.0 (X11; Linux x86_64) AppleWebKit/537.36 (KHTML, like Gecko) HeadlessChrome/74.0.3723.0 Safari/537.36"
198.13.54.92 - - [03/Dec/2019:01:38:11 +0800] "GET /wp-content/uploads/siteground-optimizer-assets/akismet-form.min.js HTTP/1.0" 200 288 "http://www.crazyant.net/1001.html" "Mozilla/5.0 (X11; Linux x86_64) AppleWebKit/537.36 (KHTML, like Gecko) HeadlessChrome/74.0.3723.0 Safari/537.36"
198.13.54.92 - - [03/Dec/2019:01:38:11 +0800] "POST /wp-json/wordpress-popular-posts/v1/popular-posts HTTP/1.0" 201 55 "http://www.crazyant.net/1001.html" "Mozilla/5.0 (X11; Linux x86_64) AppleWebKit/537.36 (KHTML, like Gecko) HeadlessChrome/74.0.3723.0 Safari/537.36"
106.11.153.226 - - [03/Dec/2019:01:38:23 +0800] "GET /?s=%E7%81%AB%E5%B8%81%E7%BD%91%E6%80%8E%E4%B9%88%E8%B5%9A%E9%92%B1%E5%90%97%E3%80%90m.gateioguanfang.com%E7%81%AB%E5%B8%81%E7%BD%91%E4%BA%A4%E6%98%93%E5%B9%B3%E5%8F%B0%E3%80%91 HTTP/1.0" 200 8367 "-" "YisouSpider"
39.106.8.162 - - [03/Dec/2019:01:38:45 +0800] "GET /feed/ HTTP/1.0" 301 - "-" "Mozilla/5.0 (Ubuntu; X11; Linux x86_64; rv:8.0) Gecko/20100101 Firefox/8.0"
39.106.8.162 - - [03/Dec/2019:01:38:47 +0800] "GET /feed HTTP/1.0" 200 28674 "-" "Mozilla/5.0 (Ubuntu; X11; Linux x86_64; rv:8.0) Gecko/20100101 Firefox/8.0"
222.129.43.14 - - [03/Dec/2019:01:41:04 +0800] "GET /feed HTTP/1.0" 200 4779 "-" "ReadKit/2.4.3 (Mac OS X Version 10.15.1 (Build 19B88))"
92.38.129.153 - - [03/Dec/2019:01:41:48 +0800] "GET /feed/ HTTP/1.0" 301 - "-" "Tiny Tiny RSS/19.02 (http://tt-rss.org/)"
92.38.129.153 - - [03/Dec/2019:01:41:49 +0800] "GET /feed HTTP/1.0" 200 4779 "-" "Tiny Tiny RSS/19.02 (http://tt-rss.org/)"
146.66.92.61 - - [03/Dec/2019:01:43:21 +0800] "POST /wp-cron.php?doing_wp_cron=1575308601.1808619499206542968750 HTTP/1.0" 200 - "https://www.crazyant.net/wp-cron.php?doing_wp_cron=1575308601.1808619499206542968750" "WordPress/5.3; https://www.crazyant.net"
66.249.75.130 - - [03/Dec/2019:01:43:20 +0800] "GET / HTTP/1.0" 200 10422 "-" "Mozilla/5.0 (Linux; Android 6.0.1; Nexus 5X Build/MMB29P) AppleWebKit/537.36 (KHTML, like Gecko) Chrome/41.0.2272.96 Mobile Safari/537.36 (compatible; Googlebot/2.1; +http://www.google.com/bot.html)"
66.249.75.149 - - [03/Dec/2019:01:43:30 +0800] "GET /1946.html HTTP/1.0" 200 11068 "-" "Mozilla/5.0 (Linux; Android 6.0.1; Nexus 5X Build/MMB29P) AppleWebKit/537.36 (KHTML, like Gecko) Chrome/41.0.2272.96 Mobile Safari/537.36 (compatible; Googlebot/2.1; +http://www.google.com/bot.html)"
40.77.167.157 - - [03/Dec/2019:01:43:42 +0800] "GET /1689.html HTTP/1.0" 200 12445 "-" "Mozilla/5.0 (compatible; bingbot/2.0; +http://www.bing.com/bingbot.htm)"
66.249.75.149 - - [03/Dec/2019:01:43:44 +0800] "POST /wp-json/wordpress-popular-posts/v1/popular-posts HTTP/1.0" 201 55 "http://www.crazyant.net/1946.html" "Mozilla/5.0 (Linux; Android 6.0.1; Nexus 5X Build/MMB29P) AppleWebKit/537.36 (KHTML, like Gecko) Chrome/41.0.2272.96 Mobile Safari/537.36 (compatible; Googlebot/2.1; +http://www.google.com/bot.html)"
106.11.157.254 - - [03/Dec/2019:01:44:24 +0800] "GET /?s=%E3%80%90%E2%94%8B%E6%80%BB%E4%BB%A32%E2%92%8F7%E2%92%8F01705[%E6%89%A3]%E3%80%93%E3%80%91%E5%8D%8E%E5%AE%87%E4%B8%8A%E4%B8%8D%E5%8E%BB HTTP/1.0" 200 8348 "-" "YisouSpider"
137.74.38.160 - - [03/Dec/2019:01:45:03 +0800] "GET /feed/ HTTP/1.0" 301 - "-" "Tiny Tiny RSS/19.8 (f609065) (http://tt-rss.org/)"
137.74.38.160 - - [03/Dec/2019:01:45:04 +0800] "GET /feed HTTP/1.0" 200 4779 "-" "Tiny Tiny RSS/19.8 (f609065) (http://tt-rss.org/)"
137.74.38.160 - - [03/Dec/2019:01:45:05 +0800] "GET /feed/ HTTP/1.0" 301 - "-" "Tiny Tiny RSS/19.8 (f609065) (http://tt-rss.org/)"
137.74.38.160 - - [03/Dec/2019:01:45:05 +0800] "GET /feed HTTP/1.0" 200 4779 "-" "Tiny Tiny RSS/19.8 (f609065) (http://tt-rss.org/)"
220.181.108.85 - - [03/Dec/2019:01:46:45 +0800] "GET /1898.html HTTP/1.1" 444 0 "-" "Mozilla/5.0 (compatible; Baiduspider/2.0; +http://www.baidu.com/search/spider.html)"
47.105.170.18 - - [03/Dec/2019:01:47:07 +0800] "GET /data/admin/allowurl.txt HTTP/1.0" 404 35012 "http://www.crazyant.net/data/admin/allowurl.txt" "Mozilla/5.0 (compatible; MSIE 9.0; Windows NT 6.1; Win64; x64; Trident/5.0)"
66.249.75.149 - - [03/Dec/2019:01:47:29 +0800] "GET /search/load/feed/rss2/ HTTP/1.0" 200 5608 "-" "Mozilla/5.0 (Linux; Android 6.0.1; Nexus 5X Build/MMB29P) AppleWebKit/537.36 (KHTML, like Gecko) Chrome/41.0.2272.96 Mobile Safari/537.36 (compatible; Googlebot/2.1; +http://www.google.com/bot.html)"
198.13.54.92 - - [03/Dec/2019:01:47:33 +0800] "POST /wp-json/wordpress-popular-posts/v1/popular-posts HTTP/1.0" 201 55 "http://www.crazyant.net/1001.html" "Mozilla/5.0 (X11; Linux x86_64) AppleWebKit/537.36 (KHTML, like Gecko) HeadlessChrome/74.0.3723.0 Safari/537.36"
106.11.159.254 - - [03/Dec/2019:01:50:53 +0800] "GET /page/1?auhcpq=gesy91&ckbana=gktfu2&coryzu=wvf5l3&eatmvs=gqsh61&gqnkpc=gwtor2&oclwxc=giusk2&sqzoxg=w1ew62&uctmrq=wxfdr3&vobyzq=9gvh72&yifsxs=wjfmo3 HTTP/1.0" 200 10561 "-" "YisouSpider"
66.249.75.149 - - [03/Dec/2019:01:51:20 +0800] "GET /2194.html HTTP/1.0" 200 26552 "-" "Mozilla/5.0 (Linux; Android 6.0.1; Nexus 5X Build/MMB29P) AppleWebKit/537.36 (KHTML, like Gecko) Chrome/41.0.2272.96 Mobile Safari/537.36 (compatible; Googlebot/2.1; +http://www.google.com/bot.html)"
66.249.75.151 - - [03/Dec/2019:01:52:01 +0800] "POST /wp-json/wordpress-popular-posts/v1/popular-posts HTTP/1.0" 201 55 "http://www.crazyant.net/2194.html" "Mozilla/5.0 (Linux; Android 6.0.1; Nexus 5X Build/MMB29P) AppleWebKit/537.36 (KHTML, like Gecko) Chrome/41.0.2272.96 Mobile Safari/537.36 (compatible; Googlebot/2.1; +http://www.google.com/bot.html)"
62.113.206.117 - - [03/Dec/2019:01:52:08 +0800] "GET / HTTP/1.0" 301 - "-" "Go-http-client/1.1"
62.113.206.117 - - [03/Dec/2019:01:52:10 +0800] "GET / HTTP/1.0" 200 10415 "http://crazyant.net" "Go-http-client/1.1"
62.113.206.117 - - [03/Dec/2019:01:52:11 +0800] "GET /wp-admin/admin-ajax.php?action=subscribe_email&cs_email=1@1 HTTP/1.0" 400 1 "-" "Mozilla/5.0 (Windows NT 6.1; Win64; x64; rv:64.0) Gecko/20100101 Firefox/64.0"
62.113.206.117 - - [03/Dec/2019:01:52:13 +0800] "GET /wp-content/plugins/igniteup/includes/js/main.js HTTP/1.0" 301 - "-" "Mozilla/5.0 (Windows NT 6.1; Win64; x64; rv:64.0) Gecko/20100101 Firefox/64.0"
62.113.206.117 - - [03/Dec/2019:01:52:14 +0800] "GET /wp-content/plugins/igniteup/includes/js/main.js HTTP/1.0" 404 35012 "http://crazyant.net/wp-content/plugins/igniteup/includes/js/main.js" "Mozilla/5.0 (Windows NT 6.1; Win64; x64; rv:64.0) Gecko/20100101 Firefox/64.0"
62.113.206.117 - - [03/Dec/2019:01:52:16 +0800] "POST /wp-admin/wp-hook-ajax.php HTTP/1.0" 404 35065 "-" "Mozilla/5.0 (Windows NT 6.1; WOW64) AppleWebKit/537.36 (KHTML, like Gecko) Chrome/36.0.1985.143 Safari/537.36"
62.113.206.117 - - [03/Dec/2019:01:52:18 +0800] "POST /wp-ajax-hook.php HTTP/1.0" 404 35065 "-" "Mozilla/5.0 (Windows NT 6.1; WOW64) AppleWebKit/537.36 (KHTML, like Gecko) Chrome/36.0.1985.143 Safari/537.36"
62.113.206.117 - - [03/Dec/2019:01:52:21 +0800] "POST /wp-hook-ajax.php HTTP/1.0" 404 35065 "-" "Mozilla/5.0 (Windows NT 6.1; WOW64) AppleWebKit/537.36 (KHTML, like Gecko) Chrome/36.0.1985.143 Safari/537.36"
62.113.206.117 - - [03/Dec/2019:01:52:23 +0800] "POST /?ithemes-sync-request=1 HTTP/1.0" 200 54398 "-" "Mozilla/5.0 (Windows NT 6.1; WOW64) AppleWebKit/537.36 (KHTML, like Gecko) Chrome/36.0.1985.143 Safari/537.36"
62.113.206.117 - - [03/Dec/2019:01:52:26 +0800] "GET /wp-content/plugins/rich-reviews/css/rich-reviews.css HTTP/1.0" 301 - "-" "Mozilla/5.0 (Windows NT 6.1; Win64; x64; rv:64.0) Gecko/20100101 Firefox/64.0"
62.113.206.117 - - [03/Dec/2019:01:52:28 +0800] "GET /wp-content/plugins/rich-reviews/css/rich-reviews.css HTTP/1.0" 404 35012 "http://crazyant.net/wp-content/plugins/rich-reviews/css/rich-reviews.css" "Mozilla/5.0 (Windows NT 6.1; Win64; x64; rv:64.0) Gecko/20100101 Firefox/64.0"
66.249.75.153 - - [03/Dec/2019:01:53:19 +0800] "GET /2343.html HTTP/1.0" 200 10659 "-" "Mozilla/5.0 (compatible; Googlebot/2.1; +http://www.google.com/bot.html)"
3.85.133.244 - - [03/Dec/2019:01:53:31 +0800] "GET /category/web-development/feed HTTP/1.0" 200 2313 "https://www.google.com/" "Mozilla/5.0 (Windows NT 10.0; Win64; x64) AppleWebKit/537.36 (KHTML, like Gecko) Chrome/42.0.2311.135 Safari/537.36 Edge/12.246"
66.249.75.151 - - [03/Dec/2019:01:53:44 +0800] "GET /478.html HTTP/1.0" 200 11161 "-" "Mozilla/5.0 (compatible; Googlebot/2.1; +http://www.google.com/bot.html)"
66.249.75.149 - - [03/Dec/2019:01:53:48 +0800] "POST /wp-json/wordpress-popular-posts/v1/popular-posts HTTP/1.0" 201 55 "http://www.crazyant.net/478.html" "Mozilla/5.0 AppleWebKit/537.36 (KHTML, like Gecko; compatible; Googlebot/2.1; +http://www.google.com/bot.html) Safari/537.36"
92.247.181.12 - - [03/Dec/2019:01:54:30 +0800] "GET /feed/ HTTP/1.0" 301 - "http://www.crazyant.net/" "Mozilla/5.0 (compatible; inoreader.com; 24 subscribers)"
92.247.181.12 - - [03/Dec/2019:01:54:30 +0800] "GET /feed HTTP/1.0" 200 4779 "http://www.crazyant.net/" "Mozilla/5.0 (compatible; inoreader.com; 24 subscribers)"
222.129.43.14 - - [03/Dec/2019:01:55:04 +0800] "GET /feed HTTP/1.0" 200 4779 "-" "ReadKit/2.4.3 (Mac OS X Version 10.15.1 (Build 19B88))"
212.64.5.64 - - [03/Dec/2019:01:55:29 +0800] "GET /feed HTTP/1.0" 200 4779 "-" "Mozilla/5.0 (Windows NT 6.1) AppleWebKit/537.31 (KHTML, like Gecko) Chrome/26.0.1410.43 Safari/537.31"
66.249.75.151 - - [03/Dec/2019:01:56:56 +0800] "GET /?s=%E3%80%90%E2%94%83%E7%A8%B3%E5%AE%9A46416%E2%92%8F5%E2%94%83%E6%89%A3%E3%80%91%E3%80%91%E6%9D%8F%E5%BD%A93d%E8%AE%A HTTP/1.0" 200 8264 "-" "Mozilla/5.0 (Linux; Android 6.0.1; Nexus 5X Build/MMB29P) AppleWebKit/537.36 (KHTML, like Gecko) Chrome/41.0.2272.96 Mobile Safari/537.36 (compatible; Googlebot/2.1; +http://www.google.com/bot.html)"
92.38.129.153 - - [03/Dec/2019:01:57:35 +0800] "GET /feed/ HTTP/1.0" 301 - "-" "Tiny Tiny RSS/19.02 (http://tt-rss.org/)"
92.38.129.153 - - [03/Dec/2019:01:57:36 +0800] "GET /feed HTTP/1.0" 200 4779 "-" "Tiny Tiny RSS/19.02 (http://tt-rss.org/)"
114.67.104.99 - - [03/Dec/2019:01:58:52 +0800] "GET /feed HTTP/1.0" 200 4779 "-" "Mozilla/5.0 (Linux; Android 8.0.0; TA-1053 Build/OPR1.170623.026) AppleWebKit/537.36 (KHTML, like Gecko) Chrome/67.0.3368.0 Mobile Safari/537.36"
40.77.167.143 - - [03/Dec/2019:02:03:15 +0800] "GET /1337.html HTTP/1.0" 200 11233 "-" "Mozilla/5.0 (compatible; bingbot/2.0; +http://www.bing.com/bingbot.htm)"
66.249.75.153 - - [03/Dec/2019:02:03:26 +0800] "GET /1703.html HTTP/1.0" 200 12904 "-" "Mozilla/5.0 (Linux; Android 6.0.1; Nexus 5X Build/MMB29P) AppleWebKit/537.36 (KHTML, like Gecko) Chrome/41.0.2272.96 Mobile Safari/537.36 (compatible; Googlebot/2.1; +http://www.google.com/bot.html)"
66.249.75.149 - - [03/Dec/2019:02:03:30 +0800] "POST /wp-json/wordpress-popular-posts/v1/popular-posts HTTP/1.0" 201 55 "http://www.crazyant.net/1703.html" "Mozilla/5.0 (Linux; Android 6.0.1; Nexus 5X Build/MMB29P) AppleWebKit/537.36 (KHTML, like Gecko) Chrome/41.0.2272.96 Mobile Safari/537.36 (compatible; Googlebot/2.1; +http://www.google.com/bot.html)"
66.249.75.151 - - [03/Dec/2019:02:03:33 +0800] "GET /155.html HTTP/1.0" 200 10184 "-" "Mozilla/5.0 (Linux; Android 6.0.1; Nexus 5X Build/MMB29P) AppleWebKit/537.36 (KHTML, like Gecko) Chrome/41.0.2272.96 Mobile Safari/537.36 (compatible; Googlebot/2.1; +http://www.google.com/bot.html)"
66.249.75.149 - - [03/Dec/2019:02:03:44 +0800] "POST /wp-json/wordpress-popular-posts/v1/popular-posts HTTP/1.0" 201 55 "http://www.crazyant.net/155.html" "Mozilla/5.0 (Linux; Android 6.0.1; Nexus 5X Build/MMB29P) AppleWebKit/537.36 (KHTML, like Gecko) Chrome/41.0.2272.96 Mobile Safari/537.36 (compatible; Googlebot/2.1; +http://www.google.com/bot.html)"
66.249.75.149 - - [03/Dec/2019:02:03:51 +0800] "GET /1185.html HTTP/1.0" 200 12238 "-" "Mozilla/5.0 (compatible; Googlebot/2.1; +http://www.google.com/bot.html)"
66.249.75.151 - - [03/Dec/2019:02:04:16 +0800] "GET /2434.html HTTP/1.0" 200 11273 "-" "Mozilla/5.0 (Linux; Android 6.0.1; Nexus 5X Build/MMB29P) AppleWebKit/537.36 (KHTML, like Gecko) Chrome/41.0.2272.96 Mobile Safari/537.36 (compatible; Googlebot/2.1; +http://www.google.com/bot.html)"
66.249.75.153 - - [03/Dec/2019:02:04:20 +0800] "POST /wp-json/wordpress-popular-posts/v1/popular-posts HTTP/1.0" 201 55 "http://www.crazyant.net/2434.html" "Mozilla/5.0 (Linux; Android 6.0.1; Nexus 5X Build/MMB29P) AppleWebKit/537.36 (KHTML, like Gecko) Chrome/41.0.2272.96 Mobile Safari/537.36 (compatible; Googlebot/2.1; +http://www.google.com/bot.html)"
199.119.124.39 - - [03/Dec/2019:02:05:10 +0800] "GET /feed HTTP/1.0" 200 4779 "-" "Mozilla/5.0 (compatible; theoldreader.com; 2 subscribers; feed-id=7056e7e642f50c29e34a6c19)"
202.218.32.180 - - [03/Dec/2019:02:05:12 +0800] "GET /1390.html HTTP/1.0" 200 48802 "-" "-"
202.218.32.180 - - [03/Dec/2019:02:05:13 +0800] "GET / HTTP/1.0" 200 54276 "-" "-"
202.218.32.180 - - [03/Dec/2019:02:05:14 +0800] "GET / HTTP/1.0" 200 54276 "-" "-"
202.218.32.180 - - [03/Dec/2019:02:05:15 +0800] "GET /category/python-solvedoubts HTTP/1.0" 200 36781 "-" "-"
202.218.32.180 - - [03/Dec/2019:02:05:17 +0800] "GET /category/python-basic HTTP/1.0" 200 35290 "-" "-"
202.218.32.180 - - [03/Dec/2019:02:05:18 +0800] "GET /category/python-%e7%88%ac%e8%99%ab%e7%b3%bb%e5%88%97 HTTP/1.0" 200 36688 "-" "-"
106.11.152.246 - - [03/Dec/2019:02:05:18 +0800] "GET /1030.html?replytocom=10433 HTTP/1.0" 200 21944 "-" "YisouSpider"
202.218.32.180 - - [03/Dec/2019:02:05:19 +0800] "GET /category/python-pandas%e7%b3%bb%e5%88%97 HTTP/1.0" 200 54630 "-" "-"
202.218.32.180 - - [03/Dec/2019:02:05:25 +0800] "GET /category/python-web HTTP/1.0" 200 35280 "-" "-"
202.218.32.180 - - [03/Dec/2019:02:05:26 +0800] "GET /category/python-bigdata HTTP/1.0" 200 35288 "-" "-"
202.218.32.180 - - [03/Dec/2019:02:05:26 +0800] "GET /category/python-spark HTTP/1.0" 200 35276 "-" "-"
202.218.32.180 - - [03/Dec/2019:02:05:27 +0800] "GET /category/python-data-analysis HTTP/1.0" 200 35306 "-" "-"
202.218.32.180 - - [03/Dec/2019:02:05:28 +0800] "GET /category/python-machinelearning HTTP/1.0" 200 36552 "-" "-"
202.218.32.180 - - [03/Dec/2019:02:05:29 +0800] "GET /category/%e6%8e%a8%e8%8d%90%e7%b3%bb%e7%bb%9f HTTP/1.0" 200 45061 "-" "-"
202.218.32.180 - - [03/Dec/2019:02:05:30 +0800] "GET /%e5%85%b3%e4%ba%8e HTTP/1.0" 200 38613 "-" "-"
202.218.32.180 - - [03/Dec/2019:02:05:31 +0800] "GET /%e7%95%99%e8%a8%80%e5%b0%8f%e6%9c%ac HTTP/1.0" 200 115449 "-" "-"
202.218.32.180 - - [03/Dec/2019:02:05:34 +0800] "GET /meditation-resource HTTP/1.0" 200 45872 "-" "-"
202.218.32.180 - - [03/Dec/2019:02:05:35 +0800] "GET /my_program_notes HTTP/1.0" 200 39035 "-" "-"
202.218.32.180 - - [03/Dec/2019:02:05:36 +0800] "GET /%e5%b8%b8%e7%94%a8%e8%b5%84%e6%ba%90 HTTP/1.0" 200 49691 "-" "-"
202.218.32.180 - - [03/Dec/2019:02:05:37 +0800] "GET /my_book_list HTTP/1.0" 200 55897 "-" "-"
202.218.32.180 - - [03/Dec/2019:02:05:44 +0800] "GET /%e4%b8%aa%e4%ba%ba%e7%ae%b4%e8%a8%80 HTTP/1.0" 200 47965 "-" "-"
202.218.32.180 - - [03/Dec/2019:02:05:45 +0800] "GET /2615.html HTTP/1.0" 200 40473 "-" "-"
202.218.32.180 - - [03/Dec/2019:02:05:46 +0800] "GET /2604.html HTTP/1.0" 200 47613 "-" "-"
202.218.32.180 - - [03/Dec/2019:02:05:47 +0800] "GET /2602.html HTTP/1.0" 200 54633 "-" "-"
202.218.32.180 - - [03/Dec/2019:02:05:53 +0800] "GET /2598.html HTTP/1.0" 200 62901 "-" "-"
202.218.32.180 - - [03/Dec/2019:02:05:54 +0800] "GET /2594.html HTTP/1.0" 200 60102 "-" "-"
202.218.32.180 - - [03/Dec/2019:02:05:55 +0800] "GET /2351.html HTTP/1.0" 200 48535 "-" "-"
202.218.32.180 - - [03/Dec/2019:02:05:56 +0800] "GET /2351.html HTTP/1.0" 200 48536 "-" "-"
202.218.32.180 - - [03/Dec/2019:02:05:57 +0800] "GET /2404.html HTTP/1.0" 200 46260 "-" "-"
202.218.32.180 - - [03/Dec/2019:02:06:03 +0800] "GET /2404.html HTTP/1.0" 200 46261 "-" "-"
202.218.32.180 - - [03/Dec/2019:02:06:03 +0800] "GET /my_book_list HTTP/1.0" 200 55896 "-" "-"
202.218.32.180 - - [03/Dec/2019:02:06:05 +0800] "GET /tag/apache HTTP/1.0" 200 38390 "-" "-"
202.218.32.180 - - [03/Dec/2019:02:06:05 +0800] "GET /tag/c HTTP/1.0" 200 49791 "-" "-"
202.218.32.180 - - [03/Dec/2019:02:06:06 +0800] "GET /tag/django HTTP/1.0" 200 45970 "-" "-"
66.249.75.149 - - [03/Dec/2019:02:06:24 +0800] "GET /?s=%E8%B4%9D%E5%BA%97%E9%82%80%E8%AF%B7%E7%A0%81%E5%88%86%E4%BA%AB%E3%80%90%E5%8A%A0%E8%96%87%E4%BF%A1gylm555%E3%80%91 HTTP/1.0" 200 8335 "-" "Mozilla/5.0 (Linux; Android 6.0.1; Nexus 5X Build/MMB29P) AppleWebKit/537.36 (KHTML, like Gecko) Chrome/41.0.2272.96 Mobile Safari/537.36 (compatible; Googlebot/2.1; +http://www.google.com/bot.html)"
123.125.71.97 - - [03/Dec/2019:02:07:19 +0800] "GET /1470.html?swxihk=myu223 HTTP/1.1" 444 0 "-" "Mozilla/5.0 (compatible; Baiduspider/2.0; +http://www.baidu.com/search/spider.html)"
146.66.92.61 - - [03/Dec/2019:02:08:57 +0800] "POST /wp-cron.php?doing_wp_cron=1575310137.2955029010772705078125 HTTP/1.0" 200 - "https://www.crazyant.net/wp-cron.php?doing_wp_cron=1575310137.2955029010772705078125" "WordPress/5.3; https://www.crazyant.net"
54.36.148.211 - - [03/Dec/2019:02:08:57 +0800] "GET /category/python-web HTTP/1.0" 200 8185 "-" "Mozilla/5.0 (compatible; AhrefsBot/6.1; +http://ahrefs.com/robot/)"
222.129.43.14 - - [03/Dec/2019:02:09:05 +0800] "GET /feed HTTP/1.0" 200 4779 "-" "ReadKit/2.4.3 (Mac OS X Version 10.15.1 (Build 19B88))"
66.249.75.153 - - [03/Dec/2019:02:12:26 +0800] "GET /author/peishuai1987/page/10?zkfgjc=htiir2&jmt&pyrkdw=7kzfs3 HTTP/1.0" 200 11022 "-" "Mozilla/5.0 (Linux; Android 6.0.1; Nexus 5X Build/MMB29P) AppleWebKit/537.36 (KHTML, like Gecko) Chrome/41.0.2272.96 Mobile Safari/537.36 (compatible; Googlebot/2.1; +http://www.google.com/bot.html)"
92.38.129.153 - - [03/Dec/2019:02:13:37 +0800] "GET /feed/ HTTP/1.0" 301 - "-" "Tiny Tiny RSS/19.02 (http://tt-rss.org/)"
92.38.129.153 - - [03/Dec/2019:02:13:38 +0800] "GET /feed HTTP/1.0" 200 4779 "-" "Tiny Tiny RSS/19.02 (http://tt-rss.org/)"
66.249.75.153 - - [03/Dec/2019:02:14:09 +0800] "GET /2343.html HTTP/1.0" 200 10661 "-" "Mozilla/5.0 (Linux; Android 6.0.1; Nexus 5X Build/MMB29P) AppleWebKit/537.36 (KHTML, like Gecko) Chrome/41.0.2272.96 Mobile Safari/537.36 (compatible; Googlebot/2.1; +http://www.google.com/bot.html)"
66.249.75.149 - - [03/Dec/2019:02:14:30 +0800] "GET /2120.html HTTP/1.0" 200 13246 "-" "Mozilla/5.0 (compatible; Googlebot/2.1; +http://www.google.com/bot.html)"
66.249.75.149 - - [03/Dec/2019:02:14:36 +0800] "GET /2301.html HTTP/1.0" 200 10578 "-" "Mozilla/5.0 (compatible; Googlebot/2.1; +http://www.google.com/bot.html)"
66.249.75.149 - - [03/Dec/2019:02:14:42 +0800] "POST /wp-json/wordpress-popular-posts/v1/popular-posts HTTP/1.0" 201 55 "http://www.crazyant.net/2120.html" "Mozilla/5.0 AppleWebKit/537.36 (KHTML, like Gecko; compatible; Googlebot/2.1; +http://www.google.com/bot.html) Safari/537.36"
66.249.75.153 - - [03/Dec/2019:02:15:16 +0800] "GET /2076.html HTTP/1.0" 200 14943 "-" "Mozilla/5.0 (compatible; Googlebot/2.1; +http://www.google.com/bot.html)"
66.249.75.153 - - [03/Dec/2019:02:15:20 +0800] "POST /wp-json/wordpress-popular-posts/v1/popular-posts HTTP/1.0" 201 55 "http://www.crazyant.net/2076.html" "Mozilla/5.0 AppleWebKit/537.36 (KHTML, like Gecko; compatible; Googlebot/2.1; +http://www.google.com/bot.html) Safari/537.36"
66.249.75.151 - - [03/Dec/2019:02:15:34 +0800] "GET /1185.html HTTP/1.0" 200 12238 "-" "Mozilla/5.0 (Linux; Android 6.0.1; Nexus 5X Build/MMB29P) AppleWebKit/537.36 (KHTML, like Gecko) Chrome/41.0.2272.96 Mobile Safari/537.36 (compatible; Googlebot/2.1; +http://www.google.com/bot.html)"
66.249.75.149 - - [03/Dec/2019:02:15:42 +0800] "GET /1901.html HTTP/1.0" 200 12926 "-" "Mozilla/5.0 (Linux; Android 6.0.1; Nexus 5X Build/MMB29P) AppleWebKit/537.36 (KHTML, like Gecko) Chrome/41.0.2272.96 Mobile Safari/537.36 (compatible; Googlebot/2.1; +http://www.google.com/bot.html)"
66.249.75.149 - - [03/Dec/2019:02:15:44 +0800] "POST /wp-json/wordpress-popular-posts/v1/popular-posts HTTP/1.0" 201 54 "http://www.crazyant.net/1185.html" "Mozilla/5.0 (Linux; Android 6.0.1; Nexus 5X Build/MMB29P) AppleWebKit/537.36 (KHTML, like Gecko) Chrome/41.0.2272.96 Mobile Safari/537.36 (compatible; Googlebot/2.1; +http://www.google.com/bot.html)"
66.249.75.149 - - [03/Dec/2019:02:15:46 +0800] "POST /wp-json/wordpress-popular-posts/v1/popular-posts HTTP/1.0" 201 55 "http://www.crazyant.net/1901.html" "Mozilla/5.0 (Linux; Android 6.0.1; Nexus 5X Build/MMB29P) AppleWebKit/537.36 (KHTML, like Gecko) Chrome/41.0.2272.96 Mobile Safari/537.36 (compatible; Googlebot/2.1; +http://www.google.com/bot.html)"
207.46.13.224 - - [03/Dec/2019:02:16:16 +0800] "GET /tag/%e7%88%ac%e8%99%ab HTTP/1.0" 200 10891 "-" "Mozilla/5.0 (compatible; bingbot/2.0; +http://www.bing.com/bingbot.htm)"
137.74.38.160 - - [03/Dec/2019:02:16:36 +0800] "GET /feed/ HTTP/1.0" 301 - "-" "Tiny Tiny RSS/19.8 (f609065) (http://tt-rss.org/)"
137.74.38.160 - - [03/Dec/2019:02:16:36 +0800] "GET /feed HTTP/1.0" 200 4779 "-" "Tiny Tiny RSS/19.8 (f609065) (http://tt-rss.org/)"
207.46.13.76 - - [03/Dec/2019:02:16:38 +0800] "GET /wp-content/plugins/table-of-contents-plus/screen.min.css HTTP/1.0" 200 456 "-" "msnbot/2.0b (+http://search.msn.com/msnbot.htm)"
207.46.13.76 - - [03/Dec/2019:02:16:39 +0800] "GET /wp-content/uploads/siteground-optimizer-assets/twentyfifteen-skip-link-focus-fix.min.js HTTP/1.0" 200 275 "-" "msnbot/2.0b (+http://search.msn.com/msnbot.htm)"
23.226.77.99 - - [03/Dec/2019:02:16:40 +0800] "GET /4ey196/5488414.html HTTP/1.0" 404 35012 "http://www.baidu.com" "Mozilla/4.0 (compatible; MSIE 9.0; Windows NT 6.1)"
66.249.75.153 - - [03/Dec/2019:02:16:43 +0800] "GET /2525.html HTTP/1.0" 200 12649 "-" "Mozilla/5.0 (Linux; Android 6.0.1; Nexus 5X Build/MMB29P) AppleWebKit/537.36 (KHTML, like Gecko) Chrome/41.0.2272.96 Mobile Safari/537.36 (compatible; Googlebot/2.1; +http://www.google.com/bot.html)"
40.77.167.157 - - [03/Dec/2019:02:16:49 +0800] "GET /wp-content/themes/twentyfifteen/twentyfifteen-style.min.css HTTP/1.0" 200 11037 "-" "msnbot/2.0b (+http://search.msn.com/msnbot.htm)"
40.77.167.143 - - [03/Dec/2019:02:16:53 +0800] "GET /wp-content/plugins/bibblio-related-posts/public/css/bibblio_related_posts.min.css HTTP/1.0" 200 42 "-" "msnbot/2.0b (+http://search.msn.com/msnbot.htm)"
207.46.13.224 - - [03/Dec/2019:02:17:20 +0800] "GET /wp-content/plugins/easy-fancybox/js/jquery.easing.min.js HTTP/1.0" 200 767 "-" "msnbot/2.0b (+http://search.msn.com/msnbot.htm)"
207.46.13.224 - - [03/Dec/2019:02:17:21 +0800] "GET /wp-includes/css/dist/block-library/theme.min.css HTTP/1.0" 200 639 "-" "msnbot/2.0b (+http://search.msn.com/msnbot.htm)"
207.46.13.224 - - [03/Dec/2019:02:17:21 +0800] "GET /wp-includes/js/jquery/jquery-migrate.min.js HTTP/1.0" 200 4014 "-" "msnbot/2.0b (+http://search.msn.com/msnbot.htm)"
207.46.13.224 - - [03/Dec/2019:02:17:21 +0800] "GET /wp-content/plugins/easy-fancybox/js/jquery.mousewheel.min.js HTTP/1.0" 200 1145 "-" "msnbot/2.0b (+http://search.msn.com/msnbot.htm)"
66.249.75.149 - - [03/Dec/2019:02:17:25 +0800] "POST /wp-json/wordpress-popular-posts/v1/popular-posts HTTP/1.0" 201 55 "http://www.crazyant.net/2343.html" "Mozilla/5.0 (Linux; Android 6.0.1; Nexus 5X Build/MMB29P) AppleWebKit/537.36 (KHTML, like Gecko) Chrome/41.0.2272.96 Mobile Safari/537.36 (compatible; Googlebot/2.1; +http://www.google.com/bot.html)"
46.229.168.161 - - [03/Dec/2019:02:17:50 +0800] "GET /robots.txt HTTP/1.0" 200 66 "-" "Mozilla/5.0 (compatible; SemrushBot/6~bl; +http://www.semrush.com/bot.html)"
46.229.168.163 - - [03/Dec/2019:02:17:51 +0800] "GET /920.html HTTP/1.0" 200 12906 "-" "Mozilla/5.0 (compatible; SemrushBot/6~bl; +http://www.semrush.com/bot.html)"
42.156.139.42 - - [03/Dec/2019:02:19:50 +0800] "GET /page/46?ccjqjq=0jpmj2&lwlabe=b4hne3&mejmro=m0rom2&outizk=gk8io3&salqvy=sucfg2&tifufw=dazrl3 HTTP/1.0" 404 35012 "-" "Mozilla/5.0 (Windows NT 6.1; Win64; x64) AppleWebKit/537.36 (KHTML, like Gecko) Chrome/69.0.3497.81 YisouSpider/5.0 Safari/537.36"
216.244.66.230 - - [03/Dec/2019:02:22:40 +0800] "GET /tag/gate HTTP/1.0" 200 36324 "-" "Mozilla/5.0 (compatible; DotBot/1.1; http://www.opensiteexplorer.org/dotbot, help@moz.com)"
106.11.157.137 - - [03/Dec/2019:02:22:57 +0800] "GET /wp-content/plugins/easy-fancybox/css/jquery.fancybox.min.css HTTP/1.0" 200 1111 "https://www.crazyant.net/category/%E6%95%B0%E6%8D%AE%E9%A9%B1%E5%8A%A8" "YisouSpider"
222.129.43.14 - - [03/Dec/2019:02:23:05 +0800] "GET /feed HTTP/1.0" 200 4779 "-" "ReadKit/2.4.3 (Mac OS X Version 10.15.1 (Build 19B88))"
111.225.149.15 - - [03/Dec/2019:02:23:07 +0800] "GET /category/web-development/page/2 HTTP/1.0" 404 35012 "-" "Mozilla/5.0 (iPhone; CPU iPhone OS 11_0 like Mac OS X) AppleWebKit/537.36 (KHTML, like Gecko) Chrome/42.0.1622.1940 Mobile Safari/537.36; Bytespider;https://zhanzhang.toutiao.com/"
113.67.157.93 - - [03/Dec/2019:02:23:08 +0800] "GET / HTTP/1.0" 200 54276 "-" "Python-urllib/3.7"
66.249.75.149 - - [03/Dec/2019:02:23:25 +0800] "GET /2585.html HTTP/1.0" 200 11136 "-" "Mozilla/5.0 (Linux; Android 6.0.1; Nexus 5X Build/MMB29P) AppleWebKit/537.36 (KHTML, like Gecko) Chrome/41.0.2272.96 Mobile Safari/537.36 (compatible; Googlebot/2.1; +http://www.google.com/bot.html)"
66.249.75.151 - - [03/Dec/2019:02:23:26 +0800] "GET /2499.html HTTP/1.0" 200 11324 "-" "Mozilla/5.0 (compatible; Googlebot/2.1; +http://www.google.com/bot.html)"
66.249.75.151 - - [03/Dec/2019:02:23:28 +0800] "POST /wp-json/wordpress-popular-posts/v1/popular-posts HTTP/1.0" 201 55 "http://www.crazyant.net/2585.html" "Mozilla/5.0 (Linux; Android 6.0.1; Nexus 5X Build/MMB29P) AppleWebKit/537.36 (KHTML, like Gecko) Chrome/41.0.2272.96 Mobile Safari/537.36 (compatible; Googlebot/2.1; +http://www.google.com/bot.html)"
66.249.75.149 - - [03/Dec/2019:02:23:29 +0800] "POST /wp-json/wordpress-popular-posts/v1/popular-posts HTTP/1.0" 201 55 "http://www.crazyant.net/2499.html" "Mozilla/5.0 AppleWebKit/537.36 (KHTML, like Gecko; compatible; Googlebot/2.1; +http://www.google.com/bot.html) Safari/537.36"
47.89.188.194 - - [03/Dec/2019:02:24:38 +0800] "GET / HTTP/1.0" 200 10415 "http://www.google.com" "Mozilla/5.0 (Windows NT 6.0) AppleWebKit/536.5 (KHTML, like Gecko) Chrome/19.0.1084.36 Safari/536.5"
66.249.75.153 - - [03/Dec/2019:02:25:20 +0800] "GET /?s=%E6%B7%98%E7%B2%89%E5%90%A7%E5%91%A8%E4%BA%8C%E7%9B%B4%E6%92%AD%E6%98%AF%E5%87%A0%E7%82%B9%E8%96%87%E4%BF%A1gylm555 HTTP/1.0" 200 8340 "-" "Mozilla/5.0 (Linux; Android 6.0.1; Nexus 5X Build/MMB29P) AppleWebKit/537.36 (KHTML, like Gecko) Chrome/41.0.2272.96 Mobile Safari/537.36 (compatible; Googlebot/2.1; +http://www.google.com/bot.html)"
207.46.13.224 - - [03/Dec/2019:02:27:22 +0800] "GET /796.html HTTP/1.0" 200 20103 "-" "Mozilla/5.0 (compatible; bingbot/2.0; +http://www.bing.com/bingbot.htm)"
123.125.71.23 - - [03/Dec/2019:02:27:54 +0800] "GET /1901.html HTTP/1.1" 444 0 "-" "Mozilla/5.0 (compatible; Baiduspider/2.0; +http://www.baidu.com/search/spider.html)"
54.36.150.182 - - [03/Dec/2019:02:28:00 +0800] "GET /1600.html/feed HTTP/1.0" 200 725 "-" "Mozilla/5.0 (compatible; AhrefsBot/6.1; +http://ahrefs.com/robot/)"
92.38.129.153 - - [03/Dec/2019:02:29:50 +0800] "GET /feed/ HTTP/1.0" 301 - "-" "Tiny Tiny RSS/19.02 (http://tt-rss.org/)"
92.38.129.153 - - [03/Dec/2019:02:29:50 +0800] "GET /feed HTTP/1.0" 200 4779 "-" "Tiny Tiny RSS/19.02 (http://tt-rss.org/)"
66.249.75.151 - - [03/Dec/2019:02:31:20 +0800] "GET /2022.html HTTP/1.0" 200 20830 "-" "Mozilla/5.0 (Linux; Android 6.0.1; Nexus 5X Build/MMB29P) AppleWebKit/537.36 (KHTML, like Gecko) Chrome/41.0.2272.96 Mobile Safari/537.36 (compatible; Googlebot/2.1; +http://www.google.com/bot.html)"
66.249.75.151 - - [03/Dec/2019:02:31:24 +0800] "POST /wp-json/wordpress-popular-posts/v1/popular-posts HTTP/1.0" 201 55 "http://www.crazyant.net/2022.html" "Mozilla/5.0 (Linux; Android 6.0.1; Nexus 5X Build/MMB29P) AppleWebKit/537.36 (KHTML, like Gecko) Chrome/41.0.2272.96 Mobile Safari/537.36 (compatible; Googlebot/2.1; +http://www.google.com/bot.html)"
66.249.75.151 - - [03/Dec/2019:02:33:20 +0800] "GET /1197.html HTTP/1.0" 200 13289 "-" "Mozilla/5.0 (Linux; Android 6.0.1; Nexus 5X Build/MMB29P) AppleWebKit/537.36 (KHTML, like Gecko) Chrome/41.0.2272.96 Mobile Safari/537.36 (compatible; Googlebot/2.1; +http://www.google.com/bot.html)"
54.197.6.195 - - [03/Dec/2019:02:33:52 +0800] "GET /1777.html/feed HTTP/1.0" 200 897 "https://www.google.com/" "Mozilla/5.0 (Windows NT 6.3; WOW64; Trident/7.0; rv:11.0) like Gecko"
66.249.75.149 - - [03/Dec/2019:02:33:58 +0800] "GET /1901.html HTTP/1.0" 200 12929 "-" "Mozilla/5.0 (compatible; Googlebot/2.1; +http://www.google.com/bot.html)"
66.249.75.151 - - [03/Dec/2019:02:34:02 +0800] "GET /2585.html HTTP/1.0" 200 11135 "-" "Mozilla/5.0 (compatible; Googlebot/2.1; +http://www.google.com/bot.html)"
54.36.149.32 - - [03/Dec/2019:02:34:08 +0800] "GET /1784.html HTTP/1.0" 200 11076 "-" "Mozilla/5.0 (compatible; AhrefsBot/6.1; +http://ahrefs.com/robot/)"
66.249.75.149 - - [03/Dec/2019:02:34:46 +0800] "POST /wp-json/wordpress-popular-posts/v1/popular-posts HTTP/1.0" 201 55 "http://www.crazyant.net/2585.html" "Mozilla/5.0 AppleWebKit/537.36 (KHTML, like Gecko; compatible; Googlebot/2.1; +http://www.google.com/bot.html) Safari/537.36"
106.11.157.91 - - [03/Dec/2019:02:34:48 +0800] "GET /wp-includes/js/comment-reply.min.js HTTP/1.0" 200 1131 "http://www.crazyant.net/1030.html?replytocom=10433" "Mozilla/5.0 (Windows NT 6.1; Win64; x64) AppleWebKit/537.36 (KHTML, like Gecko) Chrome/69.0.3497.81 YisouSpider/5.0 Safari/537.36"
106.11.153.80 - - [03/Dec/2019:02:34:48 +0800] "POST /wp-json/wordpress-popular-posts/v1/popular-posts HTTP/1.0" 201 55 "http://www.crazyant.net/1030.html?replytocom=10433" "Mozilla/5.0 (Windows NT 6.1; Win64; x64) AppleWebKit/537.36 (KHTML, like Gecko) Chrome/69.0.3497.81 YisouSpider/5.0 Safari/537.36"
66.249.75.151 - - [03/Dec/2019:02:34:48 +0800] "GET /?s=%A1%BE%A9%A7%BA%C3%BC%C6%BB%AE2%A2%B87%A2%B801705{%A3%D1%A1%BF%A1%BF%BB%AA%D3%EE%D3%E9%C0%D6%D5%D0%C9%CC%D6%F7%B9%DC95692 HTTP/1.0" 200 8285 "-" "Mozilla/5.0 (Linux; Android 6.0.1; Nexus 5X Build/MMB29P) AppleWebKit/537.36 (KHTML, like Gecko) Chrome/41.0.2272.96 Mobile Safari/537.36 (compatible; Googlebot/2.1; +http://www.google.com/bot.html)"
64.62.252.176 - - [03/Dec/2019:02:36:16 +0800] "GET /robots.txt HTTP/1.0" 200 66 "-" "The Knowledge AI"
64.62.252.176 - - [03/Dec/2019:02:36:17 +0800] "GET /?s=%E6%81%92%E8%BE%BE%E5%B9%B3%E5%8F%B0%E5%A5%96%E9%87%911956%E7%9A%84%E3%80%90%E2%94%8B%E6%B7%BB%E5%8A%A0%E6%89%A32%E2%92%8F7%E2%92%8F01705%E3%80%93%E3%80%91 HTTP/1.0" 200 8375 "-" "The Knowledge AI"
64.62.252.176 - - [03/Dec/2019:02:36:34 +0800] "GET /?s=%E3%80%90%E2%94%8B%E6%B7%BB%E5%8A%A0%E6%89%A32%E2%92%8F7%E2%92%8F01705%E3%80%93%E3%80%91%E6%81%92%E8%BE%BE%E8%BF%94%E7%82%B91956 HTTP/1.0" 200 8341 "-" "The Knowledge AI"
64.62.252.176 - - [03/Dec/2019:02:36:34 +0800] "GET /?s=%E6%81%92%E8%BE%BE%E5%B9%B3%E5%8F%B0%E4%BB%A3%E7%90%86%E3%80%90%E2%94%83%E6%80%BB%E4%BB%A32%E2%92%8F7%E2%92%8F01705%5B%EF%BC%B1%5D%E3%80%91%E3%80%91 HTTP/1.0" 200 8355 "-" "The Knowledge AI"
222.129.43.14 - - [03/Dec/2019:02:37:07 +0800] "GET /feed HTTP/1.0" 200 4779 "-" "ReadKit/2.4.3 (Mac OS X Version 10.15.1 (Build 19B88))"
220.243.136.83 - - [03/Dec/2019:02:37:15 +0800] "GET /category/%E6%95%B0%E6%8D%AE%E9%A9%B1%E5%8A%A8 HTTP/1.0" 200 9403 "-" "Mozilla/5.0 (Linux; Android 6.0; Nexus 5 Build/MRA58N) AppleWebKit/537.36 (KHTML, like Gecko) Chrome/59.0.1253.1381 Mobile Safari/537.36; Bytespider;https://zhanzhang.toutiao.com/"
66.249.75.149 - - [03/Dec/2019:02:37:38 +0800] "GET /wp-content/plugins/easy-fancybox/js/jquery.fancybox.1.3.23.min.js HTTP/1.0" 404 35012 "http://www.crazyant.net/?s=%E8%B4%9D%E5%BA%97%E9%82%80%E8%AF%B7%E7%A0%81%E5%88%86%E4%BA%AB%E3%80%90%E5%8A%A0%E8%96%87%E4%BF%A1gylm555%E3%80%91" "Mozilla/5.0 AppleWebKit/537.36 (KHTML, like Gecko; compatible; Googlebot/2.1; +http://www.google.com/bot.html) Safari/537.36"
66.249.75.149 - - [03/Dec/2019:02:37:38 +0800] "GET /wp-includes/js/jquery/jquery.js?ver=1.12.4 HTTP/1.0" 200 33776 "http://www.crazyant.net/?s=%E8%B4%9D%E5%BA%97%E9%82%80%E8%AF%B7%E7%A0%81%E5%88%86%E4%BA%AB%E3%80%90%E5%8A%A0%E8%96%87%E4%BF%A1gylm555%E3%80%91" "Mozilla/5.0 AppleWebKit/537.36 (KHTML, like Gecko; compatible; Googlebot/2.1; +http://www.google.com/bot.html) Safari/537.36"
66.249.75.153 - - [03/Dec/2019:02:37:39 +0800] "GET /wp-includes/css/dist/block-library/style.min.css?ver=5.1.1 HTTP/1.0" 200 6163 "http://www.crazyant.net/?s=%E8%B4%9D%E5%BA%97%E9%82%80%E8%AF%B7%E7%A0%81%E5%88%86%E4%BA%AB%E3%80%90%E5%8A%A0%E8%96%87%E4%BF%A1gylm555%E3%80%91" "Mozilla/5.0 AppleWebKit/537.36 (KHTML, like Gecko; compatible; Googlebot/2.1; +http://www.google.com/bot.html) Safari/537.36"
66.249.75.151 - - [03/Dec/2019:02:37:40 +0800] "GET /wp-content/plugins/easy-fancybox/js/jquery.mousewheel.3.1.13.min.js HTTP/1.0" 404 35012 "http://www.crazyant.net/?s=%E8%B4%9D%E5%BA%97%E9%82%80%E8%AF%B7%E7%A0%81%E5%88%86%E4%BA%AB%E3%80%90%E5%8A%A0%E8%96%87%E4%BF%A1gylm555%E3%80%91" "Mozilla/5.0 AppleWebKit/537.36 (KHTML, like Gecko; compatible; Googlebot/2.1; +http://www.google.com/bot.html) Safari/537.36"
66.249.75.153 - - [03/Dec/2019:02:37:40 +0800] "GET /wp-content/plugins/easy-fancybox/js/jquery.easing.1.4.1.min.js HTTP/1.0" 404 35012 "http://www.crazyant.net/?s=%E8%B4%9D%E5%BA%97%E9%82%80%E8%AF%B7%E7%A0%81%E5%88%86%E4%BA%AB%E3%80%90%E5%8A%A0%E8%96%87%E4%BF%A1gylm555%E3%80%91" "Mozilla/5.0 AppleWebKit/537.36 (KHTML, like Gecko; compatible; Googlebot/2.1; +http://www.google.com/bot.html) Safari/537.36"
66.249.75.151 - - [03/Dec/2019:02:37:41 +0800] "GET /wp-content/themes/omega-child/style.css?ver=5.1.1 HTTP/1.0" 200 481 "http://www.crazyant.net/?s=%E8%B4%9D%E5%BA%97%E9%82%80%E8%AF%B7%E7%A0%81%E5%88%86%E4%BA%AB%E3%80%90%E5%8A%A0%E8%96%87%E4%BF%A1gylm555%E3%80%91" "Mozilla/5.0 AppleWebKit/537.36 (KHTML, like Gecko; compatible; Googlebot/2.1; +http://www.google.com/bot.html) Safari/537.36"
66.249.75.151 - - [03/Dec/2019:02:37:43 +0800] "GET /wp-includes/js/wp-embed.min.js?ver=5.1.1 HTTP/1.0" 200 740 "http://www.crazyant.net/?s=%E8%B4%9D%E5%BA%97%E9%82%80%E8%AF%B7%E7%A0%81%E5%88%86%E4%BA%AB%E3%80%90%E5%8A%A0%E8%96%87%E4%BF%A1gylm555%E3%80%91" "Mozilla/5.0 AppleWebKit/537.36 (KHTML, like Gecko; compatible; Googlebot/2.1; +http://www.google.com/bot.html) Safari/537.36"
66.249.75.149 - - [03/Dec/2019:02:37:44 +0800] "GET /wp-content/plugins/easy-fancybox/css/jquery.fancybox.1.3.23.min.css HTTP/1.0" 404 35012 "http://www.crazyant.net/?s=%E8%B4%9D%E5%BA%97%E9%82%80%E8%AF%B7%E7%A0%81%E5%88%86%E4%BA%AB%E3%80%90%E5%8A%A0%E8%96%87%E4%BF%A1gylm555%E3%80%91" "Mozilla/5.0 AppleWebKit/537.36 (KHTML, like Gecko; compatible; Googlebot/2.1; +http://www.google.com/bot.html) Safari/537.36"
66.249.75.151 - - [03/Dec/2019:02:37:45 +0800] "GET /wp-includes/js/wp-emoji-release.min.js?ver=5.1.1 HTTP/1.0" 200 4626 "http://www.crazyant.net/?s=%E8%B4%9D%E5%BA%97%E9%82%80%E8%AF%B7%E7%A0%81%E5%88%86%E4%BA%AB%E3%80%90%E5%8A%A0%E8%96%87%E4%BF%A1gylm555%E3%80%91" "Mozilla/5.0 AppleWebKit/537.36 (KHTML, like Gecko; compatible; Googlebot/2.1; +http://www.google.com/bot.html) Safari/537.36"
54.36.148.116 - - [03/Dec/2019:02:37:52 +0800] "GET /category/java-development/page/3 HTTP/1.0" 200 10090 "-" "Mozilla/5.0 (compatible; AhrefsBot/6.1; +http://ahrefs.com/robot/)"
106.11.158.235 - - [03/Dec/2019:02:38:19 +0800] "GET /796.html?replytocom=10554 HTTP/1.0" 200 20140 "-" "YisouSpider"
42.156.136.109 - - [03/Dec/2019:02:39:25 +0800] "GET /tag/apache HTTP/1.0" 200 8919 "-" "Mozilla/5.0 (Windows NT 6.1; Win64; x64) AppleWebKit/537.36 (KHTML, like Gecko) Chrome/69.0.3497.81 YisouSpider/5.0 Safari/537.36"
125.120.12.149 - - [03/Dec/2019:02:39:50 +0800] "GET /favicon.ico HTTP/1.0" 200 - "-" "Mozilla/5.0 (Linux; Android 8.0.0; HUAWEI NXT-AL10 Build/HUAWEINXT-AL10; wv) AppleWebKit/537.36 (KHTML, like Gecko) Version/4.0 Chrome/68.0.3440.91 Mobile Safari/537.36"
54.36.148.68 - - [03/Dec/2019:02:41:17 +0800] "GET /tag/%E8%81%9A%E7%B1%BB HTTP/1.0" 200 8637 "-" "Mozilla/5.0 (compatible; AhrefsBot/6.1; +http://ahrefs.com/robot/)"
54.36.148.202 - - [03/Dec/2019:02:42:16 +0800] "GET /103.html HTTP/1.0" 200 10312 "-" "Mozilla/5.0 (compatible; AhrefsBot/6.1; +http://ahrefs.com/robot/)"
146.66.92.61 - - [03/Dec/2019:02:43:26 +0800] "POST /wp-cron.php?doing_wp_cron=1575312206.6739909648895263671875 HTTP/1.0" 200 - "http://www.crazyant.net/wp-cron.php?doing_wp_cron=1575312206.6739909648895263671875" "WordPress/5.3; http://www.crazyant.net"
66.249.75.153 - - [03/Dec/2019:02:43:26 +0800] "GET /1197.html HTTP/1.0" 200 13290 "-" "Mozilla/5.0 (compatible; Googlebot/2.1; +http://www.google.com/bot.html)"
66.249.75.153 - - [03/Dec/2019:02:43:28 +0800] "GET /234.html HTTP/1.0" 200 12720 "-" "Mozilla/5.0 (Linux; Android 6.0.1; Nexus 5X Build/MMB29P) AppleWebKit/537.36 (KHTML, like Gecko) Chrome/41.0.2272.96 Mobile Safari/537.36 (compatible; Googlebot/2.1; +http://www.google.com/bot.html)"
66.249.75.149 - - [03/Dec/2019:02:43:29 +0800] "POST /wp-json/wordpress-popular-posts/v1/popular-posts HTTP/1.0" 201 55 "http://www.crazyant.net/1197.html" "Mozilla/5.0 AppleWebKit/537.36 (KHTML, like Gecko; compatible; Googlebot/2.1; +http://www.google.com/bot.html) Safari/537.36"
66.249.75.151 - - [03/Dec/2019:02:43:32 +0800] "POST /wp-json/wordpress-popular-posts/v1/popular-posts HTTP/1.0" 201 55 "http://www.crazyant.net/234.html" "Mozilla/5.0 (Linux; Android 6.0.1; Nexus 5X Build/MMB29P) AppleWebKit/537.36 (KHTML, like Gecko) Chrome/41.0.2272.96 Mobile Safari/537.36 (compatible; Googlebot/2.1; +http://www.google.com/bot.html)"
66.249.75.153 - - [03/Dec/2019:02:44:15 +0800] "GET /1072.html HTTP/1.0" 200 10820 "-" "Mozilla/5.0 (compatible; Googlebot/2.1; +http://www.google.com/bot.html)"
66.249.75.149 - - [03/Dec/2019:02:44:55 +0800] "GET /724.html HTTP/1.0" 200 12003 "-" "Mozilla/5.0 (compatible; Googlebot/2.1; +http://www.google.com/bot.html)"
66.249.75.149 - - [03/Dec/2019:02:44:59 +0800] "POST /wp-json/wordpress-popular-posts/v1/popular-posts HTTP/1.0" 201 55 "http://www.crazyant.net/724.html" "Mozilla/5.0 AppleWebKit/537.36 (KHTML, like Gecko; compatible; Googlebot/2.1; +http://www.google.com/bot.html) Safari/537.36"
66.249.75.149 - - [03/Dec/2019:02:45:13 +0800] "GET /1345.html HTTP/1.0" 200 11289 "-" "Mozilla/5.0 (compatible; Googlebot/2.1; +http://www.google.com/bot.html)"
66.249.75.149 - - [03/Dec/2019:02:45:16 +0800] "POST /wp-json/wordpress-popular-posts/v1/popular-posts HTTP/1.0" 201 55 "http://www.crazyant.net/1345.html" "Mozilla/5.0 AppleWebKit/537.36 (KHTML, like Gecko; compatible; Googlebot/2.1; +http://www.google.com/bot.html) Safari/537.36"
54.36.150.116 - - [03/Dec/2019:02:45:19 +0800] "GET /85.html HTTP/1.0" 200 10202 "-" "Mozilla/5.0 (compatible; AhrefsBot/6.1; +http://ahrefs.com/robot/)"
106.11.156.234 - - [03/Dec/2019:02:45:26 +0800] "GET /wp-includes/css/dist/block-library/style.min.css?ver=5.1.1 HTTP/1.0" 200 6163 "http://www.crazyant.net/754.html" "YisouSpider"
106.11.153.226 - - [03/Dec/2019:02:45:30 +0800] "GET /page/15?gijqtw=mzmyi3&jgtens=fef0l3&uqfcny=u8bsy3&xoxuvc=luduy3 HTTP/1.0" 200 11010 "-" "YisouSpider"
66.249.75.149 - - [03/Dec/2019:02:45:34 +0800] "GET /1326.html HTTP/1.0" 200 12061 "-" "Mozilla/5.0 (Linux; Android 6.0.1; Nexus 5X Build/MMB29P) AppleWebKit/537.36 (KHTML, like Gecko) Chrome/41.0.2272.96 Mobile Safari/537.36 (compatible; Googlebot/2.1; +http://www.google.com/bot.html)"
66.249.75.149 - - [03/Dec/2019:02:45:37 +0800] "POST /wp-json/wordpress-popular-posts/v1/popular-posts HTTP/1.0" 201 55 "http://www.crazyant.net/1326.html" "Mozilla/5.0 (Linux; Android 6.0.1; Nexus 5X Build/MMB29P) AppleWebKit/537.36 (KHTML, like Gecko) Chrome/41.0.2272.96 Mobile Safari/537.36 (compatible; Googlebot/2.1; +http://www.google.com/bot.html)"
66.249.75.149 - - [03/Dec/2019:02:45:54 +0800] "GET /87.html HTTP/1.0" 200 11873 "-" "Mozilla/5.0 (compatible; Googlebot/2.1; +http://www.google.com/bot.html)"
92.38.129.153 - - [03/Dec/2019:02:45:57 +0800] "GET /feed/ HTTP/1.0" 301 - "-" "Tiny Tiny RSS/19.02 (http://tt-rss.org/)"
92.38.129.153 - - [03/Dec/2019:02:45:57 +0800] "GET /feed HTTP/1.0" 200 4779 "-" "Tiny Tiny RSS/19.02 (http://tt-rss.org/)"
66.249.75.149 - - [03/Dec/2019:02:45:58 +0800] "POST /wp-json/wordpress-popular-posts/v1/popular-posts HTTP/1.0" 201 55 "http://www.crazyant.net/87.html" "Mozilla/5.0 AppleWebKit/537.36 (KHTML, like Gecko; compatible; Googlebot/2.1; +http://www.google.com/bot.html) Safari/537.36"
46.229.168.154 - - [03/Dec/2019:02:46:47 +0800] "GET /robots.txt HTTP/1.0" 200 66 "-" "Mozilla/5.0 (compatible; SemrushBot/6~bl; +http://www.semrush.com/bot.html)"
46.229.168.142 - - [03/Dec/2019:02:46:48 +0800] "GET /2532.html HTTP/1.0" 200 11664 "-" "Mozilla/5.0 (compatible; SemrushBot/6~bl; +http://www.semrush.com/bot.html)"
137.74.38.160 - - [03/Dec/2019:02:46:54 +0800] "GET /feed/ HTTP/1.0" 301 - "-" "Tiny Tiny RSS/19.8 (f609065) (http://tt-rss.org/)"
137.74.38.160 - - [03/Dec/2019:02:46:55 +0800] "GET /feed HTTP/1.0" 200 4779 "-" "Tiny Tiny RSS/19.8 (f609065) (http://tt-rss.org/)"
154.209.253.149 - - [03/Dec/2019:02:47:28 +0800] "GET /js/common.js HTTP/1.0" 404 35012 "http://www.crazyant.net/js/common.js" "Mozilla/5.0 (compatible; MSIE 9.0; Windows NT 6.1; Win64; x64; Trident/5.0)"
123.125.71.46 - - [03/Dec/2019:02:48:28 +0800] "GET /655.html HTTP/1.1" 444 0 "-" "Mozilla/5.0 (compatible; Baiduspider/2.0; +http://www.baidu.com/search/spider.html)"
54.175.70.11 - - [03/Dec/2019:02:50:11 +0800] "GET /%e5%b8%b8%e7%94%a8%e8%b5%84%e6%ba%90/feed HTTP/1.0" 200 843 "https://www.google.com/" "Mozilla/5.0 (Windows NT 6.1; Trident/7.0; rv:11.0) like Gecko"
222.129.43.14 - - [03/Dec/2019:02:51:04 +0800] "GET /feed HTTP/1.0" 200 4779 "-" "ReadKit/2.4.3 (Mac OS X Version 10.15.1 (Build 19B88))"
106.11.157.254 - - [03/Dec/2019:02:51:24 +0800] "GET /page/1?gijqtw=mzmyi3&jgtens=fef0l3&uqfcny=u8bsy3&xoxuvc=luduy3 HTTP/1.0" 200 10486 "-" "YisouSpider"
66.249.75.153 - - [03/Dec/2019:02:53:34 +0800] "GET /1426.html HTTP/1.0" 200 10768 "-" "Mozilla/5.0 (compatible; Googlebot/2.1; +http://www.google.com/bot.html)"
66.249.75.151 - - [03/Dec/2019:02:53:36 +0800] "GET /1895.html?goz HTTP/1.0" 200 11033 "-" "Mozilla/5.0 (Linux; Android 6.0.1; Nexus 5X Build/MMB29P) AppleWebKit/537.36 (KHTML, like Gecko) Chrome/41.0.2272.96 Mobile Safari/537.36 (compatible; Googlebot/2.1; +http://www.google.com/bot.html)"
66.249.75.151 - - [03/Dec/2019:02:53:47 +0800] "GET /1440.html HTTP/1.0" 200 11052 "-" "Mozilla/5.0 (compatible; Googlebot/2.1; +http://www.google.com/bot.html)"
66.249.75.153 - - [03/Dec/2019:02:54:01 +0800] "GET /wp-content/uploads/2016/12/pattern_iterator_java_interface.png HTTP/1.0" 200 44251 "-" "Googlebot-Image/1.0"
144.76.90.34 - - [03/Dec/2019:02:54:13 +0800] "GET /feed HTTP/1.0" 200 4779 "-" "Mozilla/5.0 (compatible; BazQux/2.4; +https://bazqux.com/fetcher; 1 subscribers)"
66.249.75.149 - - [03/Dec/2019:02:54:15 +0800] "POST /wp-json/wordpress-popular-posts/v1/popular-posts HTTP/1.0" 201 55 "http://www.crazyant.net/1440.html" "Mozilla/5.0 AppleWebKit/537.36 (KHTML, like Gecko; compatible; Googlebot/2.1; +http://www.google.com/bot.html) Safari/537.36"
66.249.75.149 - - [03/Dec/2019:02:54:35 +0800] "GET /category/python-%E7%88%AC%E8%99%AB%E7%B3%BB%E5%88%97 HTTP/1.0" 200 8628 "-" "Mozilla/5.0 (compatible; Googlebot/2.1; +http://www.google.com/bot.html)"
66.249.75.149 - - [03/Dec/2019:02:54:46 +0800] "GET /2013/09/04/hive HTTP/1.0" 301 - "-" "Mozilla/5.0 (Linux; Android 6.0.1; Nexus 5X Build/MMB29P) AppleWebKit/537.36 (KHTML, like Gecko) Chrome/41.0.2272.96 Mobile Safari/537.36 (compatible; Googlebot/2.1; +http://www.google.com/bot.html)"
