47.96.97.24 - - [06/Dec/2019:22:55:40 +0800] "GET /2591.html/feed HTTP/1.0" 200 519 "-" "Bot/Nutch-1.16"
47.96.97.24 - - [06/Dec/2019:22:55:41 +0800] "GET /wp-json/oembed/1.0/embed?url=http%3A%2F%2Fwww.crazyant.net%2F2615.html HTTP/1.0" 200 1172 "-" "Bot/Nutch-1.16"
47.96.97.24 - - [06/Dec/2019:22:55:59 +0800] "GET /wp-json/oembed/1.0/embed?url=http%3A%2F%2Fwww.crazyant.net%2F2615.html&format=xml HTTP/1.0" 200 1221 "-" "Bot/Nutch-1.16"
117.176.231.178 - - [06/Dec/2019:22:56:11 +0800] "GET /favicon.ico HTTP/1.0" 200 - "-" "Mozilla/5.0 (Windows NT 10.0; WOW64) AppleWebKit/537.36 (KHTML, like Gecko) Chrome/69.0.3497.100 Safari/537.36"
220.181.108.110 - - [06/Dec/2019:22:56:19 +0800] "GET /1898.html HTTP/1.1" 444 0 "-" "Mozilla/5.0 (compatible; Baiduspider/2.0; +http://www.baidu.com/search/spider.html)"
54.36.149.59 - - [06/Dec/2019:22:56:28 +0800] "GET /page/5 HTTP/1.0" 200 11037 "-" "Mozilla/5.0 (compatible; AhrefsBot/6.1; +http://ahrefs.com/robot/)"
66.249.79.25 - - [06/Dec/2019:22:56:53 +0800] "GET /1858.html HTTP/1.0" 200 11372 "-" "Mozilla/5.0 (compatible; Googlebot/2.1; +http://www.google.com/bot.html)"
137.74.38.160 - - [06/Dec/2019:22:56:56 +0800] "GET /feed/ HTTP/1.0" 301 - "-" "Tiny Tiny RSS/19.8 (f609065) (http://tt-rss.org/)"
66.249.79.25 - - [06/Dec/2019:22:56:56 +0800] "POST /wp-json/wordpress-popular-posts/v1/popular-posts HTTP/1.0" 201 55 "http://www.crazyant.net/1858.html" "Mozilla/5.0 AppleWebKit/537.36 (KHTML, like Gecko; compatible; Googlebot/2.1; +http://www.google.com/bot.html) Safari/537.36"
137.74.38.160 - - [06/Dec/2019:22:56:56 +0800] "GET /feed HTTP/1.0" 200 4779 "-" "Tiny Tiny RSS/19.8 (f609065) (http://tt-rss.org/)"
106.11.157.254 - - [06/Dec/2019:22:56:58 +0800] "GET /191.html HTTP/1.0" 200 9944 "-" "YisouSpider"
42.156.254.54 - - [06/Dec/2019:22:57:06 +0800] "POST /wp-json/wordpress-popular-posts/v1/popular-posts HTTP/1.0" 201 54 "http://www.crazyant.net/191.html" "Mozilla/5.0 (Windows NT 6.1; Win64; x64) AppleWebKit/537.36 (KHTML, like Gecko) Chrome/69.0.3497.81 YisouSpider/5.0 Safari/537.36"
47.96.97.24 - - [06/Dec/2019:22:57:35 +0800] "GET /page/27 HTTP/1.0" 200 9535 "-" "Bot/Nutch-1.16"
54.36.149.29 - - [06/Dec/2019:22:58:04 +0800] "GET /wp-content/uploads/2016/12/mybatis_factory_sqlSessionFactory.png HTTP/1.0" 200 165288 "-" "Mozilla/5.0 (compatible; AhrefsBot/6.1; +http://ahrefs.com/robot/)"
47.96.97.24 - - [06/Dec/2019:22:58:04 +0800] "GET /wp-json/oembed/1.0/embed?url=http%3A%2F%2Fwww.crazyant.net%2F2591.html HTTP/1.0" 200 1182 "-" "Bot/Nutch-1.16"
47.96.97.24 - - [06/Dec/2019:22:58:23 +0800] "GET /wp-json/oembed/1.0/embed?url=http%3A%2F%2Fwww.crazyant.net%2F2591.html&format=xml HTTP/1.0" 200 1233 "-" "Bot/Nutch-1.16"
47.96.97.24 - - [06/Dec/2019:22:58:46 +0800] "GET /?p=2564 HTTP/1.0" 301 - "-" "Bot/Nutch-1.16"
91.242.162.83 - - [06/Dec/2019:22:59:28 +0800] "GET /1321.html HTTP/1.0" 200 10969 "-" "Mozilla/5.0 (compatible; Qwantify/2.4w; +https://www.qwant.com/)/2.4w"
92.38.129.153 - - [06/Dec/2019:23:00:02 +0800] "GET /feed/ HTTP/1.0" 301 - "-" "Tiny Tiny RSS/19.02 (http://tt-rss.org/)"
92.38.129.153 - - [06/Dec/2019:23:00:03 +0800] "GET /feed HTTP/1.0" 200 4779 "-" "Tiny Tiny RSS/19.02 (http://tt-rss.org/)"
66.249.79.29 - - [06/Dec/2019:23:00:11 +0800] "GET /2525.html HTTP/1.0" 200 12653 "-" "Mozilla/5.0 (Linux; Android 6.0.1; Nexus 5X Build/MMB29P) AppleWebKit/537.36 (KHTML, like Gecko) Chrome/41.0.2272.96 Mobile Safari/537.36 (compatible; Googlebot/2.1; +http://www.google.com/bot.html)"
66.249.79.25 - - [06/Dec/2019:23:00:15 +0800] "GET /198.html?nsfozg=bptsn3&bqhglo=foc1q3&xursfy=t2qkl3&eyxizy=yoxql3&sgnkjy=uhzbl3&nslkti=nuhbo3&fgpkpa=xnoqo3&vutmdk=dnfxr3&ryxazq=jwnwl3 HTTP/1.0" 200 10132 "-" "Mozilla/5.0 (Linux; Android 6.0.1; Nexus 5X Build/MMB29P) AppleWebKit/537.36 (KHTML, like Gecko) Chrome/41.0.2272.96 Mobile Safari/537.36 (compatible; Googlebot/2.1; +http://www.google.com/bot.html)"
66.249.79.25 - - [06/Dec/2019:23:00:19 +0800] "POST /wp-json/wordpress-popular-posts/v1/popular-posts HTTP/1.0" 201 55 "http://www.crazyant.net/198.html?nsfozg=bptsn3&bqhglo=foc1q3&xursfy=t2qkl3&eyxizy=yoxql3&sgnkjy=uhzbl3&nslkti=nuhbo3&fgpkpa=xnoqo3&vutmdk=dnfxr3&ryxazq=jwnwl3" "Mozilla/5.0 (Linux; Android 6.0.1; Nexus 5X Build/MMB29P) AppleWebKit/537.36 (KHTML, like Gecko) Chrome/41.0.2272.96 Mobile Safari/537.36 (compatible; Googlebot/2.1; +http://www.google.com/bot.html)"
183.200.19.135 - - [06/Dec/2019:23:01:05 +0800] "GET /page/1 HTTP/1.0" 200 10416 "-" "python-requests/2.22.0"
183.200.19.135 - - [06/Dec/2019:23:01:06 +0800] "GET /page/2 HTTP/1.0" 200 10667 "-" "python-requests/2.22.0"
222.129.54.23 - - [06/Dec/2019:23:01:09 +0800] "GET /feed HTTP/1.0" 200 4779 "-" "ReadKit/2.4.3 (Mac OS X Version 10.15.1 (Build 19B88))"
183.200.19.135 - - [06/Dec/2019:23:01:09 +0800] "GET /page/3 HTTP/1.0" 200 10726 "-" "python-requests/2.22.0"
183.200.19.135 - - [06/Dec/2019:23:01:11 +0800] "GET /page/4 HTTP/1.0" 200 11019 "-" "python-requests/2.22.0"
114.67.104.99 - - [06/Dec/2019:23:01:11 +0800] "GET /feed HTTP/1.0" 200 4779 "-" "Mozilla/5.0 (Linux; Android 8.0.0; TA-1053 Build/OPR1.170623.026) AppleWebKit/537.36 (KHTML, like Gecko) Chrome/67.0.3368.0 Mobile Safari/537.36"
183.200.19.135 - - [06/Dec/2019:23:01:13 +0800] "GET /page/5 HTTP/1.0" 200 11037 "-" "python-requests/2.22.0"
183.200.19.135 - - [06/Dec/2019:23:01:14 +0800] "GET /page/6 HTTP/1.0" 200 11116 "-" "python-requests/2.22.0"
183.200.19.135 - - [06/Dec/2019:23:01:15 +0800] "GET /page/7 HTTP/1.0" 200 11259 "-" "python-requests/2.22.0"
3.81.117.26 - - [06/Dec/2019:23:01:16 +0800] "GET /category/web-development/feed HTTP/1.0" 200 2313 "https://www.google.com/" "Mozilla/5.0 (Windows NT 6.1; WOW64; Trident/7.0; rv:11.0) like Gecko"
183.200.19.135 - - [06/Dec/2019:23:01:16 +0800] "GET /page/8 HTTP/1.0" 200 11093 "-" "python-requests/2.22.0"
183.200.19.135 - - [06/Dec/2019:23:01:18 +0800] "GET /page/9 HTTP/1.0" 200 11049 "-" "python-requests/2.22.0"
183.200.19.135 - - [06/Dec/2019:23:01:20 +0800] "GET /page/10 HTTP/1.0" 200 10909 "-" "python-requests/2.22.0"
183.200.19.135 - - [06/Dec/2019:23:01:22 +0800] "GET /page/11 HTTP/1.0" 200 10883 "-" "python-requests/2.22.0"
183.200.19.135 - - [06/Dec/2019:23:01:23 +0800] "GET /page/12 HTTP/1.0" 200 11034 "-" "python-requests/2.22.0"
183.200.19.135 - - [06/Dec/2019:23:01:24 +0800] "GET /page/13 HTTP/1.0" 200 11217 "-" "python-requests/2.22.0"
183.200.19.135 - - [06/Dec/2019:23:01:25 +0800] "GET /page/14 HTTP/1.0" 200 11237 "-" "python-requests/2.22.0"
183.200.19.135 - - [06/Dec/2019:23:01:26 +0800] "GET /page/15 HTTP/1.0" 200 10949 "-" "python-requests/2.22.0"
183.200.19.135 - - [06/Dec/2019:23:01:28 +0800] "GET /page/16 HTTP/1.0" 200 11375 "-" "python-requests/2.22.0"
183.200.19.135 - - [06/Dec/2019:23:01:29 +0800] "GET /page/17 HTTP/1.0" 200 10558 "-" "python-requests/2.22.0"
183.200.19.135 - - [06/Dec/2019:23:01:30 +0800] "GET /page/18 HTTP/1.0" 200 11082 "-" "python-requests/2.22.0"
183.200.19.135 - - [06/Dec/2019:23:01:31 +0800] "GET /page/19 HTTP/1.0" 200 10867 "-" "python-requests/2.22.0"
183.200.19.135 - - [06/Dec/2019:23:01:32 +0800] "GET /page/20 HTTP/1.0" 200 11133 "-" "python-requests/2.22.0"
47.96.97.24 - - [06/Dec/2019:23:01:34 +0800] "GET /tag/win7 HTTP/1.0" 200 9741 "-" "Bot/Nutch-1.16"
183.200.19.135 - - [06/Dec/2019:23:01:34 +0800] "GET /page/21 HTTP/1.0" 200 11004 "-" "python-requests/2.22.0"
183.200.19.135 - - [06/Dec/2019:23:01:35 +0800] "GET /page/22 HTTP/1.0" 200 10925 "-" "python-requests/2.22.0"
183.200.19.135 - - [06/Dec/2019:23:01:37 +0800] "GET /page/23 HTTP/1.0" 200 10815 "-" "python-requests/2.22.0"
183.200.19.135 - - [06/Dec/2019:23:01:38 +0800] "GET /page/24 HTTP/1.0" 200 10665 "-" "python-requests/2.22.0"
47.96.97.24 - - [06/Dec/2019:23:01:39 +0800] "GET /tag/jquery HTTP/1.0" 200 8832 "-" "Bot/Nutch-1.16"
183.200.19.135 - - [06/Dec/2019:23:02:36 +0800] "GET /page/1 HTTP/1.0" 200 10416 "-" "python-requests/2.22.0"
183.199.0.234 - - [06/Dec/2019:23:02:56 +0800] "GET /favicon.ico HTTP/1.1" 200 0 "-" "Mozilla/5.0 (Windows NT 10.0; WOW64) AppleWebKit/537.36 (KHTML, like Gecko) Chrome/63.0.3239.132 Safari/537.36"
47.96.97.24 - - [06/Dec/2019:23:03:16 +0800] "GET /category/%E7%A8%8B%E5%BA%8F%E4%BA%BA%E7%94%9F HTTP/1.0" 200 10999 "-" "Bot/Nutch-1.16"
47.96.97.24 - - [06/Dec/2019:23:03:30 +0800] "GET /category/python-machinelearning HTTP/1.0" 200 8549 "-" "Bot/Nutch-1.16"
123.125.71.33 - - [06/Dec/2019:23:03:52 +0800] "GET /1193.html HTTP/1.1" 444 0 "-" "Mozilla/5.0 (compatible; Baiduspider/2.0; +http://www.baidu.com/search/spider.html)"
47.96.97.24 - - [06/Dec/2019:23:03:58 +0800] "GET /tag/pandas/feed HTTP/1.0" 200 3372 "-" "Bot/Nutch-1.16"
106.11.159.254 - - [06/Dec/2019:23:04:01 +0800] "GET /155.html HTTP/1.0" 200 10179 "-" "YisouSpider"
106.11.159.102 - - [06/Dec/2019:23:04:13 +0800] "GET /wp-content/plugins/easy-fancybox/js/jquery.mousewheel.min.js HTTP/1.0" 200 1145 "https://www.crazyant.net/155.html" "Mozilla/5.0 (Windows NT 6.1; Win64; x64) AppleWebKit/537.36 (KHTML, like Gecko) Chrome/69.0.3497.81 YisouSpider/5.0 Safari/537.36"
106.11.152.56 - - [06/Dec/2019:23:04:13 +0800] "GET /wp-content/uploads/siteground-optimizer-assets/bibblio_related_posts.min.js HTTP/1.0" 200 37 "https://www.crazyant.net/155.html" "Mozilla/5.0 (Windows NT 6.1; Win64; x64) AppleWebKit/537.36 (KHTML, like Gecko) Chrome/69.0.3497.81 YisouSpider/5.0 Safari/537.36"
106.11.154.115 - - [06/Dec/2019:23:04:13 +0800] "GET /wp-content/plugins/easy-fancybox/js/jquery.easing.min.js HTTP/1.0" 200 767 "https://www.crazyant.net/155.html" "Mozilla/5.0 (Windows NT 6.1; Win64; x64) AppleWebKit/537.36 (KHTML, like Gecko) Chrome/69.0.3497.81 YisouSpider/5.0 Safari/537.36"
47.96.97.24 - - [06/Dec/2019:23:04:24 +0800] "GET /tag/%E5%AE%89%E5%85%A8 HTTP/1.0" 200 8574 "-" "Bot/Nutch-1.16"
47.96.97.24 - - [06/Dec/2019:23:04:57 +0800] "GET /tag/javascript HTTP/1.0" 200 9713 "-" "Bot/Nutch-1.16"
157.55.39.54 - - [06/Dec/2019:23:05:27 +0800] "GET / HTTP/1.0" 200 10416 "-" "Mozilla/5.0 (compatible; bingbot/2.0; +http://www.bing.com/bingbot.htm)"
146.66.92.61 - - [06/Dec/2019:23:07:08 +0800] "POST /wp-cron.php?doing_wp_cron=1575644828.7582991123199462890625 HTTP/1.0" 200 - "http://www.crazyant.net/wp-cron.php?doing_wp_cron=1575644828.7582991123199462890625" "WordPress/5.3; http://www.crazyant.net"
47.96.97.24 - - [06/Dec/2019:23:07:08 +0800] "GET /?p=2574 HTTP/1.0" 301 - "-" "Bot/Nutch-1.16"
66.249.79.25 - - [06/Dec/2019:23:07:24 +0800] "GET /author/peishuai1987/page/2?zkfgjc=htiir2 HTTP/1.0" 200 10770 "-" "Mozilla/5.0 (Linux; Android 6.0.1; Nexus 5X Build/MMB29P) AppleWebKit/537.36 (KHTML, like Gecko) Chrome/41.0.2272.96 Mobile Safari/537.36 (compatible; Googlebot/2.1; +http://www.google.com/bot.html)"
47.96.97.24 - - [06/Dec/2019:23:08:27 +0800] "GET /author/peishuai1987/page/2 HTTP/1.0" 200 10755 "-" "Bot/Nutch-1.16"
216.244.66.230 - - [06/Dec/2019:23:08:31 +0800] "GET /wp-content/uploads/2011/09/%E9%80%89%E4%B8%AD%E6%8F%92%E4%BB%B6.png HTTP/1.0" 301 - "-" "Mozilla/5.0 (compatible; DotBot/1.1; http://www.opensiteexplorer.org/dotbot, help@moz.com)"
106.11.152.246 - - [06/Dec/2019:23:08:48 +0800] "GET /wp-content/plugins/easy-fancybox/css/jquery.fancybox.min.css?ver=1.3.24 HTTP/1.0" 200 1111 "http://www.crazyant.net/2120.html" "YisouSpider"
47.96.97.24 - - [06/Dec/2019:23:08:51 +0800] "GET /2598.html/feed HTTP/1.0" 200 504 "-" "Bot/Nutch-1.16"
47.96.97.24 - - [06/Dec/2019:23:08:56 +0800] "GET /tag/%E7%A8%8B%E5%BA%8F%E4%BA%BA%E7%94%9F HTTP/1.0" 200 11196 "-" "Bot/Nutch-1.16"
106.11.158.235 - - [06/Dec/2019:23:08:56 +0800] "GET /?s=%E5%8D%8E%E5%AE%87%E5%A8%B1%E4%B9%90%E7%99%BE%E8%8F%AF%E3%80%90%E2%94%83%E5%B8%82%E5%9C%BA%E9%83%A82%E2%92%8F7%E2%92%8F01705[%E6%89%A3]%E3%80%91%E3%80%91 HTTP/1.0" 200 8376 "-" "YisouSpider"
77.75.78.164 - - [06/Dec/2019:23:09:19 +0800] "GET /robots.txt HTTP/1.0" 200 66 "-" "Mozilla/5.0 (compatible; SeznamBot/3.2; +http://napoveda.seznam.cz/en/seznambot-intro/)"
77.75.78.164 - - [06/Dec/2019:23:09:21 +0800] "GET /2523.html HTTP/1.0" 200 11889 "-" "Mozilla/5.0 (compatible; SeznamBot/3.2; +http://napoveda.seznam.cz/en/seznambot-intro/)"
54.36.150.170 - - [06/Dec/2019:23:10:24 +0800] "GET /1193.html HTTP/1.0" 200 13770 "-" "Mozilla/5.0 (compatible; AhrefsBot/6.1; +http://ahrefs.com/robot/)"
47.96.97.24 - - [06/Dec/2019:23:10:43 +0800] "GET /comments/feed HTTP/1.0" 200 4659 "-" "Bot/Nutch-1.16"
47.96.97.24 - - [06/Dec/2019:23:11:11 +0800] "GET /category/%E6%8E%A8%E8%8D%90%E7%B3%BB%E7%BB%9F HTTP/1.0" 200 9800 "-" "Bot/Nutch-1.16"
123.125.71.27 - - [06/Dec/2019:23:11:25 +0800] "GET /686.html?tghivo=n2mmv3 HTTP/1.1" 444 0 "-" "Mozilla/5.0 (compatible; Baiduspider/2.0; +http://www.baidu.com/search/spider.html)"
47.96.97.24 - - [06/Dec/2019:23:11:40 +0800] "GET /?p=2615 HTTP/1.0" 301 - "-" "Bot/Nutch-1.16"
47.96.97.24 - - [06/Dec/2019:23:11:46 +0800] "GET /tag/ubuntu HTTP/1.0" 200 9911 "-" "Bot/Nutch-1.16"
106.11.154.147 - - [06/Dec/2019:23:12:03 +0800] "GET /wp-content/plugins/crayon-syntax-highlighter/css/min/crayon.min.css HTTP/1.0" 200 3959 "http://www.crazyant.net/?s=%E3%80%90%E2%94%83%E5%B8%82%E5%9C%BA%E9%83%A82%E2%92%8F7%E2%92%8F01705[%E6%89%A3]%E3%80%91%E3%80%91%E5%8D%8E%E5%AE%87lafeigame2" "YisouSpider"
47.96.97.24 - - [06/Dec/2019:23:12:51 +0800] "GET /tag/%E6%9C%BA%E5%99%A8%E5%AD%A6%E4%B9%A0 HTTP/1.0" 200 9465 "-" "Bot/Nutch-1.16"
47.96.97.24 - - [06/Dec/2019:23:14:05 +0800] "GET /tag/shell HTTP/1.0" 200 10324 "-" "Bot/Nutch-1.16"
117.91.130.212 - - [06/Dec/2019:23:14:33 +0800] "GET /198.html HTTP/1.0" 200 40566 "-" "Mozilla/5.0 (Windows NT 10.0; Win64; x64) AppleWebKit/537.36 (KHTML, like Gecko) Chrome/51.0.2704.106 Safari/537.36"
58.23.63.241 - - [06/Dec/2019:23:15:29 +0800] "GET /favicon.ico HTTP/1.0" 200 - "-" "Mozilla/5.0 (Windows NT 6.1; WOW64) AppleWebKit/537.36 (KHTML, like Gecko) Chrome/69.0.3497.100 Safari/537.36"
92.38.129.153 - - [06/Dec/2019:23:16:04 +0800] "GET /feed/ HTTP/1.0" 301 - "-" "Tiny Tiny RSS/19.02 (http://tt-rss.org/)"
92.38.129.153 - - [06/Dec/2019:23:16:05 +0800] "GET /feed HTTP/1.0" 200 4779 "-" "Tiny Tiny RSS/19.02 (http://tt-rss.org/)"
142.112.104.241 - - [06/Dec/2019:23:17:49 +0800] "GET / HTTP/1.0" 301 - "-" "Mozilla/5.0 (X11; Ubuntu; Linux x86_64; rv:70.0) Gecko/20100101 Firefox/70.0"
106.11.156.234 - - [06/Dec/2019:23:17:59 +0800] "GET /1861.html?replytocom=21093 HTTP/1.0" 200 11949 "-" "YisouSpider"
47.96.97.24 - - [06/Dec/2019:23:18:04 +0800] "GET /tag/website HTTP/1.0" 200 9227 "-" "Bot/Nutch-1.16"
106.11.156.33 - - [06/Dec/2019:23:18:06 +0800] "POST /wp-json/wordpress-popular-posts/v1/popular-posts HTTP/1.0" 201 54 "http://www.crazyant.net/1861.html?replytocom=21093" "Mozilla/5.0 (Windows NT 6.1; Win64; x64) AppleWebKit/537.36 (KHTML, like Gecko) Chrome/69.0.3497.81 YisouSpider/5.0 Safari/537.36"
141.8.132.24 - - [06/Dec/2019:23:18:47 +0800] "GET /robots.txt HTTP/1.0" 200 66 "-" "Mozilla/5.0 (compatible; YandexBot/3.0; +http://yandex.com/bots)"
141.8.132.24 - - [06/Dec/2019:23:18:50 +0800] "GET /wp-content/uploads/ftp_img/c5f7f7c13fcd_A171/20130930120232.png HTTP/1.0" 200 56459 "-" "Mozilla/5.0 (compatible; YandexImages/3.0; +http://yandex.com/bots)"
47.96.97.24 - - [06/Dec/2019:23:18:54 +0800] "GET /tag/%E4%B8%AA%E6%80%A7%E5%8C%96%E6%8E%A8%E8%8D%90 HTTP/1.0" 200 8599 "-" "Bot/Nutch-1.16"
220.181.108.116 - - [06/Dec/2019:23:19:00 +0800] "GET /629.html HTTP/1.1" 444 0 "-" "Mozilla/5.0 (compatible; Baiduspider/2.0; +http://www.baidu.com/search/spider.html)"
222.129.54.23 - - [06/Dec/2019:23:19:09 +0800] "GET /feed HTTP/1.0" 200 4779 "-" "ReadKit/2.4.3 (Mac OS X Version 10.15.1 (Build 19B88))"
141.8.132.24 - - [06/Dec/2019:23:19:14 +0800] "GET /tag/flask HTTP/1.0" 200 8895 "-" "Mozilla/5.0 (compatible; YandexBot/3.0; +http://yandex.com/bots)"
54.161.119.164 - - [06/Dec/2019:23:20:00 +0800] "GET /author/peishuai1987/feed HTTP/1.0" 200 4801 "https://www.google.com/" "Mozilla/5.0 (X11; CrOS x86_64 8172.45.0) AppleWebKit/537.36 (KHTML, like Gecko) Chrome/51.0.2704.64 Safari/537.36"
120.227.28.93 - - [06/Dec/2019:23:20:08 +0800] "GET /wp-content/uploads/2016/12/pattern_Proxy.jpg HTTP/1.0" 200 26448 "https://blog.csdn.net/qq_16713463/article/details/78110354" "Mozilla/5.0 (iPhone; CPU iPhone OS 13_1_3 like Mac OS X) AppleWebKit/605.1.15 (KHTML, like Gecko) Version/13.0.1 Mobile/15E148 Safari/604.1"
120.227.28.93 - - [06/Dec/2019:23:20:08 +0800] "GET /wp-content/uploads/2016/12/pattern_composite2.png HTTP/1.0" 200 11567 "https://blog.csdn.net/qq_16713463/article/details/78110354" "Mozilla/5.0 (iPhone; CPU iPhone OS 13_1_3 like Mac OS X) AppleWebKit/605.1.15 (KHTML, like Gecko) Version/13.0.1 Mobile/15E148 Safari/604.1"
120.227.28.93 - - [06/Dec/2019:23:20:08 +0800] "GET /wp-content/uploads/2016/12/pattern_Proxy_seq.jpg HTTP/1.0" 200 21522 "https://blog.csdn.net/qq_16713463/article/details/78110354" "Mozilla/5.0 (iPhone; CPU iPhone OS 13_1_3 like Mac OS X) AppleWebKit/605.1.15 (KHTML, like Gecko) Version/13.0.1 Mobile/15E148 Safari/604.1"
120.227.28.93 - - [06/Dec/2019:23:20:08 +0800] "GET /wp-content/uploads/2016/12/pattern_Decorator.jpg HTTP/1.0" 200 35901 "https://blog.csdn.net/qq_16713463/article/details/78110354" "Mozilla/5.0 (iPhone; CPU iPhone OS 13_1_3 like Mac OS X) AppleWebKit/605.1.15 (KHTML, like Gecko) Version/13.0.1 Mobile/15E148 Safari/604.1"
120.227.28.93 - - [06/Dec/2019:23:20:08 +0800] "GET /wp-content/uploads/2016/12/pattern_adapter.jpg HTTP/1.0" 200 22376 "https://blog.csdn.net/qq_16713463/article/details/78110354" "Mozilla/5.0 (iPhone; CPU iPhone OS 13_1_3 like Mac OS X) AppleWebKit/605.1.15 (KHTML, like Gecko) Version/13.0.1 Mobile/15E148 Safari/604.1"
120.227.28.93 - - [06/Dec/2019:23:20:09 +0800] "GET /wp-content/uploads/2016/12/mybatis_decorators_cache-768x383.jpg HTTP/1.0" 200 19705 "https://blog.csdn.net/qq_16713463/article/details/78110354" "Mozilla/5.0 (iPhone; CPU iPhone OS 13_1_3 like Mac OS X) AppleWebKit/605.1.15 (KHTML, like Gecko) Version/13.0.1 Mobile/15E148 Safari/604.1"
120.227.28.93 - - [06/Dec/2019:23:20:09 +0800] "GET /wp-content/uploads/2016/12/pattern_iterator_java_interface.png HTTP/1.0" 200 44251 "https://blog.csdn.net/qq_16713463/article/details/78110354" "Mozilla/5.0 (iPhone; CPU iPhone OS 13_1_3 like Mac OS X) AppleWebKit/605.1.15 (KHTML, like Gecko) Version/13.0.1 Mobile/15E148 Safari/604.1"
120.227.28.93 - - [06/Dec/2019:23:20:09 +0800] "GET /wp-content/uploads/2016/12/mybatis_sqlNode_types-768x614.png HTTP/1.0" 200 179942 "https://blog.csdn.net/qq_16713463/article/details/78110354" "Mozilla/5.0 (iPhone; CPU iPhone OS 13_1_3 like Mac OS X) AppleWebKit/605.1.15 (KHTML, like Gecko) Version/13.0.1 Mobile/15E148 Safari/604.1"
120.227.28.93 - - [06/Dec/2019:23:20:09 +0800] "GET /wp-content/plugins/crayon-syntax-highlighter/css/images/toolbar/buttons@2x.png HTTP/1.0" 200 3181 "https://blog.csdn.net/qq_16713463/article/details/78110354" "Mozilla/5.0 (iPhone; CPU iPhone OS 13_1_3 like Mac OS X) AppleWebKit/605.1.15 (KHTML, like Gecko) Version/13.0.1 Mobile/15E148 Safari/604.1"
120.227.28.93 - - [06/Dec/2019:23:20:10 +0800] "GET /wp-content/uploads/2016/12/mybatis_executors.png HTTP/1.0" 200 10628 "https://blog.csdn.net/qq_16713463/article/details/78110354" "Mozilla/5.0 (iPhone; CPU iPhone OS 13_1_3 like Mac OS X) AppleWebKit/605.1.15 (KHTML, like Gecko) Version/13.0.1 Mobile/15E148 Safari/604.1"
47.96.97.24 - - [06/Dec/2019:23:20:15 +0800] "GET /tag/php HTTP/1.0" 200 11153 "-" "Bot/Nutch-1.16"
47.96.97.24 - - [06/Dec/2019:23:20:38 +0800] "GET /2604.html/feed HTTP/1.0" 200 507 "-" "Bot/Nutch-1.16"
47.96.97.24 - - [06/Dec/2019:23:20:59 +0800] "GET /my_program_notes HTTP/1.0" 200 9472 "-" "Bot/Nutch-1.16"
66.249.79.27 - - [06/Dec/2019:23:21:42 +0800] "GET /1931.html?nifsxs=lvhet&dqbcvo=byjpl3&gefsps=6o6us&ryxazq=jwnwl3&mkjmvw=e9frn3&ailwng=yfgtt&gofuzi=i805o3&qqryfe=0nkal3&fgxozm=v2mrl3&tojqni=rxncl3&jmbgdk=dsl8n3&mazuzg=cmeit&umfgto=uj5ps&veluli=xwezl3&matmxw=8pfzq&qgxkfa=cfkgt&vercns=1tdio3 HTTP/1.0" 200 13237 "-" "Mozilla/5.0 (Linux; Android 6.0.1; Nexus 5X Build/MMB29P) AppleWebKit/537.36 (KHTML, like Gecko) Chrome/41.0.2272.96 Mobile Safari/537.36 (compatible; Googlebot/2.1; +http://www.google.com/bot.html)"
66.249.79.25 - - [06/Dec/2019:23:21:47 +0800] "POST /wp-json/wordpress-popular-posts/v1/popular-posts HTTP/1.0" 201 55 "http://www.crazyant.net/1931.html?nifsxs=lvhet&dqbcvo=byjpl3&gefsps=6o6us&ryxazq=jwnwl3&mkjmvw=e9frn3&ailwng=yfgtt&gofuzi=i805o3&qqryfe=0nkal3&fgxozm=v2mrl3&tojqni=rxncl3&jmbgdk=dsl8n3&mazuzg=cmeit&umfgto=uj5ps&veluli=xwezl3&matmxw=8pfzq&qgxkfa=cfkgt&vercns=1tdio3" "Mozilla/5.0 (Linux; Android 6.0.1; Nexus 5X Build/MMB29P) AppleWebKit/537.36 (KHTML, like Gecko) Chrome/41.0.2272.96 Mobile Safari/537.36 (compatible; Googlebot/2.1; +http://www.google.com/bot.html)"
54.36.150.79 - - [06/Dec/2019:23:21:49 +0800] "GET /page/11 HTTP/1.0" 200 10883 "-" "Mozilla/5.0 (compatible; AhrefsBot/6.1; +http://ahrefs.com/robot/)"
47.96.97.24 - - [06/Dec/2019:23:23:36 +0800] "GET /tag/java HTTP/1.0" 200 11299 "-" "Bot/Nutch-1.16"
47.96.97.24 - - [06/Dec/2019:23:23:47 +0800] "GET /tag/%E6%8E%A8%E8%8D%90%E7%AE%97%E6%B3%95 HTTP/1.0" 200 8604 "-" "Bot/Nutch-1.16"
47.96.97.24 - - [06/Dec/2019:23:23:52 +0800] "GET /tag/%E7%AE%97%E6%B3%95 HTTP/1.0" 200 9223 "-" "Bot/Nutch-1.16"
47.96.97.24 - - [06/Dec/2019:23:23:55 +0800] "GET /?p=2594 HTTP/1.0" 301 - "-" "Bot/Nutch-1.16"
47.96.97.24 - - [06/Dec/2019:23:24:18 +0800] "GET /xmlrpc.php?rsd HTTP/1.0" 200 298 "-" "Bot/Nutch-1.16"
47.96.97.24 - - [06/Dec/2019:23:25:07 +0800] "GET /tag/hadoop HTTP/1.0" 200 9995 "-" "Bot/Nutch-1.16"
144.76.90.36 - - [06/Dec/2019:23:25:14 +0800] "GET /feed HTTP/1.0" 200 4779 "-" "Mozilla/5.0 (compatible; BazQux/2.4; +https://bazqux.com/fetcher; 1 subscribers)"
47.96.97.24 - - [06/Dec/2019:23:26:04 +0800] "GET /tag/wordpress HTTP/1.0" 200 9273 "-" "Bot/Nutch-1.16"
47.96.97.24 - - [06/Dec/2019:23:26:11 +0800] "GET /2546.html HTTP/1.0" 200 11297 "-" "Bot/Nutch-1.16"
47.96.97.24 - - [06/Dec/2019:23:26:27 +0800] "GET /category/python-data-analysis HTTP/1.0" 200 8185 "-" "Bot/Nutch-1.16"
47.96.97.24 - - [06/Dec/2019:23:26:29 +0800] "GET /tag/python/page/2 HTTP/1.0" 200 10634 "-" "Bot/Nutch-1.16"
106.11.153.226 - - [06/Dec/2019:23:26:29 +0800] "GET /700.html HTTP/1.0" 200 13061 "-" "YisouSpider"
220.181.108.174 - - [06/Dec/2019:23:26:33 +0800] "GET /808.html HTTP/1.1" 444 0 "-" "Mozilla/5.0 (compatible; Baiduspider/2.0; +http://www.baidu.com/search/spider.html)"
137.74.38.160 - - [06/Dec/2019:23:27:17 +0800] "GET /feed/ HTTP/1.0" 301 - "-" "Tiny Tiny RSS/19.8 (f609065) (http://tt-rss.org/)"
137.74.38.160 - - [06/Dec/2019:23:27:18 +0800] "GET /feed HTTP/1.0" 200 4779 "-" "Tiny Tiny RSS/19.8 (f609065) (http://tt-rss.org/)"
107.21.21.64 - - [06/Dec/2019:23:28:02 +0800] "GET /category/no-category/feed HTTP/1.0" 200 2699 "https://www.google.com/" "Mozilla/5.0 (Windows NT 6.1; WOW64) AppleWebKit/537.36 (KHTML, like Gecko) Chrome/54.0.2840.99 Safari/537.36"
54.36.149.71 - - [06/Dec/2019:23:28:16 +0800] "GET /category/php-development/page/3 HTTP/1.0" 200 10871 "-" "Mozilla/5.0 (compatible; AhrefsBot/6.1; +http://ahrefs.com/robot/)"
47.96.97.24 - - [06/Dec/2019:23:28:45 +0800] "GET /tag/linux HTTP/1.0" 200 10285 "-" "Bot/Nutch-1.16"
66.249.79.25 - - [06/Dec/2019:23:28:51 +0800] "GET /search/%E6%9D%8F%E5%BD%A9%E8%BF%94%E7%82%B9%E4%BA%86%E3%80%90%E2%94%83%E7%A8%B3%E5%AE%9A%EF%BC%9217%E2%92%8B31%E2%94%83%E6%89%A3%E3%80%91%E3%80%91/feed/rss2/ HTTP/1.0" 200 679 "-" "Mozilla/5.0 (Linux; Android 6.0.1; Nexus 5X Build/MMB29P) AppleWebKit/537.36 (KHTML, like Gecko) Chrome/41.0.2272.96 Mobile Safari/537.36 (compatible; Googlebot/2.1; +http://www.google.com/bot.html)"
47.96.97.24 - - [06/Dec/2019:23:29:12 +0800] "GET /tag/svn HTTP/1.0" 200 9021 "-" "Bot/Nutch-1.16"
113.234.24.19 - - [06/Dec/2019:23:29:14 +0800] "GET /robots.txt HTTP/1.0" 200 66 "-" "Mozilla/5.0 (Windows NT 10.0; Win64; x64) AppleWebKit/537.36 (KHTML, like Gecko) Chrome/78.0.3904.108 Safari/537.36"
113.234.24.19 - - [06/Dec/2019:23:29:14 +0800] "GET /1895.html HTTP/1.0" 200 11030 "https://www.google.com/" "Mozilla/5.0 (Windows NT 10.0; Win64; x64) AppleWebKit/537.36 (KHTML, like Gecko) Chrome/78.0.3904.108 Safari/537.36"
113.234.24.19 - - [06/Dec/2019:23:29:14 +0800] "GET /wp-includes/css/dist/block-library/theme.min.css HTTP/1.0" 200 639 "http://www.crazyant.net/1895.html" "Mozilla/5.0 (Windows NT 10.0; Win64; x64) AppleWebKit/537.36 (KHTML, like Gecko) Chrome/78.0.3904.108 Safari/537.36"
113.234.24.19 - - [06/Dec/2019:23:29:14 +0800] "GET /wp-includes/css/dist/block-library/style.min.css HTTP/1.0" 200 6163 "http://www.crazyant.net/1895.html" "Mozilla/5.0 (Windows NT 10.0; Win64; x64) AppleWebKit/537.36 (KHTML, like Gecko) Chrome/78.0.3904.108 Safari/537.36"
113.234.24.19 - - [06/Dec/2019:23:29:14 +0800] "GET /wp-content/plugins/bibblio-related-posts/public/css/bibblio_related_posts.min.css HTTP/1.0" 200 42 "http://www.crazyant.net/1895.html" "Mozilla/5.0 (Windows NT 10.0; Win64; x64) AppleWebKit/537.36 (KHTML, like Gecko) Chrome/78.0.3904.108 Safari/537.36"
113.234.24.19 - - [06/Dec/2019:23:29:15 +0800] "GET /wp-content/plugins/cardoza-3d-tag-cloud//public/css/my-style.min.css HTTP/1.0" 200 218 "http://www.crazyant.net/1895.html" "Mozilla/5.0 (Windows NT 10.0; Win64; x64) AppleWebKit/537.36 (KHTML, like Gecko) Chrome/78.0.3904.108 Safari/537.36"
113.234.24.19 - - [06/Dec/2019:23:29:15 +0800] "GET /wp-content/plugins/table-of-contents-plus/screen.min.css HTTP/1.0" 200 456 "http://www.crazyant.net/1895.html" "Mozilla/5.0 (Windows NT 10.0; Win64; x64) AppleWebKit/537.36 (KHTML, like Gecko) Chrome/78.0.3904.108 Safari/537.36"
113.234.24.19 - - [06/Dec/2019:23:29:15 +0800] "GET /wp-content/plugins/wordpress-popular-posts/assets/css/wordpress-popular-posts-css.min.css HTTP/1.0" 200 229 "http://www.crazyant.net/1895.html" "Mozilla/5.0 (Windows NT 10.0; Win64; x64) AppleWebKit/537.36 (KHTML, like Gecko) Chrome/78.0.3904.108 Safari/537.36"
113.234.24.19 - - [06/Dec/2019:23:29:15 +0800] "GET /wp-content/themes/twentyfifteen/genericons/genericons.min.css HTTP/1.0" 200 16232 "http://www.crazyant.net/1895.html" "Mozilla/5.0 (Windows NT 10.0; Win64; x64) AppleWebKit/537.36 (KHTML, like Gecko) Chrome/78.0.3904.108 Safari/537.36"
113.234.24.19 - - [06/Dec/2019:23:29:15 +0800] "GET /wp-content/themes/twentyfifteen/twentyfifteen-style.min.css HTTP/1.0" 200 11037 "http://www.crazyant.net/1895.html" "Mozilla/5.0 (Windows NT 10.0; Win64; x64) AppleWebKit/537.36 (KHTML, like Gecko) Chrome/78.0.3904.108 Safari/537.36"
113.234.24.19 - - [06/Dec/2019:23:29:15 +0800] "GET /wp-content/themes/twentyfifteen/css/twentyfifteen-block-style.min.css HTTP/1.0" 200 1596 "http://www.crazyant.net/1895.html" "Mozilla/5.0 (Windows NT 10.0; Win64; x64) AppleWebKit/537.36 (KHTML, like Gecko) Chrome/78.0.3904.108 Safari/537.36"
113.234.24.19 - - [06/Dec/2019:23:29:15 +0800] "GET /wp-content/plugins/easy-fancybox/css/jquery.fancybox.min.css HTTP/1.0" 200 1111 "http://www.crazyant.net/1895.html" "Mozilla/5.0 (Windows NT 10.0; Win64; x64) AppleWebKit/537.36 (KHTML, like Gecko) Chrome/78.0.3904.108 Safari/537.36"
113.234.24.19 - - [06/Dec/2019:23:29:15 +0800] "GET /wp-includes/js/jquery/jquery.js HTTP/1.0" 200 33776 "http://www.crazyant.net/1895.html" "Mozilla/5.0 (Windows NT 10.0; Win64; x64) AppleWebKit/537.36 (KHTML, like Gecko) Chrome/78.0.3904.108 Safari/537.36"
113.234.24.19 - - [06/Dec/2019:23:29:15 +0800] "GET /wp-includes/js/jquery/jquery-migrate.min.js HTTP/1.0" 200 4014 "http://www.crazyant.net/1895.html" "Mozilla/5.0 (Windows NT 10.0; Win64; x64) AppleWebKit/537.36 (KHTML, like Gecko) Chrome/78.0.3904.108 Safari/537.36"
113.234.24.19 - - [06/Dec/2019:23:29:15 +0800] "GET /wp-content/uploads/siteground-optimizer-assets/bibblio_related_posts.min.js HTTP/1.0" 200 37 "http://www.crazyant.net/1895.html" "Mozilla/5.0 (Windows NT 10.0; Win64; x64) AppleWebKit/537.36 (KHTML, like Gecko) Chrome/78.0.3904.108 Safari/537.36"
113.234.24.19 - - [06/Dec/2019:23:29:15 +0800] "GET /wp-content/plugins/cardoza-3d-tag-cloud/jquery.tagcanvas.min.js HTTP/1.0" 200 8629 "http://www.crazyant.net/1895.html" "Mozilla/5.0 (Windows NT 10.0; Win64; x64) AppleWebKit/537.36 (KHTML, like Gecko) Chrome/78.0.3904.108 Safari/537.36"
113.234.24.19 - - [06/Dec/2019:23:29:15 +0800] "GET /wp-includes/js/wp-embed.min.js HTTP/1.0" 200 740 "http://www.crazyant.net/1895.html" "Mozilla/5.0 (Windows NT 10.0; Win64; x64) AppleWebKit/537.36 (KHTML, like Gecko) Chrome/78.0.3904.108 Safari/537.36"
113.234.24.19 - - [06/Dec/2019:23:29:15 +0800] "GET /wp-content/plugins/wordpress-popular-posts/assets/js/wpp-5.0.0.min.js HTTP/1.0" 200 744 "http://www.crazyant.net/1895.html" "Mozilla/5.0 (Windows NT 10.0; Win64; x64) AppleWebKit/537.36 (KHTML, like Gecko) Chrome/78.0.3904.108 Safari/537.36"
113.234.24.19 - - [06/Dec/2019:23:29:15 +0800] "GET /wp-content/uploads/2019/08/%E5%B0%8F%E5%9B%BE.jpg HTTP/1.0" 200 5582 "http://www.crazyant.net/1895.html" "Mozilla/5.0 (Windows NT 10.0; Win64; x64) AppleWebKit/537.36 (KHTML, like Gecko) Chrome/78.0.3904.108 Safari/537.36"
113.234.24.19 - - [06/Dec/2019:23:29:15 +0800] "GET /wp-content/plugins/table-of-contents-plus/front.min.js HTTP/1.0" 200 2349 "http://www.crazyant.net/1895.html" "Mozilla/5.0 (Windows NT 10.0; Win64; x64) AppleWebKit/537.36 (KHTML, like Gecko) Chrome/78.0.3904.108 Safari/537.36"
113.234.24.19 - - [06/Dec/2019:23:29:15 +0800] "GET /wp-content/uploads/siteground-optimizer-assets/twentyfifteen-skip-link-focus-fix.min.js HTTP/1.0" 200 275 "http://www.crazyant.net/1895.html" "Mozilla/5.0 (Windows NT 10.0; Win64; x64) AppleWebKit/537.36 (KHTML, like Gecko) Chrome/78.0.3904.108 Safari/537.36"
113.234.24.19 - - [06/Dec/2019:23:29:15 +0800] "GET /wp-includes/js/comment-reply.min.js HTTP/1.0" 200 1131 "http://www.crazyant.net/1895.html" "Mozilla/5.0 (Windows NT 10.0; Win64; x64) AppleWebKit/537.36 (KHTML, like Gecko) Chrome/78.0.3904.108 Safari/537.36"
113.234.24.19 - - [06/Dec/2019:23:29:15 +0800] "GET /wp-content/uploads/siteground-optimizer-assets/twentyfifteen-script.min.js HTTP/1.0" 200 1331 "http://www.crazyant.net/1895.html" "Mozilla/5.0 (Windows NT 10.0; Win64; x64) AppleWebKit/537.36 (KHTML, like Gecko) Chrome/78.0.3904.108 Safari/537.36"
113.234.24.19 - - [06/Dec/2019:23:29:15 +0800] "GET /wp-content/plugins/easy-fancybox/js/jquery.fancybox.min.js HTTP/1.0" 200 6330 "http://www.crazyant.net/1895.html" "Mozilla/5.0 (Windows NT 10.0; Win64; x64) AppleWebKit/537.36 (KHTML, like Gecko) Chrome/78.0.3904.108 Safari/537.36"
113.234.24.19 - - [06/Dec/2019:23:29:15 +0800] "GET /wp-content/plugins/easy-fancybox/js/jquery.easing.min.js HTTP/1.0" 200 767 "http://www.crazyant.net/1895.html" "Mozilla/5.0 (Windows NT 10.0; Win64; x64) AppleWebKit/537.36 (KHTML, like Gecko) Chrome/78.0.3904.108 Safari/537.36"
113.234.24.19 - - [06/Dec/2019:23:29:15 +0800] "GET /wp-content/plugins/easy-fancybox/js/jquery.mousewheel.min.js HTTP/1.0" 200 1145 "http://www.crazyant.net/1895.html" "Mozilla/5.0 (Windows NT 10.0; Win64; x64) AppleWebKit/537.36 (KHTML, like Gecko) Chrome/78.0.3904.108 Safari/537.36"
113.234.24.19 - - [06/Dec/2019:23:29:15 +0800] "GET /wp-content/uploads/siteground-optimizer-assets/akismet-form.min.js HTTP/1.0" 200 288 "http://www.crazyant.net/1895.html" "Mozilla/5.0 (Windows NT 10.0; Win64; x64) AppleWebKit/537.36 (KHTML, like Gecko) Chrome/78.0.3904.108 Safari/537.36"
113.234.24.19 - - [06/Dec/2019:23:29:15 +0800] "POST /wp-json/wordpress-popular-posts/v1/popular-posts HTTP/1.0" 201 55 "http://www.crazyant.net/1895.html" "Mozilla/5.0 (Windows NT 10.0; Win64; x64) AppleWebKit/537.36 (KHTML, like Gecko) Chrome/78.0.3904.108 Safari/537.36"
113.234.24.19 - - [06/Dec/2019:23:29:16 +0800] "GET /favicon.ico HTTP/1.0" 200 - "http://www.crazyant.net/1895.html" "Mozilla/5.0 (Windows NT 10.0; Win64; x64) AppleWebKit/537.36 (KHTML, like Gecko) Chrome/78.0.3904.108 Safari/537.36"
47.96.97.24 - - [06/Dec/2019:23:30:06 +0800] "GET /%E7%95%99%E8%A8%80%E5%B0%8F%E6%9C%AC HTTP/1.0" 200 18564 "-" "Bot/Nutch-1.16"
110.152.190.193 - - [06/Dec/2019:23:30:29 +0800] "GET /686.html HTTP/1.0" 200 17049 "https://www.google.com/" "Mozilla/5.0 (Macintosh; Intel Mac OS X 10_15_1) AppleWebKit/537.36 (KHTML, like Gecko) Chrome/78.0.3904.108 Safari/537.36"
106.11.157.254 - - [06/Dec/2019:23:30:29 +0800] "GET /?s=%E5%8D%8E%E5%AE%87%E8%BF%99%E4%B8%AA%E9%9D%A0%E8%B0%B1%E5%90%97%E3%80%90%E2%94%83%E5%92%A8%E8%AF%A2%EF%BC%B12%E2%92%8F7%E2%92%8F01705%E3%80%91%E3%80%91 HTTP/1.0" 200 8367 "-" "YisouSpider"
110.152.190.193 - - [06/Dec/2019:23:30:30 +0800] "GET /wp-includes/css/dist/block-library/style.min.css HTTP/1.1" 200 6163 "http://www.crazyant.net/686.html" "Mozilla/5.0 (Macintosh; Intel Mac OS X 10_15_1) AppleWebKit/537.36 (KHTML, like Gecko) Chrome/78.0.3904.108 Safari/537.36"
110.152.190.193 - - [06/Dec/2019:23:30:30 +0800] "GET /wp-includes/css/dist/block-library/theme.min.css HTTP/1.1" 200 639 "http://www.crazyant.net/686.html" "Mozilla/5.0 (Macintosh; Intel Mac OS X 10_15_1) AppleWebKit/537.36 (KHTML, like Gecko) Chrome/78.0.3904.108 Safari/537.36"
110.152.190.193 - - [06/Dec/2019:23:30:30 +0800] "GET /wp-content/plugins/bibblio-related-posts/public/css/bibblio_related_posts.min.css HTTP/1.1" 200 42 "http://www.crazyant.net/686.html" "Mozilla/5.0 (Macintosh; Intel Mac OS X 10_15_1) AppleWebKit/537.36 (KHTML, like Gecko) Chrome/78.0.3904.108 Safari/537.36"
40.77.167.127 - - [06/Dec/2019:23:30:31 +0800] "GET /wp-content/themes/twentyfifteen/css/twentyfifteen-block-style.min.css HTTP/1.1" 200 1596 "-" "msnbot/2.0b (+http://search.msn.com/msnbot.htm)"
110.152.190.193 - - [06/Dec/2019:23:30:36 +0800] "GET /wp-content/plugins/cardoza-3d-tag-cloud//public/css/my-style.min.css HTTP/1.1" 200 218 "http://www.crazyant.net/686.html" "Mozilla/5.0 (Macintosh; Intel Mac OS X 10_15_1) AppleWebKit/537.36 (KHTML, like Gecko) Chrome/78.0.3904.108 Safari/537.36"
110.152.190.193 - - [06/Dec/2019:23:30:36 +0800] "GET /wp-content/plugins/wordpress-popular-posts/assets/css/wordpress-popular-posts-css.min.css HTTP/1.1" 200 229 "http://www.crazyant.net/686.html" "Mozilla/5.0 (Macintosh; Intel Mac OS X 10_15_1) AppleWebKit/537.36 (KHTML, like Gecko) Chrome/78.0.3904.108 Safari/537.36"
110.152.190.193 - - [06/Dec/2019:23:30:36 +0800] "GET /wp-content/plugins/table-of-contents-plus/screen.min.css HTTP/1.1" 200 456 "http://www.crazyant.net/686.html" "Mozilla/5.0 (Macintosh; Intel Mac OS X 10_15_1) AppleWebKit/537.36 (KHTML, like Gecko) Chrome/78.0.3904.108 Safari/537.36"
110.152.190.193 - - [06/Dec/2019:23:30:36 +0800] "GET /wp-content/themes/twentyfifteen/twentyfifteen-style.min.css HTTP/1.1" 200 11037 "http://www.crazyant.net/686.html" "Mozilla/5.0 (Macintosh; Intel Mac OS X 10_15_1) AppleWebKit/537.36 (KHTML, like Gecko) Chrome/78.0.3904.108 Safari/537.36"
110.152.190.193 - - [06/Dec/2019:23:30:36 +0800] "GET /wp-content/themes/twentyfifteen/genericons/genericons.min.css HTTP/1.1" 200 16232 "http://www.crazyant.net/686.html" "Mozilla/5.0 (Macintosh; Intel Mac OS X 10_15_1) AppleWebKit/537.36 (KHTML, like Gecko) Chrome/78.0.3904.108 Safari/537.36"
110.152.190.193 - - [06/Dec/2019:23:30:37 +0800] "GET /wp-content/themes/twentyfifteen/css/twentyfifteen-block-style.min.css HTTP/1.1" 200 1596 "http://www.crazyant.net/686.html" "Mozilla/5.0 (Macintosh; Intel Mac OS X 10_15_1) AppleWebKit/537.36 (KHTML, like Gecko) Chrome/78.0.3904.108 Safari/537.36"
110.152.190.193 - - [06/Dec/2019:23:30:39 +0800] "GET /wp-content/plugins/easy-fancybox/css/jquery.fancybox.min.css HTTP/1.1" 200 1111 "http://www.crazyant.net/686.html" "Mozilla/5.0 (Macintosh; Intel Mac OS X 10_15_1) AppleWebKit/537.36 (KHTML, like Gecko) Chrome/78.0.3904.108 Safari/537.36"
110.152.190.193 - - [06/Dec/2019:23:30:39 +0800] "GET /wp-includes/js/jquery/jquery.js HTTP/1.1" 200 33776 "http://www.crazyant.net/686.html" "Mozilla/5.0 (Macintosh; Intel Mac OS X 10_15_1) AppleWebKit/537.36 (KHTML, like Gecko) Chrome/78.0.3904.108 Safari/537.36"
110.152.190.193 - - [06/Dec/2019:23:30:40 +0800] "GET /wp-includes/js/jquery/jquery-migrate.min.js HTTP/1.1" 200 4014 "http://www.crazyant.net/686.html" "Mozilla/5.0 (Macintosh; Intel Mac OS X 10_15_1) AppleWebKit/537.36 (KHTML, like Gecko) Chrome/78.0.3904.108 Safari/537.36"
47.96.97.24 - - [06/Dec/2019:23:31:00 +0800] "GET /2615.html/feed HTTP/1.0" 200 509 "-" "Bot/Nutch-1.16"
54.36.148.43 - - [06/Dec/2019:23:31:14 +0800] "GET /tag/%E5%B9%B6%E5%8F%91%E6%8E%A7%E5%88%B6 HTTP/1.0" 200 8654 "-" "Mozilla/5.0 (compatible; AhrefsBot/6.1; +http://ahrefs.com/robot/)"
110.152.190.193 - - [06/Dec/2019:23:31:38 +0800] "GET /wp-includes/js/wp-embed.min.js HTTP/1.1" 200 740 "http://www.crazyant.net/686.html" "Mozilla/5.0 (Macintosh; Intel Mac OS X 10_15_1) AppleWebKit/537.36 (KHTML, like Gecko) Chrome/78.0.3904.108 Safari/537.36"
110.152.190.193 - - [06/Dec/2019:23:31:40 +0800] "GET /wp-content/uploads/siteground-optimizer-assets/bibblio_related_posts.min.js HTTP/1.1" 200 37 "http://www.crazyant.net/686.html" "Mozilla/5.0 (Macintosh; Intel Mac OS X 10_15_1) AppleWebKit/537.36 (KHTML, like Gecko) Chrome/78.0.3904.108 Safari/537.36"
110.152.190.193 - - [06/Dec/2019:23:31:41 +0800] "GET /wp-content/plugins/cardoza-3d-tag-cloud/jquery.tagcanvas.min.js HTTP/1.1" 200 8629 "http://www.crazyant.net/686.html" "Mozilla/5.0 (Macintosh; Intel Mac OS X 10_15_1) AppleWebKit/537.36 (KHTML, like Gecko) Chrome/78.0.3904.108 Safari/537.36"
110.152.190.193 - - [06/Dec/2019:23:31:43 +0800] "GET /wp-content/plugins/wordpress-popular-posts/assets/js/wpp-5.0.0.min.js HTTP/1.1" 200 744 "http://www.crazyant.net/686.html" "Mozilla/5.0 (Macintosh; Intel Mac OS X 10_15_1) AppleWebKit/537.36 (KHTML, like Gecko) Chrome/78.0.3904.108 Safari/537.36"
110.152.190.193 - - [06/Dec/2019:23:31:47 +0800] "GET /wp-content/uploads/2019/08/%E5%B0%8F%E5%9B%BE.jpg HTTP/1.1" 200 5582 "http://www.crazyant.net/686.html" "Mozilla/5.0 (Macintosh; Intel Mac OS X 10_15_1) AppleWebKit/537.36 (KHTML, like Gecko) Chrome/78.0.3904.108 Safari/537.36"
110.152.190.193 - - [06/Dec/2019:23:31:50 +0800] "GET /wp-content/uploads/2012/06/QQ20120608134716_thumb.png HTTP/1.0" 200 17129 "http://www.crazyant.net/686.html" "Mozilla/5.0 (Macintosh; Intel Mac OS X 10_15_1) AppleWebKit/537.36 (KHTML, like Gecko) Chrome/78.0.3904.108 Safari/537.36"
110.152.190.193 - - [06/Dec/2019:23:31:52 +0800] "GET /wp-content/uploads/2012/06/QQ20120608144047_thumb.png HTTP/1.0" 200 7856 "http://www.crazyant.net/686.html" "Mozilla/5.0 (Macintosh; Intel Mac OS X 10_15_1) AppleWebKit/537.36 (KHTML, like Gecko) Chrome/78.0.3904.108 Safari/537.36"
54.36.150.149 - - [06/Dec/2019:23:31:58 +0800] "GET /124.html HTTP/1.0" 200 10683 "-" "Mozilla/5.0 (compatible; AhrefsBot/6.1; +http://ahrefs.com/robot/)"
110.152.190.193 - - [06/Dec/2019:23:32:09 +0800] "POST /wp-json/wordpress-popular-posts/v1/popular-posts HTTP/1.0" 201 55 "http://www.crazyant.net/686.html" "Mozilla/5.0 (Macintosh; Intel Mac OS X 10_15_1) AppleWebKit/537.36 (KHTML, like Gecko) Chrome/78.0.3904.108 Safari/537.36"
110.152.190.193 - - [06/Dec/2019:23:32:12 +0800] "GET /wp-content/plugins/table-of-contents-plus/front.min.js HTTP/1.1" 200 2349 "http://www.crazyant.net/686.html" "Mozilla/5.0 (Macintosh; Intel Mac OS X 10_15_1) AppleWebKit/537.36 (KHTML, like Gecko) Chrome/78.0.3904.108 Safari/537.36"
110.152.190.193 - - [06/Dec/2019:23:32:14 +0800] "GET /wp-content/uploads/siteground-optimizer-assets/twentyfifteen-skip-link-focus-fix.min.js HTTP/1.1" 200 275 "http://www.crazyant.net/686.html" "Mozilla/5.0 (Macintosh; Intel Mac OS X 10_15_1) AppleWebKit/537.36 (KHTML, like Gecko) Chrome/78.0.3904.108 Safari/537.36"
110.152.190.193 - - [06/Dec/2019:23:32:15 +0800] "GET /wp-includes/js/comment-reply.min.js HTTP/1.1" 200 1131 "http://www.crazyant.net/686.html" "Mozilla/5.0 (Macintosh; Intel Mac OS X 10_15_1) AppleWebKit/537.36 (KHTML, like Gecko) Chrome/78.0.3904.108 Safari/537.36"
110.152.190.193 - - [06/Dec/2019:23:32:16 +0800] "GET /wp-content/uploads/siteground-optimizer-assets/twentyfifteen-script.min.js HTTP/1.1" 200 1331 "http://www.crazyant.net/686.html" "Mozilla/5.0 (Macintosh; Intel Mac OS X 10_15_1) AppleWebKit/537.36 (KHTML, like Gecko) Chrome/78.0.3904.108 Safari/537.36"
110.152.190.193 - - [06/Dec/2019:23:32:19 +0800] "GET /wp-content/plugins/easy-fancybox/js/jquery.fancybox.min.js HTTP/1.1" 200 6330 "http://www.crazyant.net/686.html" "Mozilla/5.0 (Macintosh; Intel Mac OS X 10_15_1) AppleWebKit/537.36 (KHTML, like Gecko) Chrome/78.0.3904.108 Safari/537.36"
47.96.97.24 - - [06/Dec/2019:23:32:18 +0800] "GET /2536.html HTTP/1.0" 200 12255 "-" "Bot/Nutch-1.16"
110.152.190.193 - - [06/Dec/2019:23:32:19 +0800] "GET /wp-content/plugins/easy-fancybox/js/jquery.easing.min.js HTTP/1.1" 200 767 "http://www.crazyant.net/686.html" "Mozilla/5.0 (Macintosh; Intel Mac OS X 10_15_1) AppleWebKit/537.36 (KHTML, like Gecko) Chrome/78.0.3904.108 Safari/537.36"
92.38.129.153 - - [06/Dec/2019:23:32:19 +0800] "GET /feed/ HTTP/1.0" 301 - "-" "Tiny Tiny RSS/19.02 (http://tt-rss.org/)"
110.152.190.193 - - [06/Dec/2019:23:32:20 +0800] "GET /wp-content/plugins/easy-fancybox/js/jquery.mousewheel.min.js HTTP/1.1" 200 1145 "http://www.crazyant.net/686.html" "Mozilla/5.0 (Macintosh; Intel Mac OS X 10_15_1) AppleWebKit/537.36 (KHTML, like Gecko) Chrome/78.0.3904.108 Safari/537.36"
92.38.129.153 - - [06/Dec/2019:23:32:20 +0800] "GET /feed HTTP/1.0" 200 4779 "-" "Tiny Tiny RSS/19.02 (http://tt-rss.org/)"
110.152.190.193 - - [06/Dec/2019:23:32:22 +0800] "GET /wp-content/uploads/siteground-optimizer-assets/akismet-form.min.js HTTP/1.1" 200 288 "http://www.crazyant.net/686.html" "Mozilla/5.0 (Macintosh; Intel Mac OS X 10_15_1) AppleWebKit/537.36 (KHTML, like Gecko) Chrome/78.0.3904.108 Safari/537.36"
110.152.190.193 - - [06/Dec/2019:23:32:29 +0800] "GET /favicon.ico HTTP/1.1" 200 0 "http://www.crazyant.net/686.html" "Mozilla/5.0 (Macintosh; Intel Mac OS X 10_15_1) AppleWebKit/537.36 (KHTML, like Gecko) Chrome/78.0.3904.108 Safari/537.36"
47.96.97.24 - - [06/Dec/2019:23:32:38 +0800] "GET /%E5%85%B3%E4%BA%8E HTTP/1.0" 200 9263 "-" "Bot/Nutch-1.16"
123.120.22.78 - - [06/Dec/2019:23:33:10 +0800] "GET /1470.html HTTP/1.0" 200 12269 "https://blog.csdn.net/start_2013/article/details/79378611" "Mozilla/5.0 (Macintosh; Intel Mac OS X 10_14_6) AppleWebKit/537.36 (KHTML, like Gecko) Chrome/78.0.3904.108 Safari/537.36"
123.120.22.78 - - [06/Dec/2019:23:33:11 +0800] "GET /wp-includes/css/dist/block-library/style.min.css HTTP/1.1" 200 6163 "http://www.crazyant.net/1470.html" "Mozilla/5.0 (Macintosh; Intel Mac OS X 10_14_6) AppleWebKit/537.36 (KHTML, like Gecko) Chrome/78.0.3904.108 Safari/537.36"
123.120.22.78 - - [06/Dec/2019:23:33:11 +0800] "GET /wp-includes/css/dist/block-library/theme.min.css HTTP/1.1" 200 639 "http://www.crazyant.net/1470.html" "Mozilla/5.0 (Macintosh; Intel Mac OS X 10_14_6) AppleWebKit/537.36 (KHTML, like Gecko) Chrome/78.0.3904.108 Safari/537.36"
123.120.22.78 - - [06/Dec/2019:23:33:11 +0800] "GET /wp-content/plugins/cardoza-3d-tag-cloud//public/css/my-style.min.css HTTP/1.1" 200 218 "http://www.crazyant.net/1470.html" "Mozilla/5.0 (Macintosh; Intel Mac OS X 10_14_6) AppleWebKit/537.36 (KHTML, like Gecko) Chrome/78.0.3904.108 Safari/537.36"
123.120.22.78 - - [06/Dec/2019:23:33:11 +0800] "GET /wp-content/plugins/bibblio-related-posts/public/css/bibblio_related_posts.min.css HTTP/1.1" 200 42 "http://www.crazyant.net/1470.html" "Mozilla/5.0 (Macintosh; Intel Mac OS X 10_14_6) AppleWebKit/537.36 (KHTML, like Gecko) Chrome/78.0.3904.108 Safari/537.36"
123.120.22.78 - - [06/Dec/2019:23:33:11 +0800] "GET /wp-content/plugins/wordpress-popular-posts/assets/css/wordpress-popular-posts-css.min.css HTTP/1.1" 200 229 "http://www.crazyant.net/1470.html" "Mozilla/5.0 (Macintosh; Intel Mac OS X 10_14_6) AppleWebKit/537.36 (KHTML, like Gecko) Chrome/78.0.3904.108 Safari/537.36"
123.120.22.78 - - [06/Dec/2019:23:33:11 +0800] "GET /wp-content/plugins/table-of-contents-plus/screen.min.css HTTP/1.1" 200 456 "http://www.crazyant.net/1470.html" "Mozilla/5.0 (Macintosh; Intel Mac OS X 10_14_6) AppleWebKit/537.36 (KHTML, like Gecko) Chrome/78.0.3904.108 Safari/537.36"
123.120.22.78 - - [06/Dec/2019:23:33:11 +0800] "GET /wp-content/themes/twentyfifteen/genericons/genericons.min.css HTTP/1.1" 200 16232 "http://www.crazyant.net/1470.html" "Mozilla/5.0 (Macintosh; Intel Mac OS X 10_14_6) AppleWebKit/537.36 (KHTML, like Gecko) Chrome/78.0.3904.108 Safari/537.36"
123.120.22.78 - - [06/Dec/2019:23:33:11 +0800] "GET /wp-content/themes/twentyfifteen/twentyfifteen-style.min.css HTTP/1.1" 200 11037 "http://www.crazyant.net/1470.html" "Mozilla/5.0 (Macintosh; Intel Mac OS X 10_14_6) AppleWebKit/537.36 (KHTML, like Gecko) Chrome/78.0.3904.108 Safari/537.36"
123.120.22.78 - - [06/Dec/2019:23:33:11 +0800] "GET /wp-content/themes/twentyfifteen/css/twentyfifteen-block-style.min.css HTTP/1.1" 200 1596 "http://www.crazyant.net/1470.html" "Mozilla/5.0 (Macintosh; Intel Mac OS X 10_14_6) AppleWebKit/537.36 (KHTML, like Gecko) Chrome/78.0.3904.108 Safari/537.36"
123.120.22.78 - - [06/Dec/2019:23:33:11 +0800] "GET /wp-content/plugins/easy-fancybox/css/jquery.fancybox.min.css HTTP/1.1" 200 1111 "http://www.crazyant.net/1470.html" "Mozilla/5.0 (Macintosh; Intel Mac OS X 10_14_6) AppleWebKit/537.36 (KHTML, like Gecko) Chrome/78.0.3904.108 Safari/537.36"
123.120.22.78 - - [06/Dec/2019:23:33:11 +0800] "GET /wp-includes/js/jquery/jquery.js HTTP/1.1" 200 33776 "http://www.crazyant.net/1470.html" "Mozilla/5.0 (Macintosh; Intel Mac OS X 10_14_6) AppleWebKit/537.36 (KHTML, like Gecko) Chrome/78.0.3904.108 Safari/537.36"
123.120.22.78 - - [06/Dec/2019:23:33:11 +0800] "GET /wp-includes/js/jquery/jquery-migrate.min.js HTTP/1.1" 200 4014 "http://www.crazyant.net/1470.html" "Mozilla/5.0 (Macintosh; Intel Mac OS X 10_14_6) AppleWebKit/537.36 (KHTML, like Gecko) Chrome/78.0.3904.108 Safari/537.36"
123.120.22.78 - - [06/Dec/2019:23:33:11 +0800] "GET /wp-content/uploads/siteground-optimizer-assets/bibblio_related_posts.min.js HTTP/1.1" 200 37 "http://www.crazyant.net/1470.html" "Mozilla/5.0 (Macintosh; Intel Mac OS X 10_14_6) AppleWebKit/537.36 (KHTML, like Gecko) Chrome/78.0.3904.108 Safari/537.36"
123.120.22.78 - - [06/Dec/2019:23:33:11 +0800] "GET /wp-content/plugins/cardoza-3d-tag-cloud/jquery.tagcanvas.min.js HTTP/1.1" 200 8629 "http://www.crazyant.net/1470.html" "Mozilla/5.0 (Macintosh; Intel Mac OS X 10_14_6) AppleWebKit/537.36 (KHTML, like Gecko) Chrome/78.0.3904.108 Safari/537.36"
123.120.22.78 - - [06/Dec/2019:23:33:11 +0800] "GET /wp-includes/js/wp-embed.min.js HTTP/1.1" 200 740 "http://www.crazyant.net/1470.html" "Mozilla/5.0 (Macintosh; Intel Mac OS X 10_14_6) AppleWebKit/537.36 (KHTML, like Gecko) Chrome/78.0.3904.108 Safari/537.36"
123.120.22.78 - - [06/Dec/2019:23:33:11 +0800] "GET /wp-content/plugins/wordpress-popular-posts/assets/js/wpp-5.0.0.min.js HTTP/1.1" 200 744 "http://www.crazyant.net/1470.html" "Mozilla/5.0 (Macintosh; Intel Mac OS X 10_14_6) AppleWebKit/537.36 (KHTML, like Gecko) Chrome/78.0.3904.108 Safari/537.36"
123.120.22.78 - - [06/Dec/2019:23:33:11 +0800] "GET /wp-content/uploads/2019/08/%E5%B0%8F%E5%9B%BE.jpg HTTP/1.1" 200 5582 "http://www.crazyant.net/1470.html" "Mozilla/5.0 (Macintosh; Intel Mac OS X 10_14_6) AppleWebKit/537.36 (KHTML, like Gecko) Chrome/78.0.3904.108 Safari/537.36"
123.120.22.78 - - [06/Dec/2019:23:33:11 +0800] "GET /wp-content/plugins/table-of-contents-plus/front.min.js HTTP/1.1" 200 2349 "http://www.crazyant.net/1470.html" "Mozilla/5.0 (Macintosh; Intel Mac OS X 10_14_6) AppleWebKit/537.36 (KHTML, like Gecko) Chrome/78.0.3904.108 Safari/537.36"
123.120.22.78 - - [06/Dec/2019:23:33:11 +0800] "GET /wp-content/uploads/siteground-optimizer-assets/twentyfifteen-skip-link-focus-fix.min.js HTTP/1.1" 200 275 "http://www.crazyant.net/1470.html" "Mozilla/5.0 (Macintosh; Intel Mac OS X 10_14_6) AppleWebKit/537.36 (KHTML, like Gecko) Chrome/78.0.3904.108 Safari/537.36"
123.120.22.78 - - [06/Dec/2019:23:33:11 +0800] "GET /wp-content/uploads/2014/06/hive_leftjointest.png HTTP/1.0" 200 1707 "http://www.crazyant.net/1470.html" "Mozilla/5.0 (Macintosh; Intel Mac OS X 10_14_6) AppleWebKit/537.36 (KHTML, like Gecko) Chrome/78.0.3904.108 Safari/537.36"
222.129.54.23 - - [06/Dec/2019:23:33:11 +0800] "GET /feed HTTP/1.0" 200 4779 "-" "ReadKit/2.4.3 (Mac OS X Version 10.15.1 (Build 19B88))"
123.120.22.78 - - [06/Dec/2019:23:33:12 +0800] "GET /wp-includes/js/comment-reply.min.js HTTP/1.1" 200 1131 "http://www.crazyant.net/1470.html" "Mozilla/5.0 (Macintosh; Intel Mac OS X 10_14_6) AppleWebKit/537.36 (KHTML, like Gecko) Chrome/78.0.3904.108 Safari/537.36"
123.120.22.78 - - [06/Dec/2019:23:33:12 +0800] "GET /wp-content/uploads/siteground-optimizer-assets/twentyfifteen-script.min.js HTTP/1.1" 200 1331 "http://www.crazyant.net/1470.html" "Mozilla/5.0 (Macintosh; Intel Mac OS X 10_14_6) AppleWebKit/537.36 (KHTML, like Gecko) Chrome/78.0.3904.108 Safari/537.36"
123.120.22.78 - - [06/Dec/2019:23:33:12 +0800] "GET /wp-content/plugins/easy-fancybox/js/jquery.fancybox.min.js HTTP/1.1" 200 6330 "http://www.crazyant.net/1470.html" "Mozilla/5.0 (Macintosh; Intel Mac OS X 10_14_6) AppleWebKit/537.36 (KHTML, like Gecko) Chrome/78.0.3904.108 Safari/537.36"
123.120.22.78 - - [06/Dec/2019:23:33:12 +0800] "GET /wp-content/plugins/easy-fancybox/js/jquery.easing.min.js HTTP/1.1" 200 767 "http://www.crazyant.net/1470.html" "Mozilla/5.0 (Macintosh; Intel Mac OS X 10_14_6) AppleWebKit/537.36 (KHTML, like Gecko) Chrome/78.0.3904.108 Safari/537.36"
123.120.22.78 - - [06/Dec/2019:23:33:12 +0800] "GET /wp-content/plugins/easy-fancybox/js/jquery.mousewheel.min.js HTTP/1.1" 200 1145 "http://www.crazyant.net/1470.html" "Mozilla/5.0 (Macintosh; Intel Mac OS X 10_14_6) AppleWebKit/537.36 (KHTML, like Gecko) Chrome/78.0.3904.108 Safari/537.36"
123.120.22.78 - - [06/Dec/2019:23:33:12 +0800] "GET /wp-content/uploads/siteground-optimizer-assets/akismet-form.min.js HTTP/1.1" 200 288 "http://www.crazyant.net/1470.html" "Mozilla/5.0 (Macintosh; Intel Mac OS X 10_14_6) AppleWebKit/537.36 (KHTML, like Gecko) Chrome/78.0.3904.108 Safari/537.36"
