146.66.92.61 - - [06/Dec/2019:01:07:36 +0800] "POST /wp-cron.php?doing_wp_cron=1575565656.4922471046447753906250 HTTP/1.0" 200 - "http://www.crazyant.net/wp-cron.php?doing_wp_cron=1575565656.4922471046447753906250" "WordPress/5.3; http://www.crazyant.net"
54.36.150.93 - - [06/Dec/2019:01:07:36 +0800] "GET /191.html HTTP/1.0" 200 9945 "-" "Mozilla/5.0 (compatible; AhrefsBot/6.1; +http://ahrefs.com/robot/)"
47.244.59.236 - - [06/Dec/2019:01:08:27 +0800] "GET /2177.html HTTP/1.0" 200 17049 "https://www.google.com/" "Mozilla/5.0 (Macintosh; Intel Mac OS X 10_15_1) AppleWebKit/537.36 (KHTML, like Gecko) Chrome/78.0.3904.108 Safari/537.36"
47.244.59.236 - - [06/Dec/2019:01:08:28 +0800] "GET /wp-includes/css/dist/block-library/style.min.css HTTP/1.0" 200 6163 "http://www.crazyant.net/2177.html" "Mozilla/5.0 (Macintosh; Intel Mac OS X 10_15_1) AppleWebKit/537.36 (KHTML, like Gecko) Chrome/78.0.3904.108 Safari/537.36"
47.244.59.236 - - [06/Dec/2019:01:08:28 +0800] "GET /wp-includes/css/dist/block-library/theme.min.css HTTP/1.0" 200 639 "http://www.crazyant.net/2177.html" "Mozilla/5.0 (Macintosh; Intel Mac OS X 10_15_1) AppleWebKit/537.36 (KHTML, like Gecko) Chrome/78.0.3904.108 Safari/537.36"
47.244.59.236 - - [06/Dec/2019:01:08:28 +0800] "GET /wp-content/plugins/bibblio-related-posts/public/css/bibblio_related_posts.min.css HTTP/1.0" 200 42 "http://www.crazyant.net/2177.html" "Mozilla/5.0 (Macintosh; Intel Mac OS X 10_15_1) AppleWebKit/537.36 (KHTML, like Gecko) Chrome/78.0.3904.108 Safari/537.36"
47.244.59.236 - - [06/Dec/2019:01:08:28 +0800] "GET /wp-content/plugins/cardoza-3d-tag-cloud//public/css/my-style.min.css HTTP/1.0" 200 218 "http://www.crazyant.net/2177.html" "Mozilla/5.0 (Macintosh; Intel Mac OS X 10_15_1) AppleWebKit/537.36 (KHTML, like Gecko) Chrome/78.0.3904.108 Safari/537.36"
47.244.59.236 - - [06/Dec/2019:01:08:28 +0800] "GET /wp-content/plugins/table-of-contents-plus/screen.min.css HTTP/1.0" 200 456 "http://www.crazyant.net/2177.html" "Mozilla/5.0 (Macintosh; Intel Mac OS X 10_15_1) AppleWebKit/537.36 (KHTML, like Gecko) Chrome/78.0.3904.108 Safari/537.36"
47.244.59.236 - - [06/Dec/2019:01:08:28 +0800] "GET /wp-content/plugins/wordpress-popular-posts/assets/css/wordpress-popular-posts-css.min.css HTTP/1.0" 200 229 "http://www.crazyant.net/2177.html" "Mozilla/5.0 (Macintosh; Intel Mac OS X 10_15_1) AppleWebKit/537.36 (KHTML, like Gecko) Chrome/78.0.3904.108 Safari/537.36"
47.244.59.236 - - [06/Dec/2019:01:08:28 +0800] "GET /wp-content/themes/twentyfifteen/genericons/genericons.min.css HTTP/1.0" 200 16232 "http://www.crazyant.net/2177.html" "Mozilla/5.0 (Macintosh; Intel Mac OS X 10_15_1) AppleWebKit/537.36 (KHTML, like Gecko) Chrome/78.0.3904.108 Safari/537.36"
47.244.59.236 - - [06/Dec/2019:01:08:28 +0800] "GET /wp-content/themes/twentyfifteen/twentyfifteen-style.min.css HTTP/1.0" 200 11037 "http://www.crazyant.net/2177.html" "Mozilla/5.0 (Macintosh; Intel Mac OS X 10_15_1) AppleWebKit/537.36 (KHTML, like Gecko) Chrome/78.0.3904.108 Safari/537.36"
47.244.59.236 - - [06/Dec/2019:01:08:28 +0800] "GET /wp-content/themes/twentyfifteen/css/twentyfifteen-block-style.min.css HTTP/1.0" 200 1596 "http://www.crazyant.net/2177.html" "Mozilla/5.0 (Macintosh; Intel Mac OS X 10_15_1) AppleWebKit/537.36 (KHTML, like Gecko) Chrome/78.0.3904.108 Safari/537.36"
47.244.59.236 - - [06/Dec/2019:01:08:28 +0800] "GET /wp-content/plugins/easy-fancybox/css/jquery.fancybox.min.css HTTP/1.0" 200 1111 "http://www.crazyant.net/2177.html" "Mozilla/5.0 (Macintosh; Intel Mac OS X 10_15_1) AppleWebKit/537.36 (KHTML, like Gecko) Chrome/78.0.3904.108 Safari/537.36"
47.244.59.236 - - [06/Dec/2019:01:08:29 +0800] "GET /wp-includes/js/jquery/jquery.js HTTP/1.0" 200 33776 "http://www.crazyant.net/2177.html" "Mozilla/5.0 (Macintosh; Intel Mac OS X 10_15_1) AppleWebKit/537.36 (KHTML, like Gecko) Chrome/78.0.3904.108 Safari/537.36"
47.244.59.236 - - [06/Dec/2019:01:08:29 +0800] "GET /wp-includes/js/jquery/jquery-migrate.min.js HTTP/1.0" 200 4014 "http://www.crazyant.net/2177.html" "Mozilla/5.0 (Macintosh; Intel Mac OS X 10_15_1) AppleWebKit/537.36 (KHTML, like Gecko) Chrome/78.0.3904.108 Safari/537.36"
47.244.59.236 - - [06/Dec/2019:01:08:29 +0800] "GET /wp-includes/js/wp-embed.min.js HTTP/1.0" 200 740 "http://www.crazyant.net/2177.html" "Mozilla/5.0 (Macintosh; Intel Mac OS X 10_15_1) AppleWebKit/537.36 (KHTML, like Gecko) Chrome/78.0.3904.108 Safari/537.36"
47.244.59.236 - - [06/Dec/2019:01:08:29 +0800] "GET /wp-content/uploads/siteground-optimizer-assets/bibblio_related_posts.min.js HTTP/1.0" 200 37 "http://www.crazyant.net/2177.html" "Mozilla/5.0 (Macintosh; Intel Mac OS X 10_15_1) AppleWebKit/537.36 (KHTML, like Gecko) Chrome/78.0.3904.108 Safari/537.36"
47.244.59.236 - - [06/Dec/2019:01:08:29 +0800] "GET /wp-content/plugins/cardoza-3d-tag-cloud/jquery.tagcanvas.min.js HTTP/1.0" 200 8629 "http://www.crazyant.net/2177.html" "Mozilla/5.0 (Macintosh; Intel Mac OS X 10_15_1) AppleWebKit/537.36 (KHTML, like Gecko) Chrome/78.0.3904.108 Safari/537.36"
47.244.59.236 - - [06/Dec/2019:01:08:29 +0800] "GET /wp-content/uploads/2019/08/%E5%B0%8F%E5%9B%BE.jpg HTTP/1.0" 200 5582 "http://www.crazyant.net/2177.html" "Mozilla/5.0 (Macintosh; Intel Mac OS X 10_15_1) AppleWebKit/537.36 (KHTML, like Gecko) Chrome/78.0.3904.108 Safari/537.36"
47.244.59.236 - - [06/Dec/2019:01:08:29 +0800] "GET /wp-content/plugins/wordpress-popular-posts/assets/js/wpp-5.0.0.min.js HTTP/1.0" 200 744 "http://www.crazyant.net/2177.html" "Mozilla/5.0 (Macintosh; Intel Mac OS X 10_15_1) AppleWebKit/537.36 (KHTML, like Gecko) Chrome/78.0.3904.108 Safari/537.36"
47.244.59.236 - - [06/Dec/2019:01:08:29 +0800] "GET /wp-content/uploads/2018/05/MacHi-2018-05-23-15-56-49.png HTTP/1.0" 200 28316 "http://www.crazyant.net/2177.html" "Mozilla/5.0 (Macintosh; Intel Mac OS X 10_15_1) AppleWebKit/537.36 (KHTML, like Gecko) Chrome/78.0.3904.108 Safari/537.36"
66.249.79.27 - - [06/Dec/2019:01:08:29 +0800] "GET /2525.html HTTP/1.0" 200 12646 "-" "Mozilla/5.0 (Linux; Android 6.0.1; Nexus 5X Build/MMB29P) AppleWebKit/537.36 (KHTML, like Gecko) Chrome/41.0.2272.96 Mobile Safari/537.36 (compatible; Googlebot/2.1; +http://www.google.com/bot.html)"
47.244.59.236 - - [06/Dec/2019:01:08:29 +0800] "POST /wp-json/wordpress-popular-posts/v1/popular-posts HTTP/1.0" 201 55 "http://www.crazyant.net/2177.html" "Mozilla/5.0 (Macintosh; Intel Mac OS X 10_15_1) AppleWebKit/537.36 (KHTML, like Gecko) Chrome/78.0.3904.108 Safari/537.36"
47.244.59.236 - - [06/Dec/2019:01:08:30 +0800] "GET /wp-content/plugins/table-of-contents-plus/front.min.js HTTP/1.0" 200 2349 "http://www.crazyant.net/2177.html" "Mozilla/5.0 (Macintosh; Intel Mac OS X 10_15_1) AppleWebKit/537.36 (KHTML, like Gecko) Chrome/78.0.3904.108 Safari/537.36"
47.244.59.236 - - [06/Dec/2019:01:08:30 +0800] "GET /wp-content/uploads/siteground-optimizer-assets/twentyfifteen-skip-link-focus-fix.min.js HTTP/1.0" 200 275 "http://www.crazyant.net/2177.html" "Mozilla/5.0 (Macintosh; Intel Mac OS X 10_15_1) AppleWebKit/537.36 (KHTML, like Gecko) Chrome/78.0.3904.108 Safari/537.36"
47.244.59.236 - - [06/Dec/2019:01:08:30 +0800] "GET /wp-includes/js/comment-reply.min.js HTTP/1.0" 200 1131 "http://www.crazyant.net/2177.html" "Mozilla/5.0 (Macintosh; Intel Mac OS X 10_15_1) AppleWebKit/537.36 (KHTML, like Gecko) Chrome/78.0.3904.108 Safari/537.36"
47.244.59.236 - - [06/Dec/2019:01:08:30 +0800] "GET /wp-content/uploads/siteground-optimizer-assets/twentyfifteen-script.min.js HTTP/1.0" 200 1331 "http://www.crazyant.net/2177.html" "Mozilla/5.0 (Macintosh; Intel Mac OS X 10_15_1) AppleWebKit/537.36 (KHTML, like Gecko) Chrome/78.0.3904.108 Safari/537.36"
47.244.59.236 - - [06/Dec/2019:01:08:30 +0800] "GET /wp-content/plugins/easy-fancybox/js/jquery.fancybox.min.js HTTP/1.0" 200 6330 "http://www.crazyant.net/2177.html" "Mozilla/5.0 (Macintosh; Intel Mac OS X 10_15_1) AppleWebKit/537.36 (KHTML, like Gecko) Chrome/78.0.3904.108 Safari/537.36"
47.244.59.236 - - [06/Dec/2019:01:08:30 +0800] "GET /wp-content/plugins/easy-fancybox/js/jquery.easing.min.js HTTP/1.0" 200 767 "http://www.crazyant.net/2177.html" "Mozilla/5.0 (Macintosh; Intel Mac OS X 10_15_1) AppleWebKit/537.36 (KHTML, like Gecko) Chrome/78.0.3904.108 Safari/537.36"
47.244.59.236 - - [06/Dec/2019:01:08:30 +0800] "GET /wp-content/plugins/easy-fancybox/js/jquery.mousewheel.min.js HTTP/1.0" 200 1145 "http://www.crazyant.net/2177.html" "Mozilla/5.0 (Macintosh; Intel Mac OS X 10_15_1) AppleWebKit/537.36 (KHTML, like Gecko) Chrome/78.0.3904.108 Safari/537.36"
47.244.59.236 - - [06/Dec/2019:01:08:30 +0800] "GET /wp-content/uploads/siteground-optimizer-assets/akismet-form.min.js HTTP/1.0" 200 288 "http://www.crazyant.net/2177.html" "Mozilla/5.0 (Macintosh; Intel Mac OS X 10_15_1) AppleWebKit/537.36 (KHTML, like Gecko) Chrome/78.0.3904.108 Safari/537.36"
47.244.59.236 - - [06/Dec/2019:01:08:31 +0800] "GET /favicon.ico HTTP/1.0" 200 - "http://www.crazyant.net/2177.html" "Mozilla/5.0 (Macintosh; Intel Mac OS X 10_15_1) AppleWebKit/537.36 (KHTML, like Gecko) Chrome/78.0.3904.108 Safari/537.36"
42.101.64.109 - - [06/Dec/2019:01:08:56 +0800] "GET /favicon.ico HTTP/1.1" 200 0 "-" "Mozilla/5.0 (Windows NT 10.0; WOW64) AppleWebKit/537.36 (KHTML, like Gecko) Chrome/63.0.3239.132 Safari/537.36"
106.11.153.118 - - [06/Dec/2019:01:09:38 +0800] "POST /wp-json/wordpress-popular-posts/v1/popular-posts HTTP/1.0" 201 55 "https://www.crazyant.net/245.html" "Mozilla/5.0 (Windows NT 6.1; Win64; x64) AppleWebKit/537.36 (KHTML, like Gecko) Chrome/69.0.3497.81 YisouSpider/5.0 Safari/537.36"
106.11.155.100 - - [06/Dec/2019:01:09:38 +0800] "GET /wp-content/plugins/easy-fancybox/js/jquery.easing.min.js HTTP/1.0" 200 767 "https://www.crazyant.net/245.html" "Mozilla/5.0 (Windows NT 6.1; Win64; x64) AppleWebKit/537.36 (KHTML, like Gecko) Chrome/69.0.3497.81 YisouSpider/5.0 Safari/537.36"
47.96.97.24 - - [06/Dec/2019:01:09:48 +0800] "GET /category/my-story HTTP/1.0" 200 11300 "-" "Bot/Nutch-1.16"
42.156.139.50 - - [06/Dec/2019:01:10:12 +0800] "POST /wp-json/wordpress-popular-posts/v1/popular-posts HTTP/1.0" 201 55 "http://www.crazyant.net/512.html?replytocom=10471" "Mozilla/5.0 (Windows NT 6.1; Win64; x64) AppleWebKit/537.36 (KHTML, like Gecko) Chrome/69.0.3497.81 YisouSpider/5.0 Safari/537.36"
47.96.97.24 - - [06/Dec/2019:01:11:06 +0800] "GET /1922.html HTTP/1.0" 200 14972 "-" "Bot/Nutch-1.16"
92.38.129.153 - - [06/Dec/2019:01:13:01 +0800] "GET /feed/ HTTP/1.0" 301 - "-" "Tiny Tiny RSS/19.02 (http://tt-rss.org/)"
92.38.129.153 - - [06/Dec/2019:01:13:02 +0800] "GET /feed HTTP/1.0" 200 4779 "-" "Tiny Tiny RSS/19.02 (http://tt-rss.org/)"
54.36.150.139 - - [06/Dec/2019:01:13:39 +0800] "GET /category/python-spark HTTP/1.0" 200 8185 "-" "Mozilla/5.0 (compatible; AhrefsBot/6.1; +http://ahrefs.com/robot/)"
47.96.97.24 - - [06/Dec/2019:01:13:50 +0800] "GET /808.html HTTP/1.0" 200 11212 "-" "Bot/Nutch-1.16"
47.96.97.24 - - [06/Dec/2019:01:14:50 +0800] "GET /tag/tensorflow/feed HTTP/1.0" 200 1349 "-" "Bot/Nutch-1.16"
47.96.97.24 - - [06/Dec/2019:01:16:01 +0800] "GET /?p=2583 HTTP/1.0" 301 - "-" "Bot/Nutch-1.16"
123.125.71.50 - - [06/Dec/2019:01:16:42 +0800] "GET /1470.html?sshstq=urbnn3 HTTP/1.1" 444 0 "-" "Mozilla/5.0 (compatible; Baiduspider/2.0; +http://www.baidu.com/search/spider.html)"
222.129.54.23 - - [06/Dec/2019:01:17:08 +0800] "GET /feed HTTP/1.0" 200 4779 "-" "ReadKit/2.4.3 (Mac OS X Version 10.15.1 (Build 19B88))"
54.36.150.181 - - [06/Dec/2019:01:17:09 +0800] "GET /tag/%E6%8E%A8%E8%8D%90%E7%B3%BB%E7%BB%9F/feed HTTP/1.0" 200 1694 "-" "Mozilla/5.0 (compatible; AhrefsBot/6.1; +http://ahrefs.com/robot/)"
54.36.150.155 - - [06/Dec/2019:01:17:35 +0800] "GET /author/peishuai1987/page/12 HTTP/1.0" 200 11113 "-" "Mozilla/5.0 (compatible; AhrefsBot/6.1; +http://ahrefs.com/robot/)"
111.202.101.95 - - [06/Dec/2019:01:18:04 +0800] "GET /robots.txt HTTP/1.0" 200 66 "-" "Sogou web spider/4.0(+http://www.sogou.com/docs/help/webmasters.htm#07)"
111.202.101.95 - - [06/Dec/2019:01:18:04 +0800] "GET / HTTP/1.0" 301 - "-" "Sogou web spider/4.0(+http://www.sogou.com/docs/help/webmasters.htm#07)"
42.156.254.111 - - [06/Dec/2019:01:18:35 +0800] "GET /wp-includes/css/dist/block-library/theme.min.css HTTP/1.0" 200 639 "http://www.crazyant.net/?s=%E3%80%90%E2%94%83%E8%81%94%E7%B3%BB2%E2%92%8F7%E2%92%8F01705(%E6%89%A3)%E3%80%91%E3%80%91%E5%8D%8E%E5%AE%87%E6%98%AF%E7%9C%9F%E7%9A%84%E8%BF%98%E6%98%AF%E5%81%87%E7%9A%84" "Mozilla/5.0 (Windows NT 6.1; Win64; x64) AppleWebKit/537.36 (KHTML, like Gecko) Chrome/69.0.3497.81 YisouSpider/5.0 Safari/537.36"
42.156.254.111 - - [06/Dec/2019:01:18:35 +0800] "GET /wp-content/plugins/cardoza-3d-tag-cloud//public/css/my-style.min.css HTTP/1.0" 200 218 "http://www.crazyant.net/?s=%E3%80%90%E2%94%83%E8%81%94%E7%B3%BB2%E2%92%8F7%E2%92%8F01705(%E6%89%A3)%E3%80%91%E3%80%91%E5%8D%8E%E5%AE%87%E6%98%AF%E7%9C%9F%E7%9A%84%E8%BF%98%E6%98%AF%E5%81%87%E7%9A%84" "Mozilla/5.0 (Windows NT 6.1; Win64; x64) AppleWebKit/537.36 (KHTML, like Gecko) Chrome/69.0.3497.81 YisouSpider/5.0 Safari/537.36"
42.156.254.112 - - [06/Dec/2019:01:18:35 +0800] "GET /wp-content/themes/twentyfifteen/css/twentyfifteen-block-style.min.css HTTP/1.0" 200 1596 "http://www.crazyant.net/?s=%E3%80%90%E2%94%83%E8%81%94%E7%B3%BB2%E2%92%8F7%E2%92%8F01705(%E6%89%A3)%E3%80%91%E3%80%91%E5%8D%8E%E5%AE%87%E6%98%AF%E7%9C%9F%E7%9A%84%E8%BF%98%E6%98%AF%E5%81%87%E7%9A%84" "Mozilla/5.0 (Windows NT 6.1; Win64; x64) AppleWebKit/537.36 (KHTML, like Gecko) Chrome/69.0.3497.81 YisouSpider/5.0 Safari/537.36"
42.156.254.112 - - [06/Dec/2019:01:18:36 +0800] "GET /wp-content/plugins/easy-fancybox/css/jquery.fancybox.min.css HTTP/1.0" 200 1111 "http://www.crazyant.net/?s=%E3%80%90%E2%94%83%E8%81%94%E7%B3%BB2%E2%92%8F7%E2%92%8F01705(%E6%89%A3)%E3%80%91%E3%80%91%E5%8D%8E%E5%AE%87%E6%98%AF%E7%9C%9F%E7%9A%84%E8%BF%98%E6%98%AF%E5%81%87%E7%9A%84" "Mozilla/5.0 (Windows NT 6.1; Win64; x64) AppleWebKit/537.36 (KHTML, like Gecko) Chrome/69.0.3497.81 YisouSpider/5.0 Safari/537.36"
42.156.254.111 - - [06/Dec/2019:01:18:37 +0800] "GET /wp-content/plugins/wordpress-popular-posts/assets/js/wpp-5.0.0.min.js HTTP/1.0" 200 744 "http://www.crazyant.net/?s=%E3%80%90%E2%94%83%E8%81%94%E7%B3%BB2%E2%92%8F7%E2%92%8F01705(%E6%89%A3)%E3%80%91%E3%80%91%E5%8D%8E%E5%AE%87%E6%98%AF%E7%9C%9F%E7%9A%84%E8%BF%98%E6%98%AF%E5%81%87%E7%9A%84" "Mozilla/5.0 (Windows NT 6.1; Win64; x64) AppleWebKit/537.36 (KHTML, like Gecko) Chrome/69.0.3497.81 YisouSpider/5.0 Safari/537.36"
42.156.254.109 - - [06/Dec/2019:01:18:38 +0800] "GET /wp-content/plugins/cardoza-3d-tag-cloud/jquery.tagcanvas.min.js HTTP/1.0" 200 8629 "http://www.crazyant.net/?s=%E3%80%90%E2%94%83%E8%81%94%E7%B3%BB2%E2%92%8F7%E2%92%8F01705(%E6%89%A3)%E3%80%91%E3%80%91%E5%8D%8E%E5%AE%87%E6%98%AF%E7%9C%9F%E7%9A%84%E8%BF%98%E6%98%AF%E5%81%87%E7%9A%84" "Mozilla/5.0 (Windows NT 6.1; Win64; x64) AppleWebKit/537.36 (KHTML, like Gecko) Chrome/69.0.3497.81 YisouSpider/5.0 Safari/537.36"
207.46.13.28 - - [06/Dec/2019:01:18:51 +0800] "GET /2076.html HTTP/1.0" 200 14945 "-" "Mozilla/5.0 (compatible; bingbot/2.0; +http://www.bing.com/bingbot.htm)"
111.202.101.95 - - [06/Dec/2019:01:19:09 +0800] "GET / HTTP/1.0" 200 10415 "-" "Sogou web spider/4.0(+http://www.sogou.com/docs/help/webmasters.htm#07)"
39.98.69.62 - - [06/Dec/2019:01:19:51 +0800] "GET /feed HTTP/1.0" 200 4779 "-" "Mozilla/5.0 (Linux; Android 8.0.0; TA-1053 Build/OPR1.170623.026) AppleWebKit/537.36 (KHTML, like Gecko) Chrome/67.0.3368.0 Mobile Safari/537.36"
111.225.148.246 - - [06/Dec/2019:01:20:10 +0800] "GET /?s=%E5%8D%8E%E5%AE%87%E5%A8%B1%E4%B9%90%E5%B9%B3%E5%8F%B0%E7%99%BB%E9%99%86%E3%80%90%E2%94%8B%E6%8B%9B%E5%95%86%E9%83%A82%E2%92%8F7%E2%92%8F01705_%E6%89%A3%E3%80%93%E3%80%91 HTTP/1.0" 200 8379 "-" "Mozilla/5.0 (Linux; Android 6.0; Nexus 5 Build/MRA58N) AppleWebKit/537.36 (KHTML, like Gecko) Chrome/59.0.9657.1483 Mobile Safari/537.36; Bytespider;https://zhanzhang.toutiao.com/"
66.249.79.29 - - [06/Dec/2019:01:20:53 +0800] "GET /2343.html HTTP/1.0" 200 10660 "-" "Mozilla/5.0 (Linux; Android 6.0.1; Nexus 5X Build/MMB29P) AppleWebKit/537.36 (KHTML, like Gecko) Chrome/41.0.2272.96 Mobile Safari/537.36 (compatible; Googlebot/2.1; +http://www.google.com/bot.html)"
66.249.79.25 - - [06/Dec/2019:01:20:57 +0800] "POST /wp-json/wordpress-popular-posts/v1/popular-posts HTTP/1.0" 201 55 "http://www.crazyant.net/2343.html" "Mozilla/5.0 (Linux; Android 6.0.1; Nexus 5X Build/MMB29P) AppleWebKit/537.36 (KHTML, like Gecko) Chrome/41.0.2272.96 Mobile Safari/537.36 (compatible; Googlebot/2.1; +http://www.google.com/bot.html)"
54.36.149.107 - - [06/Dec/2019:01:22:05 +0800] "GET /480.html HTTP/1.0" 200 10249 "-" "Mozilla/5.0 (compatible; AhrefsBot/6.1; +http://ahrefs.com/robot/)"
211.65.35.92 - - [06/Dec/2019:01:25:37 +0800] "GET /favicon.ico HTTP/1.0" 200 - "-" "Mozilla/5.0 (Windows NT 10.0; WOW64) AppleWebKit/537.36 (KHTML, like Gecko) Chrome/55.0.2883.87 Safari/537.36"
110.249.201.195 - - [06/Dec/2019:01:25:44 +0800] "GET /2076.html HTTP/1.0" 200 14944 "-" "Mozilla/5.0 (iPhone; CPU iPhone OS 11_0 like Mac OS X) AppleWebKit/537.36 (KHTML, like Gecko) Chrome/52.0.6727.1205 Mobile Safari/537.36; Bytespider;https://zhanzhang.toutiao.com/"
54.36.150.184 - - [06/Dec/2019:01:26:03 +0800] "GET /724.html HTTP/1.0" 200 12005 "-" "Mozilla/5.0 (compatible; AhrefsBot/6.1; +http://ahrefs.com/robot/)"
137.74.38.160 - - [06/Dec/2019:01:28:12 +0800] "GET /feed/ HTTP/1.0" 301 - "-" "Tiny Tiny RSS/19.8 (f609065) (http://tt-rss.org/)"
137.74.38.160 - - [06/Dec/2019:01:28:12 +0800] "GET /feed HTTP/1.0" 200 4779 "-" "Tiny Tiny RSS/19.8 (f609065) (http://tt-rss.org/)"
92.38.129.153 - - [06/Dec/2019:01:29:07 +0800] "GET /feed/ HTTP/1.0" 301 - "-" "Tiny Tiny RSS/19.02 (http://tt-rss.org/)"
92.38.129.153 - - [06/Dec/2019:01:29:07 +0800] "GET /feed HTTP/1.0" 200 4779 "-" "Tiny Tiny RSS/19.02 (http://tt-rss.org/)"
39.106.210.67 - - [06/Dec/2019:01:31:06 +0800] "GET /1901.html HTTP/1.0" 200 12926 "-" "Mozilla/5.0 (Windows NT 6.1; Win64; x64) AppleWebKit/537.36 (KHTML, like Gecko) Chrome/70.0.3538.110 Safari/537.36"
222.129.54.23 - - [06/Dec/2019:01:31:08 +0800] "GET /feed HTTP/1.0" 200 4779 "-" "ReadKit/2.4.3 (Mac OS X Version 10.15.1 (Build 19B88))"
47.96.97.24 - - [06/Dec/2019:01:31:14 +0800] "GET /1292.html HTTP/1.0" 200 12354 "-" "Bot/Nutch-1.16"
66.249.79.27 - - [06/Dec/2019:01:31:57 +0800] "GET /1203.html HTTP/1.0" 200 13215 "-" "Mozilla/5.0 (Linux; Android 6.0.1; Nexus 5X Build/MMB29P) AppleWebKit/537.36 (KHTML, like Gecko) Chrome/41.0.2272.96 Mobile Safari/537.36 (compatible; Googlebot/2.1; +http://www.google.com/bot.html)"
66.249.79.29 - - [06/Dec/2019:01:32:02 +0800] "POST /wp-json/wordpress-popular-posts/v1/popular-posts HTTP/1.0" 201 55 "http://www.crazyant.net/1203.html" "Mozilla/5.0 (Linux; Android 6.0.1; Nexus 5X Build/MMB29P) AppleWebKit/537.36 (KHTML, like Gecko) Chrome/41.0.2272.96 Mobile Safari/537.36 (compatible; Googlebot/2.1; +http://www.google.com/bot.html)"
37.17.224.60 - - [06/Dec/2019:01:32:25 +0800] "GET /wp-load.php?up2018info=true HTTP/1.0" 200 - "www.crazyant.net" "Mozilla/5.1 (Windows NT 6.0; WOW64) AppleWebKit/537.37 (KHTML, like Gecko) Chrome/58.0.1145.75 Safari/537.37"
47.96.97.24 - - [06/Dec/2019:01:32:27 +0800] "GET /category/no-category HTTP/1.0" 200 11074 "-" "Bot/Nutch-1.16"
106.38.241.179 - - [06/Dec/2019:01:33:03 +0800] "GET /robots.txt HTTP/1.0" 200 66 "-" "Sogou web spider/4.0(+http://www.sogou.com/docs/help/webmasters.htm#07)"
106.38.241.179 - - [06/Dec/2019:01:33:05 +0800] "GET / HTTP/1.0" 200 10415 "-" "Sogou web spider/4.0(+http://www.sogou.com/docs/help/webmasters.htm#07)"
220.181.108.122 - - [06/Dec/2019:01:33:19 +0800] "GET /author/crazyant/ HTTP/1.1" 444 0 "-" "Mozilla/5.0 (compatible; Baiduspider/2.0; +http://www.baidu.com/search/spider.html)"
47.96.97.24 - - [06/Dec/2019:01:33:23 +0800] "GET /wp-json/oembed/1.0/embed?url=http%3A%2F%2Fwww.crazyant.net%2F2594.html HTTP/1.0" 200 1173 "-" "Bot/Nutch-1.16"
42.156.254.14 - - [06/Dec/2019:01:34:35 +0800] "POST /wp-json/wordpress-popular-posts/v1/popular-posts HTTP/1.0" 201 55 "http://www.crazyant.net/1216.html?wptouch_switch=desktop" "Mozilla/5.0 (Windows NT 6.1; Win64; x64) AppleWebKit/537.36 (KHTML, like Gecko) Chrome/69.0.3497.81 YisouSpider/5.0 Safari/537.36"
66.102.6.25 - - [06/Dec/2019:01:35:01 +0800] "GET /favicon.ico HTTP/1.1" 200 0 "-" "Mozilla/5.0 (X11; Linux x86_64) AppleWebKit/537.36 (KHTML, like Gecko) Chrome/49.0.2623.75 Safari/537.36 Google Favicon"
47.96.97.24 - - [06/Dec/2019:01:35:07 +0800] "GET /wp-json/oembed/1.0/embed?url=http%3A%2F%2Fwww.crazyant.net%2F2594.html&format=xml HTTP/1.0" 200 1221 "-" "Bot/Nutch-1.16"
220.243.136.43 - - [06/Dec/2019:01:35:13 +0800] "GET /?p=1372 HTTP/1.0" 301 - "-" "Mozilla/5.0 (iPhone; CPU iPhone OS 11_0 like Mac OS X) AppleWebKit/537.36 (KHTML, like Gecko) Chrome/43.0.1969.1266 Mobile Safari/537.36; Bytespider;https://zhanzhang.toutiao.com/"
220.243.136.17 - - [06/Dec/2019:01:35:13 +0800] "GET /1372.html HTTP/1.0" 200 10840 "-" "Mozilla/5.0 (iPhone; CPU iPhone OS 11_0 like Mac OS X) AppleWebKit/537.36 (KHTML, like Gecko) Chrome/43.0.1969.1266 Mobile Safari/537.36; Bytespider;https://zhanzhang.toutiao.com/"
47.96.97.24 - - [06/Dec/2019:01:35:50 +0800] "GET /tag/%E6%95%B0%E6%8D%AE%E5%BA%93/feed HTTP/1.0" 200 1562 "-" "Bot/Nutch-1.16"
66.249.79.25 - - [06/Dec/2019:01:37:30 +0800] "GET /502.html HTTP/1.0" 200 11219 "-" "Mozilla/5.0 (Linux; Android 6.0.1; Nexus 5X Build/MMB29P) AppleWebKit/537.36 (KHTML, like Gecko) Chrome/41.0.2272.96 Mobile Safari/537.36 (compatible; Googlebot/2.1; +http://www.google.com/bot.html)"
66.249.79.25 - - [06/Dec/2019:01:37:36 +0800] "POST /wp-json/wordpress-popular-posts/v1/popular-posts HTTP/1.0" 201 55 "http://www.crazyant.net/502.html" "Mozilla/5.0 (Linux; Android 6.0.1; Nexus 5X Build/MMB29P) AppleWebKit/537.36 (KHTML, like Gecko) Chrome/41.0.2272.96 Mobile Safari/537.36 (compatible; Googlebot/2.1; +http://www.google.com/bot.html)"
66.249.79.29 - - [06/Dec/2019:01:39:02 +0800] "GET /1409.html?oafiri=smwtl3&xudwbo=7vd0n3&kkvurg=mmjnu3&eynwjc=6m04m3&cixshs=gdxno3&qgvadq=i08wj3&bapmhs=txjjl3&rydiba=buyeo3&uwvwji=2epho3 HTTP/1.0" 200 12932 "-" "Mozilla/5.0 (Linux; Android 6.0.1; Nexus 5X Build/MMB29P) AppleWebKit/537.36 (KHTML, like Gecko) Chrome/41.0.2272.96 Mobile Safari/537.36 (compatible; Googlebot/2.1; +http://www.google.com/bot.html)"
114.67.104.99 - - [06/Dec/2019:01:39:16 +0800] "GET /feed HTTP/1.0" 200 4779 "-" "Mozilla/5.0 (Linux; Android 8.0.0; TA-1053 Build/OPR1.170623.026) AppleWebKit/537.36 (KHTML, like Gecko) Chrome/67.0.3368.0 Mobile Safari/537.36"
40.77.167.221 - - [06/Dec/2019:01:39:28 +0800] "GET /2534.html HTTP/1.0" 200 10978 "-" "Mozilla/5.0 (compatible; bingbot/2.0; +http://www.bing.com/bingbot.htm)"
192.99.6.226 - - [06/Dec/2019:01:39:35 +0800] "GET /robots.txt HTTP/1.0" 200 66 "-" "Mozilla/5.0 (compatible; MJ12bot/v1.4.8; http://mj12bot.com/)"
47.96.97.24 - - [06/Dec/2019:01:40:00 +0800] "GET /category/c-plus-plus HTTP/1.0" 200 10665 "-" "Bot/Nutch-1.16"
66.249.79.25 - - [06/Dec/2019:01:40:35 +0800] "GET /page/ HTTP/1.0" 404 35012 "-" "Mozilla/5.0 (Linux; Android 6.0.1; Nexus 5X Build/MMB29P) AppleWebKit/537.36 (KHTML, like Gecko) Chrome/41.0.2272.96 Mobile Safari/537.36 (compatible; Googlebot/2.1; +http://www.google.com/bot.html)"
157.55.39.147 - - [06/Dec/2019:01:40:48 +0800] "GET /category/python-pandas%e7%b3%bb%e5%88%97 HTTP/1.0" 200 10305 "-" "Mozilla/5.0 (compatible; bingbot/2.0; +http://www.bing.com/bingbot.htm)"
66.249.79.27 - - [06/Dec/2019:01:40:58 +0800] "GET /page/47?vep HTTP/1.0" 404 35012 "-" "Mozilla/5.0 (Linux; Android 6.0.1; Nexus 5X Build/MMB29P) AppleWebKit/537.36 (KHTML, like Gecko) Chrome/41.0.2272.96 Mobile Safari/537.36 (compatible; Googlebot/2.1; +http://www.google.com/bot.html)"
47.96.97.24 - - [06/Dec/2019:01:41:01 +0800] "GET /tag/%E4%B8%AA%E6%80%A7%E5%8C%96%E6%8E%A8%E8%8D%90/feed HTTP/1.0" 200 958 "-" "Bot/Nutch-1.16"
66.249.79.29 - - [06/Dec/2019:01:41:03 +0800] "GET /1931.html?jdf&nijglk=fcwer&matmxw=8pfzq&umpmbe=0vykq&asvojw=0e41o3&kunary=kf0qn3&xkxstq=pdsrr&mkjwnk=ygisl3&ycnyjm=qiell3&roxutw=7awiq&rodwre=f5q1s&bafqru=h25ol3 HTTP/1.0" 200 13173 "-" "Mozilla/5.0 (Linux; Android 6.0.1; Nexus 5X Build/MMB29P) AppleWebKit/537.36 (KHTML, like Gecko) Chrome/41.0.2272.96 Mobile Safari/537.36 (compatible; Googlebot/2.1; +http://www.google.com/bot.html)"
47.96.97.24 - - [06/Dec/2019:01:41:05 +0800] "GET /2454.html HTTP/1.0" 200 12739 "-" "Bot/Nutch-1.16"
66.249.79.25 - - [06/Dec/2019:01:41:19 +0800] "GET /1094.html?fwvofw=lryvl&gofuzi=i805o3&dglgxo=5ojxo&eydqbm=0a7ln3&fgdgto=hxaml3&uwpohu=agqyl3&bapmhs=txjjl3&hwviju=tvznn3&cifwre=eivol3&vevkxe=zybjl3&airgnw=mgham&uwvwji=2epho3&fgzwbw=zpxln3&velktq=dp1yn3&fgjovy=lu95o3&nslkti=nuhbo3&wmvmbo=wo1jl3&bqjyzo=ppsao HTTP/1.0" 200 13065 "-" "Mozilla/5.0 (Linux; Android 6.0.1; Nexus 5X Build/MMB29P) AppleWebKit/537.36 (KHTML, like Gecko) Chrome/41.0.2272.96 Mobile Safari/537.36 (compatible; Googlebot/2.1; +http://www.google.com/bot.html)"
66.249.79.25 - - [06/Dec/2019:01:41:25 +0800] "POST /wp-json/wordpress-popular-posts/v1/popular-posts HTTP/1.0" 201 55 "http://www.crazyant.net/1931.html?jdf&nijglk=fcwer&matmxw=8pfzq&umpmbe=0vykq&asvojw=0e41o3&kunary=kf0qn3&xkxstq=pdsrr&mkjwnk=ygisl3&ycnyjm=qiell3&roxutw=7awiq&rodwre=f5q1s&bafqru=h25ol3" "Mozilla/5.0 (Linux; Android 6.0.1; Nexus 5X Build/MMB29P) AppleWebKit/537.36 (KHTML, like Gecko) Chrome/41.0.2272.96 Mobile Safari/537.36 (compatible; Googlebot/2.1; +http://www.google.com/bot.html)"
66.249.79.25 - - [06/Dec/2019:01:41:31 +0800] "GET /page/26?lcl&kuxmdy=aiz9n3 HTTP/1.0" 200 10741 "-" "Mozilla/5.0 (Linux; Android 6.0.1; Nexus 5X Build/MMB29P) AppleWebKit/537.36 (KHTML, like Gecko) Chrome/41.0.2272.96 Mobile Safari/537.36 (compatible; Googlebot/2.1; +http://www.google.com/bot.html)"
66.249.79.25 - - [06/Dec/2019:01:41:34 +0800] "GET /author/peishuai1987/page/26?bapmhs=txjjl3 HTTP/1.0" 200 10399 "-" "Mozilla/5.0 (Linux; Android 6.0.1; Nexus 5X Build/MMB29P) AppleWebKit/537.36 (KHTML, like Gecko) Chrome/41.0.2272.96 Mobile Safari/537.36 (compatible; Googlebot/2.1; +http://www.google.com/bot.html)"
66.249.79.25 - - [06/Dec/2019:01:41:35 +0800] "POST /wp-json/wordpress-popular-posts/v1/popular-posts HTTP/1.0" 201 55 "http://www.crazyant.net/1094.html?fwvofw=lryvl&gofuzi=i805o3&dglgxo=5ojxo&eydqbm=0a7ln3&fgdgto=hxaml3&uwpohu=agqyl3&bapmhs=txjjl3&hwviju=tvznn3&cifwre=eivol3&vevkxe=zybjl3&airgnw=mgham&uwvwji=2epho3&fgzwbw=zpxln3&velktq=dp1yn3&fgjovy=lu95o3&nslkti=nuhbo3&wmvmbo=wo1jl3&bqjyzo=ppsao" "Mozilla/5.0 (Linux; Android 6.0.1; Nexus 5X Build/MMB29P) AppleWebKit/537.36 (KHTML, like Gecko) Chrome/41.0.2272.96 Mobile Safari/537.36 (compatible; Googlebot/2.1; +http://www.google.com/bot.html)"
66.249.79.25 - - [06/Dec/2019:01:41:36 +0800] "GET /1861.html?aspghi=whvil3&dqbcvo=byjpl3&dqhkxy=3wikn3&bafqru=h25ol3&nsfozg=bptsn3&todytg=33zhl3&asjkng=kognl3&bqdmro=hgr4i&jcjipy=vfzai&bavebu=f0y2m3&ycjuva=sdgko3&oqnqhy=uqqvh&malmjc=cszyh&rovqze=zh2dh HTTP/1.0" 200 12078 "-" "Mozilla/5.0 (Linux; Android 6.0.1; Nexus 5X Build/MMB29P) AppleWebKit/537.36 (KHTML, like Gecko) Chrome/41.0.2272.96 Mobile Safari/537.36 (compatible; Googlebot/2.1; +http://www.google.com/bot.html)"
42.156.254.93 - - [06/Dec/2019:01:41:39 +0800] "POST /wp-json/wordpress-popular-posts/v1/popular-posts HTTP/1.0" 201 55 "http://www.crazyant.net/796.html?replytocom=10573&wptouch_switch=desktop" "Mozilla/5.0 (Windows NT 6.1; Win64; x64) AppleWebKit/537.36 (KHTML, like Gecko) Chrome/69.0.3497.81 YisouSpider/5.0 Safari/537.36"
192.99.6.226 - - [06/Dec/2019:01:41:49 +0800] "GET /?s=%E5%8D%8E%E5%AE%87%E7%82%B9%E6%A3%80APP%E4%B8%8B%E8%BD%BD%E3%80%90%E2%94%8B%E7%A8%B3%E5%AE%9A2%E2%92%8F7%E2%92%8F01705%E2%94%8B%E6%89%A3%E3%80%93%E3%80%91 HTTP/1.0" 200 8362 "-" "Mozilla/5.0 (compatible; MJ12bot/v1.4.8; http://mj12bot.com/)"
66.249.79.25 - - [06/Dec/2019:01:41:50 +0800] "POST /wp-json/wordpress-popular-posts/v1/popular-posts HTTP/1.0" 201 55 "http://www.crazyant.net/1861.html?aspghi=whvil3&dqbcvo=byjpl3&dqhkxy=3wikn3&bafqru=h25ol3&nsfozg=bptsn3&todytg=33zhl3&asjkng=kognl3&bqdmro=hgr4i&jcjipy=vfzai&bavebu=f0y2m3&ycjuva=sdgko3&oqnqhy=uqqvh&malmjc=cszyh&rovqze=zh2dh" "Mozilla/5.0 (Linux; Android 6.0.1; Nexus 5X Build/MMB29P) AppleWebKit/537.36 (KHTML, like Gecko) Chrome/41.0.2272.96 Mobile Safari/537.36 (compatible; Googlebot/2.1; +http://www.google.com/bot.html)"
66.249.79.25 - - [06/Dec/2019:01:41:57 +0800] "POST /wp-json/wordpress-popular-posts/v1/popular-posts HTTP/1.0" 403 95 "http://www.crazyant.net/254.html" "Mozilla/5.0 (Linux; Android 6.0.1; Nexus 5X Build/MMB29P) AppleWebKit/537.36 (KHTML, like Gecko) Chrome/41.0.2272.96 Mobile Safari/537.36 (compatible; Googlebot/2.1; +http://www.google.com/bot.html)"
66.249.79.29 - - [06/Dec/2019:01:42:09 +0800] "GET /?s=%E3%80%90%E2%94%83%E5%B8%82%E5%9C%BA%E9%83%A82%E2%92%8F7%E2%92%8F01705[%E6%89%A3]%E3%80%91%E3%80%91%E5%8D%8E%E5%AE%87%E5%A8%B1%E4%B9%90%E6%98%AF%E5%81%9A%E4%BB%80%E4%B9%88%E7%9A%84 HTTP/1.0" 200 8396 "-" "Mozilla/5.0 (Linux; Android 6.0.1; Nexus 5X Build/MMB29P) AppleWebKit/537.36 (KHTML, like Gecko) Chrome/41.0.2272.96 Mobile Safari/537.36 (compatible; Googlebot/2.1; +http://www.google.com/bot.html)"
146.66.92.61 - - [06/Dec/2019:01:42:27 +0800] "POST /wp-cron.php?doing_wp_cron=1575567747.2455449104309082031250 HTTP/1.0" 200 - "http://www.crazyant.net/wp-cron.php?doing_wp_cron=1575567747.2455449104309082031250" "WordPress/5.3; http://www.crazyant.net"
66.249.79.27 - - [06/Dec/2019:01:42:27 +0800] "GET /page/3?iapolo_com/page/10&vefcrg=l1qel3 HTTP/1.0" 301 - "-" "Mozilla/5.0 (Linux; Android 6.0.1; Nexus 5X Build/MMB29P) AppleWebKit/537.36 (KHTML, like Gecko) Chrome/41.0.2272.96 Mobile Safari/537.36 (compatible; Googlebot/2.1; +http://www.google.com/bot.html)"
66.249.79.27 - - [06/Dec/2019:01:42:28 +0800] "GET /page/3?iapolo_com%2Fpage%2F10&vefcrg=l1qel3 HTTP/1.0" 200 10761 "-" "Mozilla/5.0 (Linux; Android 6.0.1; Nexus 5X Build/MMB29P) AppleWebKit/537.36 (KHTML, like Gecko) Chrome/41.0.2272.96 Mobile Safari/537.36 (compatible; Googlebot/2.1; +http://www.google.com/bot.html)"
192.99.6.226 - - [06/Dec/2019:01:42:31 +0800] "GET /search/yabo%E4%BA%9A%E6%90%8F%E6%97%B6%E6%97%B6%E5%BD%A9%E5%A8%B1%E4%B9%90%E5%B9%B3%E5%8F%B0%E3%80%90%E2%94%83%E5%B8%82%E5%9C%BA%E9%83%A82%E2%92%8F7%E2%92%8F01705[%E6%89%A3]%E3%80%91%E3%80%91/feed/rss2/ HTTP/1.0" 200 712 "-" "Mozilla/5.0 (compatible; MJ12bot/v1.4.8; http://mj12bot.com/)"
66.249.79.25 - - [06/Dec/2019:01:42:56 +0800] "POST /wp-json/wordpress-popular-posts/v1/popular-posts HTTP/1.0" 201 55 "http://www.crazyant.net/1409.html?oafiri=smwtl3&xudwbo=7vd0n3&kkvurg=mmjnu3&eynwjc=6m04m3&cixshs=gdxno3&qgvadq=i08wj3&bapmhs=txjjl3&rydiba=buyeo3&uwvwji=2epho3" "Mozilla/5.0 (Linux; Android 6.0.1; Nexus 5X Build/MMB29P) AppleWebKit/537.36 (KHTML, like Gecko) Chrome/41.0.2272.96 Mobile Safari/537.36 (compatible; Googlebot/2.1; +http://www.google.com/bot.html)"
66.249.79.25 - - [06/Dec/2019:01:42:57 +0800] "GET /811.html?jdf&ierone=q9oon3&hwfuvq=jy67n3 HTTP/1.0" 200 11860 "-" "Mozilla/5.0 (Linux; Android 6.0.1; Nexus 5X Build/MMB29P) AppleWebKit/537.36 (KHTML, like Gecko) Chrome/41.0.2272.96 Mobile Safari/537.36 (compatible; Googlebot/2.1; +http://www.google.com/bot.html)"
66.249.79.25 - - [06/Dec/2019:01:43:02 +0800] "GET /1858.html HTTP/1.0" 200 11373 "-" "Mozilla/5.0 (Linux; Android 6.0.1; Nexus 5X Build/MMB29P) AppleWebKit/537.36 (KHTML, like Gecko) Chrome/41.0.2272.96 Mobile Safari/537.36 (compatible; Googlebot/2.1; +http://www.google.com/bot.html)"
66.249.79.29 - - [06/Dec/2019:01:43:03 +0800] "POST /wp-json/wordpress-popular-posts/v1/popular-posts HTTP/1.0" 201 55 "http://www.crazyant.net/811.html?jdf&ierone=q9oon3&hwfuvq=jy67n3" "Mozilla/5.0 (Linux; Android 6.0.1; Nexus 5X Build/MMB29P) AppleWebKit/537.36 (KHTML, like Gecko) Chrome/41.0.2272.96 Mobile Safari/537.36 (compatible; Googlebot/2.1; +http://www.google.com/bot.html)"
66.249.79.29 - - [06/Dec/2019:01:43:05 +0800] "GET /page/26?iapolo_com/page/10&vefcrg=l1qel3 HTTP/1.0" 301 - "-" "Mozilla/5.0 (Linux; Android 6.0.1; Nexus 5X Build/MMB29P) AppleWebKit/537.36 (KHTML, like Gecko) Chrome/41.0.2272.96 Mobile Safari/537.36 (compatible; Googlebot/2.1; +http://www.google.com/bot.html)"
66.249.79.27 - - [06/Dec/2019:01:43:06 +0800] "GET /page/26?iapolo_com%2Fpage%2F10&vefcrg=l1qel3 HTTP/1.0" 200 10749 "-" "Mozilla/5.0 (Linux; Android 6.0.1; Nexus 5X Build/MMB29P) AppleWebKit/537.36 (KHTML, like Gecko) Chrome/41.0.2272.96 Mobile Safari/537.36 (compatible; Googlebot/2.1; +http://www.google.com/bot.html)"
66.249.79.27 - - [06/Dec/2019:01:43:10 +0800] "POST /wp-json/wordpress-popular-posts/v1/popular-posts HTTP/1.0" 201 55 "http://www.crazyant.net/1858.html" "Mozilla/5.0 (Linux; Android 6.0.1; Nexus 5X Build/MMB29P) AppleWebKit/537.36 (KHTML, like Gecko) Chrome/41.0.2272.96 Mobile Safari/537.36 (compatible; Googlebot/2.1; +http://www.google.com/bot.html)"
66.249.79.25 - - [06/Dec/2019:01:43:15 +0800] "GET /wp-includes/js/wp-embed.min.js?ver=5.2.2 HTTP/1.0" 200 740 "-" "Mozilla/5.0 (Linux; Android 6.0.1; Nexus 5X Build/MMB29P) AppleWebKit/537.36 (KHTML, like Gecko) Chrome/41.0.2272.96 Mobile Safari/537.36 (compatible; Googlebot/2.1; +http://www.google.com/bot.html)"
106.11.156.234 - - [06/Dec/2019:01:43:46 +0800] "GET /my_book_list?replytocom=10936 HTTP/1.0" 200 16522 "-" "YisouSpider"
66.249.79.25 - - [06/Dec/2019:01:43:46 +0800] "GET /499.html?jdf&uwzexu=0jnil3&kurkfq=2nfql3 HTTP/1.0" 200 11622 "-" "Mozilla/5.0 (Linux; Android 6.0.1; Nexus 5X Build/MMB29P) AppleWebKit/537.36 (KHTML, like Gecko) Chrome/41.0.2272.96 Mobile Safari/537.36 (compatible; Googlebot/2.1; +http://www.google.com/bot.html)"
66.249.79.25 - - [06/Dec/2019:01:43:51 +0800] "POST /wp-json/wordpress-popular-posts/v1/popular-posts HTTP/1.0" 201 55 "http://www.crazyant.net/499.html?jdf&uwzexu=0jnil3&kurkfq=2nfql3" "Mozilla/5.0 (Linux; Android 6.0.1; Nexus 5X Build/MMB29P) AppleWebKit/537.36 (KHTML, like Gecko) Chrome/41.0.2272.96 Mobile Safari/537.36 (compatible; Googlebot/2.1; +http://www.google.com/bot.html)"
54.36.148.15 - - [06/Dec/2019:01:44:04 +0800] "GET /204.html HTTP/1.0" 200 10417 "-" "Mozilla/5.0 (compatible; AhrefsBot/6.1; +http://ahrefs.com/robot/)"
66.249.79.29 - - [06/Dec/2019:01:44:06 +0800] "GET /155.html?jdf&iebaza=gcx7n3&wmhqxe=afpzn3 HTTP/1.0" 200 10213 "-" "Mozilla/5.0 (Linux; Android 6.0.1; Nexus 5X Build/MMB29P) AppleWebKit/537.36 (KHTML, like Gecko) Chrome/41.0.2272.96 Mobile Safari/537.36 (compatible; Googlebot/2.1; +http://www.google.com/bot.html)"
66.249.79.27 - - [06/Dec/2019:01:44:15 +0800] "POST /wp-json/wordpress-popular-posts/v1/popular-posts HTTP/1.0" 201 55 "http://www.crazyant.net/155.html?jdf&iebaza=gcx7n3&wmhqxe=afpzn3" "Mozilla/5.0 (Linux; Android 6.0.1; Nexus 5X Build/MMB29P) AppleWebKit/537.36 (KHTML, like Gecko) Chrome/41.0.2272.96 Mobile Safari/537.36 (compatible; Googlebot/2.1; +http://www.google.com/bot.html)"
66.249.79.25 - - [06/Dec/2019:01:44:26 +0800] "GET /search/%E6%88%90%E9%83%BD%E6%9D%8F%E5%BD%A9%E5%A8%B1%E4%B9%90%E4%BC%9A%E6%89%80%E3%80%90%E2%94%83%E7%BB%99%E5%8A%9B%EF%BC%9217%E2%92%8B31%5B%EF%BC%B1%E3%80%91%E3%80%91/feed/rss2/ HTTP/1.0" 200 691 "-" "Mozilla/5.0 (Linux; Android 6.0.1; Nexus 5X Build/MMB29P) AppleWebKit/537.36 (KHTML, like Gecko) Chrome/41.0.2272.96 Mobile Safari/537.36 (compatible; Googlebot/2.1; +http://www.google.com/bot.html)"
66.249.79.25 - - [06/Dec/2019:01:44:35 +0800] "GET /author/peishuai1987/page/20?zkfgjc=htiir2 HTTP/1.0" 200 11218 "-" "Mozilla/5.0 (Linux; Android 6.0.1; Nexus 5X Build/MMB29P) AppleWebKit/537.36 (KHTML, like Gecko) Chrome/41.0.2272.96 Mobile Safari/537.36 (compatible; Googlebot/2.1; +http://www.google.com/bot.html)"
222.129.54.23 - - [06/Dec/2019:01:45:08 +0800] "GET /feed HTTP/1.0" 200 4779 "-" "ReadKit/2.4.3 (Mac OS X Version 10.15.1 (Build 19B88))"
66.249.79.29 - - [06/Dec/2019:01:45:11 +0800] "GET /2283.html?wmvmbo=wo1jl3&wmhqxe=afpzn3&nszgxw=72uxl3&kkfopi=svnbi&jmhibs=lnfto3&aibylq=s22lf HTTP/1.0" 200 9752 "-" "Mozilla/5.0 (Linux; Android 6.0.1; Nexus 5X Build/MMB29P) AppleWebKit/537.36 (KHTML, like Gecko) Chrome/41.0.2272.96 Mobile Safari/537.36 (compatible; Googlebot/2.1; +http://www.google.com/bot.html)"
92.38.129.153 - - [06/Dec/2019:01:45:15 +0800] "GET /feed/ HTTP/1.0" 301 - "-" "Tiny Tiny RSS/19.02 (http://tt-rss.org/)"
92.38.129.153 - - [06/Dec/2019:01:45:16 +0800] "GET /feed HTTP/1.0" 200 4779 "-" "Tiny Tiny RSS/19.02 (http://tt-rss.org/)"
66.249.79.25 - - [06/Dec/2019:01:45:39 +0800] "POST /wp-json/wordpress-popular-posts/v1/popular-posts HTTP/1.0" 201 55 "http://www.crazyant.net/2283.html?wmvmbo=wo1jl3&wmhqxe=afpzn3&nszgxw=72uxl3&kkfopi=svnbi&jmhibs=lnfto3&aibylq=s22lf" "Mozilla/5.0 (Linux; Android 6.0.1; Nexus 5X Build/MMB29P) AppleWebKit/537.36 (KHTML, like Gecko) Chrome/41.0.2272.96 Mobile Safari/537.36 (compatible; Googlebot/2.1; +http://www.google.com/bot.html)"
54.36.150.126 - - [06/Dec/2019:01:45:46 +0800] "GET /2336.html/feed HTTP/1.0" 200 505 "-" "Mozilla/5.0 (compatible; AhrefsBot/6.1; +http://ahrefs.com/robot/)"
66.249.79.25 - - [06/Dec/2019:01:45:48 +0800] "GET /search/%E5%8A%A0%E5%AF%BC%E5%B8%88%E5%BE%AEgylm555%E5%8F%8D%E6%B7%98%E5%AE%9D%E8%81%94%E7%9B%9F%E4%BA%8B%E4%BB%B6%E8%B5%B7%E5%9B%A0/feed/rss2/ HTTP/1.0" 200 661 "-" "Mozilla/5.0 (Linux; Android 6.0.1; Nexus 5X Build/MMB29P) AppleWebKit/537.36 (KHTML, like Gecko) Chrome/41.0.2272.96 Mobile Safari/537.36 (compatible; Googlebot/2.1; +http://www.google.com/bot.html)"
47.96.97.24 - - [06/Dec/2019:01:46:03 +0800] "GET /1423.html HTTP/1.0" 200 10986 "-" "Bot/Nutch-1.16"
66.249.79.29 - - [06/Dec/2019:01:46:03 +0800] "GET /1122.html?rozwlc=d1sr1&oazmxg=4iiyl3&xudwbo=7vd0n3&ropera=rydw1&jmbgdk=dsl8n3&telgrs=pcay0 HTTP/1.0" 200 16309 "-" "Mozilla/5.0 (Linux; Android 6.0.1; Nexus 5X Build/MMB29P) AppleWebKit/537.36 (KHTML, like Gecko) Chrome/41.0.2272.96 Mobile Safari/537.36 (compatible; Googlebot/2.1; +http://www.google.com/bot.html)"
66.249.79.27 - - [06/Dec/2019:01:46:23 +0800] "POST /wp-json/wordpress-popular-posts/v1/popular-posts HTTP/1.0" 201 54 "http://www.crazyant.net/1122.html?rozwlc=d1sr1&oazmxg=4iiyl3&xudwbo=7vd0n3&ropera=rydw1&jmbgdk=dsl8n3&telgrs=pcay0" "Mozilla/5.0 (Linux; Android 6.0.1; Nexus 5X Build/MMB29P) AppleWebKit/537.36 (KHTML, like Gecko) Chrome/41.0.2272.96 Mobile Safari/537.36 (compatible; Googlebot/2.1; +http://www.google.com/bot.html)"
47.96.97.24 - - [06/Dec/2019:01:46:59 +0800] "GET /tag/php/feed HTTP/1.0" 200 5471 "-" "Bot/Nutch-1.16"
47.96.97.24 - - [06/Dec/2019:01:47:02 +0800] "GET /?p=1297 HTTP/1.0" 301 - "-" "Bot/Nutch-1.16"
54.36.150.68 - - [06/Dec/2019:01:47:19 +0800] "GET /1741.html HTTP/1.0" 200 11246 "-" "Mozilla/5.0 (compatible; AhrefsBot/6.1; +http://ahrefs.com/robot/)"
54.36.148.63 - - [06/Dec/2019:01:47:38 +0800] "GET /wp-content/uploads/2012/08/dsf.png HTTP/1.0" 200 10098 "-" "Mozilla/5.0 (compatible; AhrefsBot/6.1; +http://ahrefs.com/robot/)"
66.249.79.27 - - [06/Dec/2019:01:48:12 +0800] "GET /search/%E6%89%BE%E5%8D%8E%E5%AE%87%E6%8B%9B%E5%95%86%E4%BB%A3%E7%90%86%E3%80%90%E2%94%83%E6%8B%9B%E5%95%86%E9%83%A82%E2%92%8F7%E2%92%8F01705_%E6%89%A3%E3%80%91%E3%80%91/feed/rss2/ HTTP/1.0" 200 679 "-" "Mozilla/5.0 (Linux; Android 6.0.1; Nexus 5X Build/MMB29P) AppleWebKit/537.36 (KHTML, like Gecko) Chrome/41.0.2272.96 Mobile Safari/537.36 (compatible; Googlebot/2.1; +http://www.google.com/bot.html)"
54.36.148.174 - - [06/Dec/2019:01:48:33 +0800] "GET /wp-content/uploads/2014/08/3.png HTTP/1.0" 200 59176 "-" "Mozilla/5.0 (compatible; AhrefsBot/6.1; +http://ahrefs.com/robot/)"
66.249.79.25 - - [06/Dec/2019:01:48:34 +0800] "GET /1185.html HTTP/1.0" 200 12237 "-" "Mozilla/5.0 (Linux; Android 6.0.1; Nexus 5X Build/MMB29P) AppleWebKit/537.36 (KHTML, like Gecko) Chrome/41.0.2272.96 Mobile Safari/537.36 (compatible; Googlebot/2.1; +http://www.google.com/bot.html)"
66.249.79.25 - - [06/Dec/2019:01:48:39 +0800] "POST /wp-json/wordpress-popular-posts/v1/popular-posts HTTP/1.0" 201 55 "http://www.crazyant.net/1185.html" "Mozilla/5.0 (Linux; Android 6.0.1; Nexus 5X Build/MMB29P) AppleWebKit/537.36 (KHTML, like Gecko) Chrome/41.0.2272.96 Mobile Safari/537.36 (compatible; Googlebot/2.1; +http://www.google.com/bot.html)"
111.202.100.137 - - [06/Dec/2019:01:48:52 +0800] "GET /robots.txt HTTP/1.0" 200 66 "-" "Sogou web spider/4.0(+http://www.sogou.com/docs/help/webmasters.htm#07)"
111.202.100.137 - - [06/Dec/2019:01:49:12 +0800] "GET / HTTP/1.0" 301 - "-" "Sogou web spider/4.0(+http://www.sogou.com/docs/help/webmasters.htm#07)"
111.202.100.137 - - [06/Dec/2019:01:49:13 +0800] "GET /wp-json/oembed/1.0/embed?url=https%3A%2F%2Fwww.crazyant.net%2F1459.html HTTP/1.0" 200 1165 "-" "Sogou web spider/4.0(+http://www.sogou.com/docs/help/webmasters.htm#07)"
111.202.100.137 - - [06/Dec/2019:01:49:39 +0800] "GET /wp-json/oembed/1.0/embed?url=http%3A%2F%2Fwww.crazyant.net%2F2517.html&format=xml HTTP/1.0" 200 1227 "-" "Sogou web spider/4.0(+http://www.sogou.com/docs/help/webmasters.htm#07)"
111.202.100.137 - - [06/Dec/2019:01:49:40 +0800] "GET /wp-json/oembed/1.0/embed?url=https%3A%2F%2Fwww.crazyant.net%2F1459.html&format=xml HTTP/1.0" 200 1209 "-" "Sogou web spider/4.0(+http://www.sogou.com/docs/help/webmasters.htm#07)"
123.125.71.41 - - [06/Dec/2019:01:49:55 +0800] "GET /655.html HTTP/1.1" 444 0 "-" "Mozilla/5.0 (compatible; Baiduspider/2.0; +http://www.baidu.com/search/spider.html)"
111.202.100.137 - - [06/Dec/2019:01:50:08 +0800] "GET / HTTP/1.0" 200 10415 "-" "Sogou web spider/4.0(+http://www.sogou.com/docs/help/webmasters.htm#07)"
106.11.153.226 - - [06/Dec/2019:01:50:16 +0800] "GET /?s=%E3%80%90%E2%94%8B%E6%B7%BB%E5%8A%A0%E6%89%A32%E2%92%8F7%E2%92%8F01705%E3%80%93%E3%80%91%E5%8D%8E%E5%AE%87%E5%A8%B1%E4%B9%90%E6%9C%80%E6%96%B0%E7%99%BB%E9%99%86%E7%BD%91%E5%9D%80 HTTP/1.0" 200 8385 "-" "YisouSpider"
111.202.100.137 - - [06/Dec/2019:01:50:18 +0800] "GET /wp-json/oembed/1.0/embed?url=https%3A%2F%2Fwww.crazyant.net%2F2124.html HTTP/1.0" 200 1153 "-" "Sogou web spider/4.0(+http://www.sogou.com/docs/help/webmasters.htm#07)"
66.249.79.29 - - [06/Dec/2019:01:50:24 +0800] "GET /search/%E9%AB%98%E4%BD%A3%E8%81%94%E7%9B%9F%E5%93%AA%E9%87%8C%E8%BF%98%E5%8F%AF%E4%BB%A5%E4%B8%8B%E8%BD%BD%E5%BF%AB%E6%92%AD%E3%80%90www.yibiyibs.co/feed/rss2/ HTTP/1.0" 200 683 "-" "Mozilla/5.0 (Linux; Android 6.0.1; Nexus 5X Build/MMB29P) AppleWebKit/537.36 (KHTML, like Gecko) Chrome/41.0.2272.96 Mobile Safari/537.36 (compatible; Googlebot/2.1; +http://www.google.com/bot.html)"
111.202.100.137 - - [06/Dec/2019:01:50:37 +0800] "GET /2541.html/feed HTTP/1.0" 200 496 "-" "Sogou web spider/4.0(+http://www.sogou.com/docs/help/webmasters.htm#07)"
111.202.100.137 - - [06/Dec/2019:01:50:44 +0800] "GET /wp-json/oembed/1.0/embed?url=https%3A%2F%2Fwww.crazyant.net%2F2324.html HTTP/1.0" 200 1168 "-" "Sogou web spider/4.0(+http://www.sogou.com/docs/help/webmasters.htm#07)"
52.82.17.245 - - [06/Dec/2019:01:51:09 +0800] "GET / HTTP/1.0" 200 10415 "-" "Mozilla/5.0 (Windows NT 6.1; WOW64) AppleWebKit/537.36 (KHTML, like Gecko) Chrome/30.0.1599.101 Safari/537.36"
111.202.100.137 - - [06/Dec/2019:01:51:11 +0800] "GET /?s=%E4%BB%80%E4%B9%88%E6%98%AFcps%E8%81%94%E7%9B%9FV%E4%BF%A1gylm013 HTTP/1.0" 200 8290 "-" "Sogou web spider/4.0(+http://www.sogou.com/docs/help/webmasters.htm#07)"
111.202.100.137 - - [06/Dec/2019:01:51:13 +0800] "GET /wp-json/oembed/1.0/embed?url=https%3A%2F%2Fwww.crazyant.net%2F2351.html&format=xml HTTP/1.0" 200 1220 "-" "Sogou web spider/4.0(+http://www.sogou.com/docs/help/webmasters.htm#07)"
111.202.100.137 - - [06/Dec/2019:01:51:41 +0800] "GET /?s=%E6%80%BB%E7%9B%91%E5%BE%AE%E4%BF%A1gylm013%E3%80%91%E5%88%A9%E7%94%A8%E6%B7%98%E7%B2%89%E5%90%A7%E8%BF%94%E5%88%A9%E5%90%8E%E9%80%80%E8%B4%A7 HTTP/1.0" 200 8350 "-" "Sogou web spider/4.0(+http://www.sogou.com/docs/help/webmasters.htm#07)"
111.202.100.137 - - [06/Dec/2019:01:51:43 +0800] "GET /wp-json/oembed/1.0/embed?url=https%3A%2F%2Fwww.crazyant.net%2F2343.html HTTP/1.0" 200 1179 "-" "Sogou web spider/4.0(+http://www.sogou.com/docs/help/webmasters.htm#07)"
66.249.79.27 - - [06/Dec/2019:01:52:02 +0800] "POST /wp-json/wordpress-popular-posts/v1/popular-posts HTTP/1.0" 403 95 "http://www.crazyant.net/1423.html" "Mozilla/5.0 AppleWebKit/537.36 (KHTML, like Gecko; compatible; Googlebot/2.1; +http://www.google.com/bot.html) Safari/537.36"
111.202.100.137 - - [06/Dec/2019:01:52:11 +0800] "GET /?s=[%E7%BB%B4%E4%BF%A1gylm555]%E7%BE%8E%E9%80%9B%E4%BB%A3%E7%90%86%E5%92%8C%E5%90%88%E4%BC%99%E4%BA%BA HTTP/1.0" 200 8322 "-" "Sogou web spider/4.0(+http://www.sogou.com/docs/help/webmasters.htm#07)"
47.96.97.24 - - [06/Dec/2019:01:52:13 +0800] "GET /2532.html HTTP/1.0" 200 11668 "-" "Bot/Nutch-1.16"
111.202.100.137 - - [06/Dec/2019:01:52:14 +0800] "GET /wp-json/oembed/1.0/embed?url=https%3A%2F%2Fwww.crazyant.net%2F1214.html&format=xml HTTP/1.0" 200 1253 "-" "Sogou web spider/4.0(+http://www.sogou.com/docs/help/webmasters.htm#07)"
66.249.79.27 - - [06/Dec/2019:01:52:33 +0800] "GET /author/peishuai1987/page/2?jdfwkey=ktxvu3 HTTP/1.0" 200 10771 "-" "Mozilla/5.0 (Linux; Android 6.0.1; Nexus 5X Build/MMB29P) AppleWebKit/537.36 (KHTML, like Gecko) Chrome/41.0.2272.96 Mobile Safari/537.36 (compatible; Googlebot/2.1; +http://www.google.com/bot.html)"
47.96.97.24 - - [06/Dec/2019:01:53:14 +0800] "GET /545.html HTTP/1.0" 200 11440 "-" "Bot/Nutch-1.16"
54.36.149.10 - - [06/Dec/2019:01:53:24 +0800] "GET /tag/qt/feed HTTP/1.0" 200 1023 "-" "Mozilla/5.0 (compatible; AhrefsBot/6.1; +http://ahrefs.com/robot/)"
66.249.79.12 - - [06/Dec/2019:01:54:07 +0800] "GET /2419.html HTTP/1.0" 200 12282 "-" "Mozilla/5.0 (compatible; Googlebot/2.1; +http://www.google.com/bot.html)"
140.205.91.239 - - [06/Dec/2019:01:54:23 +0800] "GET /wp-content/plugins/cardoza-3d-tag-cloud//public/css/my-style.min.css HTTP/1.0" 200 218 "-" "Mozilla/5.0 (Windows NT 6.1; Win64; x64) AppleWebKit/537.36 (KHTML, like Gecko) Chrome/69.0.3497.81 YisouSpider/5.0 Safari/537.36"
66.249.79.25 - - [06/Dec/2019:01:54:48 +0800] "GET /1001.html?topypw=jvmxn3&nsvcjk=9nwwo3&lsfwvq=t6aqr&hwlwtu=rt0so3&sgtsli=mfywn3&todytg=33zhl3&bavung=xuu1o3&eydqbm=0a7ln3 HTTP/1.0" 200 23242 "-" "Mozilla/5.0 (Linux; Android 6.0.1; Nexus 5X Build/MMB29P) AppleWebKit/537.36 (KHTML, like Gecko) Chrome/41.0.2272.96 Mobile Safari/537.36 (compatible; Googlebot/2.1; +http://www.google.com/bot.html)"
66.249.79.8 - - [06/Dec/2019:01:54:55 +0800] "POST /wp-json/wordpress-popular-posts/v1/popular-posts HTTP/1.0" 201 55 "https://www.crazyant.net/2419.html" "Mozilla/5.0 AppleWebKit/537.36 (KHTML, like Gecko; compatible; Googlebot/2.1; +http://www.google.com/bot.html) Safari/537.36"
66.249.79.27 - - [06/Dec/2019:01:55:05 +0800] "POST /wp-json/wordpress-popular-posts/v1/popular-posts HTTP/1.0" 201 55 "http://www.crazyant.net/1001.html?topypw=jvmxn3&nsvcjk=9nwwo3&lsfwvq=t6aqr&hwlwtu=rt0so3&sgtsli=mfywn3&todytg=33zhl3&bavung=xuu1o3&eydqbm=0a7ln3" "Mozilla/5.0 (Linux; Android 6.0.1; Nexus 5X Build/MMB29P) AppleWebKit/537.36 (KHTML, like Gecko) Chrome/41.0.2272.96 Mobile Safari/537.36 (compatible; Googlebot/2.1; +http://www.google.com/bot.html)"
142.112.104.241 - - [06/Dec/2019:01:55:25 +0800] "GET / HTTP/1.0" 301 - "-" "Mozilla/5.0 (X11; Ubuntu; Linux x86_64; rv:70.0) Gecko/20100101 Firefox/70.0"
106.11.154.155 - - [06/Dec/2019:01:57:07 +0800] "GET / HTTP/1.0" 301 - "-" "Mozilla/5.0 (iPhone; U; CPU iPhone OS 10_3_1 like Mac OS X; en-us) AppleWebKit/532.9 (KHTML, like Gecko) Version/4.0.5 Mobile/8A293 Safari/6531.22.7"
106.11.154.155 - - [06/Dec/2019:01:57:08 +0800] "GET / HTTP/1.0" 200 54276 "-" "Mozilla/5.0 (iPhone; U; CPU iPhone OS 10_3_1 like Mac OS X; en-us) AppleWebKit/532.9 (KHTML, like Gecko) Version/4.0.5 Mobile/8A293 Safari/6531.22.7"
66.249.79.29 - - [06/Dec/2019:01:57:36 +0800] "POST /wp-json/wordpress-popular-posts/v1/popular-posts HTTP/1.0" 403 95 "http://www.crazyant.net/2515.html" "Mozilla/5.0 (Linux; Android 6.0.1; Nexus 5X Build/MMB29P) AppleWebKit/537.36 (KHTML, like Gecko) Chrome/41.0.2272.96 Mobile Safari/537.36 (compatible; Googlebot/2.1; +http://www.google.com/bot.html)"
137.74.38.160 - - [06/Dec/2019:01:58:21 +0800] "GET /feed/ HTTP/1.0" 301 - "-" "Tiny Tiny RSS/19.8 (f609065) (http://tt-rss.org/)"
137.74.38.160 - - [06/Dec/2019:01:58:21 +0800] "GET /feed HTTP/1.0" 200 4779 "-" "Tiny Tiny RSS/19.8 (f609065) (http://tt-rss.org/)"
222.129.54.23 - - [06/Dec/2019:01:59:08 +0800] "GET /feed HTTP/1.0" 200 4779 "-" "ReadKit/2.4.3 (Mac OS X Version 10.15.1 (Build 19B88))"
47.96.97.24 - - [06/Dec/2019:02:00:14 +0800] "GET /1886.html HTTP/1.0" 200 13775 "-" "Bot/Nutch-1.16"
66.249.79.27 - - [06/Dec/2019:02:01:19 +0800] "GET /1858.html?utm_source=tuicool&fgdgto=hxaml3&sgzofk=88nfo3&roxcza=7zljb HTTP/1.0" 200 11427 "-" "Mozilla/5.0 (Linux; Android 6.0.1; Nexus 5X Build/MMB29P) AppleWebKit/537.36 (KHTML, like Gecko) Chrome/41.0.2272.96 Mobile Safari/537.36 (compatible; Googlebot/2.1; +http://www.google.com/bot.html)"
92.38.129.153 - - [06/Dec/2019:02:01:20 +0800] "GET /feed/ HTTP/1.0" 301 - "-" "Tiny Tiny RSS/19.02 (http://tt-rss.org/)"
92.38.129.153 - - [06/Dec/2019:02:01:20 +0800] "GET /feed HTTP/1.0" 200 4779 "-" "Tiny Tiny RSS/19.02 (http://tt-rss.org/)"
66.249.79.29 - - [06/Dec/2019:02:01:22 +0800] "POST /wp-json/wordpress-popular-posts/v1/popular-posts HTTP/1.0" 201 55 "http://www.crazyant.net/1858.html?utm_source=tuicool&fgdgto=hxaml3&sgzofk=88nfo3&roxcza=7zljb" "Mozilla/5.0 (Linux; Android 6.0.1; Nexus 5X Build/MMB29P) AppleWebKit/537.36 (KHTML, like Gecko) Chrome/41.0.2272.96 Mobile Safari/537.36 (compatible; Googlebot/2.1; +http://www.google.com/bot.html)"
8.29.198.27 - - [06/Dec/2019:02:01:53 +0800] "GET /feed HTTP/1.0" 200 4779 "-" "Feedly/1.0 (+http://www.feedly.com/fetcher.html; 69 subscribers; like FeedFetcher-Google)"
42.236.10.84 - - [06/Dec/2019:02:03:36 +0800] "GET /2022.html HTTP/1.0" 200 20830 "http://baidu.com/" "Mozilla/5.0 (Windows NT 6.1) AppleWebKit/537.36 (KHTML, like Gecko) baidu.sogo.uc.Chrome/36.0.1985.125 Safari/537.36"
