106.11.157.254 - - [05/Dec/2019:22:49:44 +0800] "GET /796.html?replytocom=10513&wptouch_switch=desktop HTTP/1.0" 200 20166 "-" "YisouSpider"
106.11.159.254 - - [05/Dec/2019:22:49:52 +0800] "GET /tag/php/page/2 HTTP/1.0" 200 10751 "-" "YisouSpider"
42.120.160.72 - - [05/Dec/2019:22:49:55 +0800] "POST /wp-json/wordpress-popular-posts/v1/popular-posts HTTP/1.0" 201 55 "http://www.crazyant.net/796.html?replytocom=10513&wptouch_switch=desktop" "Mozilla/5.0 (Windows NT 6.1; Win64; x64) AppleWebKit/537.36 (KHTML, like Gecko) Chrome/69.0.3497.81 YisouSpider/5.0 Safari/537.36"
207.46.13.28 - - [05/Dec/2019:22:51:42 +0800] "GET /2076.html HTTP/1.0" 200 14948 "-" "Mozilla/5.0 (compatible; bingbot/2.0; +http://www.bing.com/bingbot.htm)"
18.196.197.141 - - [05/Dec/2019:22:52:09 +0800] "GET /robots.txt HTTP/1.0" 200 66 "-" "Mozilla/5.0 (compatible; Cliqzbot/3.0; +http://cliqz.com/company/cliqzbot)"
18.196.197.141 - - [05/Dec/2019:22:52:09 +0800] "GET /1203.html HTTP/1.0" 200 13213 "-" "Mozilla/5.0 (compatible; Cliqzbot/3.0; +http://cliqz.com/company/cliqzbot)"
117.136.0.242 - - [05/Dec/2019:22:52:12 +0800] "GET /favicon.ico HTTP/1.1" 200 0 "-" "Dalvik/2.1.0 (Linux; U; Android 9; COL-AL10 Build/HUAWEICOL-AL10)"
3.81.131.34 - - [05/Dec/2019:22:52:39 +0800] "GET /%e5%b8%b8%e7%94%a8%e8%b5%84%e6%ba%90/feed HTTP/1.0" 200 843 "https://www.google.com/" "Mozilla/5.0 (Windows NT 6.3; WOW64; Trident/7.0; rv:11.0) like Gecko"
137.74.38.160 - - [05/Dec/2019:22:53:08 +0800] "GET /feed/ HTTP/1.0" 301 - "-" "Tiny Tiny RSS/19.8 (f609065) (http://tt-rss.org/)"
137.74.38.160 - - [05/Dec/2019:22:53:08 +0800] "GET /feed HTTP/1.0" 200 4779 "-" "Tiny Tiny RSS/19.8 (f609065) (http://tt-rss.org/)"
222.129.54.23 - - [05/Dec/2019:22:55:10 +0800] "GET /feed HTTP/1.0" 200 4779 "-" "ReadKit/2.4.3 (Mac OS X Version 10.15.1 (Build 19B88))"
47.96.97.24 - - [05/Dec/2019:22:55:35 +0800] "GET /1001.html HTTP/1.0" 200 23139 "-" "Bot/Nutch-1.16"
66.249.79.25 - - [05/Dec/2019:22:57:24 +0800] "GET /wp-content/plugins/wordpress-popular-posts/public/css/wordpress-popular-posts-css.min.css HTTP/1.0" 404 35012 "http://www.crazyant.net/2076.html?replytocom=11217" "Mozilla/5.0 AppleWebKit/537.36 (KHTML, like Gecko; compatible; Googlebot/2.1; +http://www.google.com/bot.html) Safari/537.36"
66.249.79.27 - - [05/Dec/2019:22:57:24 +0800] "GET /wp-content/plugins/wordpress-popular-posts/public/js/wpp-4.2.0.min.js HTTP/1.0" 404 35012 "http://www.crazyant.net/2076.html?replytocom=11217" "Mozilla/5.0 AppleWebKit/537.36 (KHTML, like Gecko; compatible; Googlebot/2.1; +http://www.google.com/bot.html) Safari/537.36"
184.72.64.140 - - [05/Dec/2019:22:58:05 +0800] "GET /feed/ HTTP/1.0" 301 - "-" "Mozilla/5.0 (X11; Linux x86_64) AppleWebKit/537.36 (KHTML, like Gecko) Chrome/60.0.3112.113 Safari/537.36"
184.72.64.140 - - [05/Dec/2019:22:58:05 +0800] "GET /feed HTTP/1.0" 200 4779 "-" "Mozilla/5.0 (X11; Linux x86_64) AppleWebKit/537.36 (KHTML, like Gecko) Chrome/60.0.3112.113 Safari/537.36"
195.181.208.118 - - [05/Dec/2019:22:58:22 +0800] "GET / HTTP/1.0" 301 - "-" "Mozilla/5.0 (iPhone; CPU iPhone OS 11_0 like Mac OS X) AppleWebKit/604.1.25 (KHTML, like Gecko) Version/11.0 Mobile/15A5304i Safari/604.1"
195.181.208.118 - - [05/Dec/2019:22:58:24 +0800] "GET / HTTP/1.0" 200 10422 "-" "Mozilla/5.0 (iPhone; CPU iPhone OS 11_0 like Mac OS X) AppleWebKit/604.1.25 (KHTML, like Gecko) Version/11.0 Mobile/15A5304i Safari/604.1"
195.181.208.118 - - [05/Dec/2019:22:58:25 +0800] "GET /2604.html HTTP/1.0" 200 11877 "-" "Mozilla/5.0 (iPad; U; CPU OS 3_2_2 like Mac OS X; en-us) AppleWebKit/531.21.10 (KHTML, like Gecko) Version/4.0.4 Mobile/7B500 Safari/531.21.10"
195.181.208.118 - - [05/Dec/2019:22:58:30 +0800] "GET /2594.html HTTP/1.0" 200 13461 "-" "Mozilla/5.0 (Macintosh; U; Intel Mac OS X 10_6_3; es-es) AppleWebKit/531.21.11 (KHTML, like Gecko) Version/4.0.4 Safari/531.21.10"
195.181.208.118 - - [05/Dec/2019:22:58:36 +0800] "GET /tag/spark HTTP/1.0" 200 9481 "-" "Mozilla/5.0 (Macintosh; Intel Mac OS X 10_12_0) AppleWebKit/602.2.14 (KHTML, like Gecko) Version/10.0.1 Safari/602.2.14"
66.249.79.27 - - [05/Dec/2019:22:58:38 +0800] "GET /2525.html HTTP/1.0" 200 12647 "-" "Mozilla/5.0 (Linux; Android 6.0.1; Nexus 5X Build/MMB29P) AppleWebKit/537.36 (KHTML, like Gecko) Chrome/41.0.2272.96 Mobile Safari/537.36 (compatible; Googlebot/2.1; +http://www.google.com/bot.html)"
195.181.208.118 - - [05/Dec/2019:22:58:41 +0800] "GET /comments/feed HTTP/1.0" 200 4663 "-" "Mozilla/5.0 (Macintosh; Intel Mac OS X 10_10_1) AppleWebKit/600.1.25 (KHTML, like Gecko) Version/8.0 Safari/600.1.25"
195.181.208.118 - - [05/Dec/2019:22:58:45 +0800] "GET /796.html HTTP/1.0" 301 - "-" "Mozilla/5.0 (iPad; CPU OS 11_0 like Mac OS X) AppleWebKit/604.1.28 (KHTML, like Gecko) Version/11.0 Mobile/15A5318g Safari/604.1"
195.181.208.118 - - [05/Dec/2019:22:58:46 +0800] "GET /796.html HTTP/1.0" 200 20089 "-" "Mozilla/5.0 (iPad; CPU OS 11_0 like Mac OS X) AppleWebKit/604.1.28 (KHTML, like Gecko) Version/11.0 Mobile/15A5318g Safari/604.1"
195.181.208.118 - - [05/Dec/2019:22:58:52 +0800] "GET /category/python-machinelearning HTTP/1.0" 200 8548 "-" "Mozilla/5.0 (iPhone; CPU iPhone OS 10_3_2 like Mac OS X) AppleWebKit/603.2.3 (KHTML, like Gecko) Version/10.0 Mobile/14F5080a Safari/602.1"
195.181.208.118 - - [05/Dec/2019:22:58:56 +0800] "GET /tag/jvm HTTP/1.0" 200 9155 "-" "Mozilla/5.0 (Macintosh; Intel Mac OS X 10_9_3) AppleWebKit/537.75.14 (KHTML, like Gecko) Version/7.1.7 Safari/7046A194A"
195.181.208.118 - - [05/Dec/2019:22:59:02 +0800] "GET / HTTP/1.0" 301 - "-" "Mozilla/5.0 (Macintosh; Intel Mac OS X 10_10_5) AppleWebKit/600.8.9 (KHTML, like Gecko) WebClip/10603.2.5 Safari/10603.2.5"
195.181.208.118 - - [05/Dec/2019:22:59:02 +0800] "GET / HTTP/1.0" 200 10415 "-" "Mozilla/5.0 (Macintosh; Intel Mac OS X 10_10_5) AppleWebKit/600.8.9 (KHTML, like Gecko) WebClip/10603.2.5 Safari/10603.2.5"
195.181.208.118 - - [05/Dec/2019:22:59:07 +0800] "GET /tag/%e7%88%ac%e8%99%ab HTTP/1.0" 200 10885 "-" "Mozilla/5.0 (iPad; CPU OS 7_1 like Mac OS X) AppleWebKit/537.51.2 (KHTML, like Gecko) Version/7.0 Mobile/11D167 Safari/9537.53"
195.181.208.118 - - [05/Dec/2019:22:59:11 +0800] "GET /tag/ubuntu HTTP/1.0" 200 9910 "-" "Mozilla/5.0 (iPad; CPU OS 10_0_2 like Mac OS X) AppleWebKit/602.1.50 (KHTML, like Gecko) Version/10.0 Mobile/14A456 Safari/602.1"
106.11.152.246 - - [05/Dec/2019:22:59:15 +0800] "GET /tag/seo HTTP/1.0" 200 8998 "-" "YisouSpider"
195.181.208.118 - - [05/Dec/2019:22:59:15 +0800] "GET /2602.html HTTP/1.0" 200 11839 "-" "Mozilla/5.0 (iPhone; CPU iPhone OS 11_2 like Mac OS X) AppleWebKit/604.4.7 (KHTML, like Gecko) Version/11.0 Mobile/15C5110b Safari/604.1"
195.181.208.118 - - [05/Dec/2019:22:59:21 +0800] "GET /2404.html HTTP/1.0" 200 12028 "-" "Mozilla/5.0 (Macintosh; Intel Mac OS X 10_12_1) AppleWebKit/602.2.14 (KHTML, like Gecko) Version/10.0.1 Safari/602.2.14"
195.181.208.118 - - [05/Dec/2019:22:59:25 +0800] "GET /2598.html HTTP/1.0" 200 12938 "-" "Mozilla/5.0 (Macintosh; Intel Mac OS X 10_11_0) AppleWebKit/601.7.8 (KHTML, like Gecko) Version/9.1.3 Safari/601.7.8"
195.181.208.118 - - [05/Dec/2019:22:59:29 +0800] "GET /tag/tomcat HTTP/1.0" 200 8887 "-" "Mozilla/5.0 (iPod touch; CPU iPhone OS 7_1_2 like Mac OS X) AppleWebKit/537.51.2 (KHTML, like Gecko) Version/7.0 Mobile/11D257 Safari/9537.53"
195.181.208.118 - - [05/Dec/2019:22:59:33 +0800] "GET /category/python-data-analysis HTTP/1.0" 200 8184 "-" "Mozilla/5.0 (Macintosh; Intel Mac OS X 10_10_5) AppleWebKit/600.8.9 (KHTML, like Gecko) Version/9.0.2 Safari/601.3.9"
222.68.39.27 - - [05/Dec/2019:22:59:33 +0800] "POST /wp-json/wordpress-popular-posts/v1/popular-posts HTTP/1.0" 201 55 "http://www.crazyant.net/1600.html" "Mozilla/5.0 (Windows NT 6.1; Win64; x64) AppleWebKit/537.36 (KHTML, like Gecko) Chrome/78.0.3904.108 Safari/537.36"
195.181.208.118 - - [05/Dec/2019:22:59:39 +0800] "GET /tag/tensorflow HTTP/1.0" 200 9363 "-" "Mozilla/5.0 (Macintosh; Intel Mac OS X 10_9_5) AppleWebKit/601.6.17 (KHTML, like Gecko) Version/9.1.1 Safari/537.86.6"
195.181.208.118 - - [05/Dec/2019:22:59:43 +0800] "GET /%e7%95%99%e8%a8%80%e5%b0%8f%e6%9c%ac HTTP/1.0" 200 18528 "-" "Mozilla/5.0 (iPhone; CPU iPhone OS 8_4 like Mac OS X) AppleWebKit/600.1.4 (KHTML, like Gecko) Version/8.0 Mobile/12H141 Safari/600.1.4"
195.181.208.118 - - [05/Dec/2019:22:59:49 +0800] "GET /%e7%95%99%e8%a8%80%e5%b0%8f%e6%9c%ac HTTP/1.0" 200 18535 "-" "Mozilla/5.0 (iPad; CPU OS 10_0_1 like Mac OS X) AppleWebKit/602.1.50 (KHTML, like Gecko) Version/10.0 Mobile/14A403 Safari/602.1"
195.181.208.118 - - [05/Dec/2019:22:59:54 +0800] "GET /%e7%95%99%e8%a8%80%e5%b0%8f%e6%9c%ac HTTP/1.0" 200 18533 "-" "Mozilla/5.0 (iPod; CPU iPhone OS 5_0_1 like Mac OS X) AppleWebKit/534.46 (KHTML, like Gecko) Version/5.1 Mobile/9A405 Safari/7534.48.3"
207.46.13.34 - - [05/Dec/2019:23:00:05 +0800] "GET /970.html HTTP/1.0" 200 11538 "-" "Mozilla/5.0 (compatible; bingbot/2.0; +http://www.bing.com/bingbot.htm)"
47.96.97.24 - - [05/Dec/2019:23:00:18 +0800] "GET /2303.html HTTP/1.0" 200 11590 "-" "Bot/Nutch-1.16"
58.101.113.120 - - [05/Dec/2019:23:01:16 +0800] "GET /favicon.ico HTTP/1.1" 200 0 "-" "Mozilla/5.0 (Windows NT 6.3; WOW64) AppleWebKit/537.36 (KHTML, like Gecko) Chrome/63.0.3239.132 Safari/537.36"
120.230.126.96 - - [05/Dec/2019:23:01:34 +0800] "GET /favicon.ico HTTP/1.1" 200 0 "-" "Mozilla/5.0 (Windows NT 10.0; WOW64) AppleWebKit/537.36 (KHTML, like Gecko) Chrome/70.0.3538.25 Safari/537.36 Core/1.70.3704.400 QQBrowser/10.4.3588.400"
5.226.13.129 - - [05/Dec/2019:23:02:17 +0800] "GET /1895.html HTTP/1.0" 200 11032 "https://www.google.fr/" "Mozilla/5.0 (Windows NT 10.0; Win64; x64) AppleWebKit/537.36 (KHTML, like Gecko) Chrome/64.0.3282.140 Safari/537.36 Edge/17.17134"
5.226.13.129 - - [05/Dec/2019:23:02:18 +0800] "GET /wp-content/plugins/bibblio-related-posts/public/css/bibblio_related_posts.min.css HTTP/1.0" 200 42 "http://www.crazyant.net/1895.html" "Mozilla/5.0 (Windows NT 10.0; Win64; x64) AppleWebKit/537.36 (KHTML, like Gecko) Chrome/64.0.3282.140 Safari/537.36 Edge/17.17134"
5.226.13.129 - - [05/Dec/2019:23:02:18 +0800] "GET /wp-includes/css/dist/block-library/style.min.css HTTP/1.0" 200 6163 "http://www.crazyant.net/1895.html" "Mozilla/5.0 (Windows NT 10.0; Win64; x64) AppleWebKit/537.36 (KHTML, like Gecko) Chrome/64.0.3282.140 Safari/537.36 Edge/17.17134"
5.226.13.129 - - [05/Dec/2019:23:02:18 +0800] "GET /wp-includes/css/dist/block-library/theme.min.css HTTP/1.0" 200 639 "http://www.crazyant.net/1895.html" "Mozilla/5.0 (Windows NT 10.0; Win64; x64) AppleWebKit/537.36 (KHTML, like Gecko) Chrome/64.0.3282.140 Safari/537.36 Edge/17.17134"
5.226.13.129 - - [05/Dec/2019:23:02:18 +0800] "GET /wp-content/themes/twentyfifteen/css/twentyfifteen-block-style.min.css HTTP/1.0" 200 1596 "http://www.crazyant.net/1895.html" "Mozilla/5.0 (Windows NT 10.0; Win64; x64) AppleWebKit/537.36 (KHTML, like Gecko) Chrome/64.0.3282.140 Safari/537.36 Edge/17.17134"
5.226.13.129 - - [05/Dec/2019:23:02:18 +0800] "GET /wp-content/plugins/table-of-contents-plus/screen.min.css HTTP/1.0" 200 456 "http://www.crazyant.net/1895.html" "Mozilla/5.0 (Windows NT 10.0; Win64; x64) AppleWebKit/537.36 (KHTML, like Gecko) Chrome/64.0.3282.140 Safari/537.36 Edge/17.17134"
5.226.13.129 - - [05/Dec/2019:23:02:18 +0800] "GET /wp-content/plugins/wordpress-popular-posts/assets/css/wordpress-popular-posts-css.min.css HTTP/1.0" 200 229 "http://www.crazyant.net/1895.html" "Mozilla/5.0 (Windows NT 10.0; Win64; x64) AppleWebKit/537.36 (KHTML, like Gecko) Chrome/64.0.3282.140 Safari/537.36 Edge/17.17134"
5.226.13.129 - - [05/Dec/2019:23:02:18 +0800] "GET /wp-content/themes/twentyfifteen/genericons/genericons.min.css HTTP/1.0" 200 16232 "http://www.crazyant.net/1895.html" "Mozilla/5.0 (Windows NT 10.0; Win64; x64) AppleWebKit/537.36 (KHTML, like Gecko) Chrome/64.0.3282.140 Safari/537.36 Edge/17.17134"
5.226.13.129 - - [05/Dec/2019:23:02:18 +0800] "GET /wp-content/themes/twentyfifteen/twentyfifteen-style.min.css HTTP/1.0" 200 11037 "http://www.crazyant.net/1895.html" "Mozilla/5.0 (Windows NT 10.0; Win64; x64) AppleWebKit/537.36 (KHTML, like Gecko) Chrome/64.0.3282.140 Safari/537.36 Edge/17.17134"
5.226.13.129 - - [05/Dec/2019:23:02:18 +0800] "GET /wp-includes/js/jquery/jquery.js HTTP/1.0" 200 33776 "http://www.crazyant.net/1895.html" "Mozilla/5.0 (Windows NT 10.0; Win64; x64) AppleWebKit/537.36 (KHTML, like Gecko) Chrome/64.0.3282.140 Safari/537.36 Edge/17.17134"
5.226.13.129 - - [05/Dec/2019:23:02:18 +0800] "GET /wp-content/plugins/easy-fancybox/css/jquery.fancybox.min.css HTTP/1.0" 200 1111 "http://www.crazyant.net/1895.html" "Mozilla/5.0 (Windows NT 10.0; Win64; x64) AppleWebKit/537.36 (KHTML, like Gecko) Chrome/64.0.3282.140 Safari/537.36 Edge/17.17134"
5.226.13.129 - - [05/Dec/2019:23:02:18 +0800] "GET /wp-content/plugins/cardoza-3d-tag-cloud//public/css/my-style.min.css HTTP/1.0" 200 218 "http://www.crazyant.net/1895.html" "Mozilla/5.0 (Windows NT 10.0; Win64; x64) AppleWebKit/537.36 (KHTML, like Gecko) Chrome/64.0.3282.140 Safari/537.36 Edge/17.17134"
5.226.13.129 - - [05/Dec/2019:23:02:18 +0800] "GET /wp-content/plugins/wordpress-popular-posts/assets/js/wpp-5.0.0.min.js HTTP/1.0" 200 744 "http://www.crazyant.net/1895.html" "Mozilla/5.0 (Windows NT 10.0; Win64; x64) AppleWebKit/537.36 (KHTML, like Gecko) Chrome/64.0.3282.140 Safari/537.36 Edge/17.17134"
5.226.13.129 - - [05/Dec/2019:23:02:19 +0800] "GET /wp-includes/js/jquery/jquery-migrate.min.js HTTP/1.0" 200 4014 "http://www.crazyant.net/1895.html" "Mozilla/5.0 (Windows NT 10.0; Win64; x64) AppleWebKit/537.36 (KHTML, like Gecko) Chrome/64.0.3282.140 Safari/537.36 Edge/17.17134"
5.226.13.129 - - [05/Dec/2019:23:02:19 +0800] "GET /wp-content/plugins/table-of-contents-plus/front.min.js HTTP/1.0" 200 2349 "http://www.crazyant.net/1895.html" "Mozilla/5.0 (Windows NT 10.0; Win64; x64) AppleWebKit/537.36 (KHTML, like Gecko) Chrome/64.0.3282.140 Safari/537.36 Edge/17.17134"
5.226.13.129 - - [05/Dec/2019:23:02:19 +0800] "GET /wp-content/uploads/2019/08/%E5%B0%8F%E5%9B%BE.jpg HTTP/1.0" 200 5582 "http://www.crazyant.net/1895.html" "Mozilla/5.0 (Windows NT 10.0; Win64; x64) AppleWebKit/537.36 (KHTML, like Gecko) Chrome/64.0.3282.140 Safari/537.36 Edge/17.17134"
5.226.13.129 - - [05/Dec/2019:23:02:19 +0800] "GET /wp-content/uploads/siteground-optimizer-assets/twentyfifteen-script.min.js HTTP/1.0" 200 1331 "http://www.crazyant.net/1895.html" "Mozilla/5.0 (Windows NT 10.0; Win64; x64) AppleWebKit/537.36 (KHTML, like Gecko) Chrome/64.0.3282.140 Safari/537.36 Edge/17.17134"
5.226.13.129 - - [05/Dec/2019:23:02:19 +0800] "GET /wp-content/uploads/siteground-optimizer-assets/twentyfifteen-skip-link-focus-fix.min.js HTTP/1.0" 200 275 "http://www.crazyant.net/1895.html" "Mozilla/5.0 (Windows NT 10.0; Win64; x64) AppleWebKit/537.36 (KHTML, like Gecko) Chrome/64.0.3282.140 Safari/537.36 Edge/17.17134"
5.226.13.129 - - [05/Dec/2019:23:02:19 +0800] "GET /wp-content/plugins/easy-fancybox/js/jquery.fancybox.min.js HTTP/1.0" 200 6330 "http://www.crazyant.net/1895.html" "Mozilla/5.0 (Windows NT 10.0; Win64; x64) AppleWebKit/537.36 (KHTML, like Gecko) Chrome/64.0.3282.140 Safari/537.36 Edge/17.17134"
5.226.13.129 - - [05/Dec/2019:23:02:19 +0800] "GET /wp-content/plugins/easy-fancybox/js/jquery.easing.min.js HTTP/1.0" 200 767 "http://www.crazyant.net/1895.html" "Mozilla/5.0 (Windows NT 10.0; Win64; x64) AppleWebKit/537.36 (KHTML, like Gecko) Chrome/64.0.3282.140 Safari/537.36 Edge/17.17134"
5.226.13.129 - - [05/Dec/2019:23:02:19 +0800] "GET /wp-content/uploads/siteground-optimizer-assets/bibblio_related_posts.min.js HTTP/1.0" 200 37 "http://www.crazyant.net/1895.html" "Mozilla/5.0 (Windows NT 10.0; Win64; x64) AppleWebKit/537.36 (KHTML, like Gecko) Chrome/64.0.3282.140 Safari/537.36 Edge/17.17134"
5.226.13.129 - - [05/Dec/2019:23:02:19 +0800] "GET /wp-includes/js/comment-reply.min.js HTTP/1.0" 200 1131 "http://www.crazyant.net/1895.html" "Mozilla/5.0 (Windows NT 10.0; Win64; x64) AppleWebKit/537.36 (KHTML, like Gecko) Chrome/64.0.3282.140 Safari/537.36 Edge/17.17134"
5.226.13.129 - - [05/Dec/2019:23:02:19 +0800] "GET /wp-content/plugins/easy-fancybox/js/jquery.mousewheel.min.js HTTP/1.0" 200 1145 "http://www.crazyant.net/1895.html" "Mozilla/5.0 (Windows NT 10.0; Win64; x64) AppleWebKit/537.36 (KHTML, like Gecko) Chrome/64.0.3282.140 Safari/537.36 Edge/17.17134"
5.226.13.129 - - [05/Dec/2019:23:02:19 +0800] "GET /wp-content/uploads/siteground-optimizer-assets/akismet-form.min.js HTTP/1.0" 200 288 "http://www.crazyant.net/1895.html" "Mozilla/5.0 (Windows NT 10.0; Win64; x64) AppleWebKit/537.36 (KHTML, like Gecko) Chrome/64.0.3282.140 Safari/537.36 Edge/17.17134"
5.226.13.129 - - [05/Dec/2019:23:02:19 +0800] "GET /wp-includes/js/wp-embed.min.js HTTP/1.0" 200 740 "http://www.crazyant.net/1895.html" "Mozilla/5.0 (Windows NT 10.0; Win64; x64) AppleWebKit/537.36 (KHTML, like Gecko) Chrome/64.0.3282.140 Safari/537.36 Edge/17.17134"
5.226.13.129 - - [05/Dec/2019:23:02:19 +0800] "GET /wp-content/plugins/cardoza-3d-tag-cloud/jquery.tagcanvas.min.js HTTP/1.0" 200 8629 "http://www.crazyant.net/1895.html" "Mozilla/5.0 (Windows NT 10.0; Win64; x64) AppleWebKit/537.36 (KHTML, like Gecko) Chrome/64.0.3282.140 Safari/537.36 Edge/17.17134"
5.226.13.129 - - [05/Dec/2019:23:02:19 +0800] "POST /wp-json/wordpress-popular-posts/v1/popular-posts HTTP/1.0" 201 55 "http://www.crazyant.net/1895.html" "Mozilla/5.0 (Windows NT 10.0; Win64; x64) AppleWebKit/537.36 (KHTML, like Gecko) Chrome/64.0.3282.140 Safari/537.36 Edge/17.17134"
5.226.13.129 - - [05/Dec/2019:23:02:20 +0800] "GET /favicon.ico HTTP/1.1" 200 0 "-" "Mozilla/5.0 (Windows NT 10.0; Win64; x64) AppleWebKit/537.36 (KHTML, like Gecko) Chrome/64.0.3282.140 Safari/537.36 Edge/17.17134"
220.181.108.165 - - [05/Dec/2019:23:03:47 +0800] "GET /1607.html/feed HTTP/1.1" 444 0 "-" "Mozilla/5.0 (compatible; Baiduspider/2.0; +http://www.baidu.com/search/spider.html)"
92.38.129.153 - - [05/Dec/2019:23:04:00 +0800] "GET /feed/ HTTP/1.0" 301 - "-" "Tiny Tiny RSS/19.02 (http://tt-rss.org/)"
92.38.129.153 - - [05/Dec/2019:23:04:00 +0800] "GET /feed HTTP/1.0" 200 4779 "-" "Tiny Tiny RSS/19.02 (http://tt-rss.org/)"
207.46.13.143 - - [05/Dec/2019:23:05:21 +0800] "GET /tag/%e7%b1%bb%e5%ba%93 HTTP/1.0" 200 8537 "-" "Mozilla/5.0 (compatible; bingbot/2.0; +http://www.bing.com/bingbot.htm)"
47.96.97.24 - - [05/Dec/2019:23:06:26 +0800] "GET /?p=2506 HTTP/1.0" 301 - "-" "Bot/Nutch-1.16"
146.66.92.61 - - [05/Dec/2019:23:06:45 +0800] "POST /wp-cron.php?doing_wp_cron=1575558405.1989719867706298828125 HTTP/1.0" 200 - "http://www.crazyant.net/wp-cron.php?doing_wp_cron=1575558405.1989719867706298828125" "WordPress/5.3; http://www.crazyant.net"
42.236.10.91 - - [05/Dec/2019:23:06:44 +0800] "GET /2525.html HTTP/1.0" 200 12652 "http://www.crazyant.net/2525.html" "Mozilla/5.0 (Linux; U; Android 4.0.2; en-us; Galaxy Nexus Build/ICL53F) AppleWebKit/534.30 (KHTML, like Gecko) Version/4.0 Mobile Safari/534.30"
106.11.158.235 - - [05/Dec/2019:23:06:46 +0800] "GET /page/13 HTTP/1.0" 200 11217 "-" "YisouSpider"
106.11.156.234 - - [05/Dec/2019:23:06:55 +0800] "GET /1587.html?replytocom=15933 HTTP/1.0" 200 11838 "-" "YisouSpider"
42.236.10.72 - - [05/Dec/2019:23:07:00 +0800] "GET /2525.html HTTP/1.0" 200 12647 "http://www.crazyant.net/2525.html" "Mozilla/5.0 (Windows NT 6.1; WOW64) AppleWebKit/537.36 (KHTML, like Gecko) Chrome/50.4.2661.102 Safari/537.36; 360Spider"
42.156.137.25 - - [05/Dec/2019:23:07:09 +0800] "POST /wp-json/wordpress-popular-posts/v1/popular-posts HTTP/1.0" 201 55 "https://www.crazyant.net/1587.html?replytocom=15933" "Mozilla/5.0 (Windows NT 6.1; Win64; x64) AppleWebKit/537.36 (KHTML, like Gecko) Chrome/69.0.3497.81 YisouSpider/5.0 Safari/537.36"
178.255.215.98 - - [05/Dec/2019:23:07:53 +0800] "GET /wp-content/uploads/2012/08/2012-8-18-225813_thumb.jpg HTTP/1.0" 200 16063 "http://qiubo.mfen.cn/msg.php?id=153" "Mozilla/5.0 (compatible; Konqueror/3.5; Linux) KHTML/3.5.5 (like Gecko) (Exabot-Thumbnails)"
66.249.79.29 - - [05/Dec/2019:23:07:57 +0800] "GET /1784.html HTTP/1.0" 200 11077 "-" "Mozilla/5.0 (Linux; Android 6.0.1; Nexus 5X Build/MMB29P) AppleWebKit/537.36 (KHTML, like Gecko) Chrome/41.0.2272.96 Mobile Safari/537.36 (compatible; Googlebot/2.1; +http://www.google.com/bot.html)"
66.249.79.27 - - [05/Dec/2019:23:08:01 +0800] "POST /wp-json/wordpress-popular-posts/v1/popular-posts HTTP/1.0" 201 55 "http://www.crazyant.net/1784.html" "Mozilla/5.0 (Linux; Android 6.0.1; Nexus 5X Build/MMB29P) AppleWebKit/537.36 (KHTML, like Gecko) Chrome/41.0.2272.96 Mobile Safari/537.36 (compatible; Googlebot/2.1; +http://www.google.com/bot.html)"
120.84.12.197 - - [05/Dec/2019:23:09:02 +0800] "GET /favicon.ico HTTP/1.1" 200 0 "-" "Mozilla/5.0 (Windows NT 6.1; WOW64) AppleWebKit/537.36 (KHTML, like Gecko) Chrome/63.0.3239.132 Safari/537.36"
222.129.54.23 - - [05/Dec/2019:23:09:12 +0800] "GET /feed HTTP/1.0" 200 4779 "-" "ReadKit/2.4.3 (Mac OS X Version 10.15.1 (Build 19B88))"
197.25.140.138 - - [05/Dec/2019:23:10:36 +0800] "GET /wp-login.php HTTP/1.1" 444 0 "-" "Mozilla/5.0 (Windows NT 6.1; WOW64; rv:40.0) Gecko/20100101 Firefox/40.1"
197.25.140.138 - - [05/Dec/2019:23:10:42 +0800] "GET /wp-login.php HTTP/1.1" 444 0 "-" "Mozilla/5.0 (Windows NT 6.1; WOW64; rv:40.0) Gecko/20100101 Firefox/40.1"
197.25.140.138 - - [05/Dec/2019:23:10:47 +0800] "GET / HTTP/1.1" 444 0 "-" "Mozilla/5.0 (Windows NT 6.1; WOW64; rv:40.0) Gecko/20100101 Firefox/40.1"
106.11.153.226 - - [05/Dec/2019:23:13:09 +0800] "GET /1861.html?replytocom=21015 HTTP/1.0" 200 11948 "-" "YisouSpider"
106.11.157.254 - - [05/Dec/2019:23:13:18 +0800] "GET /1094.html?replytocom=10522 HTTP/1.0" 200 12886 "-" "YisouSpider"
106.11.157.56 - - [05/Dec/2019:23:13:30 +0800] "GET /wp-content/plugins/easy-fancybox/js/jquery.easing.min.js HTTP/1.0" 200 767 "https://www.crazyant.net/1094.html?replytocom=10522" "Mozilla/5.0 (Windows NT 6.1; Win64; x64) AppleWebKit/537.36 (KHTML, like Gecko) Chrome/69.0.3497.81 YisouSpider/5.0 Safari/537.36"
42.156.139.42 - - [05/Dec/2019:23:13:35 +0800] "POST /wp-json/wordpress-popular-posts/v1/popular-posts HTTP/1.0" 201 55 "https://www.crazyant.net/1094.html?replytocom=10522" "Mozilla/5.0 (Windows NT 6.1; Win64; x64) AppleWebKit/537.36 (KHTML, like Gecko) Chrome/69.0.3497.81 YisouSpider/5.0 Safari/537.36"
66.102.6.213 - - [05/Dec/2019:23:14:31 +0800] "GET / HTTP/1.0" 200 10415 "-" "Mozilla/5.0 (X11; Linux x86_64) AppleWebKit/537.36 (KHTML, like Gecko) Chrome/49.0.2623.75 Safari/537.36 Google Favicon"
66.102.6.215 - - [05/Dec/2019:23:14:32 +0800] "GET /favicon.ico HTTP/1.1" 200 0 "-" "Mozilla/5.0 (X11; Linux x86_64) AppleWebKit/537.36 (KHTML, like Gecko) Chrome/49.0.2623.75 Safari/537.36 Google Favicon"
66.249.79.29 - - [05/Dec/2019:23:14:55 +0800] "POST /wp-json/wordpress-popular-posts/v1/popular-posts HTTP/1.0" 403 95 "http://www.crazyant.net/1697.html?replytocom=10774" "Mozilla/5.0 (Linux; Android 6.0.1; Nexus 5X Build/MMB29P) AppleWebKit/537.36 (KHTML, like Gecko) Chrome/41.0.2272.96 Mobile Safari/537.36 (compatible; Googlebot/2.1; +http://www.google.com/bot.html)"
66.249.79.12 - - [05/Dec/2019:23:19:02 +0800] "GET /2419.html HTTP/1.0" 200 12282 "-" "Mozilla/5.0 (Linux; Android 6.0.1; Nexus 5X Build/MMB29P) AppleWebKit/537.36 (KHTML, like Gecko) Chrome/41.0.2272.96 Mobile Safari/537.36 (compatible; Googlebot/2.1; +http://www.google.com/bot.html)"
66.249.79.8 - - [05/Dec/2019:23:19:07 +0800] "POST /wp-json/wordpress-popular-posts/v1/popular-posts HTTP/1.0" 201 55 "https://www.crazyant.net/2419.html" "Mozilla/5.0 (Linux; Android 6.0.1; Nexus 5X Build/MMB29P) AppleWebKit/537.36 (KHTML, like Gecko) Chrome/41.0.2272.96 Mobile Safari/537.36 (compatible; Googlebot/2.1; +http://www.google.com/bot.html)"
92.38.129.153 - - [05/Dec/2019:23:20:06 +0800] "GET /feed/ HTTP/1.0" 301 - "-" "Tiny Tiny RSS/19.02 (http://tt-rss.org/)"
92.38.129.153 - - [05/Dec/2019:23:20:06 +0800] "GET /feed HTTP/1.0" 200 4779 "-" "Tiny Tiny RSS/19.02 (http://tt-rss.org/)"
54.85.249.135 - - [05/Dec/2019:23:20:13 +0800] "GET /category/my-story/feed HTTP/1.0" 200 3514 "https://www.google.com/" "Mozilla/5.0 (compatible; MSIE 9.0; Windows NT 6.1)"
123.125.71.89 - - [05/Dec/2019:23:20:23 +0800] "GET /1409.html HTTP/1.1" 444 0 "-" "Mozilla/5.0 (compatible; Baiduspider/2.0; +http://www.baidu.com/search/spider.html)"
125.71.146.5 - - [05/Dec/2019:23:20:26 +0800] "GET / HTTP/1.0" 301 - "-" "Mozilla/5.0 (Windows NT 6.3; Win64; x64) AppleWebKit/537.36 (KHTML, like Gecko) Chrome/50.0.2661.87 Safari/537.36"
125.71.146.5 - - [05/Dec/2019:23:20:27 +0800] "GET / HTTP/1.0" 200 10415 "-" "Mozilla/5.0 (Windows NT 6.3; Win64; x64) AppleWebKit/537.36 (KHTML, like Gecko) Chrome/50.0.2661.87 Safari/537.36"
125.71.146.5 - - [05/Dec/2019:23:20:29 +0800] "GET / HTTP/1.0" 301 - "-" "Mozilla/5.0 (Windows NT 6.3; Win64; x64) AppleWebKit/537.36 (KHTML, like Gecko) Chrome/50.0.2661.87 Safari/537.36"
125.71.146.5 - - [05/Dec/2019:23:20:30 +0800] "GET / HTTP/1.0" 200 10415 "-" "Mozilla/5.0 (Windows NT 6.3; Win64; x64) AppleWebKit/537.36 (KHTML, like Gecko) Chrome/50.0.2661.87 Safari/537.36"
47.96.97.24 - - [05/Dec/2019:23:20:40 +0800] "GET /2521.html HTTP/1.0" 200 12306 "-" "Bot/Nutch-1.16"
222.129.54.23 - - [05/Dec/2019:23:23:11 +0800] "GET /feed HTTP/1.0" 200 4779 "-" "ReadKit/2.4.3 (Mac OS X Version 10.15.1 (Build 19B88))"
35.153.105.143 - - [05/Dec/2019:23:23:40 +0800] "GET /1703.html/feed HTTP/1.0" 200 989 "https://www.google.com/" "Opera/9.80 (Macintosh; Intel Mac OS X 10.6.8; U; de) Presto/2.9.168 Version/11.52"
106.11.159.254 - - [05/Dec/2019:23:23:52 +0800] "GET /?s=%E4%BA%91%E4%BB%98%E6%8E%A8%E8%8D%90%E4%BA%BAwww.qiaomeilqianbao.cn HTTP/1.0" 200 8271 "-" "YisouSpider"
223.73.218.14 - - [05/Dec/2019:23:24:06 +0800] "GET /wp-content/uploads/2013/12/BaiduHi_2013-12-4_20-24-9.png HTTP/1.0" 200 14471 "https://blog.csdn.net/peishuai1987/article/details/89882796" "Mozilla/5.0 (Windows NT 10.0; Win64; x64) AppleWebKit/537.36 (KHTML, like Gecko) Chrome/78.0.3904.108 Safari/537.36"
223.73.218.14 - - [05/Dec/2019:23:24:06 +0800] "GET /wp-content/uploads/2013/12/BaiduHi_2013-12-4_20-21-18.png HTTP/1.0" 200 11359 "https://blog.csdn.net/peishuai1987/article/details/89882796" "Mozilla/5.0 (Windows NT 10.0; Win64; x64) AppleWebKit/537.36 (KHTML, like Gecko) Chrome/78.0.3904.108 Safari/537.36"
66.249.79.27 - - [05/Dec/2019:23:24:34 +0800] "GET /1014.html HTTP/1.0" 200 12407 "-" "Mozilla/5.0 (Linux; Android 6.0.1; Nexus 5X Build/MMB29P) AppleWebKit/537.36 (KHTML, like Gecko) Chrome/41.0.2272.96 Mobile Safari/537.36 (compatible; Googlebot/2.1; +http://www.google.com/bot.html)"
47.96.97.24 - - [05/Dec/2019:23:24:34 +0800] "GET /tag/django/feed HTTP/1.0" 200 1842 "-" "Bot/Nutch-1.16"
66.249.79.29 - - [05/Dec/2019:23:24:37 +0800] "POST /wp-json/wordpress-popular-posts/v1/popular-posts HTTP/1.0" 201 55 "http://www.crazyant.net/1014.html" "Mozilla/5.0 (Linux; Android 6.0.1; Nexus 5X Build/MMB29P) AppleWebKit/537.36 (KHTML, like Gecko) Chrome/41.0.2272.96 Mobile Safari/537.36 (compatible; Googlebot/2.1; +http://www.google.com/bot.html)"
137.74.38.160 - - [05/Dec/2019:23:24:56 +0800] "GET /feed/ HTTP/1.0" 301 - "-" "Tiny Tiny RSS/19.8 (f609065) (http://tt-rss.org/)"
137.74.38.160 - - [05/Dec/2019:23:24:56 +0800] "GET /feed HTTP/1.0" 200 4779 "-" "Tiny Tiny RSS/19.8 (f609065) (http://tt-rss.org/)"
47.96.97.24 - - [05/Dec/2019:23:25:08 +0800] "GET /tag/%E6%8E%A8%E8%8D%90%E7%B3%BB%E7%BB%9F/feed HTTP/1.0" 200 1691 "-" "Bot/Nutch-1.16"
106.120.173.103 - - [05/Dec/2019:23:25:49 +0800] "GET /1980.html HTTP/1.0" 200 12262 "-" "Sogou web spider/4.0(+http://www.sogou.com/docs/help/webmasters.htm#07)"
222.223.34.133 - - [05/Dec/2019:23:25:50 +0800] "POST /wp-json/wordpress-popular-posts/v1/popular-posts HTTP/1.0" 403 95 "http://www.crazyant.net/2615.html" "Mozilla/5.0 (Windows NT 10.0; Win64; x64) AppleWebKit/537.36 (KHTML, like Gecko) Chrome/74.0.3729.108 Safari/537.36"
222.223.34.133 - - [05/Dec/2019:23:27:19 +0800] "POST /wp-json/wordpress-popular-posts/v1/popular-posts HTTP/1.0" 403 95 "http://www.crazyant.net/2615.html" "Mozilla/5.0 (Windows NT 10.0; Win64; x64) AppleWebKit/537.36 (KHTML, like Gecko) Chrome/74.0.3729.108 Safari/537.36"
34.228.208.182 - - [05/Dec/2019:23:28:19 +0800] "GET /category/python/feed HTTP/1.0" 200 5399 "https://www.google.com/" "Mozilla/5.0 (Windows NT 6.1; Win64; x64; Trident/7.0; rv:11.0) like Gecko"
3.81.148.18 - - [05/Dec/2019:23:29:30 +0800] "GET /category/hive/feed HTTP/1.0" 200 2991 "https://www.google.com/" "Mozilla/5.0 (Windows NT 6.1; Win64; x64) AppleWebKit/537.36 (KHTML, like Gecko) Chrome/57.0.2987.133 Safari/537.36"
106.11.152.246 - - [05/Dec/2019:23:30:09 +0800] "GET /?s=%E5%8D%8E%E5%AE%87%E5%A8%B1%E4%B9%90%E5%B9%B3%E5%8F%B0%E9%AA%97%E5%B1%80%E3%80%90%E2%94%8B%E5%A5%BD%E8%AE%A1%E5%88%922%E2%92%8F7%E2%92%8F01705{%E6%89%A3%E3%80%93%E3%80%91 HTTP/1.0" 200 8377 "-" "YisouSpider"
106.11.158.235 - - [05/Dec/2019:23:30:13 +0800] "GET /page/3?ogbudg=shqwx3&qslezs=ui1vt2 HTTP/1.0" 200 10762 "-" "YisouSpider"
101.201.37.35 - - [05/Dec/2019:23:30:14 +0800] "GET /feed/ HTTP/1.0" 301 - "-" "Mozilla/5.0 (Ubuntu; X11; Linux x86_64; rv:8.0) Gecko/20100101 Firefox/8.0"
101.201.37.35 - - [05/Dec/2019:23:30:18 +0800] "GET /feed HTTP/1.0" 200 28674 "-" "Mozilla/5.0 (Ubuntu; X11; Linux x86_64; rv:8.0) Gecko/20100101 Firefox/8.0"
106.11.156.234 - - [05/Dec/2019:23:30:21 +0800] "GET /1707.html HTTP/1.0" 200 15116 "-" "YisouSpider"
47.96.97.24 - - [05/Dec/2019:23:33:18 +0800] "GET /tag/tomcat/feed HTTP/1.0" 200 1070 "-" "Bot/Nutch-1.16"
49.74.156.114 - - [05/Dec/2019:23:33:19 +0800] "GET /page/1 HTTP/1.0" 200 10415 "-" "python-requests/2.22.0"
49.74.156.114 - - [05/Dec/2019:23:33:23 +0800] "GET /page/2 HTTP/1.0" 200 10666 "-" "python-requests/2.22.0"
49.74.156.114 - - [05/Dec/2019:23:33:39 +0800] "GET /page/3 HTTP/1.0" 200 10726 "-" "python-requests/2.22.0"
66.249.79.27 - - [05/Dec/2019:23:33:46 +0800] "POST /wp-json/wordpress-popular-posts/v1/popular-posts HTTP/1.0" 403 95 "http://www.crazyant.net/818.html?replytocom=10628" "Mozilla/5.0 (Linux; Android 6.0.1; Nexus 5X Build/MMB29P) AppleWebKit/537.36 (KHTML, like Gecko) Chrome/41.0.2272.96 Mobile Safari/537.36 (compatible; Googlebot/2.1; +http://www.google.com/bot.html)"
49.74.156.114 - - [05/Dec/2019:23:33:49 +0800] "GET /page/4 HTTP/1.0" 200 11017 "-" "python-requests/2.22.0"
49.74.156.114 - - [05/Dec/2019:23:33:51 +0800] "GET /page/5 HTTP/1.0" 200 11037 "-" "python-requests/2.22.0"
49.74.156.114 - - [05/Dec/2019:23:33:57 +0800] "GET /page/6 HTTP/1.0" 200 11116 "-" "python-requests/2.22.0"
49.74.156.114 - - [05/Dec/2019:23:34:16 +0800] "GET /page/7 HTTP/1.0" 200 11259 "-" "python-requests/2.22.0"
49.74.156.114 - - [05/Dec/2019:23:34:17 +0800] "GET /page/5 HTTP/1.0" 200 11037 "http://localhost:8888/notebooks/Untitled1.ipynb" "Mozilla/5.0 (Windows NT 10.0; WOW64; Trident/7.0; Touch; LCTE; rv:11.0) like Gecko"
49.74.156.114 - - [05/Dec/2019:23:34:18 +0800] "GET /wp-includes/css/dist/block-library/style.min.css HTTP/1.0" 200 6163 "http://www.crazyant.net/page/5" "Mozilla/5.0 (Windows NT 10.0; WOW64; Trident/7.0; Touch; LCTE; rv:11.0) like Gecko"
49.74.156.114 - - [05/Dec/2019:23:34:18 +0800] "GET /wp-content/plugins/bibblio-related-posts/public/css/bibblio_related_posts.min.css HTTP/1.0" 200 42 "http://www.crazyant.net/page/5" "Mozilla/5.0 (Windows NT 10.0; WOW64; Trident/7.0; Touch; LCTE; rv:11.0) like Gecko"
49.74.156.114 - - [05/Dec/2019:23:34:18 +0800] "GET /wp-includes/css/dist/block-library/theme.min.css HTTP/1.0" 200 639 "http://www.crazyant.net/page/5" "Mozilla/5.0 (Windows NT 10.0; WOW64; Trident/7.0; Touch; LCTE; rv:11.0) like Gecko"
49.74.156.114 - - [05/Dec/2019:23:34:18 +0800] "GET /wp-content/plugins/cardoza-3d-tag-cloud//public/css/my-style.min.css HTTP/1.0" 200 218 "http://www.crazyant.net/page/5" "Mozilla/5.0 (Windows NT 10.0; WOW64; Trident/7.0; Touch; LCTE; rv:11.0) like Gecko"
49.74.156.114 - - [05/Dec/2019:23:34:18 +0800] "GET /wp-content/plugins/table-of-contents-plus/screen.min.css HTTP/1.0" 200 456 "http://www.crazyant.net/page/5" "Mozilla/5.0 (Windows NT 10.0; WOW64; Trident/7.0; Touch; LCTE; rv:11.0) like Gecko"
49.74.156.114 - - [05/Dec/2019:23:34:19 +0800] "GET /wp-content/themes/twentyfifteen/twentyfifteen-style.min.css HTTP/1.0" 200 11037 "http://www.crazyant.net/page/5" "Mozilla/5.0 (Windows NT 10.0; WOW64; Trident/7.0; Touch; LCTE; rv:11.0) like Gecko"
49.74.156.114 - - [05/Dec/2019:23:34:19 +0800] "GET /wp-content/themes/twentyfifteen/genericons/genericons.min.css HTTP/1.0" 200 16232 "http://www.crazyant.net/page/5" "Mozilla/5.0 (Windows NT 10.0; WOW64; Trident/7.0; Touch; LCTE; rv:11.0) like Gecko"
49.74.156.114 - - [05/Dec/2019:23:34:19 +0800] "GET /wp-content/plugins/wordpress-popular-posts/assets/css/wordpress-popular-posts-css.min.css HTTP/1.0" 200 229 "http://www.crazyant.net/page/5" "Mozilla/5.0 (Windows NT 10.0; WOW64; Trident/7.0; Touch; LCTE; rv:11.0) like Gecko"
49.74.156.114 - - [05/Dec/2019:23:34:19 +0800] "GET /wp-includes/js/jquery/jquery.js HTTP/1.0" 200 33776 "http://www.crazyant.net/page/5" "Mozilla/5.0 (Windows NT 10.0; WOW64; Trident/7.0; Touch; LCTE; rv:11.0) like Gecko"
49.74.156.114 - - [05/Dec/2019:23:34:19 +0800] "GET /wp-includes/js/jquery/jquery-migrate.min.js HTTP/1.0" 200 4014 "http://www.crazyant.net/page/5" "Mozilla/5.0 (Windows NT 10.0; WOW64; Trident/7.0; Touch; LCTE; rv:11.0) like Gecko"
49.74.156.114 - - [05/Dec/2019:23:34:20 +0800] "GET /page/8 HTTP/1.0" 200 11091 "-" "python-requests/2.22.0"
49.74.156.114 - - [05/Dec/2019:23:34:20 +0800] "GET /wp-content/plugins/wordpress-popular-posts/assets/js/wpp-5.0.0.min.js HTTP/1.0" 200 744 "http://www.crazyant.net/page/5" "Mozilla/5.0 (Windows NT 10.0; WOW64; Trident/7.0; Touch; LCTE; rv:11.0) like Gecko"
49.74.156.114 - - [05/Dec/2019:23:34:20 +0800] "GET /wp-content/uploads/2019/08/%E5%B0%8F%E5%9B%BE.jpg HTTP/1.0" 200 5582 "http://www.crazyant.net/page/5" "Mozilla/5.0 (Windows NT 10.0; WOW64; Trident/7.0; Touch; LCTE; rv:11.0) like Gecko"
49.74.156.114 - - [05/Dec/2019:23:34:21 +0800] "GET /wp-content/plugins/easy-fancybox/css/jquery.fancybox.min.css HTTP/1.0" 200 1111 "http://www.crazyant.net/page/5" "Mozilla/5.0 (Windows NT 10.0; WOW64; Trident/7.0; Touch; LCTE; rv:11.0) like Gecko"
49.74.156.114 - - [05/Dec/2019:23:34:21 +0800] "GET /wp-content/uploads/siteground-optimizer-assets/bibblio_related_posts.min.js HTTP/1.0" 200 37 "http://www.crazyant.net/page/5" "Mozilla/5.0 (Windows NT 10.0; WOW64; Trident/7.0; Touch; LCTE; rv:11.0) like Gecko"
49.74.156.114 - - [05/Dec/2019:23:34:21 +0800] "GET /wp-content/plugins/cardoza-3d-tag-cloud/jquery.tagcanvas.min.js HTTP/1.0" 200 8629 "http://www.crazyant.net/page/5" "Mozilla/5.0 (Windows NT 10.0; WOW64; Trident/7.0; Touch; LCTE; rv:11.0) like Gecko"
49.74.156.114 - - [05/Dec/2019:23:34:22 +0800] "GET /wp-content/themes/twentyfifteen/css/twentyfifteen-block-style.min.css HTTP/1.0" 200 1596 "http://www.crazyant.net/page/5" "Mozilla/5.0 (Windows NT 10.0; WOW64; Trident/7.0; Touch; LCTE; rv:11.0) like Gecko"
47.96.97.24 - - [05/Dec/2019:23:34:23 +0800] "GET /471.html HTTP/1.0" 200 10361 "-" "Bot/Nutch-1.16"
49.74.156.114 - - [05/Dec/2019:23:34:28 +0800] "GET /page/9 HTTP/1.0" 200 11049 "-" "python-requests/2.22.0"
40.77.167.159 - - [05/Dec/2019:23:34:28 +0800] "GET /912.html HTTP/1.0" 200 13886 "-" "Mozilla/5.0 (compatible; bingbot/2.0; +http://www.bing.com/bingbot.htm)"
49.74.156.114 - - [05/Dec/2019:23:34:29 +0800] "GET /page/10 HTTP/1.0" 200 10909 "-" "python-requests/2.22.0"
49.74.156.114 - - [05/Dec/2019:23:34:37 +0800] "GET /page/11 HTTP/1.0" 200 10883 "-" "python-requests/2.22.0"
49.74.156.114 - - [05/Dec/2019:23:34:39 +0800] "GET /page/12 HTTP/1.0" 200 11034 "-" "python-requests/2.22.0"
49.74.156.114 - - [05/Dec/2019:23:34:45 +0800] "GET /page/13 HTTP/1.0" 200 11217 "-" "python-requests/2.22.0"
49.74.156.114 - - [05/Dec/2019:23:34:51 +0800] "GET /page/14 HTTP/1.0" 200 11237 "-" "python-requests/2.22.0"
49.74.156.114 - - [05/Dec/2019:23:34:58 +0800] "GET /page/15 HTTP/1.0" 200 10949 "-" "python-requests/2.22.0"
49.74.156.114 - - [05/Dec/2019:23:35:01 +0800] "GET /page/16 HTTP/1.0" 200 11375 "-" "python-requests/2.22.0"
49.74.156.114 - - [05/Dec/2019:23:35:05 +0800] "GET /page/17 HTTP/1.0" 200 10558 "-" "python-requests/2.22.0"
49.74.156.114 - - [05/Dec/2019:23:35:08 +0800] "GET /page/18 HTTP/1.0" 200 11082 "-" "python-requests/2.22.0"
47.96.97.24 - - [05/Dec/2019:23:35:19 +0800] "GET /wp-json/oembed/1.0/embed?url=http%3A%2F%2Fwww.crazyant.net%2F2351.html HTTP/1.0" 200 1170 "-" "Bot/Nutch-1.16"
49.74.156.114 - - [05/Dec/2019:23:35:25 +0800] "GET /page/19 HTTP/1.0" 200 10868 "-" "python-requests/2.22.0"
49.74.156.114 - - [05/Dec/2019:23:35:27 +0800] "GET /page/20 HTTP/1.0" 200 11133 "-" "python-requests/2.22.0"
49.74.156.114 - - [05/Dec/2019:23:35:31 +0800] "GET /page/21 HTTP/1.0" 200 11004 "-" "python-requests/2.22.0"
49.74.156.114 - - [05/Dec/2019:23:35:35 +0800] "GET /page/22 HTTP/1.0" 200 10925 "-" "python-requests/2.22.0"
49.74.156.114 - - [05/Dec/2019:23:35:37 +0800] "GET /page/23 HTTP/1.0" 200 10815 "-" "python-requests/2.22.0"
49.74.156.114 - - [05/Dec/2019:23:35:38 +0800] "GET /page/24 HTTP/1.0" 200 10665 "-" "python-requests/2.22.0"
66.249.79.29 - - [05/Dec/2019:23:35:39 +0800] "GET /198.html HTTP/1.0" 200 9996 "-" "Mozilla/5.0 (Linux; Android 6.0.1; Nexus 5X Build/MMB29P) AppleWebKit/537.36 (KHTML, like Gecko) Chrome/41.0.2272.96 Mobile Safari/537.36 (compatible; Googlebot/2.1; +http://www.google.com/bot.html)"
66.249.79.25 - - [05/Dec/2019:23:35:44 +0800] "POST /wp-json/wordpress-popular-posts/v1/popular-posts HTTP/1.0" 201 55 "http://www.crazyant.net/198.html" "Mozilla/5.0 (Linux; Android 6.0.1; Nexus 5X Build/MMB29P) AppleWebKit/537.36 (KHTML, like Gecko) Chrome/41.0.2272.96 Mobile Safari/537.36 (compatible; Googlebot/2.1; +http://www.google.com/bot.html)"
92.38.129.153 - - [05/Dec/2019:23:36:12 +0800] "GET /feed/ HTTP/1.0" 301 - "-" "Tiny Tiny RSS/19.02 (http://tt-rss.org/)"
92.38.129.153 - - [05/Dec/2019:23:36:13 +0800] "GET /feed HTTP/1.0" 200 4779 "-" "Tiny Tiny RSS/19.02 (http://tt-rss.org/)"
220.181.108.158 - - [05/Dec/2019:23:37:01 +0800] "GET /920.html HTTP/1.1" 444 0 "-" "Mozilla/5.0 (compatible; Baiduspider/2.0; +http://www.baidu.com/search/spider.html)"
157.55.39.147 - - [05/Dec/2019:23:37:44 +0800] "GET /tag/dreamweaver/feed HTTP/1.0" 200 968 "-" "msnbot/2.0b (+http://search.msn.com/msnbot.htm)"
103.69.155.92 - - [05/Dec/2019:23:37:50 +0800] "GET /1470.html HTTP/1.0" 200 12264 "https://www.google.com/" "Mozilla/5.0 (Macintosh; Intel Mac OS X 10_14_6) AppleWebKit/537.36 (KHTML, like Gecko) Chrome/78.0.3904.108 Safari/537.36"
103.69.155.92 - - [05/Dec/2019:23:37:51 +0800] "GET /wp-includes/css/dist/block-library/style.min.css HTTP/1.1" 200 6163 "http://www.crazyant.net/1470.html" "Mozilla/5.0 (Macintosh; Intel Mac OS X 10_14_6) AppleWebKit/537.36 (KHTML, like Gecko) Chrome/78.0.3904.108 Safari/537.36"
103.69.155.92 - - [05/Dec/2019:23:37:51 +0800] "GET /wp-includes/css/dist/block-library/theme.min.css HTTP/1.1" 200 639 "http://www.crazyant.net/1470.html" "Mozilla/5.0 (Macintosh; Intel Mac OS X 10_14_6) AppleWebKit/537.36 (KHTML, like Gecko) Chrome/78.0.3904.108 Safari/537.36"
103.69.155.92 - - [05/Dec/2019:23:37:51 +0800] "GET /wp-content/plugins/bibblio-related-posts/public/css/bibblio_related_posts.min.css HTTP/1.1" 200 42 "http://www.crazyant.net/1470.html" "Mozilla/5.0 (Macintosh; Intel Mac OS X 10_14_6) AppleWebKit/537.36 (KHTML, like Gecko) Chrome/78.0.3904.108 Safari/537.36"
103.69.155.92 - - [05/Dec/2019:23:37:51 +0800] "GET /wp-content/plugins/cardoza-3d-tag-cloud//public/css/my-style.min.css HTTP/1.1" 200 218 "http://www.crazyant.net/1470.html" "Mozilla/5.0 (Macintosh; Intel Mac OS X 10_14_6) AppleWebKit/537.36 (KHTML, like Gecko) Chrome/78.0.3904.108 Safari/537.36"
103.69.155.92 - - [05/Dec/2019:23:37:51 +0800] "GET /wp-content/plugins/table-of-contents-plus/screen.min.css HTTP/1.1" 200 456 "http://www.crazyant.net/1470.html" "Mozilla/5.0 (Macintosh; Intel Mac OS X 10_14_6) AppleWebKit/537.36 (KHTML, like Gecko) Chrome/78.0.3904.108 Safari/537.36"
103.69.155.92 - - [05/Dec/2019:23:37:51 +0800] "GET /wp-content/plugins/wordpress-popular-posts/assets/css/wordpress-popular-posts-css.min.css HTTP/1.1" 200 229 "http://www.crazyant.net/1470.html" "Mozilla/5.0 (Macintosh; Intel Mac OS X 10_14_6) AppleWebKit/537.36 (KHTML, like Gecko) Chrome/78.0.3904.108 Safari/537.36"
103.69.155.92 - - [05/Dec/2019:23:37:51 +0800] "GET /wp-content/themes/twentyfifteen/genericons/genericons.min.css HTTP/1.1" 200 16232 "http://www.crazyant.net/1470.html" "Mozilla/5.0 (Macintosh; Intel Mac OS X 10_14_6) AppleWebKit/537.36 (KHTML, like Gecko) Chrome/78.0.3904.108 Safari/537.36"
103.69.155.92 - - [05/Dec/2019:23:37:51 +0800] "GET /wp-content/themes/twentyfifteen/twentyfifteen-style.min.css HTTP/1.1" 200 11037 "http://www.crazyant.net/1470.html" "Mozilla/5.0 (Macintosh; Intel Mac OS X 10_14_6) AppleWebKit/537.36 (KHTML, like Gecko) Chrome/78.0.3904.108 Safari/537.36"
103.69.155.92 - - [05/Dec/2019:23:37:51 +0800] "GET /wp-content/themes/twentyfifteen/css/twentyfifteen-block-style.min.css HTTP/1.1" 200 1596 "http://www.crazyant.net/1470.html" "Mozilla/5.0 (Macintosh; Intel Mac OS X 10_14_6) AppleWebKit/537.36 (KHTML, like Gecko) Chrome/78.0.3904.108 Safari/537.36"
103.69.155.92 - - [05/Dec/2019:23:37:51 +0800] "GET /wp-content/plugins/easy-fancybox/css/jquery.fancybox.min.css HTTP/1.1" 200 1111 "http://www.crazyant.net/1470.html" "Mozilla/5.0 (Macintosh; Intel Mac OS X 10_14_6) AppleWebKit/537.36 (KHTML, like Gecko) Chrome/78.0.3904.108 Safari/537.36"
103.69.155.92 - - [05/Dec/2019:23:37:51 +0800] "GET /wp-includes/js/jquery/jquery.js HTTP/1.1" 200 33776 "http://www.crazyant.net/1470.html" "Mozilla/5.0 (Macintosh; Intel Mac OS X 10_14_6) AppleWebKit/537.36 (KHTML, like Gecko) Chrome/78.0.3904.108 Safari/537.36"
103.69.155.92 - - [05/Dec/2019:23:37:51 +0800] "GET /wp-includes/js/jquery/jquery-migrate.min.js HTTP/1.1" 200 4014 "http://www.crazyant.net/1470.html" "Mozilla/5.0 (Macintosh; Intel Mac OS X 10_14_6) AppleWebKit/537.36 (KHTML, like Gecko) Chrome/78.0.3904.108 Safari/537.36"
103.69.155.92 - - [05/Dec/2019:23:37:51 +0800] "GET /wp-content/uploads/siteground-optimizer-assets/bibblio_related_posts.min.js HTTP/1.1" 200 37 "http://www.crazyant.net/1470.html" "Mozilla/5.0 (Macintosh; Intel Mac OS X 10_14_6) AppleWebKit/537.36 (KHTML, like Gecko) Chrome/78.0.3904.108 Safari/537.36"
103.69.155.92 - - [05/Dec/2019:23:37:51 +0800] "GET /wp-content/plugins/cardoza-3d-tag-cloud/jquery.tagcanvas.min.js HTTP/1.1" 200 8629 "http://www.crazyant.net/1470.html" "Mozilla/5.0 (Macintosh; Intel Mac OS X 10_14_6) AppleWebKit/537.36 (KHTML, like Gecko) Chrome/78.0.3904.108 Safari/537.36"
103.69.155.92 - - [05/Dec/2019:23:37:51 +0800] "GET /wp-includes/js/wp-embed.min.js HTTP/1.0" 200 740 "http://www.crazyant.net/1470.html" "Mozilla/5.0 (Macintosh; Intel Mac OS X 10_14_6) AppleWebKit/537.36 (KHTML, like Gecko) Chrome/78.0.3904.108 Safari/537.36"
103.69.155.92 - - [05/Dec/2019:23:37:51 +0800] "GET /wp-content/plugins/wordpress-popular-posts/assets/js/wpp-5.0.0.min.js HTTP/1.1" 200 744 "http://www.crazyant.net/1470.html" "Mozilla/5.0 (Macintosh; Intel Mac OS X 10_14_6) AppleWebKit/537.36 (KHTML, like Gecko) Chrome/78.0.3904.108 Safari/537.36"
103.69.155.92 - - [05/Dec/2019:23:37:51 +0800] "GET /wp-content/uploads/2019/08/%E5%B0%8F%E5%9B%BE.jpg HTTP/1.1" 200 5582 "http://www.crazyant.net/1470.html" "Mozilla/5.0 (Macintosh; Intel Mac OS X 10_14_6) AppleWebKit/537.36 (KHTML, like Gecko) Chrome/78.0.3904.108 Safari/537.36"
103.69.155.92 - - [05/Dec/2019:23:37:51 +0800] "GET /wp-content/uploads/2014/06/hive_leftjointest.png HTTP/1.0" 200 1707 "http://www.crazyant.net/1470.html" "Mozilla/5.0 (Macintosh; Intel Mac OS X 10_14_6) AppleWebKit/537.36 (KHTML, like Gecko) Chrome/78.0.3904.108 Safari/537.36"
103.69.155.92 - - [05/Dec/2019:23:37:51 +0800] "GET /wp-content/plugins/table-of-contents-plus/front.min.js HTTP/1.0" 200 2349 "http://www.crazyant.net/1470.html" "Mozilla/5.0 (Macintosh; Intel Mac OS X 10_14_6) AppleWebKit/537.36 (KHTML, like Gecko) Chrome/78.0.3904.108 Safari/537.36"
103.69.155.92 - - [05/Dec/2019:23:37:51 +0800] "GET /wp-content/uploads/siteground-optimizer-assets/twentyfifteen-skip-link-focus-fix.min.js HTTP/1.0" 200 275 "http://www.crazyant.net/1470.html" "Mozilla/5.0 (Macintosh; Intel Mac OS X 10_14_6) AppleWebKit/537.36 (KHTML, like Gecko) Chrome/78.0.3904.108 Safari/537.36"
103.69.155.92 - - [05/Dec/2019:23:37:51 +0800] "GET /wp-includes/js/comment-reply.min.js HTTP/1.0" 200 1131 "http://www.crazyant.net/1470.html" "Mozilla/5.0 (Macintosh; Intel Mac OS X 10_14_6) AppleWebKit/537.36 (KHTML, like Gecko) Chrome/78.0.3904.108 Safari/537.36"
103.69.155.92 - - [05/Dec/2019:23:37:51 +0800] "GET /wp-content/uploads/siteground-optimizer-assets/twentyfifteen-script.min.js HTTP/1.0" 200 1331 "http://www.crazyant.net/1470.html" "Mozilla/5.0 (Macintosh; Intel Mac OS X 10_14_6) AppleWebKit/537.36 (KHTML, like Gecko) Chrome/78.0.3904.108 Safari/537.36"
103.69.155.92 - - [05/Dec/2019:23:37:51 +0800] "GET /wp-content/plugins/easy-fancybox/js/jquery.easing.min.js HTTP/1.0" 200 767 "http://www.crazyant.net/1470.html" "Mozilla/5.0 (Macintosh; Intel Mac OS X 10_14_6) AppleWebKit/537.36 (KHTML, like Gecko) Chrome/78.0.3904.108 Safari/537.36"
103.69.155.92 - - [05/Dec/2019:23:37:51 +0800] "GET /wp-content/plugins/easy-fancybox/js/jquery.fancybox.min.js HTTP/1.0" 200 6330 "http://www.crazyant.net/1470.html" "Mozilla/5.0 (Macintosh; Intel Mac OS X 10_14_6) AppleWebKit/537.36 (KHTML, like Gecko) Chrome/78.0.3904.108 Safari/537.36"
103.69.155.92 - - [05/Dec/2019:23:37:51 +0800] "GET /wp-content/plugins/easy-fancybox/js/jquery.mousewheel.min.js HTTP/1.0" 200 1145 "http://www.crazyant.net/1470.html" "Mozilla/5.0 (Macintosh; Intel Mac OS X 10_14_6) AppleWebKit/537.36 (KHTML, like Gecko) Chrome/78.0.3904.108 Safari/537.36"
103.69.155.92 - - [05/Dec/2019:23:37:51 +0800] "GET /wp-content/uploads/siteground-optimizer-assets/akismet-form.min.js HTTP/1.0" 200 288 "http://www.crazyant.net/1470.html" "Mozilla/5.0 (Macintosh; Intel Mac OS X 10_14_6) AppleWebKit/537.36 (KHTML, like Gecko) Chrome/78.0.3904.108 Safari/537.36"
103.69.155.92 - - [05/Dec/2019:23:37:51 +0800] "POST /wp-json/wordpress-popular-posts/v1/popular-posts HTTP/1.0" 201 55 "http://www.crazyant.net/1470.html" "Mozilla/5.0 (Macintosh; Intel Mac OS X 10_14_6) AppleWebKit/537.36 (KHTML, like Gecko) Chrome/78.0.3904.108 Safari/537.36"
103.69.155.92 - - [05/Dec/2019:23:37:52 +0800] "GET /favicon.ico HTTP/1.0" 200 - "http://www.crazyant.net/1470.html" "Mozilla/5.0 (Macintosh; Intel Mac OS X 10_14_6) AppleWebKit/537.36 (KHTML, like Gecko) Chrome/78.0.3904.108 Safari/537.36"
222.129.54.23 - - [05/Dec/2019:23:39:10 +0800] "GET /feed HTTP/1.0" 200 4779 "-" "ReadKit/2.4.3 (Mac OS X Version 10.15.1 (Build 19B88))"
47.96.97.24 - - [05/Dec/2019:23:40:08 +0800] "GET /1901.html HTTP/1.0" 200 12927 "-" "Bot/Nutch-1.16"
141.8.132.24 - - [05/Dec/2019:23:40:59 +0800] "GET /page/14 HTTP/1.0" 200 11236 "-" "Mozilla/5.0 (compatible; YandexBot/3.0; +http://yandex.com/bots)"
66.249.79.27 - - [05/Dec/2019:23:41:11 +0800] "GET /2324.html HTTP/1.0" 200 12002 "-" "Mozilla/5.0 (Linux; Android 6.0.1; Nexus 5X Build/MMB29P) AppleWebKit/537.36 (KHTML, like Gecko) Chrome/41.0.2272.96 Mobile Safari/537.36 (compatible; Googlebot/2.1; +http://www.google.com/bot.html)"
66.249.79.27 - - [05/Dec/2019:23:41:15 +0800] "POST /wp-json/wordpress-popular-posts/v1/popular-posts HTTP/1.0" 201 54 "http://www.crazyant.net/2324.html" "Mozilla/5.0 (Linux; Android 6.0.1; Nexus 5X Build/MMB29P) AppleWebKit/537.36 (KHTML, like Gecko) Chrome/41.0.2272.96 Mobile Safari/537.36 (compatible; Googlebot/2.1; +http://www.google.com/bot.html)"
106.11.153.226 - - [05/Dec/2019:23:41:20 +0800] "GET /1122.html?replytocom=10586 HTTP/1.0" 200 16262 "-" "YisouSpider"
106.11.157.254 - - [05/Dec/2019:23:41:27 +0800] "GET /?s=%E5%8D%8E%E5%AE%87%E5%A8%B1%E4%B9%90%E4%B8%8D%E7%BB%99%E6%8F%90%E6%AC%BE%E3%80%90%E2%94%8B%E6%8B%9B%E5%95%86%E9%83%A82%E2%92%8F7%E2%92%8F01705_%E6%89%A3%E3%80%93%E3%80%91 HTTP/1.0" 200 8382 "-" "YisouSpider"
223.73.61.216 - - [05/Dec/2019:23:41:30 +0800] "GET /favicon.ico HTTP/1.1" 200 0 "-" "Mozilla/5.0 (Windows NT 6.1; WOW64) AppleWebKit/537.36 (KHTML, like Gecko) Chrome/69.0.3497.100 Safari/537.36"
146.66.92.61 - - [05/Dec/2019:23:43:43 +0800] "POST /wp-cron.php?doing_wp_cron=1575560623.4466309547424316406250 HTTP/1.0" 200 - "http://www.crazyant.net/wp-cron.php?doing_wp_cron=1575560623.4466309547424316406250" "WordPress/5.3; http://www.crazyant.net"
47.96.97.24 - - [05/Dec/2019:23:43:43 +0800] "GET /wp-json/oembed/1.0/embed?url=http%3A%2F%2Fwww.crazyant.net%2Fmy_program_notes HTTP/1.0" 200 1132 "-" "Bot/Nutch-1.16"
47.96.97.24 - - [05/Dec/2019:23:44:23 +0800] "GET /wp-json/oembed/1.0/embed?url=http%3A%2F%2Fwww.crazyant.net%2F2351.html&format=xml HTTP/1.0" 200 1219 "-" "Bot/Nutch-1.16"
106.11.154.50 - - [05/Dec/2019:23:46:53 +0800] "GET / HTTP/1.0" 200 10415 "-" "Mozilla/5.0 (iPhone; CPU iPhone OS 10_3 like Mac OS X) AppleWebKit/602.1.50 (KHTML, like Gecko) CriOS/56.0.2924.75 Mobile/14E5239e YisouSpider/5.0 Safari/602.1"
39.98.69.62 - - [05/Dec/2019:23:47:15 +0800] "GET /feed HTTP/1.0" 200 4779 "-" "Mozilla/5.0 (Linux; Android 8.0.0; TA-1053 Build/OPR1.170623.026) AppleWebKit/537.36 (KHTML, like Gecko) Chrome/67.0.3368.0 Mobile Safari/537.36"
142.112.104.241 - - [05/Dec/2019:23:47:56 +0800] "GET / HTTP/1.0" 301 - "-" "Mozilla/5.0 (X11; Ubuntu; Linux x86_64; rv:70.0) Gecko/20100101 Firefox/70.0"
39.98.123.190 - - [05/Dec/2019:23:48:25 +0800] "HEAD /manage/login.php HTTP/1.0" 301 - "-" "-"
39.98.123.190 - - [05/Dec/2019:23:48:25 +0800] "HEAD /admin/login.php HTTP/1.0" 301 - "-" "-"
39.98.123.190 - - [05/Dec/2019:23:48:25 +0800] "HEAD /dede/login.php HTTP/1.0" 301 - "-" "-"
39.98.123.190 - - [05/Dec/2019:23:48:26 +0800] "HEAD /manager/login.php HTTP/1.0" 301 - "-" "-"
39.98.123.190 - - [05/Dec/2019:23:48:26 +0800] "HEAD /admindede/login.php HTTP/1.0" 301 - "-" "-"
