116.233.76.79 - - [03/Dec/2019:02:54:49 +0800] "GET / HTTP/1.0" 200 10415 "-" "Mozilla/5.0 (Windows NT 10.0; Win64; x64) AppleWebKit/537.36 (KHTML, like Gecko) Chrome/71.0.3578.98 Safari/537.36"
106.226.224.105 - - [03/Dec/2019:02:54:51 +0800] "GET /414.html HTTP/1.0" 200 55259 "-" "Mozilla/5.0 (Windows NT 10.0; Win64; x64) AppleWebKit/537.36 (KHTML, like Gecko) Chrome/51.0.2704.106 Safari/537.36"
106.226.224.105 - - [03/Dec/2019:02:54:55 +0800] "GET /414.html HTTP/1.0" 200 55260 "-" "Mozilla/5.0 (Windows NT 10.0; Win64; x64) AppleWebKit/537.36 (KHTML, like Gecko) Chrome/51.0.2704.106 Safari/537.36"
106.226.224.105 - - [03/Dec/2019:02:55:04 +0800] "GET /414.html HTTP/1.0" 200 55260 "-" "Mozilla/5.0 (Windows NT 10.0; Win64; x64) AppleWebKit/537.36 (KHTML, like Gecko) Chrome/51.0.2704.106 Safari/537.36"
66.249.75.153 - - [03/Dec/2019:02:55:07 +0800] "GET /2013/09/13/hive HTTP/1.0" 301 - "-" "Mozilla/5.0 (Linux; Android 6.0.1; Nexus 5X Build/MMB29P) AppleWebKit/537.36 (KHTML, like Gecko) Chrome/41.0.2272.96 Mobile Safari/537.36 (compatible; Googlebot/2.1; +http://www.google.com/bot.html)"
66.249.75.149 - - [03/Dec/2019:02:55:10 +0800] "POST /wp-json/wordpress-popular-posts/v1/popular-posts HTTP/1.0" 201 55 "http://www.crazyant.net/1456.html" "Mozilla/5.0 (Linux; Android 6.0.1; Nexus 5X Build/MMB29P) AppleWebKit/537.36 (KHTML, like Gecko) Chrome/41.0.2272.96 Mobile Safari/537.36 (compatible; Googlebot/2.1; +http://www.google.com/bot.html)"
66.249.75.151 - - [03/Dec/2019:02:57:12 +0800] "GET /2525.html HTTP/1.0" 200 12650 "-" "Mozilla/5.0 (Linux; Android 6.0.1; Nexus 5X Build/MMB29P) AppleWebKit/537.36 (KHTML, like Gecko) Chrome/41.0.2272.96 Mobile Safari/537.36 (compatible; Googlebot/2.1; +http://www.google.com/bot.html)"
54.92.183.228 - - [03/Dec/2019:02:58:11 +0800] "GET /1735.html/feed HTTP/1.0" 200 924 "https://www.google.com/" "Mozilla/5.0 (Linux; U; Android 6.0.1; zh-CN; F5121 Build/34.0.A.1.247) AppleWebKit/537.36 (KHTML, like Gecko) Version/4.0 UCBrowser/11.5.1.944 Mobile Safari/537.36"
39.98.69.62 - - [03/Dec/2019:02:58:21 +0800] "GET /feed HTTP/1.0" 200 4779 "-" "Mozilla/5.0 (Linux; Android 8.0.0; TA-1053 Build/OPR1.170623.026) AppleWebKit/537.36 (KHTML, like Gecko) Chrome/67.0.3368.0 Mobile Safari/537.36"
106.226.224.105 - - [03/Dec/2019:02:59:01 +0800] "GET /414.html HTTP/1.0" 200 55259 "-" "Mozilla/5.0 (Windows NT 10.0; Win64; x64) AppleWebKit/537.36 (KHTML, like Gecko) Chrome/51.0.2704.106 Safari/537.36"
92.38.129.153 - - [03/Dec/2019:03:02:02 +0800] "GET /feed/ HTTP/1.0" 301 - "-" "Tiny Tiny RSS/19.02 (http://tt-rss.org/)"
92.38.129.153 - - [03/Dec/2019:03:02:02 +0800] "GET /feed HTTP/1.0" 200 4779 "-" "Tiny Tiny RSS/19.02 (http://tt-rss.org/)"
66.249.75.149 - - [03/Dec/2019:03:02:11 +0800] "GET /wp-content/uploads/siteground-optimizer-assets/siteground-optimizer-lazy-load-images-js.min.js HTTP/1.0" 404 35012 "http://www.crazyant.net/tag/jvm?jdf" "Mozilla/5.0 AppleWebKit/537.36 (KHTML, like Gecko; compatible; Googlebot/2.1; +http://www.google.com/bot.html) Safari/537.36"
66.249.75.149 - - [03/Dec/2019:03:02:12 +0800] "GET /wp-content/uploads/siteground-optimizer-assets/siteground-optimizer-lazy-load-images-responsive-js.min.js HTTP/1.0" 404 35012 "http://www.crazyant.net/tag/jvm?jdf" "Mozilla/5.0 AppleWebKit/537.36 (KHTML, like Gecko; compatible; Googlebot/2.1; +http://www.google.com/bot.html) Safari/537.36"
40.77.167.157 - - [03/Dec/2019:03:03:05 +0800] "GET /2585.html HTTP/1.0" 200 11136 "-" "Mozilla/5.0 (compatible; bingbot/2.0; +http://www.bing.com/bingbot.htm)"
40.77.167.143 - - [03/Dec/2019:03:04:14 +0800] "GET /wp-json/wordpress-popular-posts/v1/popular-posts HTTP/1.0" 200 29274 "-" "msnbot/2.0b (+http://search.msn.com/msnbot.htm)"
222.129.43.14 - - [03/Dec/2019:03:05:06 +0800] "GET /feed HTTP/1.0" 200 4779 "-" "ReadKit/2.4.3 (Mac OS X Version 10.15.1 (Build 19B88))"
54.36.150.22 - - [03/Dec/2019:03:05:51 +0800] "GET /tag/php/page/2 HTTP/1.0" 200 10753 "-" "Mozilla/5.0 (compatible; AhrefsBot/6.1; +http://ahrefs.com/robot/)"
146.66.92.61 - - [03/Dec/2019:03:06:51 +0800] "POST /wp-cron.php?doing_wp_cron=1575313611.9810819625854492187500 HTTP/1.0" 200 - "http://www.crazyant.net/wp-cron.php?doing_wp_cron=1575313611.9810819625854492187500" "WordPress/5.3; http://www.crazyant.net"
42.156.137.98 - - [03/Dec/2019:03:06:51 +0800] "POST /wp-json/wordpress-popular-posts/v1/popular-posts HTTP/1.0" 201 55 "http://www.crazyant.net/796.html?replytocom=10554" "Mozilla/5.0 (Windows NT 6.1; Win64; x64) AppleWebKit/537.36 (KHTML, like Gecko) Chrome/69.0.3497.81 YisouSpider/5.0 Safari/537.36"
207.46.13.76 - - [03/Dec/2019:03:07:39 +0800] "GET /tag/%e6%a8%a1%e6%8b%9f%e7%99%bb%e9%99%86 HTTP/1.0" 200 8695 "-" "Mozilla/5.0 (compatible; bingbot/2.0; +http://www.bing.com/bingbot.htm)"
8.29.198.27 - - [03/Dec/2019:03:07:57 +0800] "GET /feed HTTP/1.0" 200 4779 "-" "Feedly/1.0 (+http://www.feedly.com/fetcher.html; 69 subscribers; like FeedFetcher-Google)"
141.8.132.24 - - [03/Dec/2019:03:08:32 +0800] "GET /robots.txt HTTP/1.0" 200 66 "-" "Mozilla/5.0 (compatible; YandexBot/3.0; +http://yandex.com/bots)"
141.8.132.24 - - [03/Dec/2019:03:08:36 +0800] "GET /?p=1720 HTTP/1.0" 404 35012 "-" "Mozilla/5.0 (compatible; YandexBot/3.0; +http://yandex.com/bots)"
123.125.71.110 - - [03/Dec/2019:03:09:31 +0800] "GET /1129.html/feed HTTP/1.1" 444 0 "-" "Mozilla/5.0 (compatible; Baiduspider/2.0; +http://www.baidu.com/search/spider.html)"
159.89.43.145 - - [03/Dec/2019:03:10:12 +0800] "GET /feed HTTP/1.0" 200 4779 "-" "Mozilla/5.0 (Macintosh; Intel Mac OS X 10_13_6; +feeder.co) AppleWebKit/537.36 (KHTML, like Gecko) Chrome/67.0.3396.99 Safari/537.36"
54.36.150.51 - - [03/Dec/2019:03:11:34 +0800] "GET /category/mysql HTTP/1.0" 200 10908 "-" "Mozilla/5.0 (compatible; AhrefsBot/6.1; +http://ahrefs.com/robot/)"
106.11.156.94 - - [03/Dec/2019:03:14:27 +0800] "GET /page/1?amrujy=40gfb3&amzgdk=24tti3&butyxe=bwqaf3&dglcdo=lepqq2&fwzyhk=hx8xy1&jgpafa=ll7ls3&lwhizm=haolv3&mehsni=cvans3 HTTP/1.0" 200 10535 "-" "Mozilla/5.0 (Windows NT 6.1; Win64; x64) AppleWebKit/537.36 (KHTML, like Gecko) Chrome/69.0.3497.81 YisouSpider/5.0 Safari/537.36"
66.249.75.149 - - [03/Dec/2019:03:14:27 +0800] "GET /wp-content/uploads/2016/12/mybatis_decorators_cache.jpg HTTP/1.0" 200 31784 "-" "Googlebot-Image/1.0"
52.91.31.146 - - [03/Dec/2019:03:14:35 +0800] "GET /author/peishuai1987/feed HTTP/1.0" 200 4801 "https://www.google.com/" "Mozilla/5.0 (Macintosh; Intel Mac OS X 10_12_1) AppleWebKit/537.36 (KHTML, like Gecko) Chrome/54.0.2840.98 Safari/537.36"
66.249.75.149 - - [03/Dec/2019:03:14:45 +0800] "GET /wp-content/uploads/2016/12/pattern_Decorator.jpg HTTP/1.0" 200 35901 "-" "Googlebot-Image/1.0"
66.249.75.149 - - [03/Dec/2019:03:14:57 +0800] "GET /1345.html HTTP/1.0" 200 11286 "-" "Mozilla/5.0 (compatible; Googlebot/2.1; +http://www.google.com/bot.html)"
141.8.132.24 - - [03/Dec/2019:03:15:12 +0800] "GET /wp-content/uploads/2019/08/Xnip2019-08-04_22-36-04.jpg HTTP/1.0" 200 70090 "-" "Mozilla/5.0 (compatible; YandexBot/3.0; +http://yandex.com/bots)"
66.249.75.151 - - [03/Dec/2019:03:15:31 +0800] "POST /wp-json/wordpress-popular-posts/v1/popular-posts HTTP/1.0" 201 55 "http://www.crazyant.net/1345.html" "Mozilla/5.0 AppleWebKit/537.36 (KHTML, like Gecko; compatible; Googlebot/2.1; +http://www.google.com/bot.html) Safari/537.36"
137.74.38.160 - - [03/Dec/2019:03:17:25 +0800] "GET /feed/ HTTP/1.0" 301 - "-" "Tiny Tiny RSS/19.8 (f609065) (http://tt-rss.org/)"
137.74.38.160 - - [03/Dec/2019:03:17:25 +0800] "GET /feed HTTP/1.0" 200 4779 "-" "Tiny Tiny RSS/19.8 (f609065) (http://tt-rss.org/)"
92.38.129.153 - - [03/Dec/2019:03:18:09 +0800] "GET /feed/ HTTP/1.0" 301 - "-" "Tiny Tiny RSS/19.02 (http://tt-rss.org/)"
92.38.129.153 - - [03/Dec/2019:03:18:09 +0800] "GET /feed HTTP/1.0" 200 4779 "-" "Tiny Tiny RSS/19.02 (http://tt-rss.org/)"
66.249.75.149 - - [03/Dec/2019:03:19:06 +0800] "GET /87.html HTTP/1.0" 200 11875 "-" "Mozilla/5.0 (compatible; Googlebot/2.1; +http://www.google.com/bot.html)"
222.129.43.14 - - [03/Dec/2019:03:19:08 +0800] "GET /feed HTTP/1.0" 200 4779 "-" "ReadKit/2.4.3 (Mac OS X Version 10.15.1 (Build 19B88))"
66.249.75.149 - - [03/Dec/2019:03:19:17 +0800] "POST /wp-json/wordpress-popular-posts/v1/popular-posts HTTP/1.0" 201 55 "http://www.crazyant.net/87.html" "Mozilla/5.0 AppleWebKit/537.36 (KHTML, like Gecko; compatible; Googlebot/2.1; +http://www.google.com/bot.html) Safari/537.36"
207.46.13.224 - - [03/Dec/2019:03:19:20 +0800] "GET /wp-content/themes/twentyfifteen/genericons/Genericons.ttf HTTP/1.0" 200 14260 "-" "msnbot/2.0b (+http://search.msn.com/msnbot.htm)"
66.249.75.149 - - [03/Dec/2019:03:19:29 +0800] "GET /724.html HTTP/1.0" 200 12003 "-" "Mozilla/5.0 (compatible; Googlebot/2.1; +http://www.google.com/bot.html)"
66.249.75.149 - - [03/Dec/2019:03:19:32 +0800] "GET /wp-content/plugins/wordpress-popular-posts/public/js/wpp-4.2.0.min.js HTTP/1.0" 404 35012 "http://www.crazyant.net/page/12?wmzaby=ypmzc3" "Mozilla/5.0 (Linux; Android 6.0.1; Nexus 5X Build/MMB29P) AppleWebKit/537.36 (KHTML, like Gecko) Chrome/41.0.2272.96 Mobile Safari/537.36 (compatible; Googlebot/2.1; +http://www.google.com/bot.html)"
66.249.75.149 - - [03/Dec/2019:03:19:33 +0800] "GET /wp-content/plugins/wordpress-popular-posts/public/css/wordpress-popular-posts-css.min.css HTTP/1.0" 404 35012 "http://www.crazyant.net/page/12?wmzaby=ypmzc3" "Mozilla/5.0 (Linux; Android 6.0.1; Nexus 5X Build/MMB29P) AppleWebKit/537.36 (KHTML, like Gecko) Chrome/41.0.2272.96 Mobile Safari/537.36 (compatible; Googlebot/2.1; +http://www.google.com/bot.html)"
66.249.75.149 - - [03/Dec/2019:03:19:35 +0800] "GET /1072.html HTTP/1.0" 200 10819 "-" "Mozilla/5.0 (compatible; Googlebot/2.1; +http://www.google.com/bot.html)"
66.249.75.149 - - [03/Dec/2019:03:19:37 +0800] "POST /wp-json/wordpress-popular-posts/v1/popular-posts HTTP/1.0" 201 55 "http://www.crazyant.net/724.html" "Mozilla/5.0 AppleWebKit/537.36 (KHTML, like Gecko; compatible; Googlebot/2.1; +http://www.google.com/bot.html) Safari/537.36"
66.249.75.149 - - [03/Dec/2019:03:19:46 +0800] "POST /wp-json/wordpress-popular-posts/v1/popular-posts HTTP/1.0" 201 55 "http://www.crazyant.net/1072.html" "Mozilla/5.0 AppleWebKit/537.36 (KHTML, like Gecko; compatible; Googlebot/2.1; +http://www.google.com/bot.html) Safari/537.36"
54.36.148.181 - - [03/Dec/2019:03:20:05 +0800] "GET /robots.txt HTTP/1.0" 200 66 "-" "Mozilla/5.0 (compatible; AhrefsBot/6.1; +http://ahrefs.com/robot/)"
54.36.150.137 - - [03/Dec/2019:03:20:06 +0800] "GET /default.htm HTTP/1.0" 200 1085 "-" "Mozilla/5.0 (compatible; AhrefsBot/6.1; +http://ahrefs.com/robot/)"
66.249.75.153 - - [03/Dec/2019:03:20:07 +0800] "GET /1326.html HTTP/1.0" 200 12061 "-" "Mozilla/5.0 (Linux; Android 6.0.1; Nexus 5X Build/MMB29P) AppleWebKit/537.36 (KHTML, like Gecko) Chrome/41.0.2272.96 Mobile Safari/537.36 (compatible; Googlebot/2.1; +http://www.google.com/bot.html)"
66.249.75.151 - - [03/Dec/2019:03:20:19 +0800] "GET /1426.html HTTP/1.0" 200 10769 "-" "Mozilla/5.0 (compatible; Googlebot/2.1; +http://www.google.com/bot.html)"
66.249.75.151 - - [03/Dec/2019:03:20:22 +0800] "POST /wp-json/wordpress-popular-posts/v1/popular-posts HTTP/1.0" 201 55 "http://www.crazyant.net/1326.html" "Mozilla/5.0 (Linux; Android 6.0.1; Nexus 5X Build/MMB29P) AppleWebKit/537.36 (KHTML, like Gecko) Chrome/41.0.2272.96 Mobile Safari/537.36 (compatible; Googlebot/2.1; +http://www.google.com/bot.html)"
66.249.75.149 - - [03/Dec/2019:03:20:30 +0800] "GET /2013/09/13/hive HTTP/1.0" 301 - "-" "Mozilla/5.0 (Linux; Android 6.0.1; Nexus 5X Build/MMB29P) AppleWebKit/537.36 (KHTML, like Gecko) Chrome/41.0.2272.96 Mobile Safari/537.36 (compatible; Googlebot/2.1; +http://www.google.com/bot.html)"
66.249.75.149 - - [03/Dec/2019:03:20:31 +0800] "GET /1456.html HTTP/1.0" 200 11164 "-" "Mozilla/5.0 (Linux; Android 6.0.1; Nexus 5X Build/MMB29P) AppleWebKit/537.36 (KHTML, like Gecko) Chrome/41.0.2272.96 Mobile Safari/537.36 (compatible; Googlebot/2.1; +http://www.google.com/bot.html)"
66.249.75.149 - - [03/Dec/2019:03:20:36 +0800] "POST /wp-json/wordpress-popular-posts/v1/popular-posts HTTP/1.0" 201 55 "http://www.crazyant.net/1456.html" "Mozilla/5.0 (Linux; Android 6.0.1; Nexus 5X Build/MMB29P) AppleWebKit/537.36 (KHTML, like Gecko) Chrome/41.0.2272.96 Mobile Safari/537.36 (compatible; Googlebot/2.1; +http://www.google.com/bot.html)"
66.249.75.149 - - [03/Dec/2019:03:20:42 +0800] "GET /2013/09/04/hive HTTP/1.0" 301 - "-" "Mozilla/5.0 (Linux; Android 6.0.1; Nexus 5X Build/MMB29P) AppleWebKit/537.36 (KHTML, like Gecko) Chrome/41.0.2272.96 Mobile Safari/537.36 (compatible; Googlebot/2.1; +http://www.google.com/bot.html)"
66.249.75.149 - - [03/Dec/2019:03:20:42 +0800] "GET /1456.html HTTP/1.0" 200 11162 "-" "Mozilla/5.0 (Linux; Android 6.0.1; Nexus 5X Build/MMB29P) AppleWebKit/537.36 (KHTML, like Gecko) Chrome/41.0.2272.96 Mobile Safari/537.36 (compatible; Googlebot/2.1; +http://www.google.com/bot.html)"
66.249.75.153 - - [03/Dec/2019:03:21:05 +0800] "GET /1895.html?goz HTTP/1.0" 200 11034 "-" "Mozilla/5.0 (Linux; Android 6.0.1; Nexus 5X Build/MMB29P) AppleWebKit/537.36 (KHTML, like Gecko) Chrome/41.0.2272.96 Mobile Safari/537.36 (compatible; Googlebot/2.1; +http://www.google.com/bot.html)"
66.249.75.149 - - [03/Dec/2019:03:21:09 +0800] "POST /wp-json/wordpress-popular-posts/v1/popular-posts HTTP/1.0" 201 55 "http://www.crazyant.net/1895.html?goz" "Mozilla/5.0 (Linux; Android 6.0.1; Nexus 5X Build/MMB29P) AppleWebKit/537.36 (KHTML, like Gecko) Chrome/41.0.2272.96 Mobile Safari/537.36 (compatible; Googlebot/2.1; +http://www.google.com/bot.html)"
66.249.75.149 - - [03/Dec/2019:03:21:16 +0800] "GET /1413.html HTTP/1.0" 200 14230 "-" "Mozilla/5.0 (compatible; Googlebot/2.1; +http://www.google.com/bot.html)"
66.249.75.149 - - [03/Dec/2019:03:21:28 +0800] "GET /2124.html HTTP/1.0" 200 14281 "-" "Mozilla/5.0 (compatible; Googlebot/2.1; +http://www.google.com/bot.html)"
66.249.75.149 - - [03/Dec/2019:03:21:31 +0800] "POST /wp-json/wordpress-popular-posts/v1/popular-posts HTTP/1.0" 201 55 "http://www.crazyant.net/1413.html" "Mozilla/5.0 AppleWebKit/537.36 (KHTML, like Gecko; compatible; Googlebot/2.1; +http://www.google.com/bot.html) Safari/537.36"
66.249.75.149 - - [03/Dec/2019:03:21:32 +0800] "POST /wp-json/wordpress-popular-posts/v1/popular-posts HTTP/1.0" 201 55 "http://www.crazyant.net/2124.html" "Mozilla/5.0 AppleWebKit/537.36 (KHTML, like Gecko; compatible; Googlebot/2.1; +http://www.google.com/bot.html) Safari/537.36"
66.249.75.149 - - [03/Dec/2019:03:21:39 +0800] "GET /87.html HTTP/1.0" 200 11873 "-" "Mozilla/5.0 (Linux; Android 6.0.1; Nexus 5X Build/MMB29P) AppleWebKit/537.36 (KHTML, like Gecko) Chrome/41.0.2272.96 Mobile Safari/537.36 (compatible; Googlebot/2.1; +http://www.google.com/bot.html)"
66.249.75.149 - - [03/Dec/2019:03:21:50 +0800] "POST /wp-json/wordpress-popular-posts/v1/popular-posts HTTP/1.0" 201 54 "http://www.crazyant.net/1321.html" "Mozilla/5.0 (Linux; Android 6.0.1; Nexus 5X Build/MMB29P) AppleWebKit/537.36 (KHTML, like Gecko) Chrome/41.0.2272.96 Mobile Safari/537.36 (compatible; Googlebot/2.1; +http://www.google.com/bot.html)"
66.249.75.149 - - [03/Dec/2019:03:21:51 +0800] "GET /author/crazyant HTTP/1.0" 200 10088 "-" "Mozilla/5.0 (Linux; Android 6.0.1; Nexus 5X Build/MMB29P) AppleWebKit/537.36 (KHTML, like Gecko) Chrome/41.0.2272.96 Mobile Safari/537.36 (compatible; Googlebot/2.1; +http://www.google.com/bot.html)"
54.36.148.172 - - [03/Dec/2019:03:23:26 +0800] "GET /tag/tensorflow/feed HTTP/1.0" 200 1351 "-" "Mozilla/5.0 (compatible; AhrefsBot/6.1; +http://ahrefs.com/robot/)"
106.226.224.105 - - [03/Dec/2019:03:24:56 +0800] "GET /414.html HTTP/1.0" 200 55260 "-" "Mozilla/5.0 (Windows NT 10.0; Win64; x64) AppleWebKit/537.36 (KHTML, like Gecko) Chrome/51.0.2704.106 Safari/537.36"
54.36.150.130 - - [03/Dec/2019:03:26:12 +0800] "GET /1931.html HTTP/1.0" 200 13029 "-" "Mozilla/5.0 (compatible; AhrefsBot/6.1; +http://ahrefs.com/robot/)"
106.226.224.105 - - [03/Dec/2019:03:26:51 +0800] "GET /414.html HTTP/1.0" 200 55260 "-" "Mozilla/5.0 (Windows NT 10.0; Win64; x64) AppleWebKit/537.36 (KHTML, like Gecko) Chrome/51.0.2704.106 Safari/537.36"
3.81.148.18 - - [03/Dec/2019:03:27:29 +0800] "GET /category/hive/feed HTTP/1.0" 200 2991 "https://www.google.com/" "Mozilla/5.0 (Windows NT 10.0; Win64; x64) AppleWebKit/537.36 (KHTML, like Gecko) Chrome/55.0.2883.87 Safari/537.36"
114.67.104.99 - - [03/Dec/2019:03:30:14 +0800] "GET /feed HTTP/1.0" 200 4779 "-" "Mozilla/5.0 (Linux; Android 8.0.0; TA-1053 Build/OPR1.170623.026) AppleWebKit/537.36 (KHTML, like Gecko) Chrome/67.0.3368.0 Mobile Safari/537.36"
106.226.224.105 - - [03/Dec/2019:03:30:15 +0800] "GET /414.html HTTP/1.0" 200 55259 "-" "Mozilla/5.0 (Windows NT 10.0; Win64; x64) AppleWebKit/537.36 (KHTML, like Gecko) Chrome/51.0.2704.106 Safari/537.36"
46.229.168.136 - - [03/Dec/2019:03:30:15 +0800] "GET /robots.txt HTTP/1.0" 200 66 "-" "Mozilla/5.0 (compatible; SemrushBot/6~bl; +http://www.semrush.com/bot.html)"
46.229.168.131 - - [03/Dec/2019:03:30:16 +0800] "GET /category/python-basic HTTP/1.0" 200 8184 "-" "Mozilla/5.0 (compatible; SemrushBot/6~bl; +http://www.semrush.com/bot.html)"
220.181.108.152 - - [03/Dec/2019:03:30:34 +0800] "GET /1470.html HTTP/1.1" 444 0 "-" "Mozilla/5.0 (compatible; Baiduspider/2.0; +http://www.baidu.com/search/spider.html)"
106.226.224.105 - - [03/Dec/2019:03:30:49 +0800] "GET /414.html HTTP/1.0" 200 55258 "-" "Mozilla/5.0 (Windows NT 10.0; Win64; x64) AppleWebKit/537.36 (KHTML, like Gecko) Chrome/51.0.2704.106 Safari/537.36"
54.36.148.32 - - [03/Dec/2019:03:32:18 +0800] "GET /2076.html HTTP/1.0" 200 14948 "-" "Mozilla/5.0 (compatible; AhrefsBot/6.1; SA; +http://ahrefs.com/robot/)"
222.129.43.14 - - [03/Dec/2019:03:33:09 +0800] "GET /feed HTTP/1.0" 200 4779 "-" "ReadKit/2.4.3 (Mac OS X Version 10.15.1 (Build 19B88))"
92.38.129.153 - - [03/Dec/2019:03:34:22 +0800] "GET /feed/ HTTP/1.0" 301 - "-" "Tiny Tiny RSS/19.02 (http://tt-rss.org/)"
92.38.129.153 - - [03/Dec/2019:03:34:22 +0800] "GET /feed HTTP/1.0" 200 4779 "-" "Tiny Tiny RSS/19.02 (http://tt-rss.org/)"
66.249.75.153 - - [03/Dec/2019:03:35:26 +0800] "POST /wp-json/wordpress-popular-posts/v1/popular-posts HTTP/1.0" 201 55 "http://www.crazyant.net/686.html?replytocom=1209" "Mozilla/5.0 (Linux; Android 6.0.1; Nexus 5X Build/MMB29P) AppleWebKit/537.36 (KHTML, like Gecko) Chrome/41.0.2272.96 Mobile Safari/537.36 (compatible; Googlebot/2.1; +http://www.google.com/bot.html)"
110.249.202.160 - - [03/Dec/2019:03:35:46 +0800] "GET /author/peishuai1987/page/13 HTTP/1.0" 200 11292 "-" "Mozilla/5.0 (Linux; Android 6.0; Nexus 5 Build/MRA58N) AppleWebKit/537.36 (KHTML, like Gecko) Chrome/49.0.3805.1644 Mobile Safari/537.36; Bytespider;https://zhanzhang.toutiao.com/"
66.249.75.149 - - [03/Dec/2019:03:35:59 +0800] "POST /wp-json/wordpress-popular-posts/v1/popular-posts HTTP/1.0" 403 95 "http://www.crazyant.net/886.html" "Mozilla/5.0 (Linux; Android 6.0.1; Nexus 5X Build/MMB29P) AppleWebKit/537.36 (KHTML, like Gecko) Chrome/41.0.2272.96 Mobile Safari/537.36 (compatible; Googlebot/2.1; +http://www.google.com/bot.html)"
66.249.75.149 - - [03/Dec/2019:03:36:08 +0800] "POST /wp-json/wordpress-popular-posts/v1/popular-posts HTTP/1.0" 201 55 "http://www.crazyant.net/1600.html" "Mozilla/5.0 (Linux; Android 6.0.1; Nexus 5X Build/MMB29P) AppleWebKit/537.36 (KHTML, like Gecko) Chrome/41.0.2272.96 Mobile Safari/537.36 (compatible; Googlebot/2.1; +http://www.google.com/bot.html)"
73.15.1.84 - - [03/Dec/2019:03:36:55 +0800] "GET /686.html HTTP/1.0" 200 17047 "-" "Mozilla/5.0 (Macintosh; Intel Mac OS X 10_12_1) AppleWebKit/602.2.14 (KHTML, like Gecko)"
212.64.5.64 - - [03/Dec/2019:03:36:55 +0800] "GET /feed HTTP/1.0" 200 4779 "-" "Mozilla/5.0 (Windows NT 6.1) AppleWebKit/537.31 (KHTML, like Gecko) Chrome/26.0.1410.43 Safari/537.31"
73.15.1.84 - - [03/Dec/2019:03:36:56 +0800] "GET /apple-touch-icon-precomposed.png HTTP/1.0" 404 35012 "-" "Safari/12602.2.14.0.7 CFNetwork/807.1.3 Darwin/16.1.0 (x86_64)"
73.15.1.84 - - [03/Dec/2019:03:36:56 +0800] "GET /apple-touch-icon.png HTTP/1.0" 404 35012 "-" "Safari/12602.2.14.0.7 CFNetwork/807.1.3 Darwin/16.1.0 (x86_64)"
73.15.1.84 - - [03/Dec/2019:03:36:57 +0800] "GET /favicon.ico HTTP/1.0" 200 - "-" "Safari/12602.2.14.0.7 CFNetwork/807.1.3 Darwin/16.1.0 (x86_64)"
73.15.1.84 - - [03/Dec/2019:03:36:57 +0800] "GET /apple-touch-icon-precomposed.png HTTP/1.0" 404 35012 "-" "Safari/12602.2.14.0.7 CFNetwork/807.1.3 Darwin/16.1.0 (x86_64)"
73.15.1.84 - - [03/Dec/2019:03:36:58 +0800] "GET /apple-touch-icon.png HTTP/1.0" 404 35012 "-" "Safari/12602.2.14.0.7 CFNetwork/807.1.3 Darwin/16.1.0 (x86_64)"
73.15.1.84 - - [03/Dec/2019:03:36:58 +0800] "GET /favicon.ico HTTP/1.1" 200 0 "-" "Safari/12602.2.14.0.7 CFNetwork/807.1.3 Darwin/16.1.0 (x86_64)"
73.15.1.84 - - [03/Dec/2019:03:36:58 +0800] "GET /apple-touch-icon-precomposed.png HTTP/1.0" 404 35012 "-" "Safari/12602.2.14.0.7 CFNetwork/807.1.3 Darwin/16.1.0 (x86_64)"
73.15.1.84 - - [03/Dec/2019:03:36:59 +0800] "GET /apple-touch-icon.png HTTP/1.0" 404 35012 "-" "Safari/12602.2.14.0.7 CFNetwork/807.1.3 Darwin/16.1.0 (x86_64)"
73.15.1.84 - - [03/Dec/2019:03:36:59 +0800] "GET /favicon.ico HTTP/1.1" 200 0 "-" "Safari/12602.2.14.0.7 CFNetwork/807.1.3 Darwin/16.1.0 (x86_64)"
73.15.1.84 - - [03/Dec/2019:03:37:00 +0800] "GET /apple-touch-icon-precomposed.png HTTP/1.0" 404 35012 "-" "Safari/12602.2.14.0.7 CFNetwork/807.1.3 Darwin/16.1.0 (x86_64)"
73.15.1.84 - - [03/Dec/2019:03:37:00 +0800] "GET /apple-touch-icon.png HTTP/1.0" 404 35012 "-" "Safari/12602.2.14.0.7 CFNetwork/807.1.3 Darwin/16.1.0 (x86_64)"
73.15.1.84 - - [03/Dec/2019:03:37:01 +0800] "GET /favicon.ico HTTP/1.1" 200 0 "-" "Safari/12602.2.14.0.7 CFNetwork/807.1.3 Darwin/16.1.0 (x86_64)"
8.29.198.26 - - [03/Dec/2019:03:38:32 +0800] "GET /feed HTTP/1.0" 200 4779 "-" "Feedly/1.0 (+http://www.feedly.com/fetcher.html; 12 subscribers; like FeedFetcher-Google)"
106.11.159.254 - - [03/Dec/2019:03:38:53 +0800] "GET /?s=%E3%80%90%E2%94%83%E8%81%94%E7%B3%BB2%E2%92%8F7%E2%92%8F01705(%E6%89%A3)%E3%80%91%E3%80%91%E5%8D%8E%E5%AE%87%E5%9B%9B%E5%AD%A3%E5%BD%A9 HTTP/1.0" 200 8350 "-" "YisouSpider"
106.226.224.105 - - [03/Dec/2019:03:40:08 +0800] "GET /414.html HTTP/1.0" 200 55260 "-" "Mozilla/5.0 (Windows NT 10.0; Win64; x64) AppleWebKit/537.36 (KHTML, like Gecko) Chrome/51.0.2704.106 Safari/537.36"
66.249.75.153 - - [03/Dec/2019:03:41:09 +0800] "GET /tag/mysql/page/4 HTTP/1.0" 404 35012 "-" "Mozilla/5.0 (Linux; Android 6.0.1; Nexus 5X Build/MMB29P) AppleWebKit/537.36 (KHTML, like Gecko) Chrome/41.0.2272.96 Mobile Safari/537.36 (compatible; Googlebot/2.1; +http://www.google.com/bot.html)"
146.66.92.61 - - [03/Dec/2019:03:43:03 +0800] "POST /wp-cron.php?doing_wp_cron=1575315783.7123069763183593750000 HTTP/1.0" 200 - "http://www.crazyant.net/wp-cron.php?doing_wp_cron=1575315783.7123069763183593750000" "WordPress/5.3; http://www.crazyant.net"
66.249.75.151 - - [03/Dec/2019:03:43:03 +0800] "GET /144.html HTTP/1.0" 200 13898 "-" "Mozilla/5.0 (Linux; Android 6.0.1; Nexus 5X Build/MMB29P) AppleWebKit/537.36 (KHTML, like Gecko) Chrome/41.0.2272.96 Mobile Safari/537.36 (compatible; Googlebot/2.1; +http://www.google.com/bot.html)"
66.249.75.151 - - [03/Dec/2019:03:43:09 +0800] "POST /wp-json/wordpress-popular-posts/v1/popular-posts HTTP/1.0" 201 55 "http://www.crazyant.net/144.html" "Mozilla/5.0 (Linux; Android 6.0.1; Nexus 5X Build/MMB29P) AppleWebKit/537.36 (KHTML, like Gecko) Chrome/41.0.2272.96 Mobile Safari/537.36 (compatible; Googlebot/2.1; +http://www.google.com/bot.html)"
66.249.75.149 - - [03/Dec/2019:03:43:14 +0800] "GET /2150.html HTTP/1.0" 200 15274 "-" "Mozilla/5.0 (Linux; Android 6.0.1; Nexus 5X Build/MMB29P) AppleWebKit/537.36 (KHTML, like Gecko) Chrome/41.0.2272.96 Mobile Safari/537.36 (compatible; Googlebot/2.1; +http://www.google.com/bot.html)"
66.249.75.149 - - [03/Dec/2019:03:43:18 +0800] "POST /wp-json/wordpress-popular-posts/v1/popular-posts HTTP/1.0" 201 55 "http://www.crazyant.net/2150.html" "Mozilla/5.0 (Linux; Android 6.0.1; Nexus 5X Build/MMB29P) AppleWebKit/537.36 (KHTML, like Gecko) Chrome/41.0.2272.96 Mobile Safari/537.36 (compatible; Googlebot/2.1; +http://www.google.com/bot.html)"
110.229.223.209 - - [03/Dec/2019:03:43:19 +0800] "GET /js/common.js HTTP/1.0" 404 35012 "http://www.crazyant.net/js/common.js" "Mozilla/5.0 (compatible; MSIE 9.0; Windows NT 6.1; Win64; x64; Trident/5.0)"
66.249.75.149 - - [03/Dec/2019:03:43:26 +0800] "GET /636.html HTTP/1.0" 200 11574 "-" "Mozilla/5.0 (Linux; Android 6.0.1; Nexus 5X Build/MMB29P) AppleWebKit/537.36 (KHTML, like Gecko) Chrome/41.0.2272.96 Mobile Safari/537.36 (compatible; Googlebot/2.1; +http://www.google.com/bot.html)"
66.249.75.149 - - [03/Dec/2019:03:43:37 +0800] "GET /1397.html HTTP/1.0" 200 10821 "-" "Mozilla/5.0 (Linux; Android 6.0.1; Nexus 5X Build/MMB29P) AppleWebKit/537.36 (KHTML, like Gecko) Chrome/41.0.2272.96 Mobile Safari/537.36 (compatible; Googlebot/2.1; +http://www.google.com/bot.html)"
66.249.75.149 - - [03/Dec/2019:03:43:40 +0800] "POST /wp-json/wordpress-popular-posts/v1/popular-posts HTTP/1.0" 201 55 "http://www.crazyant.net/636.html" "Mozilla/5.0 (Linux; Android 6.0.1; Nexus 5X Build/MMB29P) AppleWebKit/537.36 (KHTML, like Gecko) Chrome/41.0.2272.96 Mobile Safari/537.36 (compatible; Googlebot/2.1; +http://www.google.com/bot.html)"
66.249.75.149 - - [03/Dec/2019:03:43:49 +0800] "GET /category/python-%E7%88%AC%E8%99%AB%E7%B3%BB%E5%88%97 HTTP/1.0" 200 8628 "-" "Mozilla/5.0 (Linux; Android 6.0.1; Nexus 5X Build/MMB29P) AppleWebKit/537.36 (KHTML, like Gecko) Chrome/41.0.2272.96 Mobile Safari/537.36 (compatible; Googlebot/2.1; +http://www.google.com/bot.html)"
66.249.75.149 - - [03/Dec/2019:03:43:55 +0800] "POST /wp-json/wordpress-popular-posts/v1/popular-posts HTTP/1.0" 201 55 "http://www.crazyant.net/1397.html" "Mozilla/5.0 (Linux; Android 6.0.1; Nexus 5X Build/MMB29P) AppleWebKit/537.36 (KHTML, like Gecko) Chrome/41.0.2272.96 Mobile Safari/537.36 (compatible; Googlebot/2.1; +http://www.google.com/bot.html)"
66.249.75.151 - - [03/Dec/2019:03:44:01 +0800] "GET /2231.html HTTP/1.0" 200 10906 "-" "Mozilla/5.0 (Linux; Android 6.0.1; Nexus 5X Build/MMB29P) AppleWebKit/537.36 (KHTML, like Gecko) Chrome/41.0.2272.96 Mobile Safari/537.36 (compatible; Googlebot/2.1; +http://www.google.com/bot.html)"
66.249.75.151 - - [03/Dec/2019:03:44:05 +0800] "POST /wp-json/wordpress-popular-posts/v1/popular-posts HTTP/1.0" 201 55 "http://www.crazyant.net/2231.html" "Mozilla/5.0 (Linux; Android 6.0.1; Nexus 5X Build/MMB29P) AppleWebKit/537.36 (KHTML, like Gecko) Chrome/41.0.2272.96 Mobile Safari/537.36 (compatible; Googlebot/2.1; +http://www.google.com/bot.html)"
66.249.75.149 - - [03/Dec/2019:03:44:12 +0800] "GET /?iapolo_com HTTP/1.0" 200 10423 "-" "Mozilla/5.0 (Linux; Android 6.0.1; Nexus 5X Build/MMB29P) AppleWebKit/537.36 (KHTML, like Gecko) Chrome/41.0.2272.96 Mobile Safari/537.36 (compatible; Googlebot/2.1; +http://www.google.com/bot.html)"
66.249.75.149 - - [03/Dec/2019:03:44:23 +0800] "GET /1345.html HTTP/1.0" 200 11286 "-" "Mozilla/5.0 (Linux; Android 6.0.1; Nexus 5X Build/MMB29P) AppleWebKit/537.36 (KHTML, like Gecko) Chrome/41.0.2272.96 Mobile Safari/537.36 (compatible; Googlebot/2.1; +http://www.google.com/bot.html)"
66.249.75.149 - - [03/Dec/2019:03:44:27 +0800] "POST /wp-json/wordpress-popular-posts/v1/popular-posts HTTP/1.0" 201 54 "http://www.crazyant.net/1345.html" "Mozilla/5.0 (Linux; Android 6.0.1; Nexus 5X Build/MMB29P) AppleWebKit/537.36 (KHTML, like Gecko) Chrome/41.0.2272.96 Mobile Safari/537.36 (compatible; Googlebot/2.1; +http://www.google.com/bot.html)"
66.249.75.149 - - [03/Dec/2019:03:44:35 +0800] "GET /153.html HTTP/1.0" 200 11484 "-" "Mozilla/5.0 (Linux; Android 6.0.1; Nexus 5X Build/MMB29P) AppleWebKit/537.36 (KHTML, like Gecko) Chrome/41.0.2272.96 Mobile Safari/537.36 (compatible; Googlebot/2.1; +http://www.google.com/bot.html)"
66.249.75.149 - - [03/Dec/2019:03:44:43 +0800] "POST /wp-json/wordpress-popular-posts/v1/popular-posts HTTP/1.0" 201 55 "http://www.crazyant.net/153.html" "Mozilla/5.0 (Linux; Android 6.0.1; Nexus 5X Build/MMB29P) AppleWebKit/537.36 (KHTML, like Gecko) Chrome/41.0.2272.96 Mobile Safari/537.36 (compatible; Googlebot/2.1; +http://www.google.com/bot.html)"
66.249.75.149 - - [03/Dec/2019:03:44:46 +0800] "GET /2089.html HTTP/1.0" 200 21726 "-" "Mozilla/5.0 (Linux; Android 6.0.1; Nexus 5X Build/MMB29P) AppleWebKit/537.36 (KHTML, like Gecko) Chrome/41.0.2272.96 Mobile Safari/537.36 (compatible; Googlebot/2.1; +http://www.google.com/bot.html)"
66.249.75.149 - - [03/Dec/2019:03:44:51 +0800] "POST /wp-json/wordpress-popular-posts/v1/popular-posts HTTP/1.0" 201 55 "http://www.crazyant.net/2089.html" "Mozilla/5.0 (Linux; Android 6.0.1; Nexus 5X Build/MMB29P) AppleWebKit/537.36 (KHTML, like Gecko) Chrome/41.0.2272.96 Mobile Safari/537.36 (compatible; Googlebot/2.1; +http://www.google.com/bot.html)"
54.36.148.48 - - [03/Dec/2019:03:45:21 +0800] "GET /category/python-web/feed HTTP/1.0" 200 522 "-" "Mozilla/5.0 (compatible; AhrefsBot/6.1; +http://ahrefs.com/robot/)"
66.249.75.153 - - [03/Dec/2019:03:45:21 +0800] "GET /2194.html?zkfazk=ptulo3 HTTP/1.0" 200 26568 "-" "Mozilla/5.0 (Linux; Android 6.0.1; Nexus 5X Build/MMB29P) AppleWebKit/537.36 (KHTML, like Gecko) Chrome/41.0.2272.96 Mobile Safari/537.36 (compatible; Googlebot/2.1; +http://www.google.com/bot.html)"
66.249.75.149 - - [03/Dec/2019:03:45:26 +0800] "POST /wp-json/wordpress-popular-posts/v1/popular-posts HTTP/1.0" 201 55 "http://www.crazyant.net/2194.html?zkfazk=ptulo3" "Mozilla/5.0 (Linux; Android 6.0.1; Nexus 5X Build/MMB29P) AppleWebKit/537.36 (KHTML, like Gecko) Chrome/41.0.2272.96 Mobile Safari/537.36 (compatible; Googlebot/2.1; +http://www.google.com/bot.html)"
66.249.75.149 - - [03/Dec/2019:03:45:44 +0800] "GET /tag/maven HTTP/1.0" 200 8955 "-" "Mozilla/5.0 (Linux; Android 6.0.1; Nexus 5X Build/MMB29P) AppleWebKit/537.36 (KHTML, like Gecko) Chrome/41.0.2272.96 Mobile Safari/537.36 (compatible; Googlebot/2.1; +http://www.google.com/bot.html)"
66.249.75.149 - - [03/Dec/2019:03:45:57 +0800] "GET /1297.html HTTP/1.0" 200 11795 "-" "Mozilla/5.0 (Linux; Android 6.0.1; Nexus 5X Build/MMB29P) AppleWebKit/537.36 (KHTML, like Gecko) Chrome/41.0.2272.96 Mobile Safari/537.36 (compatible; Googlebot/2.1; +http://www.google.com/bot.html)"
66.249.75.149 - - [03/Dec/2019:03:46:02 +0800] "POST /wp-json/wordpress-popular-posts/v1/popular-posts HTTP/1.0" 201 55 "http://www.crazyant.net/1297.html" "Mozilla/5.0 (Linux; Android 6.0.1; Nexus 5X Build/MMB29P) AppleWebKit/537.36 (KHTML, like Gecko) Chrome/41.0.2272.96 Mobile Safari/537.36 (compatible; Googlebot/2.1; +http://www.google.com/bot.html)"
157.159.40.2 - - [03/Dec/2019:03:46:08 +0800] "GET /favicon.ico HTTP/1.1" 200 0 "-" "Mozilla/5.0 (Macintosh; Intel Mac OS X 10_15_1) AppleWebKit/537.36 (KHTML, like Gecko) Chrome/69.0.3497.100 Safari/537.36"
222.129.43.14 - - [03/Dec/2019:03:47:05 +0800] "GET /feed HTTP/1.0" 200 4779 "-" "ReadKit/2.4.3 (Mac OS X Version 10.15.1 (Build 19B88))"
137.74.38.160 - - [03/Dec/2019:03:47:29 +0800] "GET /feed/ HTTP/1.0" 301 - "-" "Tiny Tiny RSS/19.8 (f609065) (http://tt-rss.org/)"
137.74.38.160 - - [03/Dec/2019:03:47:30 +0800] "GET /feed HTTP/1.0" 200 4779 "-" "Tiny Tiny RSS/19.8 (f609065) (http://tt-rss.org/)"
54.36.150.101 - - [03/Dec/2019:03:48:07 +0800] "GET /wp-content/uploads/2011/10/12.png HTTP/1.0" 200 83860 "-" "Mozilla/5.0 (compatible; AhrefsBot/6.1; +http://ahrefs.com/robot/)"
66.102.6.213 - - [03/Dec/2019:03:48:35 +0800] "GET /favicon.ico HTTP/1.1" 200 0 "-" "Mozilla/5.0 (X11; Linux x86_64) AppleWebKit/537.36 (KHTML, like Gecko) Chrome/49.0.2623.75 Safari/537.36 Google Favicon"
117.78.31.247 - - [03/Dec/2019:03:49:40 +0800] "GET /2012/06/08/python%E6%93%8D%E4%BD%9Cmysql%E5%AE%9E%E4%BE%8B%E4%BB%A3%E7%A0... HTTP/1.0" 301 - "-" "Mozilla/5.0 (Windows NT 6.1; Win64; x64) AppleWebKit/537.36 (KHTML, like Gecko) Chrome/61.0.3163.100 Safari/537.36"
117.78.31.247 - - [03/Dec/2019:03:49:40 +0800] "GET /2012/06/08/mysql-python-windows%E4%B8%8Bexe%E5%AE%89%E8%A3%85%E6%96%87%E4%BB%B6%E4%B8%8B%E8%BD%BD/ HTTP/1.0" 301 - "-" "Mozilla/5.0 (Windows NT 6.1; Win64; x64) AppleWebKit/537.36 (KHTML, like Gecko) Chrome/61.0.3163.100 Safari/537.36"
92.38.129.153 - - [03/Dec/2019:03:50:24 +0800] "GET /feed/ HTTP/1.0" 301 - "-" "Tiny Tiny RSS/19.02 (http://tt-rss.org/)"
92.38.129.153 - - [03/Dec/2019:03:50:24 +0800] "GET /feed HTTP/1.0" 200 4779 "-" "Tiny Tiny RSS/19.02 (http://tt-rss.org/)"
13.66.139.0 - - [03/Dec/2019:03:50:28 +0800] "GET /1094.html HTTP/1.0" 200 12855 "-" "Mozilla/5.0 (compatible; bingbot/2.0; +http://www.bing.com/bingbot.htm)"
40.77.167.157 - - [03/Dec/2019:03:50:32 +0800] "GET /wp-content/uploads/ftp_img/8e3011d4e056_A172/image_17.png HTTP/1.0" 200 313572 "-" "Mozilla/5.0 (compatible; bingbot/2.0; +http://www.bing.com/bingbot.htm)"
216.244.66.230 - - [03/Dec/2019:03:50:39 +0800] "GET /2469.html HTTP/1.0" 200 43562 "-" "Mozilla/5.0 (compatible; DotBot/1.1; http://www.opensiteexplorer.org/dotbot, help@moz.com)"
123.125.71.27 - - [03/Dec/2019:03:51:37 +0800] "GET /1470.html?bsvahs=f8tta2 HTTP/1.1" 444 0 "-" "Mozilla/5.0 (compatible; Baiduspider/2.0; +http://www.baidu.com/search/spider.html)"
54.36.150.18 - - [03/Dec/2019:03:53:05 +0800] "GET /tag/tensorflow HTTP/1.0" 200 9362 "-" "Mozilla/5.0 (compatible; AhrefsBot/6.1; +http://ahrefs.com/robot/)"
180.163.220.4 - - [03/Dec/2019:03:54:26 +0800] "GET /1197.html HTTP/1.0" 200 13289 "http://baidu.com/" "Mozilla/5.0 (Windows NT 6.1) AppleWebKit/537.36 (KHTML, like Gecko) baidu.sogo.uc.Chrome/36.0.1985.125 Safari/537.36"
180.163.220.4 - - [03/Dec/2019:03:54:36 +0800] "GET /wp-includes/css/dist/block-library/style.min.css HTTP/1.0" 200 6163 "http://www.crazyant.net/1197.html" "Mozilla/5.0 (Windows NT 6.1) AppleWebKit/537.36 (KHTML, like Gecko) baidu.sogo.uc.Chrome/36.0.1985.125 Safari/537.36"
180.163.220.5 - - [03/Dec/2019:03:54:40 +0800] "GET /wp-includes/css/dist/block-library/theme.min.css HTTP/1.0" 200 639 "http://www.crazyant.net/1197.html" "Mozilla/5.0 (Windows NT 6.1) AppleWebKit/537.36 (KHTML, like Gecko) baidu.sogo.uc.Chrome/36.0.1985.125 Safari/537.36"
180.163.220.68 - - [03/Dec/2019:03:54:40 +0800] "GET /wp-content/plugins/bibblio-related-posts/public/css/bibblio_related_posts.min.css HTTP/1.0" 200 42 "http://www.crazyant.net/1197.html" "Mozilla/5.0 (Windows NT 6.1) AppleWebKit/537.36 (KHTML, like Gecko) baidu.sogo.uc.Chrome/36.0.1985.125 Safari/537.36"
180.163.220.5 - - [03/Dec/2019:03:54:40 +0800] "GET /wp-content/plugins/table-of-contents-plus/screen.min.css HTTP/1.0" 200 456 "http://www.crazyant.net/1197.html" "Mozilla/5.0 (Windows NT 6.1) AppleWebKit/537.36 (KHTML, like Gecko) baidu.sogo.uc.Chrome/36.0.1985.125 Safari/537.36"
180.163.220.68 - - [03/Dec/2019:03:54:40 +0800] "GET /wp-content/plugins/cardoza-3d-tag-cloud//public/css/my-style.min.css HTTP/1.0" 200 218 "http://www.crazyant.net/1197.html" "Mozilla/5.0 (Windows NT 6.1) AppleWebKit/537.36 (KHTML, like Gecko) baidu.sogo.uc.Chrome/36.0.1985.125 Safari/537.36"
180.163.220.5 - - [03/Dec/2019:03:54:41 +0800] "GET /wp-content/plugins/wordpress-popular-posts/assets/css/wordpress-popular-posts-css.min.css HTTP/1.0" 200 229 "http://www.crazyant.net/1197.html" "Mozilla/5.0 (Windows NT 6.1) AppleWebKit/537.36 (KHTML, like Gecko) baidu.sogo.uc.Chrome/36.0.1985.125 Safari/537.36"
180.163.220.4 - - [03/Dec/2019:03:54:41 +0800] "GET /wp-content/themes/twentyfifteen/genericons/genericons.min.css HTTP/1.0" 200 16232 "http://www.crazyant.net/1197.html" "Mozilla/5.0 (Windows NT 6.1) AppleWebKit/537.36 (KHTML, like Gecko) baidu.sogo.uc.Chrome/36.0.1985.125 Safari/537.36"
180.163.220.5 - - [03/Dec/2019:03:54:43 +0800] "GET /wp-content/themes/twentyfifteen/twentyfifteen-style.min.css HTTP/1.0" 200 11037 "http://www.crazyant.net/1197.html" "Mozilla/5.0 (Windows NT 6.1) AppleWebKit/537.36 (KHTML, like Gecko) baidu.sogo.uc.Chrome/36.0.1985.125 Safari/537.36"
180.163.220.68 - - [03/Dec/2019:03:54:44 +0800] "GET /wp-content/themes/twentyfifteen/css/twentyfifteen-block-style.min.css HTTP/1.0" 200 1596 "http://www.crazyant.net/1197.html" "Mozilla/5.0 (Windows NT 6.1) AppleWebKit/537.36 (KHTML, like Gecko) baidu.sogo.uc.Chrome/36.0.1985.125 Safari/537.36"
180.163.220.68 - - [03/Dec/2019:03:54:44 +0800] "GET /wp-content/plugins/easy-fancybox/css/jquery.fancybox.min.css HTTP/1.0" 200 1111 "http://www.crazyant.net/1197.html" "Mozilla/5.0 (Windows NT 6.1) AppleWebKit/537.36 (KHTML, like Gecko) baidu.sogo.uc.Chrome/36.0.1985.125 Safari/537.36"
180.163.220.5 - - [03/Dec/2019:03:54:44 +0800] "GET /wp-includes/js/jquery/jquery.js HTTP/1.0" 200 33776 "http://www.crazyant.net/1197.html" "Mozilla/5.0 (Windows NT 6.1) AppleWebKit/537.36 (KHTML, like Gecko) baidu.sogo.uc.Chrome/36.0.1985.125 Safari/537.36"
180.163.220.5 - - [03/Dec/2019:03:54:45 +0800] "GET /wp-includes/js/jquery/jquery-migrate.min.js HTTP/1.0" 200 4014 "http://www.crazyant.net/1197.html" "Mozilla/5.0 (Windows NT 6.1) AppleWebKit/537.36 (KHTML, like Gecko) baidu.sogo.uc.Chrome/36.0.1985.125 Safari/537.36"
180.163.220.5 - - [03/Dec/2019:03:54:57 +0800] "GET /wp-includes/js/wp-embed.min.js HTTP/1.0" 200 740 "http://www.crazyant.net/1197.html" "Mozilla/5.0 (Windows NT 6.1) AppleWebKit/537.36 (KHTML, like Gecko) baidu.sogo.uc.Chrome/36.0.1985.125 Safari/537.36"
180.163.220.68 - - [03/Dec/2019:03:55:03 +0800] "GET /wp-content/plugins/table-of-contents-plus/front.min.js HTTP/1.0" 200 2349 "http://www.crazyant.net/1197.html" "Mozilla/5.0 (Windows NT 6.1) AppleWebKit/537.36 (KHTML, like Gecko) baidu.sogo.uc.Chrome/36.0.1985.125 Safari/537.36"
180.163.220.5 - - [03/Dec/2019:03:55:03 +0800] "GET /wp-content/plugins/cardoza-3d-tag-cloud/jquery.tagcanvas.min.js HTTP/1.0" 200 8629 "http://www.crazyant.net/1197.html" "Mozilla/5.0 (Windows NT 6.1) AppleWebKit/537.36 (KHTML, like Gecko) baidu.sogo.uc.Chrome/36.0.1985.125 Safari/537.36"
180.163.220.68 - - [03/Dec/2019:03:55:03 +0800] "GET /wp-content/uploads/2019/08/%E5%B0%8F%E5%9B%BE.jpg HTTP/1.0" 200 5582 "http://www.crazyant.net/1197.html" "Mozilla/5.0 (Windows NT 6.1) AppleWebKit/537.36 (KHTML, like Gecko) baidu.sogo.uc.Chrome/36.0.1985.125 Safari/537.36"
180.163.220.5 - - [03/Dec/2019:03:55:03 +0800] "GET /wp-content/uploads/siteground-optimizer-assets/bibblio_related_posts.min.js HTTP/1.0" 200 37 "http://www.crazyant.net/1197.html" "Mozilla/5.0 (Windows NT 6.1) AppleWebKit/537.36 (KHTML, like Gecko) baidu.sogo.uc.Chrome/36.0.1985.125 Safari/537.36"
180.163.220.5 - - [03/Dec/2019:03:55:03 +0800] "GET /wp-content/plugins/wordpress-popular-posts/assets/js/wpp-5.0.0.min.js HTTP/1.0" 200 744 "http://www.crazyant.net/1197.html" "Mozilla/5.0 (Windows NT 6.1) AppleWebKit/537.36 (KHTML, like Gecko) baidu.sogo.uc.Chrome/36.0.1985.125 Safari/537.36"
18.212.156.118 - - [03/Dec/2019:03:55:17 +0800] "GET /category/no-category/feed HTTP/1.0" 200 2699 "https://www.google.com/" "Mozilla/5.0 (compatible; MSIE 10.0; Windows NT 6.1; WOW64; Trident/6.0)"
66.249.75.149 - - [03/Dec/2019:03:57:12 +0800] "GET /2525.html HTTP/1.0" 200 12650 "-" "Mozilla/5.0 (Linux; Android 6.0.1; Nexus 5X Build/MMB29P) AppleWebKit/537.36 (KHTML, like Gecko) Chrome/41.0.2272.96 Mobile Safari/537.36 (compatible; Googlebot/2.1; +http://www.google.com/bot.html)"
222.129.43.14 - - [03/Dec/2019:04:01:04 +0800] "GET /feed HTTP/1.0" 200 4779 "-" "ReadKit/2.4.3 (Mac OS X Version 10.15.1 (Build 19B88))"
146.66.92.61 - - [03/Dec/2019:04:06:41 +0800] "POST /wp-cron.php?doing_wp_cron=1575317201.4137120246887207031250 HTTP/1.0" 200 - "http://www.crazyant.net/wp-cron.php?doing_wp_cron=1575317201.4137120246887207031250" "WordPress/5.3; http://www.crazyant.net"
92.38.129.153 - - [03/Dec/2019:04:06:41 +0800] "GET /feed/ HTTP/1.0" 301 - "-" "Tiny Tiny RSS/19.02 (http://tt-rss.org/)"
92.38.129.153 - - [03/Dec/2019:04:06:41 +0800] "GET /feed HTTP/1.0" 200 4779 "-" "Tiny Tiny RSS/19.02 (http://tt-rss.org/)"
66.249.75.153 - - [03/Dec/2019:04:06:43 +0800] "GET /1372.html HTTP/1.0" 200 10840 "-" "Mozilla/5.0 (compatible; Googlebot/2.1; +http://www.google.com/bot.html)"
66.249.75.149 - - [03/Dec/2019:04:06:44 +0800] "GET /author/peishuai1987/ HTTP/1.0" 301 - "-" "Mozilla/5.0 (Linux; Android 6.0.1; Nexus 5X Build/MMB29P) AppleWebKit/537.36 (KHTML, like Gecko) Chrome/41.0.2272.96 Mobile Safari/537.36 (compatible; Googlebot/2.1; +http://www.google.com/bot.html)"
66.249.75.151 - - [03/Dec/2019:04:06:48 +0800] "POST /wp-json/wordpress-popular-posts/v1/popular-posts HTTP/1.0" 201 55 "http://www.crazyant.net/1372.html" "Mozilla/5.0 AppleWebKit/537.36 (KHTML, like Gecko; compatible; Googlebot/2.1; +http://www.google.com/bot.html) Safari/537.36"
66.249.75.149 - - [03/Dec/2019:04:06:49 +0800] "GET /author/peishuai1987 HTTP/1.0" 200 10499 "-" "Mozilla/5.0 (Linux; Android 6.0.1; Nexus 5X Build/MMB29P) AppleWebKit/537.36 (KHTML, like Gecko) Chrome/41.0.2272.96 Mobile Safari/537.36 (compatible; Googlebot/2.1; +http://www.google.com/bot.html)"
141.8.132.24 - - [03/Dec/2019:04:07:09 +0800] "GET /robots.txt HTTP/1.0" 200 66 "-" "Mozilla/5.0 (compatible; YandexBot/3.0; +http://yandex.com/bots)"
141.8.132.24 - - [03/Dec/2019:04:07:12 +0800] "GET /tag/%E4%B8%AA%E6%80%A7%E5%8C%96%E6%8E%A8%E8%8D%90 HTTP/1.0" 200 8602 "-" "Mozilla/5.0 (compatible; YandexBot/3.0; +http://yandex.com/bots)"
54.36.148.155 - - [03/Dec/2019:04:07:21 +0800] "GET /2583.html HTTP/1.0" 200 12270 "-" "Mozilla/5.0 (compatible; AhrefsBot/6.1; +http://ahrefs.com/robot/)"
52.203.84.190 - - [03/Dec/2019:04:07:36 +0800] "GET /category/python/feed HTTP/1.0" 200 5399 "https://www.google.com/" "Mozilla/5.0 (Windows NT 10.0; WOW64) AppleWebKit/537.36 (KHTML, like Gecko) Chrome/54.0.2840.99 Safari/537.36"
42.120.161.19 - - [03/Dec/2019:04:08:22 +0800] "GET /page/47?joxqfo=rrhsa3&kanwvo=2i9tx3&poturk=bkjuq3&wsxsfq=2gagn3 HTTP/1.0" 404 35012 "-" "Mozilla/5.0 (Windows NT 6.1; Win64; x64) AppleWebKit/537.36 (KHTML, like Gecko) Chrome/69.0.3497.81 YisouSpider/5.0 Safari/537.36"
193.106.30.99 - - [03/Dec/2019:04:08:46 +0800] "GET /wp-feed.php HTTP/1.0" 301 - "-" "Mozilla/5.0 (Windows NT 6.1; Win64; x64) AppleWebKit/537.36 (KHTML, like Gecko) Chrome/73.0.3683.103 Safari/537.36"
193.106.30.99 - - [03/Dec/2019:04:08:47 +0800] "GET /feed HTTP/1.0" 200 4779 "-" "Mozilla/5.0 (Windows NT 6.1; Win64; x64) AppleWebKit/537.36 (KHTML, like Gecko) Chrome/73.0.3683.103 Safari/537.36"
220.181.108.100 - - [03/Dec/2019:04:12:40 +0800] "GET /2012/07/20/django1-4%E8%AE%BE%E7%BD%AE%E6%A8%A1%E6%9D%BF%E8%B7%AF%E5%BE%84%E5%92%8Ccssjsimage%E7%AD%89%E8%B7%AF%E5%BE%84%E7%9A%84%E6%96%B9%E6%B3%95/ HTTP/1.1" 444 0 "-" "Mozilla/5.0 (compatible; Baiduspider/2.0; +http://www.baidu.com/search/spider.html)"
106.11.152.246 - - [03/Dec/2019:04:13:01 +0800] "GET /?s=%E3%80%90%E2%94%83%E7%BB%99%E5%8A%9B2%E2%92%8F7%E2%92%8F01705[%EF%BC%B1%E3%80%91%E3%80%91%E5%8D%8E%E5%AE%87%E6%97%B6%E6%97%B6%E5%BD%A9%E5%B9%B3%E5%8F%B0%E8%BE%85%E5%8A%A9 HTTP/1.0" 200 8378 "-" "YisouSpider"
146.66.92.61 - - [03/Dec/2019:04:13:02 +0800] "POST /wp-cron.php?doing_wp_cron=1575317582.1294860839843750000000 HTTP/1.0" 200 - "http://www.crazyant.net/wp-cron.php?doing_wp_cron=1575317582.1294860839843750000000" "WordPress/5.3; http://www.crazyant.net"
106.11.158.235 - - [03/Dec/2019:04:13:09 +0800] "GET /%E7%95%99%E8%A8%80%E5%B0%8F%E6%9C%AC?replytocom=10431 HTTP/1.0" 200 18611 "-" "YisouSpider"
54.36.150.157 - - [03/Dec/2019:04:14:44 +0800] "GET /2523.html HTTP/1.0" 200 11895 "-" "Mozilla/5.0 (compatible; AhrefsBot/6.1; +http://ahrefs.com/robot/)"
222.129.43.14 - - [03/Dec/2019:04:15:04 +0800] "GET /feed HTTP/1.0" 200 4779 "-" "ReadKit/2.4.3 (Mac OS X Version 10.15.1 (Build 19B88))"
54.36.149.19 - - [03/Dec/2019:04:16:26 +0800] "GET /245.html HTTP/1.0" 200 11562 "-" "Mozilla/5.0 (compatible; AhrefsBot/6.1; +http://ahrefs.com/robot/)"
66.249.75.153 - - [03/Dec/2019:04:16:59 +0800] "GET /515.html HTTP/1.0" 200 16303 "-" "Mozilla/5.0 (compatible; Googlebot/2.1; +http://www.google.com/bot.html)"
66.249.75.149 - - [03/Dec/2019:04:17:01 +0800] "GET /1409.html HTTP/1.0" 200 12816 "-" "Mozilla/5.0 (Linux; Android 6.0.1; Nexus 5X Build/MMB29P) AppleWebKit/537.36 (KHTML, like Gecko) Chrome/41.0.2272.96 Mobile Safari/537.36 (compatible; Googlebot/2.1; +http://www.google.com/bot.html)"
66.249.75.151 - - [03/Dec/2019:04:17:06 +0800] "POST /wp-json/wordpress-popular-posts/v1/popular-posts HTTP/1.0" 201 55 "http://www.crazyant.net/1409.html" "Mozilla/5.0 (Linux; Android 6.0.1; Nexus 5X Build/MMB29P) AppleWebKit/537.36 (KHTML, like Gecko) Chrome/41.0.2272.96 Mobile Safari/537.36 (compatible; Googlebot/2.1; +http://www.google.com/bot.html)"
66.249.75.149 - - [03/Dec/2019:04:17:11 +0800] "POST /wp-json/wordpress-popular-posts/v1/popular-posts HTTP/1.0" 201 55 "http://www.crazyant.net/515.html" "Mozilla/5.0 AppleWebKit/537.36 (KHTML, like Gecko; compatible; Googlebot/2.1; +http://www.google.com/bot.html) Safari/537.36"
137.74.38.160 - - [03/Dec/2019:04:17:37 +0800] "GET /feed/ HTTP/1.0" 301 - "-" "Tiny Tiny RSS/19.8 (f609065) (http://tt-rss.org/)"
137.74.38.160 - - [03/Dec/2019:04:17:38 +0800] "GET /feed HTTP/1.0" 200 4779 "-" "Tiny Tiny RSS/19.8 (f609065) (http://tt-rss.org/)"
66.249.75.149 - - [03/Dec/2019:04:19:51 +0800] "GET /wp-content/uploads/2016/12/pattern_iterator_java_interface.png HTTP/1.0" 200 44251 "-" "Googlebot-Image/1.0"
92.38.129.153 - - [03/Dec/2019:04:22:56 +0800] "GET /feed/ HTTP/1.0" 301 - "-" "Tiny Tiny RSS/19.02 (http://tt-rss.org/)"
92.38.129.153 - - [03/Dec/2019:04:22:56 +0800] "GET /feed HTTP/1.0" 200 4779 "-" "Tiny Tiny RSS/19.02 (http://tt-rss.org/)"
54.36.148.59 - - [03/Dec/2019:04:23:20 +0800] "GET /my_book_list HTTP/1.0" 200 16483 "-" "Mozilla/5.0 (compatible; AhrefsBot/6.1; +http://ahrefs.com/robot/)"
66.249.75.149 - - [03/Dec/2019:04:23:30 +0800] "GET /wp-content/uploads/2016/12/mybatis_decorators_cache.jpg HTTP/1.0" 200 31784 "-" "Googlebot-Image/1.0"
101.201.39.58 - - [03/Dec/2019:04:23:44 +0800] "GET /feed/ HTTP/1.0" 301 - "-" "Mozilla/5.0 (Ubuntu; X11; Linux x86_64; rv:8.0) Gecko/20100101 Firefox/8.0"
101.201.39.58 - - [03/Dec/2019:04:23:45 +0800] "GET /feed HTTP/1.0" 200 28674 "-" "Mozilla/5.0 (Ubuntu; X11; Linux x86_64; rv:8.0) Gecko/20100101 Firefox/8.0"
106.11.156.234 - - [03/Dec/2019:04:24:53 +0800] "GET /1066.html?replytocom=10559&wptouch_switch=desktop HTTP/1.0" 200 14579 "-" "YisouSpider"
54.36.148.199 - - [03/Dec/2019:04:25:39 +0800] "GET /2591.html HTTP/1.0" 200 11836 "-" "Mozilla/5.0 (compatible; AhrefsBot/6.1; +http://ahrefs.com/robot/)"
144.121.78.107 - - [03/Dec/2019:04:27:11 +0800] "GET /686.html HTTP/1.0" 200 17042 "https://www.google.com/" "Mozilla/5.0 (Windows NT 10.0; Win64; x64) AppleWebKit/537.36 (KHTML, like Gecko) Chrome/78.0.3904.108 Safari/537.36"
144.121.78.107 - - [03/Dec/2019:04:27:11 +0800] "GET /wp-includes/css/dist/block-library/style.min.css HTTP/1.0" 200 6163 "http://www.crazyant.net/686.html" "Mozilla/5.0 (Windows NT 10.0; Win64; x64) AppleWebKit/537.36 (KHTML, like Gecko) Chrome/78.0.3904.108 Safari/537.36"
144.121.78.107 - - [03/Dec/2019:04:27:11 +0800] "GET /wp-includes/css/dist/block-library/theme.min.css HTTP/1.0" 200 639 "http://www.crazyant.net/686.html" "Mozilla/5.0 (Windows NT 10.0; Win64; x64) AppleWebKit/537.36 (KHTML, like Gecko) Chrome/78.0.3904.108 Safari/537.36"
144.121.78.107 - - [03/Dec/2019:04:27:12 +0800] "GET /wp-content/plugins/bibblio-related-posts/public/css/bibblio_related_posts.min.css HTTP/1.0" 200 42 "http://www.crazyant.net/686.html" "Mozilla/5.0 (Windows NT 10.0; Win64; x64) AppleWebKit/537.36 (KHTML, like Gecko) Chrome/78.0.3904.108 Safari/537.36"
144.121.78.107 - - [03/Dec/2019:04:27:12 +0800] "GET /wp-content/plugins/cardoza-3d-tag-cloud//public/css/my-style.min.css HTTP/1.0" 200 218 "http://www.crazyant.net/686.html" "Mozilla/5.0 (Windows NT 10.0; Win64; x64) AppleWebKit/537.36 (KHTML, like Gecko) Chrome/78.0.3904.108 Safari/537.36"
144.121.78.107 - - [03/Dec/2019:04:27:12 +0800] "GET /wp-content/plugins/table-of-contents-plus/screen.min.css HTTP/1.0" 200 456 "http://www.crazyant.net/686.html" "Mozilla/5.0 (Windows NT 10.0; Win64; x64) AppleWebKit/537.36 (KHTML, like Gecko) Chrome/78.0.3904.108 Safari/537.36"
144.121.78.107 - - [03/Dec/2019:04:27:12 +0800] "GET /wp-content/plugins/wordpress-popular-posts/assets/css/wordpress-popular-posts-css.min.css HTTP/1.0" 200 229 "http://www.crazyant.net/686.html" "Mozilla/5.0 (Windows NT 10.0; Win64; x64) AppleWebKit/537.36 (KHTML, like Gecko) Chrome/78.0.3904.108 Safari/537.36"
144.121.78.107 - - [03/Dec/2019:04:27:12 +0800] "GET /wp-content/themes/twentyfifteen/twentyfifteen-style.min.css HTTP/1.0" 200 11037 "http://www.crazyant.net/686.html" "Mozilla/5.0 (Windows NT 10.0; Win64; x64) AppleWebKit/537.36 (KHTML, like Gecko) Chrome/78.0.3904.108 Safari/537.36"
144.121.78.107 - - [03/Dec/2019:04:27:12 +0800] "GET /wp-content/themes/twentyfifteen/genericons/genericons.min.css HTTP/1.0" 200 16232 "http://www.crazyant.net/686.html" "Mozilla/5.0 (Windows NT 10.0; Win64; x64) AppleWebKit/537.36 (KHTML, like Gecko) Chrome/78.0.3904.108 Safari/537.36"
144.121.78.107 - - [03/Dec/2019:04:27:12 +0800] "GET /wp-content/themes/twentyfifteen/css/twentyfifteen-block-style.min.css HTTP/1.0" 200 1596 "http://www.crazyant.net/686.html" "Mozilla/5.0 (Windows NT 10.0; Win64; x64) AppleWebKit/537.36 (KHTML, like Gecko) Chrome/78.0.3904.108 Safari/537.36"
144.121.78.107 - - [03/Dec/2019:04:27:12 +0800] "GET /wp-content/plugins/easy-fancybox/css/jquery.fancybox.min.css HTTP/1.0" 200 1111 "http://www.crazyant.net/686.html" "Mozilla/5.0 (Windows NT 10.0; Win64; x64) AppleWebKit/537.36 (KHTML, like Gecko) Chrome/78.0.3904.108 Safari/537.36"
144.121.78.107 - - [03/Dec/2019:04:27:12 +0800] "GET /wp-includes/js/jquery/jquery.js HTTP/1.0" 200 33776 "http://www.crazyant.net/686.html" "Mozilla/5.0 (Windows NT 10.0; Win64; x64) AppleWebKit/537.36 (KHTML, like Gecko) Chrome/78.0.3904.108 Safari/537.36"
