123.120.22.78 - - [06/Dec/2019:23:33:12 +0800] "POST /wp-json/wordpress-popular-posts/v1/popular-posts HTTP/1.0" 201 55 "http://www.crazyant.net/1470.html" "Mozilla/5.0 (Macintosh; Intel Mac OS X 10_14_6) AppleWebKit/537.36 (KHTML, like Gecko) Chrome/78.0.3904.108 Safari/537.36"
123.120.22.78 - - [06/Dec/2019:23:33:22 +0800] "GET /favicon.ico HTTP/1.1" 200 0 "http://www.crazyant.net/1470.html" "Mozilla/5.0 (Macintosh; Intel Mac OS X 10_14_6) AppleWebKit/537.36 (KHTML, like Gecko) Chrome/78.0.3904.108 Safari/537.36"
54.36.150.28 - - [06/Dec/2019:23:33:38 +0800] "GET /tag/%E6%95%B0%E6%8D%AE%E6%8A%93%E5%8F%96 HTTP/1.0" 200 8184 "-" "Mozilla/5.0 (compatible; AhrefsBot/6.1; +http://ahrefs.com/robot/)"
47.96.97.24 - - [06/Dec/2019:23:33:44 +0800] "GET /2561.html HTTP/1.0" 200 10494 "-" "Bot/Nutch-1.16"
220.181.108.117 - - [06/Dec/2019:23:34:08 +0800] "GET /2261.html?oshclq=uj2xu1 HTTP/1.1" 444 0 "-" "Mozilla/5.0 (compatible; Baiduspider/2.0; +http://www.baidu.com/search/spider.html)"
91.242.162.83 - - [06/Dec/2019:23:34:37 +0800] "GET /2546.html HTTP/1.0" 200 11298 "-" "Mozilla/5.0 (compatible; Qwantify/2.4w; +https://www.qwant.com/)/2.4w"
47.96.97.24 - - [06/Dec/2019:23:34:42 +0800] "GET /2583.html/feed HTTP/1.0" 200 490 "-" "Bot/Nutch-1.16"
142.112.104.241 - - [06/Dec/2019:23:34:44 +0800] "GET / HTTP/1.0" 301 - "-" "Mozilla/5.0 (X11; Ubuntu; Linux x86_64; rv:70.0) Gecko/20100101 Firefox/70.0"
47.96.97.24 - - [06/Dec/2019:23:35:03 +0800] "GET /meditation-resource HTTP/1.0" 200 12465 "-" "Bot/Nutch-1.16"
54.36.148.170 - - [06/Dec/2019:23:35:34 +0800] "GET /tag/python/page/2 HTTP/1.0" 200 10634 "-" "Mozilla/5.0 (compatible; AhrefsBot/6.1; +http://ahrefs.com/robot/)"
202.79.169.142 - - [06/Dec/2019:23:35:36 +0800] "HEAD /www.crazyant.net.rar HTTP/1.0" 404 - "-" "Mozilla/4.0 (compatible; MSIE 8.0; Windows NT 6.1; Trident/4.0)"
202.79.169.142 - - [06/Dec/2019:23:35:37 +0800] "HEAD /www.crazyant.net.zip HTTP/1.0" 404 - "-" "Mozilla/4.0 (compatible; MSIE 8.0; Windows NT 6.1; Trident/4.0)"
202.79.169.142 - - [06/Dec/2019:23:35:37 +0800] "HEAD /www.crazyant.net.tar.gz HTTP/1.0" 404 - "-" "Mozilla/4.0 (compatible; MSIE 8.0; Windows NT 6.1; Trident/4.0)"
202.79.169.142 - - [06/Dec/2019:23:35:38 +0800] "HEAD /www_crazyant_net.rar HTTP/1.0" 404 - "-" "Mozilla/4.0 (compatible; MSIE 8.0; Windows NT 6.1; Trident/4.0)"
202.79.169.142 - - [06/Dec/2019:23:35:39 +0800] "HEAD /www_crazyant_net.zip HTTP/1.0" 404 - "-" "Mozilla/4.0 (compatible; MSIE 8.0; Windows NT 6.1; Trident/4.0)"
66.249.79.29 - - [06/Dec/2019:23:35:39 +0800] "GET /tag/apache HTTP/1.0" 200 8920 "-" "Mozilla/5.0 (Linux; Android 6.0.1; Nexus 5X Build/MMB29P) AppleWebKit/537.36 (KHTML, like Gecko) Chrome/41.0.2272.96 Mobile Safari/537.36 (compatible; Googlebot/2.1; +http://www.google.com/bot.html)"
202.79.169.142 - - [06/Dec/2019:23:35:39 +0800] "HEAD /www_crazyant_net.tar.gz HTTP/1.0" 404 - "-" "Mozilla/4.0 (compatible; MSIE 8.0; Windows NT 6.1; Trident/4.0)"
202.79.169.142 - - [06/Dec/2019:23:35:40 +0800] "HEAD /wwwcrazyantnet.rar HTTP/1.0" 404 - "-" "Mozilla/4.0 (compatible; MSIE 8.0; Windows NT 6.1; Trident/4.0)"
202.79.169.142 - - [06/Dec/2019:23:35:40 +0800] "HEAD /wwwcrazyantnet.zip HTTP/1.0" 404 - "-" "Mozilla/4.0 (compatible; MSIE 8.0; Windows NT 6.1; Trident/4.0)"
202.79.169.142 - - [06/Dec/2019:23:35:42 +0800] "HEAD /wwwcrazyantnet.tar.gz HTTP/1.0" 404 - "-" "Mozilla/4.0 (compatible; MSIE 8.0; Windows NT 6.1; Trident/4.0)"
202.79.169.142 - - [06/Dec/2019:23:35:42 +0800] "HEAD /wwwcrazyantnet1.rar HTTP/1.0" 404 - "-" "Mozilla/4.0 (compatible; MSIE 8.0; Windows NT 6.1; Trident/4.0)"
202.79.169.142 - - [06/Dec/2019:23:35:44 +0800] "HEAD /wwwcrazyantnet1.zip HTTP/1.0" 404 - "-" "Mozilla/4.0 (compatible; MSIE 8.0; Windows NT 6.1; Trident/4.0)"
202.79.169.142 - - [06/Dec/2019:23:35:44 +0800] "HEAD /wwwcrazyantnet1.tar.gz HTTP/1.0" 404 - "-" "Mozilla/4.0 (compatible; MSIE 8.0; Windows NT 6.1; Trident/4.0)"
202.79.169.142 - - [06/Dec/2019:23:35:45 +0800] "HEAD /crazyant.net.rar HTTP/1.0" 404 - "-" "Mozilla/4.0 (compatible; MSIE 8.0; Windows NT 6.1; Trident/4.0)"
202.79.169.142 - - [06/Dec/2019:23:35:45 +0800] "HEAD /crazyant.net.zip HTTP/1.0" 404 - "-" "Mozilla/4.0 (compatible; MSIE 8.0; Windows NT 6.1; Trident/4.0)"
202.79.169.142 - - [06/Dec/2019:23:35:46 +0800] "HEAD /crazyant.net.tar.gz HTTP/1.0" 404 - "-" "Mozilla/4.0 (compatible; MSIE 8.0; Windows NT 6.1; Trident/4.0)"
202.79.169.142 - - [06/Dec/2019:23:35:47 +0800] "HEAD /crazyant.rar HTTP/1.0" 404 - "-" "Mozilla/4.0 (compatible; MSIE 8.0; Windows NT 6.1; Trident/4.0)"
202.79.169.142 - - [06/Dec/2019:23:35:47 +0800] "HEAD /crazyant.zip HTTP/1.0" 404 - "-" "Mozilla/4.0 (compatible; MSIE 8.0; Windows NT 6.1; Trident/4.0)"
202.79.169.142 - - [06/Dec/2019:23:35:48 +0800] "HEAD /crazyant.tar.gz HTTP/1.0" 404 - "-" "Mozilla/4.0 (compatible; MSIE 8.0; Windows NT 6.1; Trident/4.0)"
202.79.169.142 - - [06/Dec/2019:23:35:48 +0800] "HEAD /crazyant1.rar HTTP/1.0" 404 - "-" "Mozilla/4.0 (compatible; MSIE 8.0; Windows NT 6.1; Trident/4.0)"
202.79.169.142 - - [06/Dec/2019:23:35:49 +0800] "HEAD /crazyant1.zip HTTP/1.0" 404 - "-" "Mozilla/4.0 (compatible; MSIE 8.0; Windows NT 6.1; Trident/4.0)"
202.79.169.142 - - [06/Dec/2019:23:35:50 +0800] "HEAD /crazyant1.tar.gz HTTP/1.0" 404 - "-" "Mozilla/4.0 (compatible; MSIE 8.0; Windows NT 6.1; Trident/4.0)"
54.36.148.177 - - [06/Dec/2019:23:35:50 +0800] "GET /1144.html HTTP/1.0" 200 13045 "-" "Mozilla/5.0 (compatible; AhrefsBot/6.1; +http://ahrefs.com/robot/)"
202.79.169.142 - - [06/Dec/2019:23:35:50 +0800] "HEAD /crazyantwww.zip HTTP/1.0" 404 - "-" "Mozilla/4.0 (compatible; MSIE 8.0; Windows NT 6.1; Trident/4.0)"
202.79.169.142 - - [06/Dec/2019:23:35:51 +0800] "HEAD /crazyantwww.rar HTTP/1.0" 404 - "-" "Mozilla/4.0 (compatible; MSIE 8.0; Windows NT 6.1; Trident/4.0)"
202.79.169.142 - - [06/Dec/2019:23:35:51 +0800] "HEAD /crazyantwww.tar.gz HTTP/1.0" 404 - "-" "Mozilla/4.0 (compatible; MSIE 8.0; Windows NT 6.1; Trident/4.0)"
202.79.169.142 - - [06/Dec/2019:23:35:52 +0800] "HEAD /crazyantweb.rar HTTP/1.0" 404 - "-" "Mozilla/4.0 (compatible; MSIE 8.0; Windows NT 6.1; Trident/4.0)"
202.79.169.142 - - [06/Dec/2019:23:35:53 +0800] "HEAD /crazyantweb.zip HTTP/1.0" 404 - "-" "Mozilla/4.0 (compatible; MSIE 8.0; Windows NT 6.1; Trident/4.0)"
202.79.169.142 - - [06/Dec/2019:23:35:53 +0800] "HEAD /crazyantweb.tar.gz HTTP/1.0" 404 - "-" "Mozilla/4.0 (compatible; MSIE 8.0; Windows NT 6.1; Trident/4.0)"
202.79.169.142 - - [06/Dec/2019:23:35:54 +0800] "HEAD /crazyantwwwroot.zip HTTP/1.0" 404 - "-" "Mozilla/4.0 (compatible; MSIE 8.0; Windows NT 6.1; Trident/4.0)"
202.79.169.142 - - [06/Dec/2019:23:35:54 +0800] "HEAD /crazyantwwwroot.rar HTTP/1.0" 404 - "-" "Mozilla/4.0 (compatible; MSIE 8.0; Windows NT 6.1; Trident/4.0)"
202.79.169.142 - - [06/Dec/2019:23:35:55 +0800] "HEAD /crazyantwwwroot.tar.gz HTTP/1.0" 404 - "-" "Mozilla/4.0 (compatible; MSIE 8.0; Windows NT 6.1; Trident/4.0)"
202.79.169.142 - - [06/Dec/2019:23:35:56 +0800] "HEAD /www.rar HTTP/1.0" 404 - "-" "Mozilla/4.0 (compatible; MSIE 8.0; Windows NT 6.1; Trident/4.0)"
202.79.169.142 - - [06/Dec/2019:23:35:56 +0800] "HEAD /www.zip HTTP/1.0" 404 - "-" "Mozilla/4.0 (compatible; MSIE 8.0; Windows NT 6.1; Trident/4.0)"
202.79.169.142 - - [06/Dec/2019:23:35:57 +0800] "HEAD /www.tar.gz HTTP/1.0" 404 - "-" "Mozilla/4.0 (compatible; MSIE 8.0; Windows NT 6.1; Trident/4.0)"
202.79.169.142 - - [06/Dec/2019:23:35:58 +0800] "HEAD /web.rar HTTP/1.0" 404 - "-" "Mozilla/4.0 (compatible; MSIE 8.0; Windows NT 6.1; Trident/4.0)"
202.79.169.142 - - [06/Dec/2019:23:35:58 +0800] "HEAD /web.zip HTTP/1.0" 404 - "-" "Mozilla/4.0 (compatible; MSIE 8.0; Windows NT 6.1; Trident/4.0)"
202.79.169.142 - - [06/Dec/2019:23:35:59 +0800] "HEAD /web.tar.gz HTTP/1.0" 404 - "-" "Mozilla/4.0 (compatible; MSIE 8.0; Windows NT 6.1; Trident/4.0)"
202.79.169.142 - - [06/Dec/2019:23:36:00 +0800] "HEAD /www1.zip HTTP/1.0" 404 - "-" "Mozilla/4.0 (compatible; MSIE 8.0; Windows NT 6.1; Trident/4.0)"
202.79.169.142 - - [06/Dec/2019:23:36:00 +0800] "HEAD /www1.rar HTTP/1.0" 404 - "-" "Mozilla/4.0 (compatible; MSIE 8.0; Windows NT 6.1; Trident/4.0)"
66.249.79.29 - - [06/Dec/2019:23:36:00 +0800] "GET /search/%E6%9D%8F%E5%BD%A9%E5%BD%A9%E7%A5%A8%E6%89%8B%E6%9C%BA%E5%9C%B0%E5%9D%80%E3%80%90%E2%94%83%E7%BB%99%E5%8A%9B%EF%BC%9217%E2%92%8B31%5B%EF%BC%B1%E3%80%259/feed/rss2/ HTTP/1.0" 200 622 "-" "Mozilla/5.0 (Linux; Android 6.0.1; Nexus 5X Build/MMB29P) AppleWebKit/537.36 (KHTML, like Gecko) Chrome/41.0.2272.96 Mobile Safari/537.36 (compatible; Googlebot/2.1; +http://www.google.com/bot.html)"
125.120.8.250 - - [06/Dec/2019:23:36:01 +0800] "HEAD / HTTP/1.1" 444 0 "http://www.crazyant.net" "Mozilla/5.0 (compatible; Baiduspider/2.0; +http://www.baidu.com/search/spider.html\x09"
202.79.169.142 - - [06/Dec/2019:23:36:01 +0800] "HEAD /www1.tar.gz HTTP/1.0" 404 - "-" "Mozilla/4.0 (compatible; MSIE 8.0; Windows NT 6.1; Trident/4.0)"
125.120.8.250 - - [06/Dec/2019:23:36:01 +0800] "HEAD / HTTP/1.1" 444 0 "http://www.crazyant.net" "Mozilla/5.0 (compatible; Baiduspider/2.0; +http://www.baidu.com/search/spider.html\x09"
202.79.169.142 - - [06/Dec/2019:23:36:01 +0800] "HEAD /web1.rar HTTP/1.0" 404 - "-" "Mozilla/4.0 (compatible; MSIE 8.0; Windows NT 6.1; Trident/4.0)"
202.79.169.142 - - [06/Dec/2019:23:36:02 +0800] "HEAD /web1.zip HTTP/1.0" 404 - "-" "Mozilla/4.0 (compatible; MSIE 8.0; Windows NT 6.1; Trident/4.0)"
202.79.169.142 - - [06/Dec/2019:23:36:03 +0800] "HEAD /web1.tar.gz HTTP/1.0" 404 - "-" "Mozilla/4.0 (compatible; MSIE 8.0; Windows NT 6.1; Trident/4.0)"
202.79.169.142 - - [06/Dec/2019:23:36:04 +0800] "HEAD /wwwroot1.rar HTTP/1.0" 404 - "-" "Mozilla/4.0 (compatible; MSIE 8.0; Windows NT 6.1; Trident/4.0)"
202.79.169.142 - - [06/Dec/2019:23:36:04 +0800] "HEAD /wwwroot1.zip HTTP/1.0" 404 - "-" "Mozilla/4.0 (compatible; MSIE 8.0; Windows NT 6.1; Trident/4.0)"
202.79.169.142 - - [06/Dec/2019:23:36:05 +0800] "HEAD /wwwroot1.tar.gz HTTP/1.0" 404 - "-" "Mozilla/4.0 (compatible; MSIE 8.0; Windows NT 6.1; Trident/4.0)"
202.79.169.142 - - [06/Dec/2019:23:36:06 +0800] "HEAD /wwwroot.rar HTTP/1.0" 404 - "-" "Mozilla/4.0 (compatible; MSIE 8.0; Windows NT 6.1; Trident/4.0)"
202.79.169.142 - - [06/Dec/2019:23:36:06 +0800] "HEAD /wwwroot.zip HTTP/1.0" 404 - "-" "Mozilla/4.0 (compatible; MSIE 8.0; Windows NT 6.1; Trident/4.0)"
202.79.169.142 - - [06/Dec/2019:23:36:07 +0800] "HEAD /wwwroot.tar.gz HTTP/1.0" 404 - "-" "Mozilla/4.0 (compatible; MSIE 8.0; Windows NT 6.1; Trident/4.0)"
202.79.169.142 - - [06/Dec/2019:23:36:08 +0800] "HEAD /website.rar HTTP/1.0" 404 - "-" "Mozilla/4.0 (compatible; MSIE 8.0; Windows NT 6.1; Trident/4.0)"
202.79.169.142 - - [06/Dec/2019:23:36:08 +0800] "HEAD /website.zip HTTP/1.0" 404 - "-" "Mozilla/4.0 (compatible; MSIE 8.0; Windows NT 6.1; Trident/4.0)"
202.79.169.142 - - [06/Dec/2019:23:36:09 +0800] "HEAD /website.tar.gz HTTP/1.0" 404 - "-" "Mozilla/4.0 (compatible; MSIE 8.0; Windows NT 6.1; Trident/4.0)"
202.79.169.142 - - [06/Dec/2019:23:36:09 +0800] "HEAD /website1.rar HTTP/1.0" 404 - "-" "Mozilla/4.0 (compatible; MSIE 8.0; Windows NT 6.1; Trident/4.0)"
202.79.169.142 - - [06/Dec/2019:23:36:10 +0800] "HEAD /website1.zip HTTP/1.0" 404 - "-" "Mozilla/4.0 (compatible; MSIE 8.0; Windows NT 6.1; Trident/4.0)"
202.79.169.142 - - [06/Dec/2019:23:36:11 +0800] "HEAD /website1.tar.gz HTTP/1.0" 404 - "-" "Mozilla/4.0 (compatible; MSIE 8.0; Windows NT 6.1; Trident/4.0)"
202.79.169.142 - - [06/Dec/2019:23:36:11 +0800] "HEAD /\xd0\xc2\xbd\xa8\xce\xc4\xbc\xfe\xbc\xd0.rar HTTP/1.0" 404 - "-" "Mozilla/4.0 (compatible; MSIE 8.0; Windows NT 6.1; Trident/4.0)"
202.79.169.142 - - [06/Dec/2019:23:36:12 +0800] "HEAD /\xd0\xc2\xbd\xa8\xce\xc4\xbc\xfe\xbc\xd0.zip HTTP/1.0" 404 - "-" "Mozilla/4.0 (compatible; MSIE 8.0; Windows NT 6.1; Trident/4.0)"
202.79.169.142 - - [06/Dec/2019:23:36:13 +0800] "HEAD /\xd0\xc2\xbd\xa8\xce\xc4\xbc\xfe\xbc\xd0.tar.gz HTTP/1.0" 404 - "-" "Mozilla/4.0 (compatible; MSIE 8.0; Windows NT 6.1; Trident/4.0)"
202.79.169.142 - - [06/Dec/2019:23:36:13 +0800] "HEAD /\xb1\xb8\xb7\xdd.rar HTTP/1.0" 404 - "-" "Mozilla/4.0 (compatible; MSIE 8.0; Windows NT 6.1; Trident/4.0)"
202.79.169.142 - - [06/Dec/2019:23:36:14 +0800] "HEAD /\xb1\xb8\xb7\xdd.zip HTTP/1.0" 404 - "-" "Mozilla/4.0 (compatible; MSIE 8.0; Windows NT 6.1; Trident/4.0)"
202.79.169.142 - - [06/Dec/2019:23:36:15 +0800] "HEAD /\xb1\xb8\xb7\xdd.tar.gz HTTP/1.0" 404 - "-" "Mozilla/4.0 (compatible; MSIE 8.0; Windows NT 6.1; Trident/4.0)"
202.79.169.142 - - [06/Dec/2019:23:36:15 +0800] "HEAD /1.rar HTTP/1.0" 404 - "-" "Mozilla/4.0 (compatible; MSIE 8.0; Windows NT 6.1; Trident/4.0)"
202.79.169.142 - - [06/Dec/2019:23:36:16 +0800] "HEAD /1.zip HTTP/1.0" 404 - "-" "Mozilla/4.0 (compatible; MSIE 8.0; Windows NT 6.1; Trident/4.0)"
202.79.169.142 - - [06/Dec/2019:23:36:16 +0800] "HEAD /1.tar.gz HTTP/1.0" 404 - "-" "Mozilla/4.0 (compatible; MSIE 8.0; Windows NT 6.1; Trident/4.0)"
202.79.169.142 - - [06/Dec/2019:23:36:17 +0800] "HEAD /yuanma.zip HTTP/1.0" 404 - "-" "Mozilla/4.0 (compatible; MSIE 8.0; Windows NT 6.1; Trident/4.0)"
202.79.169.142 - - [06/Dec/2019:23:36:18 +0800] "HEAD /yuanma.rar HTTP/1.0" 404 - "-" "Mozilla/4.0 (compatible; MSIE 8.0; Windows NT 6.1; Trident/4.0)"
202.79.169.142 - - [06/Dec/2019:23:36:18 +0800] "HEAD /yuanma.tar.gz HTTP/1.0" 404 - "-" "Mozilla/4.0 (compatible; MSIE 8.0; Windows NT 6.1; Trident/4.0)"
202.79.169.142 - - [06/Dec/2019:23:36:19 +0800] "HEAD /beifen.rar HTTP/1.0" 404 - "-" "Mozilla/4.0 (compatible; MSIE 8.0; Windows NT 6.1; Trident/4.0)"
202.79.169.142 - - [06/Dec/2019:23:36:20 +0800] "HEAD /beifen.zip HTTP/1.0" 404 - "-" "Mozilla/4.0 (compatible; MSIE 8.0; Windows NT 6.1; Trident/4.0)"
202.79.169.142 - - [06/Dec/2019:23:36:20 +0800] "HEAD /beifen.tar.gz HTTP/1.0" 404 - "-" "Mozilla/4.0 (compatible; MSIE 8.0; Windows NT 6.1; Trident/4.0)"
202.79.169.142 - - [06/Dec/2019:23:36:22 +0800] "HEAD /backup.rar HTTP/1.0" 404 - "-" "Mozilla/4.0 (compatible; MSIE 8.0; Windows NT 6.1; Trident/4.0)"
47.96.97.24 - - [06/Dec/2019:23:36:22 +0800] "GET /tag/%E6%95%B0%E6%8D%AE%E5%BA%93 HTTP/1.0" 200 9619 "-" "Bot/Nutch-1.16"
202.79.169.142 - - [06/Dec/2019:23:36:23 +0800] "HEAD /backup.zip HTTP/1.0" 404 - "-" "Mozilla/4.0 (compatible; MSIE 8.0; Windows NT 6.1; Trident/4.0)"
202.79.169.142 - - [06/Dec/2019:23:36:23 +0800] "HEAD /backup.tar.gz HTTP/1.0" 404 - "-" "Mozilla/4.0 (compatible; MSIE 8.0; Windows NT 6.1; Trident/4.0)"
202.79.169.142 - - [06/Dec/2019:23:36:24 +0800] "HEAD /a.rar HTTP/1.0" 404 - "-" "Mozilla/4.0 (compatible; MSIE 8.0; Windows NT 6.1; Trident/4.0)"
202.79.169.142 - - [06/Dec/2019:23:36:24 +0800] "HEAD /a.zip HTTP/1.0" 404 - "-" "Mozilla/4.0 (compatible; MSIE 8.0; Windows NT 6.1; Trident/4.0)"
202.79.169.142 - - [06/Dec/2019:23:36:25 +0800] "HEAD /a.tar.gz HTTP/1.0" 404 - "-" "Mozilla/4.0 (compatible; MSIE 8.0; Windows NT 6.1; Trident/4.0)"
113.87.117.55 - - [06/Dec/2019:23:36:30 +0800] "GET /favicon.ico HTTP/1.1" 200 0 "-" "Mozilla/5.0 (Windows NT 6.1; WOW64) AppleWebKit/537.36 (KHTML, like Gecko) Chrome/69.0.3497.100 Safari/537.36"
47.96.97.24 - - [06/Dec/2019:23:36:39 +0800] "GET /?p=2598 HTTP/1.0" 301 - "-" "Bot/Nutch-1.16"
54.36.150.185 - - [06/Dec/2019:23:37:07 +0800] "GET /1057.html HTTP/1.0" 200 11040 "-" "Mozilla/5.0 (compatible; AhrefsBot/6.1; +http://ahrefs.com/robot/)"
106.11.156.65 - - [06/Dec/2019:23:37:31 +0800] "GET /1625.html HTTP/1.0" 200 21219 "-" "Mozilla/5.0 (Windows NT 6.1; Win64; x64) AppleWebKit/537.36 (KHTML, like Gecko) Chrome/69.0.3497.81 YisouSpider/5.0 Safari/537.36"
47.96.97.24 - - [06/Dec/2019:23:37:53 +0800] "GET /tag/spark HTTP/1.0" 200 9480 "-" "Bot/Nutch-1.16"
47.96.97.24 - - [06/Dec/2019:23:39:37 +0800] "GET /wp-json/oembed/1.0/embed?url=http%3A%2F%2Fwww.crazyant.net%2F2602.html HTTP/1.0" 200 1168 "-" "Bot/Nutch-1.16"
106.11.159.254 - - [06/Dec/2019:23:39:43 +0800] "GET /796.html?replytocom=10512 HTTP/1.0" 200 20126 "-" "YisouSpider"
47.96.97.24 - - [06/Dec/2019:23:39:55 +0800] "GET /category/python-basic HTTP/1.0" 200 8185 "-" "Bot/Nutch-1.16"
47.96.97.24 - - [06/Dec/2019:23:39:57 +0800] "GET /wp-json/oembed/1.0/embed?url=http%3A%2F%2Fwww.crazyant.net%2F2602.html&format=xml HTTP/1.0" 200 1215 "-" "Bot/Nutch-1.16"
47.96.97.24 - - [06/Dec/2019:23:40:18 +0800] "GET /wp-includes/wlwmanifest.xml HTTP/1.0" 200 460 "-" "Bot/Nutch-1.16"
47.96.97.24 - - [06/Dec/2019:23:40:46 +0800] "GET /tag/python/page/7 HTTP/1.0" 200 9743 "-" "Bot/Nutch-1.16"
109.102.111.44 - - [06/Dec/2019:23:41:10 +0800] "GET / HTTP/1.0" 200 54276 "-" "Java/1.8.0_141"
66.249.79.25 - - [06/Dec/2019:23:41:11 +0800] "GET /686.html HTTP/1.0" 200 17048 "-" "Mozilla/5.0 (Linux; Android 6.0.1; Nexus 5X Build/MMB29P) AppleWebKit/537.36 (KHTML, like Gecko) Chrome/41.0.2272.96 Mobile Safari/537.36 (compatible; Googlebot/2.1; +http://www.google.com/bot.html)"
47.96.97.24 - - [06/Dec/2019:23:41:11 +0800] "GET /tag/%E7%88%AC%E8%99%AB HTTP/1.0" 200 10897 "-" "Bot/Nutch-1.16"
109.102.111.44 - - [06/Dec/2019:23:41:12 +0800] "GET /2351.html HTTP/1.0" 200 48537 "-" "Java/1.8.0_141"
109.102.111.44 - - [06/Dec/2019:23:41:12 +0800] "GET /2404.html HTTP/1.0" 200 46261 "-" "Java/1.8.0_141"
109.102.111.44 - - [06/Dec/2019:23:41:13 +0800] "GET /2564.html HTTP/1.0" 200 42295 "-" "Java/1.8.0_141"
66.249.79.29 - - [06/Dec/2019:23:41:13 +0800] "POST /wp-json/wordpress-popular-posts/v1/popular-posts HTTP/1.0" 201 55 "http://www.crazyant.net/686.html" "Mozilla/5.0 (Linux; Android 6.0.1; Nexus 5X Build/MMB29P) AppleWebKit/537.36 (KHTML, like Gecko) Chrome/41.0.2272.96 Mobile Safari/537.36 (compatible; Googlebot/2.1; +http://www.google.com/bot.html)"
109.102.111.44 - - [06/Dec/2019:23:41:14 +0800] "GET /2574.html HTTP/1.0" 200 49707 "-" "Java/1.8.0_141"
109.102.111.44 - - [06/Dec/2019:23:41:15 +0800] "GET /2583.html HTTP/1.0" 200 57084 "-" "Java/1.8.0_141"
109.102.111.44 - - [06/Dec/2019:23:41:16 +0800] "GET /2585.html HTTP/1.0" 200 42959 "-" "Java/1.8.0_141"
109.102.111.44 - - [06/Dec/2019:23:41:16 +0800] "GET /2591.html HTTP/1.0" 200 47769 "-" "Java/1.8.0_141"
109.102.111.44 - - [06/Dec/2019:23:41:17 +0800] "GET /2594.html HTTP/1.0" 200 60102 "-" "Java/1.8.0_141"
109.102.111.44 - - [06/Dec/2019:23:41:18 +0800] "GET /2598.html HTTP/1.0" 200 62901 "-" "Java/1.8.0_141"
109.102.111.44 - - [06/Dec/2019:23:41:18 +0800] "GET /2602.html HTTP/1.0" 200 54634 "-" "Java/1.8.0_141"
109.102.111.44 - - [06/Dec/2019:23:41:19 +0800] "GET /2604.html HTTP/1.0" 200 47613 "-" "Java/1.8.0_141"
109.102.111.44 - - [06/Dec/2019:23:41:20 +0800] "GET /2615.html HTTP/1.0" 200 40473 "-" "Java/1.8.0_141"
109.102.111.44 - - [06/Dec/2019:23:41:20 +0800] "GET /xmlrpc.php HTTP/1.0" 405 42 "-" "Java/1.8.0_141"
109.102.111.44 - - [06/Dec/2019:23:41:21 +0800] "GET /2343.html HTTP/1.0" 200 42133 "-" "Java/1.8.0_141"
109.102.111.44 - - [06/Dec/2019:23:41:22 +0800] "GET /2367.html HTTP/1.0" 200 49257 "-" "Java/1.8.0_141"
109.102.111.44 - - [06/Dec/2019:23:41:23 +0800] "GET /wp-comments-post.php HTTP/1.0" 405 - "-" "Java/1.8.0_141"
109.102.111.44 - - [06/Dec/2019:23:41:23 +0800] "GET /2419.html HTTP/1.0" 200 46861 "-" "Java/1.8.0_141"
109.102.111.44 - - [06/Dec/2019:23:41:24 +0800] "GET /2561.html HTTP/1.0" 200 41284 "-" "Java/1.8.0_141"
109.102.111.44 - - [06/Dec/2019:23:41:25 +0800] "GET /2336.html HTTP/1.0" 200 46680 "-" "Java/1.8.0_141"
109.102.111.44 - - [06/Dec/2019:23:41:26 +0800] "GET /2434.html HTTP/1.0" 200 44217 "-" "Java/1.8.0_141"
109.102.111.44 - - [06/Dec/2019:23:41:26 +0800] "GET /show_pyecharts.html HTTP/1.0" 404 35012 "-" "Java/1.8.0_141"
109.102.111.44 - - [06/Dec/2019:23:41:27 +0800] "GET /2546.html HTTP/1.0" 200 47818 "-" "Java/1.8.0_141"
109.102.111.44 - - [06/Dec/2019:23:41:28 +0800] "GET /2324.html HTTP/1.0" 200 45217 "-" "Java/1.8.0_141"
109.102.111.44 - - [06/Dec/2019:23:41:29 +0800] "GET /2447.html HTTP/1.0" 200 46563 "-" "Java/1.8.0_141"
109.102.111.44 - - [06/Dec/2019:23:41:29 +0800] "GET /2541.html HTTP/1.0" 200 51608 "-" "Java/1.8.0_141"
109.102.111.44 - - [06/Dec/2019:23:41:30 +0800] "GET /2303.html HTTP/1.0" 200 45401 "-" "Java/1.8.0_141"
109.102.111.44 - - [06/Dec/2019:23:41:31 +0800] "GET /2454.html HTTP/1.0" 200 47259 "-" "Java/1.8.0_141"
109.102.111.44 - - [06/Dec/2019:23:41:31 +0800] "GET /2536.html HTTP/1.0" 200 55730 "-" "Java/1.8.0_141"
109.102.111.44 - - [06/Dec/2019:23:41:32 +0800] "GET /2301.html HTTP/1.0" 200 41998 "-" "Java/1.8.0_141"
123.125.71.26 - - [06/Dec/2019:23:41:39 +0800] "GET /2120.html HTTP/1.1" 444 0 "-" "Mozilla/5.0 (compatible; Baiduspider/2.0; +http://www.baidu.com/search/spider.html)"
47.96.97.24 - - [06/Dec/2019:23:42:15 +0800] "GET /tag/mysql HTTP/1.0" 200 10872 "-" "Bot/Nutch-1.16"
146.66.92.61 - - [06/Dec/2019:23:42:26 +0800] "POST /wp-cron.php?doing_wp_cron=1575646946.2142539024353027343750 HTTP/1.0" 200 - "https://www.crazyant.net/wp-cron.php?doing_wp_cron=1575646946.2142539024353027343750" "WordPress/5.3; https://www.crazyant.net"
157.55.39.229 - - [06/Dec/2019:23:42:26 +0800] "GET /2145.html HTTP/1.0" 200 11870 "-" "Mozilla/5.0 (compatible; bingbot/2.0; +http://www.bing.com/bingbot.htm)"
47.96.97.24 - - [06/Dec/2019:23:43:15 +0800] "GET /tag/seo HTTP/1.0" 200 8998 "-" "Bot/Nutch-1.16"
47.96.97.24 - - [06/Dec/2019:23:43:28 +0800] "GET /author/peishuai1987/feed HTTP/1.0" 200 4801 "-" "Bot/Nutch-1.16"
40.77.167.127 - - [06/Dec/2019:23:45:16 +0800] "GET /545.html HTTP/1.0" 200 11441 "-" "Mozilla/5.0 (compatible; bingbot/2.0; +http://www.bing.com/bingbot.htm)"
222.129.54.23 - - [06/Dec/2019:23:47:11 +0800] "GET /feed HTTP/1.0" 200 4779 "-" "ReadKit/2.4.3 (Mac OS X Version 10.15.1 (Build 19B88))"
106.11.152.246 - - [06/Dec/2019:23:48:00 +0800] "GET /tag/item2vec HTTP/1.0" 200 8655 "-" "YisouSpider"
92.38.129.153 - - [06/Dec/2019:23:48:21 +0800] "GET /feed/ HTTP/1.0" 301 - "-" "Tiny Tiny RSS/19.02 (http://tt-rss.org/)"
92.38.129.153 - - [06/Dec/2019:23:48:21 +0800] "GET /feed HTTP/1.0" 200 4779 "-" "Tiny Tiny RSS/19.02 (http://tt-rss.org/)"
220.181.108.121 - - [06/Dec/2019:23:49:13 +0800] "GET /1423.html HTTP/1.1" 444 0 "-" "Mozilla/5.0 (compatible; Baiduspider/2.0; +http://www.baidu.com/search/spider.html)"
34.226.215.200 - - [06/Dec/2019:23:49:41 +0800] "GET /1777.html/feed HTTP/1.0" 200 897 "https://www.google.com/" "Mozilla/5.0 (Macintosh; U; PPC Mac OS X Mach-O; en-US; rv:1.8.1.7pre) Gecko/20070815 Firefox/2.0.0.6 Navigator/9.0b3"
54.36.148.217 - - [06/Dec/2019:23:50:37 +0800] "GET /2454.html HTTP/1.0" 200 12746 "-" "Mozilla/5.0 (compatible; AhrefsBot/6.1; +http://ahrefs.com/robot/)"
111.193.5.75 - - [06/Dec/2019:23:50:43 +0800] "GET /favicon.ico HTTP/1.0" 200 - "-" "Dalvik/2.1.0 (Linux; U; Android 9; COL-AL10 Build/HUAWEICOL-AL10)"
54.36.150.78 - - [06/Dec/2019:23:51:33 +0800] "GET /2564.html HTTP/1.0" 200 10635 "-" "Mozilla/5.0 (compatible; AhrefsBot/6.1; +http://ahrefs.com/robot/)"
106.39.246.137 - - [06/Dec/2019:23:52:15 +0800] "GET /wp-content/uploads/2013/01/QQ201301081053097.png HTTP/1.0" 200 61643 "https://blog.csdn.net/peishuai1987/article/details/89882818" "Mozilla/5.0 (Windows NT 5.1) AppleWebKit/534.30 (KHTML, like Gecko) Chrome/12.0.742.122 Safari/534.30"
66.249.79.29 - - [06/Dec/2019:23:52:16 +0800] "GET /1895.html HTTP/1.0" 200 11030 "-" "Mozilla/5.0 (Linux; Android 6.0.1; Nexus 5X Build/MMB29P) AppleWebKit/537.36 (KHTML, like Gecko) Chrome/41.0.2272.96 Mobile Safari/537.36 (compatible; Googlebot/2.1; +http://www.google.com/bot.html)"
66.249.79.25 - - [06/Dec/2019:23:52:22 +0800] "POST /wp-json/wordpress-popular-posts/v1/popular-posts HTTP/1.0" 201 55 "http://www.crazyant.net/1895.html" "Mozilla/5.0 (Linux; Android 6.0.1; Nexus 5X Build/MMB29P) AppleWebKit/537.36 (KHTML, like Gecko) Chrome/41.0.2272.96 Mobile Safari/537.36 (compatible; Googlebot/2.1; +http://www.google.com/bot.html)"
174.138.49.150 - - [06/Dec/2019:23:52:25 +0800] "GET /feed HTTP/1.0" 200 4779 "-" "Mozilla/5.0 (Macintosh; Intel Mac OS X 10_13_6; +feeder.co) AppleWebKit/537.36 (KHTML, like Gecko) Chrome/67.0.3396.99 Safari/537.36"
106.11.158.235 - - [06/Dec/2019:23:53:03 +0800] "GET /page/14?auloto=eurjz1&cgfiny=e0s0i3&dkfsrw=9qw4v1&ksdyvc=emtub3&lwdizw=9cxyo1&ocbojm=ewq672&yatclw=eoshl3&zityfk=9mrft2 HTTP/1.0" 200 11370 "-" "YisouSpider"
34.229.115.98 - - [06/Dec/2019:23:55:28 +0800] "GET /1625.html/feed HTTP/1.0" 200 817 "https://www.google.com/" "Mozilla/5.0 (Windows NT 6.1; WOW64) AppleWebKit/537.36 (KHTML, like Gecko) Chrome/54.0.2840.99 Safari/537.36"
34.229.115.98 - - [06/Dec/2019:23:55:28 +0800] "GET /1861.html/feed HTTP/1.0" 200 827 "https://www.google.com/" "Mozilla/5.0 (Windows NT 6.1; Win64; x64) AppleWebKit/537.36 (KHTML, like Gecko) Chrome/55.0.2883.87 Safari/537.36"
52.90.241.33 - - [06/Dec/2019:23:55:39 +0800] "GET /1625.html/feed HTTP/1.0" 200 817 "https://www.google.com/" "Mozilla/5.0 (compatible; MSIE 9.0; Windows NT 6.0; Trident/5.0)"
123.125.71.83 - - [06/Dec/2019:23:56:46 +0800] "GET /1413.html HTTP/1.1" 444 0 "-" "Mozilla/5.0 (compatible; Baiduspider/2.0; +http://www.baidu.com/search/spider.html)"
66.249.79.29 - - [06/Dec/2019:23:57:27 +0800] "GET /search/%E6%9D%8F%E5%BD%A9%E5%9B%BD%E9%99%85%E5%B9%B3%E5%8F%B0%E6%97%B6%E6%97%B6%E5%BD%A9%E8%B5%94%E7%8E%87%E3%80%90%E2%94%83%E7%BB%99%E5%8A%9B%EF%BC%9217431%5B%EF%BC%B1%E3%80%259/feed/rss2/ HTTP/1.0" 200 633 "-" "Mozilla/5.0 (Linux; Android 6.0.1; Nexus 5X Build/MMB29P) AppleWebKit/537.36 (KHTML, like Gecko) Chrome/41.0.2272.96 Mobile Safari/537.36 (compatible; Googlebot/2.1; +http://www.google.com/bot.html)"
54.36.149.35 - - [06/Dec/2019:23:57:49 +0800] "GET /tag/ngnix HTTP/1.0" 200 8637 "-" "Mozilla/5.0 (compatible; AhrefsBot/6.1; +http://ahrefs.com/robot/)"
141.8.132.24 - - [06/Dec/2019:23:58:54 +0800] "GET /tag/tensorflow HTTP/1.0" 200 9361 "-" "Mozilla/5.0 (compatible; YandexBot/3.0; +http://yandex.com/bots)"
54.36.150.128 - - [06/Dec/2019:23:59:02 +0800] "GET /581.html HTTP/1.0" 200 12392 "-" "Mozilla/5.0 (compatible; AhrefsBot/6.1; +http://ahrefs.com/robot/)"
106.11.156.234 - - [06/Dec/2019:23:59:02 +0800] "GET /?s=%E3%80%90%E2%94%8B%E6%B7%BB%E5%8A%A0%E6%89%A32%E2%92%8F7%E2%92%8F01705%E3%80%93%E3%80%91%E5%8D%8E%E5%AE%87%E5%A8%B1%E4%B9%90%E4%B8%BB%E7%AE%A1%E6%89%A3 HTTP/1.0" 200 8356 "-" "YisouSpider"
137.74.38.160 - - [06/Dec/2019:23:59:26 +0800] "GET /feed/ HTTP/1.0" 301 - "-" "Tiny Tiny RSS/19.8 (f609065) (http://tt-rss.org/)"
137.74.38.160 - - [06/Dec/2019:23:59:27 +0800] "GET /feed HTTP/1.0" 200 4779 "-" "Tiny Tiny RSS/19.8 (f609065) (http://tt-rss.org/)"
124.251.57.67 - - [06/Dec/2019:23:59:51 +0800] "GET /130.html HTTP/1.0" 200 11358 "-" "Mozilla/5.0 (Windows Phone 10.0; Android 6.0.1; Microsoft; RM-1152) AppleWebKit/537.36 (KHTML, like Gecko) Chrome/52.0.2743.116 Mobile Safari/537.36 Edge/15.15254"
66.249.79.29 - - [07/Dec/2019:00:00:11 +0800] "GET /2525.html HTTP/1.0" 200 12651 "-" "Mozilla/5.0 (Linux; Android 6.0.1; Nexus 5X Build/MMB29P) AppleWebKit/537.36 (KHTML, like Gecko) Chrome/41.0.2272.96 Mobile Safari/537.36 (compatible; Googlebot/2.1; +http://www.google.com/bot.html)"
40.77.167.127 - - [07/Dec/2019:00:01:30 +0800] "GET /103.html HTTP/1.0" 200 10316 "-" "Mozilla/5.0 (compatible; bingbot/2.0; +http://www.bing.com/bingbot.htm)"
40.77.190.145 - - [07/Dec/2019:00:01:43 +0800] "GET /wp-content/themes/twentyfifteen/genericons/Genericons.ttf HTTP/1.0" 200 14260 "https://www.crazyant.net/103.html" "Mozilla/5.0 (Windows NT 6.1; WOW64) AppleWebKit/534+ (KHTML, like Gecko) BingPreview/1.0b"
106.52.232.243 - - [07/Dec/2019:00:01:53 +0800] "GET /wp-content/uploads/2014/06/hive_leftjointest.png HTTP/1.0" 200 1707 "http://www.crazyant.net/wp-content/uploads/2014/06/" "-"
222.129.54.23 - - [07/Dec/2019:00:03:09 +0800] "GET /feed HTTP/1.0" 200 4779 "-" "ReadKit/2.4.3 (Mac OS X Version 10.15.1 (Build 19B88))"
111.177.160.199 - - [07/Dec/2019:00:03:52 +0800] "HEAD / HTTP/1.1" 444 0 "http://www.crazyant.net" "Mozilla/5.0 (compatible; Baiduspider/2.0; +http://www.baidu.com/search/spider.html\x09"
111.177.160.199 - - [07/Dec/2019:00:03:53 +0800] "HEAD / HTTP/1.1" 444 0 "http://www.crazyant.net" "Mozilla/5.0 (compatible; Baiduspider/2.0; +http://www.baidu.com/search/spider.html\x09"
42.156.137.16 - - [07/Dec/2019:00:03:55 +0800] "GET /1001.html?replytocom=10609&utm_medium=referral&utm_source=tuicool HTTP/1.0" 200 23202 "-" "Mozilla/5.0 (Windows NT 6.1; Win64; x64) AppleWebKit/537.36 (KHTML, like Gecko) Chrome/69.0.3497.81 YisouSpider/5.0 Safari/537.36"
42.120.160.80 - - [07/Dec/2019:00:04:04 +0800] "GET /?s=%E5%8D%8E%E5%AE%87%E4%BD%A3%E9%87%91%E6%80%8E%E4%B9%88%E8%AE%A1%E7%AE%97%E3%80%90%E2%94%8B%E7%89%9B%E4%BB%A32%E2%92%8F7%E2%92%8F01705[%E6%89%A3]%E3%80%93%E3%80%91 HTTP/1.0" 200 8370 "-" "Mozilla/5.0 (Windows NT 6.1; Win64; x64) AppleWebKit/537.36 (KHTML, like Gecko) Chrome/69.0.3497.81 YisouSpider/5.0 Safari/537.36"
123.125.71.19 - - [07/Dec/2019:00:04:20 +0800] "GET /1122.html HTTP/1.1" 444 0 "-" "Mozilla/5.0 (compatible; Baiduspider/2.0; +http://www.baidu.com/search/spider.html)"
92.38.129.153 - - [07/Dec/2019:00:04:43 +0800] "GET /feed/ HTTP/1.0" 301 - "-" "Tiny Tiny RSS/19.02 (http://tt-rss.org/)"
92.38.129.153 - - [07/Dec/2019:00:04:43 +0800] "GET /feed HTTP/1.0" 200 4779 "-" "Tiny Tiny RSS/19.02 (http://tt-rss.org/)"
223.11.210.126 - - [07/Dec/2019:00:04:57 +0800] "GET /wp-content/themes/twentyfifteen/css/twentyfifteen-block-style.min.css HTTP/1.0" 200 1596 "-" "Mozilla/5.0 (Linux; Android 9; MIX 2 Build/PKQ1.190118.001; wv) AppleWebKit/537.36 (KHTML, like Gecko) Version/4.0 Chrome/62.0.3202.84 Mobile Safari/537.36  TTWebView/0621110016015"
223.11.210.126 - - [07/Dec/2019:00:04:57 +0800] "GET /wp-content/plugins/easy-fancybox/css/jquery.fancybox.min.css HTTP/1.0" 200 1111 "-" "Mozilla/5.0 (Linux; Android 9; MIX 2 Build/PKQ1.190118.001; wv) AppleWebKit/537.36 (KHTML, like Gecko) Version/4.0 Chrome/62.0.3202.84 Mobile Safari/537.36  TTWebView/0621110016015"
223.11.210.126 - - [07/Dec/2019:00:04:57 +0800] "GET /wp-includes/css/dist/block-library/style.min.css HTTP/1.0" 200 6163 "-" "Mozilla/5.0 (Linux; Android 9; MIX 2 Build/PKQ1.190118.001; wv) AppleWebKit/537.36 (KHTML, like Gecko) Version/4.0 Chrome/62.0.3202.84 Mobile Safari/537.36  TTWebView/0621110016015"
223.11.210.126 - - [07/Dec/2019:00:04:58 +0800] "GET / HTTP/1.0" 200 10416 "-" "Mozilla/5.0 (Linux; Android 9; MIX 2 Build/PKQ1.190118.001; wv) AppleWebKit/537.36 (KHTML, like Gecko) Version/4.0 Chrome/62.0.3202.84 Mobile Safari/537.36  TTWebView/0621110016015"
223.11.210.126 - - [07/Dec/2019:00:04:58 +0800] "GET /wp-content/plugins/table-of-contents-plus/screen.min.css HTTP/1.0" 200 456 "-" "Mozilla/5.0 (Linux; Android 9; MIX 2 Build/PKQ1.190118.001; wv) AppleWebKit/537.36 (KHTML, like Gecko) Version/4.0 Chrome/62.0.3202.84 Mobile Safari/537.36  TTWebView/0621110016015"
223.11.210.126 - - [07/Dec/2019:00:04:59 +0800] "GET /wp-content/plugins/easy-fancybox/js/jquery.mousewheel.min.js HTTP/1.0" 200 1145 "-" "Mozilla/5.0 (Linux; Android 9; MIX 2 Build/PKQ1.190118.001; wv) AppleWebKit/537.36 (KHTML, like Gecko) Version/4.0 Chrome/62.0.3202.84 Mobile Safari/537.36  TTWebView/0621110016015"
223.11.210.126 - - [07/Dec/2019:00:04:59 +0800] "GET /wp-content/plugins/cardoza-3d-tag-cloud//public/css/my-style.min.css HTTP/1.0" 200 218 "-" "Mozilla/5.0 (Linux; Android 9; MIX 2 Build/PKQ1.190118.001; wv) AppleWebKit/537.36 (KHTML, like Gecko) Version/4.0 Chrome/62.0.3202.84 Mobile Safari/537.36  TTWebView/0621110016015"
223.11.210.126 - - [07/Dec/2019:00:04:59 +0800] "GET /wp-content/plugins/easy-fancybox/js/jquery.fancybox.min.js HTTP/1.0" 200 6330 "-" "Mozilla/5.0 (Linux; Android 9; MIX 2 Build/PKQ1.190118.001; wv) AppleWebKit/537.36 (KHTML, like Gecko) Version/4.0 Chrome/62.0.3202.84 Mobile Safari/537.36  TTWebView/0621110016015"
223.11.210.126 - - [07/Dec/2019:00:04:59 +0800] "GET /wp-content/plugins/easy-fancybox/js/jquery.easing.min.js HTTP/1.0" 200 767 "-" "Mozilla/5.0 (Linux; Android 9; MIX 2 Build/PKQ1.190118.001; wv) AppleWebKit/537.36 (KHTML, like Gecko) Version/4.0 Chrome/62.0.3202.84 Mobile Safari/537.36  TTWebView/0621110016015"
223.11.210.126 - - [07/Dec/2019:00:04:59 +0800] "GET /wp-content/uploads/siteground-optimizer-assets/twentyfifteen-skip-link-focus-fix.min.js HTTP/1.0" 200 275 "-" "Mozilla/5.0 (Linux; Android 9; MIX 2 Build/PKQ1.190118.001; wv) AppleWebKit/537.36 (KHTML, like Gecko) Version/4.0 Chrome/62.0.3202.84 Mobile Safari/537.36  TTWebView/0621110016015"
223.11.210.126 - - [07/Dec/2019:00:05:00 +0800] "GET /wp-content/themes/twentyfifteen/genericons/genericons.min.css HTTP/1.0" 200 16232 "-" "Mozilla/5.0 (Linux; Android 9; MIX 2 Build/PKQ1.190118.001; wv) AppleWebKit/537.36 (KHTML, like Gecko) Version/4.0 Chrome/62.0.3202.84 Mobile Safari/537.36  TTWebView/0621110016015"
223.11.210.126 - - [07/Dec/2019:00:05:00 +0800] "GET /wp-includes/css/dist/block-library/theme.min.css HTTP/1.0" 200 639 "-" "Mozilla/5.0 (Linux; Android 9; MIX 2 Build/PKQ1.190118.001; wv) AppleWebKit/537.36 (KHTML, like Gecko) Version/4.0 Chrome/62.0.3202.84 Mobile Safari/537.36  TTWebView/0621110016015"
223.11.210.126 - - [07/Dec/2019:00:05:00 +0800] "GET /wp-content/plugins/wordpress-popular-posts/assets/js/wpp-5.0.0.min.js HTTP/1.0" 200 744 "-" "Mozilla/5.0 (Linux; Android 9; MIX 2 Build/PKQ1.190118.001; wv) AppleWebKit/537.36 (KHTML, like Gecko) Version/4.0 Chrome/62.0.3202.84 Mobile Safari/537.36  TTWebView/0621110016015"
223.11.210.126 - - [07/Dec/2019:00:05:07 +0800] "GET /wp-content/plugins/wordpress-popular-posts/assets/css/wordpress-popular-posts-css.min.css HTTP/1.0" 200 229 "-" "Mozilla/5.0 (Linux; Android 9; MIX 2 Build/PKQ1.190118.001; wv) AppleWebKit/537.36 (KHTML, like Gecko) Version/4.0 Chrome/62.0.3202.84 Mobile Safari/537.36  TTWebView/0621110016015"
223.11.210.126 - - [07/Dec/2019:00:05:07 +0800] "GET /wp-includes/js/jquery/jquery-migrate.min.js HTTP/1.0" 200 4014 "-" "Mozilla/5.0 (Linux; Android 9; MIX 2 Build/PKQ1.190118.001; wv) AppleWebKit/537.36 (KHTML, like Gecko) Version/4.0 Chrome/62.0.3202.84 Mobile Safari/537.36  TTWebView/0621110016015"
223.11.210.126 - - [07/Dec/2019:00:05:08 +0800] "GET /wp-content/themes/twentyfifteen/twentyfifteen-style.min.css HTTP/1.0" 200 11037 "-" "Mozilla/5.0 (Linux; Android 9; MIX 2 Build/PKQ1.190118.001; wv) AppleWebKit/537.36 (KHTML, like Gecko) Version/4.0 Chrome/62.0.3202.84 Mobile Safari/537.36  TTWebView/0621110016015"
223.11.210.126 - - [07/Dec/2019:00:05:08 +0800] "GET /wp-content/plugins/bibblio-related-posts/public/css/bibblio_related_posts.min.css HTTP/1.0" 200 42 "-" "Mozilla/5.0 (Linux; Android 9; MIX 2 Build/PKQ1.190118.001; wv) AppleWebKit/537.36 (KHTML, like Gecko) Version/4.0 Chrome/62.0.3202.84 Mobile Safari/537.36  TTWebView/0621110016015"
223.11.210.126 - - [07/Dec/2019:00:05:09 +0800] "GET /wp-content/uploads/siteground-optimizer-assets/twentyfifteen-script.min.js HTTP/1.0" 200 1331 "-" "Mozilla/5.0 (Linux; Android 9; MIX 2 Build/PKQ1.190118.001; wv) AppleWebKit/537.36 (KHTML, like Gecko) Version/4.0 Chrome/62.0.3202.84 Mobile Safari/537.36  TTWebView/0621110016015"
223.11.210.126 - - [07/Dec/2019:00:05:09 +0800] "GET /wp-content/plugins/cardoza-3d-tag-cloud/jquery.tagcanvas.min.js HTTP/1.0" 200 8629 "-" "Mozilla/5.0 (Linux; Android 9; MIX 2 Build/PKQ1.190118.001; wv) AppleWebKit/537.36 (KHTML, like Gecko) Version/4.0 Chrome/62.0.3202.84 Mobile Safari/537.36  TTWebView/0621110016015"
223.11.210.126 - - [07/Dec/2019:00:05:10 +0800] "GET /wp-includes/js/wp-embed.min.js HTTP/1.0" 200 740 "-" "Mozilla/5.0 (Linux; Android 9; MIX 2 Build/PKQ1.190118.001; wv) AppleWebKit/537.36 (KHTML, like Gecko) Version/4.0 Chrome/62.0.3202.84 Mobile Safari/537.36  TTWebView/0621110016015"
223.11.210.126 - - [07/Dec/2019:00:05:10 +0800] "GET /wp-includes/js/jquery/jquery.js HTTP/1.0" 200 33776 "-" "Mozilla/5.0 (Linux; Android 9; MIX 2 Build/PKQ1.190118.001; wv) AppleWebKit/537.36 (KHTML, like Gecko) Version/4.0 Chrome/62.0.3202.84 Mobile Safari/537.36  TTWebView/0621110016015"
223.11.210.126 - - [07/Dec/2019:00:05:17 +0800] "GET /wp-content/uploads/siteground-optimizer-assets/bibblio_related_posts.min.js HTTP/1.0" 200 37 "-" "Mozilla/5.0 (Linux; Android 9; MIX 2 Build/PKQ1.190118.001; wv) AppleWebKit/537.36 (KHTML, like Gecko) Version/4.0 Chrome/62.0.3202.84 Mobile Safari/537.36  TTWebView/0621110016015"
223.11.210.126 - - [07/Dec/2019:00:05:17 +0800] "GET /wp-content/plugins/table-of-contents-plus/front.min.js HTTP/1.0" 200 2349 "-" "Mozilla/5.0 (Linux; Android 9; MIX 2 Build/PKQ1.190118.001; wv) AppleWebKit/537.36 (KHTML, like Gecko) Version/4.0 Chrome/62.0.3202.84 Mobile Safari/537.36  TTWebView/0621110016015"
54.36.150.89 - - [07/Dec/2019:00:05:24 +0800] "GET /page/11 HTTP/1.0" 200 10884 "-" "Mozilla/5.0 (compatible; AhrefsBot/6.1; +http://ahrefs.com/robot/)"
106.11.153.226 - - [07/Dec/2019:00:05:32 +0800] "GET /page/26?lazexs=tnhes1&lelwzq=tha1m1&mubohm=oqpua2&ncvgbg=xgnb72&ogvmbs=okrbv3&qanujk=o0qd72&smhshu=owrwr3&tubkbo=xyodo3&zipenm=tdh1c1 HTTP/1.0" 200 10843 "-" "YisouSpider"
54.36.150.3 - - [07/Dec/2019:00:09:33 +0800] "GET /wp-content/uploads/2011/10/2.png HTTP/1.0" 200 13572 "-" "Mozilla/5.0 (compatible; AhrefsBot/6.1; +http://ahrefs.com/robot/)"
54.36.150.155 - - [07/Dec/2019:00:10:44 +0800] "GET /wp-content/uploads/2016/12/mybatis_logging_impls.png HTTP/1.0" 200 213003 "-" "Mozilla/5.0 (compatible; AhrefsBot/6.1; +http://ahrefs.com/robot/)"
146.66.92.61 - - [07/Dec/2019:00:11:05 +0800] "POST /wp-cron.php?doing_wp_cron=1575648665.6224780082702636718750 HTTP/1.0" 200 - "http://www.crazyant.net/wp-cron.php?doing_wp_cron=1575648665.6224780082702636718750" "WordPress/5.3; http://www.crazyant.net"
220.243.135.166 - - [07/Dec/2019:00:11:05 +0800] "GET / HTTP/1.0" 200 10416 "-" "Mozilla/5.0 (Linux; Android 8.0; Pixel 2 Build/OPD3.170816.012) AppleWebKit/537.36 (KHTML, like Gecko) Chrome/45.0.7512.1158 Mobile Safari/537.36; Bytespider;https://zhanzhang.toutiao.com/"
66.249.79.25 - - [07/Dec/2019:00:11:45 +0800] "GET /1337.html?qqbuzc=mgzvl3&bqtmlg=rghgt3&xursfy=t2qkl3&fwhkxy=fgyjt3&texmly=19ovt3&tovujy=5obgo3&aixglw=uqtft3&mkpepy=qetao3&gofuzi=i805o3&ryxazq=jwnwl3&ycd HTTP/1.0" 200 11359 "-" "Mozilla/5.0 (Linux; Android 6.0.1; Nexus 5X Build/MMB29P) AppleWebKit/537.36 (KHTML, like Gecko) Chrome/41.0.2272.96 Mobile Safari/537.36 (compatible; Googlebot/2.1; +http://www.google.com/bot.html)"
66.249.79.29 - - [07/Dec/2019:00:11:48 +0800] "POST /wp-json/wordpress-popular-posts/v1/popular-posts HTTP/1.0" 201 55 "http://www.crazyant.net/1337.html?qqbuzc=mgzvl3&bqtmlg=rghgt3&xursfy=t2qkl3&fwhkxy=fgyjt3&texmly=19ovt3&tovujy=5obgo3&aixglw=uqtft3&mkpepy=qetao3&gofuzi=i805o3&ryxazq=jwnwl3&ycd" "Mozilla/5.0 (Linux; Android 6.0.1; Nexus 5X Build/MMB29P) AppleWebKit/537.36 (KHTML, like Gecko) Chrome/41.0.2272.96 Mobile Safari/537.36 (compatible; Googlebot/2.1; +http://www.google.com/bot.html)"
123.125.71.111 - - [07/Dec/2019:00:11:53 +0800] "GET /category/no-category HTTP/1.1" 444 0 "-" "Mozilla/5.0 (compatible; Baiduspider/2.0; +http://www.baidu.com/search/spider.html)"
54.36.150.78 - - [07/Dec/2019:00:13:05 +0800] "GET /category/java-development/page/2 HTTP/1.0" 200 10945 "-" "Mozilla/5.0 (compatible; AhrefsBot/6.1; +http://ahrefs.com/robot/)"
106.11.155.157 - - [07/Dec/2019:00:13:12 +0800] "GET /2145.html HTTP/1.0" 301 - "-" "YisouSpider"
106.11.157.254 - - [07/Dec/2019:00:13:12 +0800] "GET /?s=%E3%80%90%E2%94%83%E5%92%A8%E8%AF%A2%EF%BC%B12%E2%92%8F7%E2%92%8F01705%E3%80%91%E3%80%91%E5%8D%8E%E5%AE%87%E4%BB%A3%E7%90%86%E6%80%8E%E4%B9%88%E6%8B%BF%E5%B7%A5%E8%B5%84 HTTP/1.0" 200 8384 "-" "YisouSpider"
106.11.155.157 - - [07/Dec/2019:00:13:18 +0800] "GET /2145.html HTTP/1.0" 200 53678 "-" "YisouSpider"
66.249.79.29 - - [07/Dec/2019:00:14:25 +0800] "GET /1707.html HTTP/1.0" 200 15116 "-" "Mozilla/5.0 (compatible; Googlebot/2.1; +http://www.google.com/bot.html)"
66.249.79.27 - - [07/Dec/2019:00:14:31 +0800] "POST /wp-json/wordpress-popular-posts/v1/popular-posts HTTP/1.0" 201 55 "http://www.crazyant.net/1707.html" "Mozilla/5.0 AppleWebKit/537.36 (KHTML, like Gecko; compatible; Googlebot/2.1; +http://www.google.com/bot.html) Safari/537.36"
42.236.10.93 - - [07/Dec/2019:00:14:53 +0800] "GET /1397.html HTTP/1.0" 200 10822 "http://baidu.com/" "Mozilla/5.0 (Windows NT 6.1) AppleWebKit/537.36 (KHTML, like Gecko) baidu.sogo.uc.Chrome/36.0.1985.125 Safari/537.36"
42.236.10.75 - - [07/Dec/2019:00:15:00 +0800] "GET /wp-includes/css/dist/block-library/theme.min.css HTTP/1.0" 200 639 "http://www.crazyant.net/1397.html" "Mozilla/5.0 (Windows NT 6.1) AppleWebKit/537.36 (KHTML, like Gecko) baidu.sogo.uc.Chrome/36.0.1985.125 Safari/537.36"
42.236.10.93 - - [07/Dec/2019:00:15:00 +0800] "GET /wp-includes/css/dist/block-library/style.min.css HTTP/1.0" 200 6163 "http://www.crazyant.net/1397.html" "Mozilla/5.0 (Windows NT 6.1) AppleWebKit/537.36 (KHTML, like Gecko) baidu.sogo.uc.Chrome/36.0.1985.125 Safari/537.36"
42.236.10.78 - - [07/Dec/2019:00:15:00 +0800] "GET /wp-content/plugins/bibblio-related-posts/public/css/bibblio_related_posts.min.css HTTP/1.1" 200 42 "http://www.crazyant.net/1397.html" "Mozilla/5.0 (Windows NT 6.1) AppleWebKit/537.36 (KHTML, like Gecko) baidu.sogo.uc.Chrome/36.0.1985.125 Safari/537.36"
42.236.10.75 - - [07/Dec/2019:00:15:01 +0800] "GET /wp-content/plugins/cardoza-3d-tag-cloud//public/css/my-style.min.css HTTP/1.0" 200 218 "http://www.crazyant.net/1397.html" "Mozilla/5.0 (Windows NT 6.1) AppleWebKit/537.36 (KHTML, like Gecko) baidu.sogo.uc.Chrome/36.0.1985.125 Safari/537.36"
42.236.10.93 - - [07/Dec/2019:00:15:01 +0800] "GET /wp-content/plugins/table-of-contents-plus/screen.min.css HTTP/1.0" 200 456 "http://www.crazyant.net/1397.html" "Mozilla/5.0 (Windows NT 6.1) AppleWebKit/537.36 (KHTML, like Gecko) baidu.sogo.uc.Chrome/36.0.1985.125 Safari/537.36"
42.236.10.75 - - [07/Dec/2019:00:15:01 +0800] "GET /wp-content/themes/twentyfifteen/genericons/genericons.min.css HTTP/1.0" 200 16232 "http://www.crazyant.net/1397.html" "Mozilla/5.0 (Windows NT 6.1) AppleWebKit/537.36 (KHTML, like Gecko) baidu.sogo.uc.Chrome/36.0.1985.125 Safari/537.36"
42.236.10.78 - - [07/Dec/2019:00:15:01 +0800] "GET /wp-content/plugins/wordpress-popular-posts/assets/css/wordpress-popular-posts-css.min.css HTTP/1.0" 200 229 "http://www.crazyant.net/1397.html" "Mozilla/5.0 (Windows NT 6.1) AppleWebKit/537.36 (KHTML, like Gecko) baidu.sogo.uc.Chrome/36.0.1985.125 Safari/537.36"
42.236.10.78 - - [07/Dec/2019:00:15:01 +0800] "GET /wp-content/themes/twentyfifteen/twentyfifteen-style.min.css HTTP/1.0" 200 11037 "http://www.crazyant.net/1397.html" "Mozilla/5.0 (Windows NT 6.1) AppleWebKit/537.36 (KHTML, like Gecko) baidu.sogo.uc.Chrome/36.0.1985.125 Safari/537.36"
42.236.10.93 - - [07/Dec/2019:00:15:01 +0800] "GET /wp-content/themes/twentyfifteen/css/twentyfifteen-block-style.min.css HTTP/1.0" 200 1596 "http://www.crazyant.net/1397.html" "Mozilla/5.0 (Windows NT 6.1) AppleWebKit/537.36 (KHTML, like Gecko) baidu.sogo.uc.Chrome/36.0.1985.125 Safari/537.36"
42.236.10.75 - - [07/Dec/2019:00:15:02 +0800] "GET /wp-content/plugins/easy-fancybox/css/jquery.fancybox.min.css HTTP/1.0" 200 1111 "http://www.crazyant.net/1397.html" "Mozilla/5.0 (Windows NT 6.1) AppleWebKit/537.36 (KHTML, like Gecko) baidu.sogo.uc.Chrome/36.0.1985.125 Safari/537.36"
42.236.10.93 - - [07/Dec/2019:00:15:02 +0800] "GET /wp-includes/js/jquery/jquery.js HTTP/1.0" 200 33776 "http://www.crazyant.net/1397.html" "Mozilla/5.0 (Windows NT 6.1) AppleWebKit/537.36 (KHTML, like Gecko) baidu.sogo.uc.Chrome/36.0.1985.125 Safari/537.36"
42.236.10.78 - - [07/Dec/2019:00:15:02 +0800] "GET /wp-includes/js/jquery/jquery-migrate.min.js HTTP/1.0" 200 4014 "http://www.crazyant.net/1397.html" "Mozilla/5.0 (Windows NT 6.1) AppleWebKit/537.36 (KHTML, like Gecko) baidu.sogo.uc.Chrome/36.0.1985.125 Safari/537.36"
42.236.10.93 - - [07/Dec/2019:00:15:04 +0800] "GET /wp-includes/js/wp-embed.min.js HTTP/1.0" 200 740 "http://www.crazyant.net/1397.html" "Mozilla/5.0 (Windows NT 6.1) AppleWebKit/537.36 (KHTML, like Gecko) baidu.sogo.uc.Chrome/36.0.1985.125 Safari/537.36"
42.236.10.75 - - [07/Dec/2019:00:15:04 +0800] "GET /wp-content/uploads/siteground-optimizer-assets/bibblio_related_posts.min.js HTTP/1.1" 200 37 "http://www.crazyant.net/1397.html" "Mozilla/5.0 (Windows NT 6.1) AppleWebKit/537.36 (KHTML, like Gecko) baidu.sogo.uc.Chrome/36.0.1985.125 Safari/537.36"
42.236.10.75 - - [07/Dec/2019:00:15:04 +0800] "GET /wp-content/uploads/2019/08/%E5%B0%8F%E5%9B%BE.jpg HTTP/1.0" 200 5582 "http://www.crazyant.net/1397.html" "Mozilla/5.0 (Windows NT 6.1) AppleWebKit/537.36 (KHTML, like Gecko) baidu.sogo.uc.Chrome/36.0.1985.125 Safari/537.36"
42.236.10.93 - - [07/Dec/2019:00:15:04 +0800] "GET /wp-content/plugins/table-of-contents-plus/front.min.js HTTP/1.0" 200 2349 "http://www.crazyant.net/1397.html" "Mozilla/5.0 (Windows NT 6.1) AppleWebKit/537.36 (KHTML, like Gecko) baidu.sogo.uc.Chrome/36.0.1985.125 Safari/537.36"
42.236.10.78 - - [07/Dec/2019:00:15:04 +0800] "GET /wp-content/plugins/wordpress-popular-posts/assets/js/wpp-5.0.0.min.js HTTP/1.0" 200 744 "http://www.crazyant.net/1397.html" "Mozilla/5.0 (Windows NT 6.1) AppleWebKit/537.36 (KHTML, like Gecko) baidu.sogo.uc.Chrome/36.0.1985.125 Safari/537.36"
42.236.10.78 - - [07/Dec/2019:00:15:04 +0800] "GET /wp-content/plugins/cardoza-3d-tag-cloud/jquery.tagcanvas.min.js HTTP/1.0" 200 8629 "http://www.crazyant.net/1397.html" "Mozilla/5.0 (Windows NT 6.1) AppleWebKit/537.36 (KHTML, like Gecko) baidu.sogo.uc.Chrome/36.0.1985.125 Safari/537.36"
42.236.10.75 - - [07/Dec/2019:00:15:07 +0800] "GET /wp-content/uploads/siteground-optimizer-assets/twentyfifteen-skip-link-focus-fix.min.js HTTP/1.0" 200 275 "http://www.crazyant.net/1397.html" "Mozilla/5.0 (Windows NT 6.1) AppleWebKit/537.36 (KHTML, like Gecko) baidu.sogo.uc.Chrome/36.0.1985.125 Safari/537.36"
42.236.10.93 - - [07/Dec/2019:00:15:07 +0800] "GET /wp-content/uploads/siteground-optimizer-assets/twentyfifteen-script.min.js HTTP/1.0" 200 1331 "http://www.crazyant.net/1397.html" "Mozilla/5.0 (Windows NT 6.1) AppleWebKit/537.36 (KHTML, like Gecko) baidu.sogo.uc.Chrome/36.0.1985.125 Safari/537.36"
42.236.10.75 - - [07/Dec/2019:00:15:07 +0800] "GET /wp-content/plugins/easy-fancybox/js/jquery.fancybox.min.js HTTP/1.0" 200 6330 "http://www.crazyant.net/1397.html" "Mozilla/5.0 (Windows NT 6.1) AppleWebKit/537.36 (KHTML, like Gecko) baidu.sogo.uc.Chrome/36.0.1985.125 Safari/537.36"
42.236.10.78 - - [07/Dec/2019:00:15:07 +0800] "GET /wp-includes/js/comment-reply.min.js HTTP/1.0" 200 1131 "http://www.crazyant.net/1397.html" "Mozilla/5.0 (Windows NT 6.1) AppleWebKit/537.36 (KHTML, like Gecko) baidu.sogo.uc.Chrome/36.0.1985.125 Safari/537.36"
42.236.10.78 - - [07/Dec/2019:00:15:09 +0800] "GET /wp-content/plugins/easy-fancybox/js/jquery.easing.min.js HTTP/1.0" 200 767 "http://www.crazyant.net/1397.html" "Mozilla/5.0 (Windows NT 6.1) AppleWebKit/537.36 (KHTML, like Gecko) baidu.sogo.uc.Chrome/36.0.1985.125 Safari/537.36"
42.236.10.93 - - [07/Dec/2019:00:15:09 +0800] "GET /wp-content/plugins/easy-fancybox/js/jquery.mousewheel.min.js HTTP/1.0" 200 1145 "http://www.crazyant.net/1397.html" "Mozilla/5.0 (Windows NT 6.1) AppleWebKit/537.36 (KHTML, like Gecko) baidu.sogo.uc.Chrome/36.0.1985.125 Safari/537.36"
42.236.10.75 - - [07/Dec/2019:00:15:09 +0800] "GET /wp-content/uploads/siteground-optimizer-assets/akismet-form.min.js HTTP/1.0" 200 288 "http://www.crazyant.net/1397.html" "Mozilla/5.0 (Windows NT 6.1) AppleWebKit/537.36 (KHTML, like Gecko) baidu.sogo.uc.Chrome/36.0.1985.125 Safari/537.36"
42.236.10.78 - - [07/Dec/2019:00:15:09 +0800] "POST /wp-json/wordpress-popular-posts/v1/popular-posts HTTP/1.0" 201 55 "http://www.crazyant.net/1397.html" "Mozilla/5.0 (Windows NT 6.1) AppleWebKit/537.36 (KHTML, like Gecko) baidu.sogo.uc.Chrome/36.0.1985.125 Safari/537.36"
42.120.160.25 - - [07/Dec/2019:00:17:14 +0800] "GET /1423.html HTTP/1.0" 200 10988 "-" "Mozilla/5.0 (Windows NT 6.1; Win64; x64) AppleWebKit/537.36 (KHTML, like Gecko) Chrome/69.0.3497.81 YisouSpider/5.0 Safari/537.36"
8.29.198.25 - - [07/Dec/2019:00:17:41 +0800] "GET /feed HTTP/1.0" 200 4779 "-" "Feedly/1.0 (+http://www.feedly.com/fetcher.html; 69 subscribers; like FeedFetcher-Google)"
66.249.79.27 - - [07/Dec/2019:00:18:54 +0800] "GET /category/php-development/page/6?jdfwkey=twmc62 HTTP/1.0" 200 9185 "-" "Mozilla/5.0 (Linux; Android 6.0.1; Nexus 5X Build/MMB29P) AppleWebKit/537.36 (KHTML, like Gecko) Chrome/41.0.2272.96 Mobile Safari/537.36 (compatible; Googlebot/2.1; +http://www.google.com/bot.html)"
222.129.54.23 - - [07/Dec/2019:00:19:10 +0800] "GET /feed HTTP/1.0" 200 4779 "-" "ReadKit/2.4.3 (Mac OS X Version 10.15.1 (Build 19B88))"
123.125.71.113 - - [07/Dec/2019:00:19:27 +0800] "GET /%E7%95%99%E8%A8%80%E5%B0%8F%E6%9C%AC?replytocom=10581 HTTP/1.1" 444 0 "-" "Mozilla/5.0 (compatible; Baiduspider/2.0; +http://www.baidu.com/search/spider.html)"
66.249.79.25 - - [07/Dec/2019:00:19:57 +0800] "GET /2012/06/08/python%E6%93%8D%E4%BD%9Cmysql%E5%AE%9E%E4%BE%8B%E4%BB%A3%E7%A0%81%E6%95%99%E7%A8%8B%EF%BC%88%E6%9F%A5%E8%AF%A2%E6%89%8B%E5%86%8C%EF%BC%89/ HTTP/1.0" 301 - "-" "Mozilla/5.0 (Linux; Android 6.0.1; Nexus 5X Build/MMB29P) AppleWebKit/537.36 (KHTML, like Gecko) Chrome/41.0.2272.96 Mobile Safari/537.36 (compatible; Googlebot/2.1; +http://www.google.com/bot.html)"
101.89.64.235 - - [07/Dec/2019:00:20:00 +0800] "GET /wp-content/uploads/2013/12/BaiduHi_2013-12-4_20-21-18.png HTTP/1.0" 200 11359 "https://blog.csdn.net/peishuai1987/article/details/89882796" "Mozilla/5.0 (Windows NT 10.0; Win64; x64) AppleWebKit/537.36 (KHTML, like Gecko) Chrome/66.0.3359.170 Safari/537.36"
101.89.64.235 - - [07/Dec/2019:00:20:00 +0800] "GET /wp-content/uploads/2013/12/BaiduHi_2013-12-4_20-24-9.png HTTP/1.0" 200 14471 "https://blog.csdn.net/peishuai1987/article/details/89882796" "Mozilla/5.0 (Windows NT 10.0; Win64; x64) AppleWebKit/537.36 (KHTML, like Gecko) Chrome/66.0.3359.170 Safari/537.36"
66.249.79.25 - - [07/Dec/2019:00:20:01 +0800] "POST /wp-json/wordpress-popular-posts/v1/popular-posts HTTP/1.0" 201 55 "http://www.crazyant.net/686.html" "Mozilla/5.0 (Linux; Android 6.0.1; Nexus 5X Build/MMB29P) AppleWebKit/537.36 (KHTML, like Gecko) Chrome/41.0.2272.96 Mobile Safari/537.36 (compatible; Googlebot/2.1; +http://www.google.com/bot.html)"
